
[7m[1m[36m RUN [39m[22m[27m [36mv1.6.1[39m [90mC:/Users/ASUS/Desktop/Modett/Expense Tracker Application/Expense Tracker[39m

 [32mÔ£ô[39m modules/categorization-rules/tests/categorization-rules.routes.test.ts [2m ([22m[2m77 tests[22m[2m)[22m[33m 4560[2mms[22m[39m
 [32mÔ£ô[39m modules/approval-workflow/tests/approval-workflow.routes.test.ts [2m ([22m[2m69 tests[22m[2m)[22m[33m 3986[2mms[22m[39m
{"level":30,"time":1774821859613,"pid":9344,"hostname":"DESKTOP-MMVI6TQ","msg":"Security plugins registered (CORS, Helmet, Rate Limit)"}
{"level":30,"time":1774821859619,"pid":9344,"hostname":"DESKTOP-MMVI6TQ","msg":"Security plugins registered (CORS, Helmet, Rate Limit)"}
{"level":30,"time":1774821859623,"pid":9344,"hostname":"DESKTOP-MMVI6TQ","msg":"Security plugins registered (CORS, Helmet, Rate Limit)"}
{"level":30,"time":1774821859641,"pid":9344,"hostname":"DESKTOP-MMVI6TQ","msg":"Security plugins registered (CORS, Helmet, Rate Limit)"}
{"level":30,"time":1774821859650,"pid":9344,"hostname":"DESKTOP-MMVI6TQ","msg":"Security plugins registered (CORS, Helmet, Rate Limit)"}
{"level":30,"time":1774821859672,"pid":9344,"hostname":"DESKTOP-MMVI6TQ","msg":"Security plugins registered (CORS, Helmet, Rate Limit)"}
{"level":30,"time":1774821859678,"pid":9344,"hostname":"DESKTOP-MMVI6TQ","msg":"Security plugins registered (CORS, Helmet, Rate Limit)"}
{"level":30,"time":1774821859642,"pid":9344,"hostname":"DESKTOP-MMVI6TQ","msg":"Database client registered"}
{"level":30,"time":1774821859643,"pid":9344,"hostname":"DESKTOP-MMVI6TQ","msg":"Authentication plugin registered"}
{"level":30,"time":1774821859643,"pid":9344,"hostname":"DESKTOP-MMVI6TQ","msg":"Error handler plugin registered"}
{"level":30,"time":1774821859620,"pid":9344,"hostname":"DESKTOP-MMVI6TQ","msg":"Database client registered"}
{"level":30,"time":1774821859621,"pid":9344,"hostname":"DESKTOP-MMVI6TQ","msg":"Authentication plugin registered"}
{"level":30,"time":1774821859621,"pid":9344,"hostname":"DESKTOP-MMVI6TQ","msg":"Error handler plugin registered"}
{"level":30,"time":1774821859614,"pid":9344,"hostname":"DESKTOP-MMVI6TQ","msg":"Database client registered"}
{"level":30,"time":1774821859615,"pid":9344,"hostname":"DESKTOP-MMVI6TQ","msg":"Authentication plugin registered"}
{"level":30,"time":1774821859615,"pid":9344,"hostname":"DESKTOP-MMVI6TQ","msg":"Error handler plugin registered"}
{"level":30,"time":1774821859624,"pid":9344,"hostname":"DESKTOP-MMVI6TQ","msg":"Database client registered"}
{"level":30,"time":1774821859624,"pid":9344,"hostname":"DESKTOP-MMVI6TQ","msg":"Authentication plugin registered"}
{"level":30,"time":1774821859625,"pid":9344,"hostname":"DESKTOP-MMVI6TQ","msg":"Error handler plugin registered"}
{"level":30,"time":1774821859952,"pid":9344,"hostname":"DESKTOP-MMVI6TQ","msg":"Ô£ô DI Container initialized"}
{"level":30,"time":1774821859963,"pid":9344,"hostname":"DESKTOP-MMVI6TQ","msg":"Ô£ô DI Container initialized"}
{"level":30,"time":1774821859676,"pid":9344,"hostname":"DESKTOP-MMVI6TQ","msg":"Database client registered"}
{"level":30,"time":1774821859676,"pid":9344,"hostname":"DESKTOP-MMVI6TQ","msg":"Authentication plugin registered"}
{"level":30,"time":1774821859677,"pid":9344,"hostname":"DESKTOP-MMVI6TQ","msg":"Error handler plugin registered"}
{"level":30,"time":1774821859652,"pid":9344,"hostname":"DESKTOP-MMVI6TQ","msg":"Database client registered"}
{"level":30,"time":1774821859653,"pid":9344,"hostname":"DESKTOP-MMVI6TQ","msg":"Authentication plugin registered"}
{"level":30,"time":1774821859660,"pid":9344,"hostname":"DESKTOP-MMVI6TQ","msg":"Error handler plugin registered"}
{"level":30,"time":1774821859981,"pid":9344,"hostname":"DESKTOP-MMVI6TQ","msg":"Ô£ô DI Container initialized"}
{"level":30,"time":1774821859679,"pid":9344,"hostname":"DESKTOP-MMVI6TQ","msg":"Database client registered"}
{"level":30,"time":1774821859680,"pid":9344,"hostname":"DESKTOP-MMVI6TQ","msg":"Authentication plugin registered"}
{"level":30,"time":1774821859680,"pid":9344,"hostname":"DESKTOP-MMVI6TQ","msg":"Error handler plugin registered"}
{"level":30,"time":1774821860245,"pid":9344,"hostname":"DESKTOP-MMVI6TQ","msg":"Ô£ô DI Container initialized"}
{"level":30,"time":1774821860353,"pid":9344,"hostname":"DESKTOP-MMVI6TQ","msg":"Ô£ô DI Container initialized"}
{"level":30,"time":1774821860423,"pid":9344,"hostname":"DESKTOP-MMVI6TQ","msg":"Ô£ô DI Container initialized"}
{"level":30,"time":1774821860741,"pid":9344,"hostname":"DESKTOP-MMVI6TQ","msg":"Ô£ô DI Container initialized"}
{"level":30,"time":1774821859981,"pid":9344,"hostname":"DESKTOP-MMVI6TQ","msg":"Registering modules..."}
{"level":30,"time":1774821859998,"pid":9344,"hostname":"DESKTOP-MMVI6TQ","msg":"Ô£ô Identity-Workspace module registered"}
{"level":30,"time":1774821860037,"pid":9344,"hostname":"DESKTOP-MMVI6TQ","msg":"Ô£ô Expense-Ledger module registered"}
{"level":30,"time":1774821860047,"pid":9344,"hostname":"DESKTOP-MMVI6TQ","msg":"Ô£ô Budget Management module registered"}
{"level":30,"time":1774821860071,"pid":9344,"hostname":"DESKTOP-MMVI6TQ","msg":"Ô£ô Receipt Vault module registered"}
{"level":30,"time":1774821860095,"pid":9344,"hostname":"DESKTOP-MMVI6TQ","msg":"Ô£ô Notification Dispatch module registered"}
{"level":30,"time":1774821860121,"pid":9344,"hostname":"DESKTOP-MMVI6TQ","msg":"Ô£ô Cost Allocation module registered"}
{"level":30,"time":1774821860131,"pid":9344,"hostname":"DESKTOP-MMVI6TQ","msg":"Ô£ô Categorization Rules module registered"}
{"level":30,"time":1774821860142,"pid":9344,"hostname":"DESKTOP-MMVI6TQ","msg":"Ô£ô Budget Planning module registered"}
{"level":30,"time":1774821860169,"pid":9344,"hostname":"DESKTOP-MMVI6TQ","msg":"Ô£ô Audit Compliance module registered"}
{"level":30,"time":1774821860219,"pid":9344,"hostname":"DESKTOP-MMVI6TQ","msg":"Ô£ô Bank Feed Sync module registered"}
{"level":30,"time":1774821860225,"pid":9344,"hostname":"DESKTOP-MMVI6TQ","msg":"Ô£ô Event Outbox module registered"}
{"level":30,"time":1774821860225,"pid":9344,"hostname":"DESKTOP-MMVI6TQ","msg":"All modules registered successfully"}
{"level":30,"time":1774821861193,"pid":9344,"hostname":"DESKTOP-MMVI6TQ","reqId":"req-1","req":{"method":"POST","url":"/api/v1/auth/register","hostname":"localhost:80","remoteAddress":"127.0.0.1"},"msg":"incoming request"}
{"level":30,"time":1774821859963,"pid":9344,"hostname":"DESKTOP-MMVI6TQ","msg":"Registering modules..."}
{"level":30,"time":1774821859983,"pid":9344,"hostname":"DESKTOP-MMVI6TQ","msg":"Ô£ô Identity-Workspace module registered"}
{"level":30,"time":1774821860009,"pid":9344,"hostname":"DESKTOP-MMVI6TQ","msg":"Ô£ô Expense-Ledger module registered"}
{"level":30,"time":1774821860018,"pid":9344,"hostname":"DESKTOP-MMVI6TQ","msg":"Ô£ô Budget Management module registered"}
{"level":30,"time":1774821860032,"pid":9344,"hostname":"DESKTOP-MMVI6TQ","msg":"Ô£ô Receipt Vault module registered"}
{"level":30,"time":1774821860057,"pid":9344,"hostname":"DESKTOP-MMVI6TQ","msg":"Ô£ô Notification Dispatch module registered"}
{"level":30,"time":1774821860068,"pid":9344,"hostname":"DESKTOP-MMVI6TQ","msg":"Ô£ô Cost Allocation module registered"}
{"level":30,"time":1774821860080,"pid":9344,"hostname":"DESKTOP-MMVI6TQ","msg":"Ô£ô Categorization Rules module registered"}
{"level":30,"time":1774821860094,"pid":9344,"hostname":"DESKTOP-MMVI6TQ","msg":"Ô£ô Budget Planning module registered"}
{"level":30,"time":1774821860116,"pid":9344,"hostname":"DESKTOP-MMVI6TQ","msg":"Ô£ô Audit Compliance module registered"}
{"level":30,"time":1774821860138,"pid":9344,"hostname":"DESKTOP-MMVI6TQ","msg":"Ô£ô Bank Feed Sync module registered"}
{"level":30,"time":1774821860144,"pid":9344,"hostname":"DESKTOP-MMVI6TQ","msg":"Ô£ô Event Outbox module registered"}
{"level":30,"time":1774821860144,"pid":9344,"hostname":"DESKTOP-MMVI6TQ","msg":"All modules registered successfully"}
{"level":30,"time":1774821861203,"pid":9344,"hostname":"DESKTOP-MMVI6TQ","reqId":"req-1","req":{"method":"POST","url":"/api/v1/auth/register","hostname":"localhost:80","remoteAddress":"127.0.0.1"},"msg":"incoming request"}
[90mstdout[2m | modules/expense-ledger/tests/expense-ledger.endpoints.test.ts[2m > [22m[2mExpense Ledger Module - Endpoint Tests[22m[39m
[Container] Notification Event Handlers registered

[90mstdout[2m | modules/receipt-vault/tests/receipt-vault.endpoints.test.ts[2m > [22m[2mReceipt Vault Module - Endpoint Tests[22m[39m
[Container] Notification Event Handlers registered

{"level":30,"time":1774821859953,"pid":9344,"hostname":"DESKTOP-MMVI6TQ","msg":"Registering modules..."}
{"level":30,"time":1774821859973,"pid":9344,"hostname":"DESKTOP-MMVI6TQ","msg":"Ô£ô Identity-Workspace module registered"}
{"level":30,"time":1774821860005,"pid":9344,"hostname":"DESKTOP-MMVI6TQ","msg":"Ô£ô Expense-Ledger module registered"}
{"level":30,"time":1774821860019,"pid":9344,"hostname":"DESKTOP-MMVI6TQ","msg":"Ô£ô Budget Management module registered"}
{"level":30,"time":1774821860041,"pid":9344,"hostname":"DESKTOP-MMVI6TQ","msg":"Ô£ô Receipt Vault module registered"}
{"level":30,"time":1774821860066,"pid":9344,"hostname":"DESKTOP-MMVI6TQ","msg":"Ô£ô Notification Dispatch module registered"}
{"level":30,"time":1774821860095,"pid":9344,"hostname":"DESKTOP-MMVI6TQ","msg":"Ô£ô Cost Allocation module registered"}
{"level":30,"time":1774821860107,"pid":9344,"hostname":"DESKTOP-MMVI6TQ","msg":"Ô£ô Categorization Rules module registered"}
{"level":30,"time":1774821860140,"pid":9344,"hostname":"DESKTOP-MMVI6TQ","msg":"Ô£ô Budget Planning module registered"}
{"level":30,"time":1774821860145,"pid":9344,"hostname":"DESKTOP-MMVI6TQ","msg":"Ô£ô Audit Compliance module registered"}
{"level":30,"time":1774821860178,"pid":9344,"hostname":"DESKTOP-MMVI6TQ","msg":"Ô£ô Bank Feed Sync module registered"}
{"level":30,"time":1774821860199,"pid":9344,"hostname":"DESKTOP-MMVI6TQ","msg":"Ô£ô Event Outbox module registered"}
{"level":30,"time":1774821860199,"pid":9344,"hostname":"DESKTOP-MMVI6TQ","msg":"All modules registered successfully"}
{"level":30,"time":1774821861269,"pid":9344,"hostname":"DESKTOP-MMVI6TQ","reqId":"req-1","req":{"method":"POST","url":"/api/v1/auth/register","hostname":"localhost:80","remoteAddress":"127.0.0.1"},"msg":"incoming request"}
[90mstdout[2m | modules/budget-management/tests/budget-management.endpoints.test.ts[2m > [22m[2mBudget Management Module - Endpoint Tests[22m[39m
[Container] Notification Event Handlers registered

{"level":30,"time":1774821861802,"pid":9344,"hostname":"DESKTOP-MMVI6TQ","reqId":"req-1","res":{"statusCode":201},"responseTime":532.733099937439,"msg":"request completed"}
{"level":30,"time":1774821861803,"pid":9344,"hostname":"DESKTOP-MMVI6TQ","reqId":"req-2","req":{"method":"POST","url":"/api/v1/auth/login","hostname":"localhost:80","remoteAddress":"127.0.0.1"},"msg":"incoming request"}
[90mstdout[2m | modules/budget-management/tests/budget-management.endpoints.test.ts[2m > [22m[2mBudget Management Module - Endpoint Tests[22m[39m
[Notification] UserCreated event for budget-test-1774821859568@example.com - skipping in-app notification (no workspace context)
[AuditEventListener] Skipping system-level event without workspaceId: UserCreated
Setup - Register: [33m201[39m

{"level":30,"time":1774821861909,"pid":9344,"hostname":"DESKTOP-MMVI6TQ","reqId":"req-1","res":{"statusCode":201},"responseTime":715.4687999486923,"msg":"request completed"}
{"level":30,"time":1774821861911,"pid":9344,"hostname":"DESKTOP-MMVI6TQ","reqId":"req-2","req":{"method":"POST","url":"/api/v1/auth/login","hostname":"localhost:80","remoteAddress":"127.0.0.1"},"msg":"incoming request"}
[90mstdout[2m | modules/expense-ledger/tests/expense-ledger.endpoints.test.ts[2m > [22m[2mExpense Ledger Module - Endpoint Tests[22m[39m
[Notification] UserCreated event for expense-test-1774821859574@example.com - skipping in-app notification (no workspace context)
[AuditEventListener] Skipping system-level event without workspaceId: UserCreated
Setup - Register: [33m201[39m

{"level":30,"time":1774821861946,"pid":9344,"hostname":"DESKTOP-MMVI6TQ","reqId":"req-2","res":{"statusCode":200},"responseTime":142.31379997730255,"msg":"request completed"}
{"level":30,"time":1774821861948,"pid":9344,"hostname":"DESKTOP-MMVI6TQ","reqId":"req-3","req":{"method":"POST","url":"/api/v1/workspaces","hostname":"localhost:80","remoteAddress":"127.0.0.1"},"msg":"incoming request"}
{"level":30,"time":1774821862016,"pid":9344,"hostname":"DESKTOP-MMVI6TQ","reqId":"req-3","res":{"statusCode":201},"responseTime":68.28030002117157,"msg":"request completed"}
{"level":30,"time":1774821862020,"pid":9344,"hostname":"DESKTOP-MMVI6TQ","reqId":"req-4","req":{"method":"POST","url":"/api/v1/workspaces/54e9f102-1c96-4979-86b5-dfeb3fc0b039/budgets","hostname":"localhost:80","remoteAddress":"127.0.0.1"},"msg":"incoming request"}
[90mstdout[2m | modules/budget-management/tests/budget-management.endpoints.test.ts[2m > [22m[2mBudget Management Module - Endpoint Tests[22m[39m
[EventBus] No handlers for event type: audit.log_created

[90mstdout[2m | modules/budget-management/tests/budget-management.endpoints.test.ts[2m > [22m[2mBudget Management Module - Endpoint Tests[22m[39m
[EventBus] No handlers for event type: audit.log_created
Setup - Create Workspace: [33m201[39m

{"level":30,"time":1774821862052,"pid":9344,"hostname":"DESKTOP-MMVI6TQ","reqId":"req-1","res":{"statusCode":201},"responseTime":849.171599984169,"msg":"request completed"}
{"level":30,"time":1774821862053,"pid":9344,"hostname":"DESKTOP-MMVI6TQ","reqId":"req-2","res":{"statusCode":200},"responseTime":142.06169998645782,"msg":"request completed"}
{"level":30,"time":1774821862053,"pid":9344,"hostname":"DESKTOP-MMVI6TQ","reqId":"req-2","req":{"method":"POST","url":"/api/v1/auth/login","hostname":"localhost:80","remoteAddress":"127.0.0.1"},"msg":"incoming request"}
{"level":30,"time":1774821862076,"pid":9344,"hostname":"DESKTOP-MMVI6TQ","reqId":"req-3","req":{"method":"POST","url":"/api/v1/workspaces","hostname":"localhost:80","remoteAddress":"127.0.0.1"},"msg":"incoming request"}
{"level":30,"time":1774821862084,"pid":9344,"hostname":"DESKTOP-MMVI6TQ","reqId":"req-4","res":{"statusCode":201},"responseTime":64.44110000133514,"msg":"request completed"}
{"level":30,"time":1774821862088,"pid":9344,"hostname":"DESKTOP-MMVI6TQ","reqId":"req-5","req":{"method":"POST","url":"/api/v1/workspaces/54e9f102-1c96-4979-86b5-dfeb3fc0b039/budgets","hostname":"localhost:80","remoteAddress":"127.0.0.1"},"msg":"incoming request"}
{"level":50,"time":1774821862090,"pid":9344,"hostname":"DESKTOP-MMVI6TQ","reqId":"req-5","err":{"type":"Error","message":"Missing or invalid authorization header","stack":"Error: Missing or invalid authorization header\n    at Object.authenticate (C:\\Users\\ASUS\\Desktop\\Modett\\Expense Tracker Application\\Expense Tracker\\apps\\api\\src\\plugins\\auth.ts:70:19)\n    at Object.<anonymous> (C:\\Users\\ASUS\\Desktop\\Modett\\Expense Tracker Application\\Expense Tracker\\modules\\budget-management\\infrastructure\\http\\routes\\index.ts:22:23)\n    at hookIterator (C:\\Users\\ASUS\\Desktop\\Modett\\Expense Tracker Application\\Expense Tracker\\node_modules\\.pnpm\\fastify@4.29.1\\node_modules\\fastify\\lib\\hooks.js:405:10)\n    at next (C:\\Users\\ASUS\\Desktop\\Modett\\Expense Tracker Application\\Expense Tracker\\node_modules\\.pnpm\\fastify@4.29.1\\node_modules\\fastify\\lib\\hooks.js:239:18)\n    at handleResolve (C:\\Users\\ASUS\\Desktop\\Modett\\Expense Tracker Application\\Expense Tracker\\node_modules\\.pnpm\\fastify@4.29.1\\node_modules\\fastify\\lib\\hooks.js:250:7)\n    at processTicksAndRejections (node:internal/process/task_queues:105:5)","statusCode":401},"url":"/api/v1/workspaces/54e9f102-1c96-4979-86b5-dfeb3fc0b039/budgets","method":"POST","msg":"Missing or invalid authorization header"}
{"level":30,"time":1774821862101,"pid":9344,"hostname":"DESKTOP-MMVI6TQ","reqId":"req-5","res":{"statusCode":401},"responseTime":13.092000007629395,"msg":"request completed"}
{"level":30,"time":1774821862103,"pid":9344,"hostname":"DESKTOP-MMVI6TQ","reqId":"req-6","req":{"method":"POST","url":"/api/v1/workspaces/54e9f102-1c96-4979-86b5-dfeb3fc0b039/budgets","hostname":"localhost:80","remoteAddress":"127.0.0.1"},"msg":"incoming request"}
{"level":50,"time":1774821862106,"pid":9344,"hostname":"DESKTOP-MMVI6TQ","reqId":"req-6","err":{"type":"Error","message":"body must have required property 'totalAmount'","stack":"Error: body must have required property 'totalAmount'\n    at Object.schemaErrorFormatter (C:\\Users\\ASUS\\Desktop\\Modett\\Expense Tracker Application\\Expense Tracker\\apps\\api\\src\\server.ts:35:14)\n    at wrapValidationError (C:\\Users\\ASUS\\Desktop\\Modett\\Expense Tracker Application\\Expense Tracker\\node_modules\\.pnpm\\fastify@4.29.1\\node_modules\\fastify\\lib\\validation.js:249:17)\n    at validate (C:\\Users\\ASUS\\Desktop\\Modett\\Expense Tracker Application\\Expense Tracker\\node_modules\\.pnpm\\fastify@4.29.1\\node_modules\\fastify\\lib\\validation.js:167:16)\n    at preValidationCallback (C:\\Users\\ASUS\\Desktop\\Modett\\Expense Tracker Application\\Expense Tracker\\node_modules\\.pnpm\\fastify@4.29.1\\node_modules\\fastify\\lib\\handleRequest.js:93:25)\n    at next (C:\\Users\\ASUS\\Desktop\\Modett\\Expense Tracker Application\\Expense Tracker\\node_modules\\.pnpm\\fastify@4.29.1\\node_modules\\fastify\\lib\\hooks.js:233:9)\n    at handleResolve (C:\\Users\\ASUS\\Desktop\\Modett\\Expense Tracker Application\\Expense Tracker\\node_modules\\.pnpm\\fastify@4.29.1\\node_modules\\fastify\\lib\\hooks.js:250:7)\n    at processTicksAndRejections (node:internal/process/task_queues:105:5)","statusCode":400,"code":"FST_ERR_VALIDATION","validation":[{"instancePath":"","schemaPath":"#/required","keyword":"required","params":{"missingProperty":"totalAmount"},"message":"must have required property 'totalAmount'"}],"validationContext":"body"},"url":"/api/v1/workspaces/54e9f102-1c96-4979-86b5-dfeb3fc0b039/budgets","method":"POST","msg":"body must have required property 'totalAmount'"}
{"level":30,"time":1774821862108,"pid":9344,"hostname":"DESKTOP-MMVI6TQ","reqId":"req-6","res":{"statusCode":400},"responseTime":5.035799980163574,"msg":"request completed"}
{"level":30,"time":1774821862109,"pid":9344,"hostname":"DESKTOP-MMVI6TQ","reqId":"req-7","req":{"method":"POST","url":"/api/v1/workspaces/54e9f102-1c96-4979-86b5-dfeb3fc0b039/budgets","hostname":"localhost:80","remoteAddress":"127.0.0.1"},"msg":"incoming request"}
{"level":30,"time":1774821862120,"pid":9344,"hostname":"DESKTOP-MMVI6TQ","reqId":"req-7","res":{"statusCode":400},"responseTime":11.187899947166443,"msg":"request completed"}
{"level":30,"time":1774821862122,"pid":9344,"hostname":"DESKTOP-MMVI6TQ","reqId":"req-8","req":{"method":"GET","url":"/api/v1/workspaces/54e9f102-1c96-4979-86b5-dfeb3fc0b039/budgets","hostname":"localhost:80","remoteAddress":"127.0.0.1"},"msg":"incoming request"}
[90mstdout[2m | modules/receipt-vault/tests/receipt-vault.endpoints.test.ts[2m > [22m[2mReceipt Vault Module - Endpoint Tests[22m[39m
[Notification] UserCreated event for receipt-test-1774821859569@example.com - skipping in-app notification (no workspace context)
[AuditEventListener] Skipping system-level event without workspaceId: UserCreated
Setup - Register: [33m201[39m

[90mstdout[2m | modules/expense-ledger/tests/expense-ledger.endpoints.test.ts[2m > [22m[2mExpense Ledger Module - Endpoint Tests[22m[39m
Setup - Login fallback: [33m200[39m

[90mstdout[2m | modules/expense-ledger/tests/expense-ledger.endpoints.test.ts[2m > [22m[2mExpense Ledger Module - Endpoint Tests[22m[39m
[EventBus] No handlers for event type: audit.log_created

[90mstdout[2m | modules/budget-management/tests/budget-management.endpoints.test.ts[2m > [22m[2mBudget Management Module - Endpoint Tests[2m > [22m[2mBudget Endpoints[2m > [22m[2mPOST /api/v1/:workspaceId/budgets[2m > [22m[2mÔ£à should create a budget[22m[39m
Create Budget: [33m201[39m Budget created successfully

[90mstdout[2m | modules/budget-management/tests/budget-management.endpoints.test.ts[2m > [22m[2mBudget Management Module - Endpoint Tests[2m > [22m[2mBudget Endpoints[2m > [22m[2mPOST /api/v1/:workspaceId/budgets[2m > [22m[2mÔØî should fail without auth token[22m[39m
Create Budget No Auth: [33m401[39m

[90mstdout[2m | modules/budget-management/tests/budget-management.endpoints.test.ts[2m > [22m[2mBudget Management Module - Endpoint Tests[2m > [22m[2mBudget Endpoints[2m > [22m[2mPOST /api/v1/:workspaceId/budgets[2m > [22m[2mÔØî should fail with missing required fields[22m[39m
Create Budget Missing Fields: [33m400[39m

[90mstdout[2m | modules/budget-management/tests/budget-management.endpoints.test.ts[2m > [22m[2mBudget Management Module - Endpoint Tests[2m > [22m[2mBudget Endpoints[2m > [22m[2mPOST /api/v1/:workspaceId/budgets[2m > [22m[2mÔØî should fail with invalid amount[22m[39m
Create Budget Invalid Amount: [33m400[39m

{"level":30,"time":1774821862144,"pid":9344,"hostname":"DESKTOP-MMVI6TQ","reqId":"req-3","res":{"statusCode":201},"responseTime":68.74110007286072,"msg":"request completed"}
{"level":30,"time":1774821862149,"pid":9344,"hostname":"DESKTOP-MMVI6TQ","reqId":"req-4","req":{"method":"POST","url":"/api/v1/workspaces/435b4af5-65d0-4ddb-bb8d-b2bb3db7f1ca/categories","hostname":"localhost:80","remoteAddress":"127.0.0.1"},"msg":"incoming request"}
[90mstdout[2m | modules/expense-ledger/tests/expense-ledger.endpoints.test.ts[2m > [22m[2mExpense Ledger Module - Endpoint Tests[22m[39m
[EventBus] No handlers for event type: audit.log_created
Setup - Create Workspace: [33m201[39m

{"level":30,"time":1774821862182,"pid":9344,"hostname":"DESKTOP-MMVI6TQ","reqId":"req-4","res":{"statusCode":201},"responseTime":32.95480000972748,"msg":"request completed"}
{"level":30,"time":1774821862188,"pid":9344,"hostname":"DESKTOP-MMVI6TQ","reqId":"req-5","req":{"method":"POST","url":"/api/v1/workspaces/435b4af5-65d0-4ddb-bb8d-b2bb3db7f1ca/categories","hostname":"localhost:80","remoteAddress":"127.0.0.1"},"msg":"incoming request"}
{"level":50,"time":1774821862189,"pid":9344,"hostname":"DESKTOP-MMVI6TQ","reqId":"req-5","err":{"type":"Error","message":"Missing or invalid authorization header","stack":"Error: Missing or invalid authorization header\n    at Object.authenticate (C:\\Users\\ASUS\\Desktop\\Modett\\Expense Tracker Application\\Expense Tracker\\apps\\api\\src\\plugins\\auth.ts:70:19)\n    at Object.<anonymous> (C:\\Users\\ASUS\\Desktop\\Modett\\Expense Tracker Application\\Expense Tracker\\modules\\expense-ledger\\infrastructure\\http\\routes\\index.ts:34:23)\n    at hookIterator (C:\\Users\\ASUS\\Desktop\\Modett\\Expense Tracker Application\\Expense Tracker\\node_modules\\.pnpm\\fastify@4.29.1\\node_modules\\fastify\\lib\\hooks.js:405:10)\n    at next (C:\\Users\\ASUS\\Desktop\\Modett\\Expense Tracker Application\\Expense Tracker\\node_modules\\.pnpm\\fastify@4.29.1\\node_modules\\fastify\\lib\\hooks.js:239:18)\n    at handleResolve (C:\\Users\\ASUS\\Desktop\\Modett\\Expense Tracker Application\\Expense Tracker\\node_modules\\.pnpm\\fastify@4.29.1\\node_modules\\fastify\\lib\\hooks.js:250:7)\n    at processTicksAndRejections (node:internal/process/task_queues:105:5)","statusCode":401},"url":"/api/v1/workspaces/435b4af5-65d0-4ddb-bb8d-b2bb3db7f1ca/categories","method":"POST","msg":"Missing or invalid authorization header"}
{"level":30,"time":1774821862197,"pid":9344,"hostname":"DESKTOP-MMVI6TQ","reqId":"req-5","res":{"statusCode":401},"responseTime":8.819400072097778,"msg":"request completed"}
{"level":30,"time":1774821862199,"pid":9344,"hostname":"DESKTOP-MMVI6TQ","reqId":"req-6","req":{"method":"POST","url":"/api/v1/workspaces/435b4af5-65d0-4ddb-bb8d-b2bb3db7f1ca/categories","hostname":"localhost:80","remoteAddress":"127.0.0.1"},"msg":"incoming request"}
[90mstdout[2m | modules/expense-ledger/tests/expense-ledger.endpoints.test.ts[2m > [22m[2mExpense Ledger Module - Endpoint Tests[2m > [22m[2mCategory Endpoints[2m > [22m[2mPOST /api/v1/:workspaceId/categories[2m > [22m[2mÔ£à should create a category[22m[39m
Create Category: [33m201[39m Category created successfully

[90mstdout[2m | modules/expense-ledger/tests/expense-ledger.endpoints.test.ts[2m > [22m[2mExpense Ledger Module - Endpoint Tests[2m > [22m[2mCategory Endpoints[2m > [22m[2mPOST /api/v1/:workspaceId/categories[2m > [22m[2mÔØî should fail without auth token[22m[39m
Create Category No Auth: [33m401[39m

{"level":30,"time":1774821862208,"pid":9344,"hostname":"DESKTOP-MMVI6TQ","reqId":"req-6","res":{"statusCode":400},"responseTime":9.398199915885925,"msg":"request completed"}
{"level":30,"time":1774821862217,"pid":9344,"hostname":"DESKTOP-MMVI6TQ","reqId":"req-7","req":{"method":"GET","url":"/api/v1/workspaces/435b4af5-65d0-4ddb-bb8d-b2bb3db7f1ca/categories","hostname":"localhost:80","remoteAddress":"127.0.0.1"},"msg":"incoming request"}
{"level":30,"time":1774821862226,"pid":9344,"hostname":"DESKTOP-MMVI6TQ","reqId":"req-2","res":{"statusCode":200},"responseTime":172.93879997730255,"msg":"request completed"}
[90mstdout[2m | modules/expense-ledger/tests/expense-ledger.endpoints.test.ts[2m > [22m[2mExpense Ledger Module - Endpoint Tests[2m > [22m[2mCategory Endpoints[2m > [22m[2mPOST /api/v1/:workspaceId/categories[2m > [22m[2mÔØî should fail with empty name[22m[39m
Create Category Empty Name: [33m400[39m

{"level":30,"time":1774821862228,"pid":9344,"hostname":"DESKTOP-MMVI6TQ","reqId":"req-3","req":{"method":"POST","url":"/api/v1/workspaces","hostname":"localhost:80","remoteAddress":"127.0.0.1"},"msg":"incoming request"}
[90mstdout[2m | modules/receipt-vault/tests/receipt-vault.endpoints.test.ts[2m > [22m[2mReceipt Vault Module - Endpoint Tests[22m[39m
Setup - Login fallback: [33m200[39m

[90mstdout[2m | modules/receipt-vault/tests/receipt-vault.endpoints.test.ts[2m > [22m[2mReceipt Vault Module - Endpoint Tests[22m[39m
[EventBus] No handlers for event type: audit.log_created

{"level":30,"time":1774821862309,"pid":9344,"hostname":"DESKTOP-MMVI6TQ","reqId":"req-3","res":{"statusCode":201},"responseTime":80.31649994850159,"msg":"request completed"}
{"level":30,"time":1774821862312,"pid":9344,"hostname":"DESKTOP-MMVI6TQ","reqId":"req-4","req":{"method":"POST","url":"/api/v1/workspaces/9ba78fc3-08e8-4355-9c60-badffef90d53/receipt-tags","hostname":"localhost:80","remoteAddress":"127.0.0.1"},"msg":"incoming request"}
{"level":30,"time":1774821862342,"pid":9344,"hostname":"DESKTOP-MMVI6TQ","reqId":"req-4","res":{"statusCode":201},"responseTime":30.46840000152588,"msg":"request completed"}
[90mstdout[2m | modules/receipt-vault/tests/receipt-vault.endpoints.test.ts[2m > [22m[2mReceipt Vault Module - Endpoint Tests[22m[39m
[EventBus] No handlers for event type: audit.log_created
Setup - Create Workspace: [33m201[39m

{"level":30,"time":1774821862349,"pid":9344,"hostname":"DESKTOP-MMVI6TQ","reqId":"req-5","req":{"method":"POST","url":"/api/v1/workspaces/9ba78fc3-08e8-4355-9c60-badffef90d53/receipt-tags","hostname":"localhost:80","remoteAddress":"127.0.0.1"},"msg":"incoming request"}
{"level":50,"time":1774821862351,"pid":9344,"hostname":"DESKTOP-MMVI6TQ","reqId":"req-5","err":{"type":"Error","message":"Missing or invalid authorization header","stack":"Error: Missing or invalid authorization header\n    at Object.authenticate (C:\\Users\\ASUS\\Desktop\\Modett\\Expense Tracker Application\\Expense Tracker\\apps\\api\\src\\plugins\\auth.ts:70:19)\n    at Object.<anonymous> (C:\\Users\\ASUS\\Desktop\\Modett\\Expense Tracker Application\\Expense Tracker\\modules\\receipt-vault\\infrastructure\\http\\routes\\index.ts:22:23)\n    at hookIterator (C:\\Users\\ASUS\\Desktop\\Modett\\Expense Tracker Application\\Expense Tracker\\node_modules\\.pnpm\\fastify@4.29.1\\node_modules\\fastify\\lib\\hooks.js:405:10)\n    at next (C:\\Users\\ASUS\\Desktop\\Modett\\Expense Tracker Application\\Expense Tracker\\node_modules\\.pnpm\\fastify@4.29.1\\node_modules\\fastify\\lib\\hooks.js:239:18)\n    at handleResolve (C:\\Users\\ASUS\\Desktop\\Modett\\Expense Tracker Application\\Expense Tracker\\node_modules\\.pnpm\\fastify@4.29.1\\node_modules\\fastify\\lib\\hooks.js:250:7)\n    at processTicksAndRejections (node:internal/process/task_queues:105:5)","statusCode":401},"url":"/api/v1/workspaces/9ba78fc3-08e8-4355-9c60-badffef90d53/receipt-tags","method":"POST","msg":"Missing or invalid authorization header"}
{"level":30,"time":1774821862357,"pid":9344,"hostname":"DESKTOP-MMVI6TQ","reqId":"req-5","res":{"statusCode":401},"responseTime":7.422599911689758,"msg":"request completed"}
{"level":30,"time":1774821862358,"pid":9344,"hostname":"DESKTOP-MMVI6TQ","reqId":"req-6","req":{"method":"POST","url":"/api/v1/workspaces/9ba78fc3-08e8-4355-9c60-badffef90d53/receipt-tags","hostname":"localhost:80","remoteAddress":"127.0.0.1"},"msg":"incoming request"}
{"level":30,"time":1774821862363,"pid":9344,"hostname":"DESKTOP-MMVI6TQ","reqId":"req-6","res":{"statusCode":400},"responseTime":4.536099910736084,"msg":"request completed"}
{"level":30,"time":1774821862365,"pid":9344,"hostname":"DESKTOP-MMVI6TQ","reqId":"req-7","req":{"method":"GET","url":"/api/v1/workspaces/9ba78fc3-08e8-4355-9c60-badffef90d53/receipt-tags","hostname":"localhost:80","remoteAddress":"127.0.0.1"},"msg":"incoming request"}
{"level":30,"time":1774821862376,"pid":9344,"hostname":"DESKTOP-MMVI6TQ","reqId":"req-8","res":{"statusCode":200},"responseTime":253.53340005874634,"msg":"request completed"}
[90mstdout[2m | modules/receipt-vault/tests/receipt-vault.endpoints.test.ts[2m > [22m[2mReceipt Vault Module - Endpoint Tests[2m > [22m[2mReceipt Tag Endpoints[2m > [22m[2mPOST /api/v1/:workspaceId/receipt-tags[2m > [22m[2mÔ£à should create a receipt tag[22m[39m
Create Receipt Tag: [33m201[39m Tag created successfully

[90mstdout[2m | modules/receipt-vault/tests/receipt-vault.endpoints.test.ts[2m > [22m[2mReceipt Vault Module - Endpoint Tests[2m > [22m[2mReceipt Tag Endpoints[2m > [22m[2mPOST /api/v1/:workspaceId/receipt-tags[2m > [22m[2mÔØî should fail without auth token[22m[39m
Create Receipt Tag No Auth: [33m401[39m

[90mstdout[2m | modules/receipt-vault/tests/receipt-vault.endpoints.test.ts[2m > [22m[2mReceipt Vault Module - Endpoint Tests[2m > [22m[2mReceipt Tag Endpoints[2m > [22m[2mPOST /api/v1/:workspaceId/receipt-tags[2m > [22m[2mÔØî should fail with empty name[22m[39m
Create Receipt Tag Empty Name: [33m400[39m

{"level":30,"time":1774821862388,"pid":9344,"hostname":"DESKTOP-MMVI6TQ","reqId":"req-9","req":{"method":"GET","url":"/api/v1/workspaces/54e9f102-1c96-4979-86b5-dfeb3fc0b039/budgets?status=DRAFT","hostname":"localhost:80","remoteAddress":"127.0.0.1"},"msg":"incoming request"}
{"level":30,"time":1774821862409,"pid":9344,"hostname":"DESKTOP-MMVI6TQ","reqId":"req-9","res":{"statusCode":200},"responseTime":21.01319992542267,"msg":"request completed"}
{"level":30,"time":1774821862411,"pid":9344,"hostname":"DESKTOP-MMVI6TQ","reqId":"req-a","req":{"method":"GET","url":"/api/v1/workspaces/54e9f102-1c96-4979-86b5-dfeb3fc0b039/budgets","hostname":"localhost:80","remoteAddress":"127.0.0.1"},"msg":"incoming request"}
{"level":50,"time":1774821862411,"pid":9344,"hostname":"DESKTOP-MMVI6TQ","reqId":"req-a","err":{"type":"Error","message":"Missing or invalid authorization header","stack":"Error: Missing or invalid authorization header\n    at Object.authenticate (C:\\Users\\ASUS\\Desktop\\Modett\\Expense Tracker Application\\Expense Tracker\\apps\\api\\src\\plugins\\auth.ts:70:19)\n    at Object.<anonymous> (C:\\Users\\ASUS\\Desktop\\Modett\\Expense Tracker Application\\Expense Tracker\\modules\\budget-management\\infrastructure\\http\\routes\\index.ts:22:23)\n    at hookIterator (C:\\Users\\ASUS\\Desktop\\Modett\\Expense Tracker Application\\Expense Tracker\\node_modules\\.pnpm\\fastify@4.29.1\\node_modules\\fastify\\lib\\hooks.js:405:10)\n    at next (C:\\Users\\ASUS\\Desktop\\Modett\\Expense Tracker Application\\Expense Tracker\\node_modules\\.pnpm\\fastify@4.29.1\\node_modules\\fastify\\lib\\hooks.js:239:18)\n    at handleResolve (C:\\Users\\ASUS\\Desktop\\Modett\\Expense Tracker Application\\Expense Tracker\\node_modules\\.pnpm\\fastify@4.29.1\\node_modules\\fastify\\lib\\hooks.js:250:7)\n    at processTicksAndRejections (node:internal/process/task_queues:105:5)","statusCode":401},"url":"/api/v1/workspaces/54e9f102-1c96-4979-86b5-dfeb3fc0b039/budgets","method":"GET","msg":"Missing or invalid authorization header"}
{"level":30,"time":1774821862413,"pid":9344,"hostname":"DESKTOP-MMVI6TQ","reqId":"req-a","res":{"statusCode":401},"responseTime":1.584399938583374,"msg":"request completed"}
{"level":30,"time":1774821862416,"pid":9344,"hostname":"DESKTOP-MMVI6TQ","reqId":"req-b","req":{"method":"GET","url":"/api/v1/workspaces/54e9f102-1c96-4979-86b5-dfeb3fc0b039/budgets/ab38e788-66f0-494f-9b13-5f5447110808","hostname":"localhost:80","remoteAddress":"127.0.0.1"},"msg":"incoming request"}
[90mstdout[2m | modules/budget-management/tests/budget-management.endpoints.test.ts[2m > [22m[2mBudget Management Module - Endpoint Tests[2m > [22m[2mBudget Endpoints[2m > [22m[2mGET /api/v1/:workspaceId/budgets[2m > [22m[2mÔ£à should list budgets[22m[39m
List Budgets: [33m200[39m

[90mstdout[2m | modules/budget-management/tests/budget-management.endpoints.test.ts[2m > [22m[2mBudget Management Module - Endpoint Tests[2m > [22m[2mBudget Endpoints[2m > [22m[2mGET /api/v1/:workspaceId/budgets[2m > [22m[2mÔ£à should filter budgets by status[22m[39m
List Budgets by Status: [33m200[39m

[90mstdout[2m | modules/budget-management/tests/budget-management.endpoints.test.ts[2m > [22m[2mBudget Management Module - Endpoint Tests[2m > [22m[2mBudget Endpoints[2m > [22m[2mGET /api/v1/:workspaceId/budgets[2m > [22m[2mÔØî should fail without auth token[22m[39m
List Budgets No Auth: [33m401[39m

{"level":30,"time":1774821862428,"pid":9344,"hostname":"DESKTOP-MMVI6TQ","reqId":"req-b","res":{"statusCode":200},"responseTime":11.645099997520447,"msg":"request completed"}
{"level":30,"time":1774821862437,"pid":9344,"hostname":"DESKTOP-MMVI6TQ","reqId":"req-c","req":{"method":"GET","url":"/api/v1/workspaces/54e9f102-1c96-4979-86b5-dfeb3fc0b039/budgets/00000000-0000-0000-0000-000000000000","hostname":"localhost:80","remoteAddress":"127.0.0.1"},"msg":"incoming request"}
{"level":30,"time":1774821862447,"pid":9344,"hostname":"DESKTOP-MMVI6TQ","reqId":"req-c","res":{"statusCode":400},"responseTime":10.10729992389679,"msg":"request completed"}
{"level":30,"time":1774821862453,"pid":9344,"hostname":"DESKTOP-MMVI6TQ","reqId":"req-d","req":{"method":"PATCH","url":"/api/v1/workspaces/54e9f102-1c96-4979-86b5-dfeb3fc0b039/budgets/ab38e788-66f0-494f-9b13-5f5447110808","hostname":"localhost:80","remoteAddress":"127.0.0.1"},"msg":"incoming request"}
[90mstdout[2m | modules/budget-management/tests/budget-management.endpoints.test.ts[2m > [22m[2mBudget Management Module - Endpoint Tests[2m > [22m[2mBudget Endpoints[2m > [22m[2mGET /api/v1/:workspaceId/budgets/:budgetId[2m > [22m[2mÔ£à should get budget by ID[22m[39m
Get Budget: [33m200[39m

[90mstdout[2m | modules/budget-management/tests/budget-management.endpoints.test.ts[2m > [22m[2mBudget Management Module - Endpoint Tests[2m > [22m[2mBudget Endpoints[2m > [22m[2mGET /api/v1/:workspaceId/budgets/:budgetId[2m > [22m[2mÔØî should fail with non-existent budget ID[22m[39m
Get Non-existent Budget: [33m400[39m

{"level":30,"time":1774821860354,"pid":9344,"hostname":"DESKTOP-MMVI6TQ","msg":"Registering modules..."}
{"level":30,"time":1774821860388,"pid":9344,"hostname":"DESKTOP-MMVI6TQ","msg":"Ô£ô Identity-Workspace module registered"}
{"level":30,"time":1774821860476,"pid":9344,"hostname":"DESKTOP-MMVI6TQ","msg":"Ô£ô Expense-Ledger module registered"}
{"level":30,"time":1774821860490,"pid":9344,"hostname":"DESKTOP-MMVI6TQ","msg":"Ô£ô Budget Management module registered"}
{"level":30,"time":1774821860550,"pid":9344,"hostname":"DESKTOP-MMVI6TQ","msg":"Ô£ô Receipt Vault module registered"}
{"level":30,"time":1774821860571,"pid":9344,"hostname":"DESKTOP-MMVI6TQ","msg":"Ô£ô Notification Dispatch module registered"}
{"level":30,"time":1774821860612,"pid":9344,"hostname":"DESKTOP-MMVI6TQ","msg":"Ô£ô Cost Allocation module registered"}
{"level":30,"time":1774821860627,"pid":9344,"hostname":"DESKTOP-MMVI6TQ","msg":"Ô£ô Categorization Rules module registered"}
{"level":30,"time":1774821860644,"pid":9344,"hostname":"DESKTOP-MMVI6TQ","msg":"Ô£ô Budget Planning module registered"}
{"level":30,"time":1774821860704,"pid":9344,"hostname":"DESKTOP-MMVI6TQ","msg":"Ô£ô Audit Compliance module registered"}
{"level":30,"time":1774821860738,"pid":9344,"hostname":"DESKTOP-MMVI6TQ","msg":"Ô£ô Bank Feed Sync module registered"}
{"level":30,"time":1774821860800,"pid":9344,"hostname":"DESKTOP-MMVI6TQ","msg":"Ô£ô Event Outbox module registered"}
{"level":30,"time":1774821860800,"pid":9344,"hostname":"DESKTOP-MMVI6TQ","msg":"All modules registered successfully"}
{"level":30,"time":1774821862358,"pid":9344,"hostname":"DESKTOP-MMVI6TQ","reqId":"req-1","req":{"method":"POST","url":"/api/v1/auth/register","hostname":"localhost:80","remoteAddress":"127.0.0.1"},"msg":"incoming request"}
[90mstdout[2m | modules/notification-dispatch/tests/notification-dispatch.endpoints.test.ts[2m > [22m[2mNotification Dispatch Module - Endpoint Tests[22m[39m
[Container] Notification Event Handlers registered

{"level":30,"time":1774821862541,"pid":9344,"hostname":"DESKTOP-MMVI6TQ","reqId":"req-d","res":{"statusCode":200},"responseTime":87.27700006961823,"msg":"request completed"}
{"level":30,"time":1774821862542,"pid":9344,"hostname":"DESKTOP-MMVI6TQ","reqId":"req-e","req":{"method":"PATCH","url":"/api/v1/workspaces/54e9f102-1c96-4979-86b5-dfeb3fc0b039/budgets/ab38e788-66f0-494f-9b13-5f5447110808","hostname":"localhost:80","remoteAddress":"127.0.0.1"},"msg":"incoming request"}
{"level":50,"time":1774821862542,"pid":9344,"hostname":"DESKTOP-MMVI6TQ","reqId":"req-e","err":{"type":"Error","message":"Missing or invalid authorization header","stack":"Error: Missing or invalid authorization header\n    at Object.authenticate (C:\\Users\\ASUS\\Desktop\\Modett\\Expense Tracker Application\\Expense Tracker\\apps\\api\\src\\plugins\\auth.ts:70:19)\n    at Object.<anonymous> (C:\\Users\\ASUS\\Desktop\\Modett\\Expense Tracker Application\\Expense Tracker\\modules\\budget-management\\infrastructure\\http\\routes\\index.ts:22:23)\n    at hookIterator (C:\\Users\\ASUS\\Desktop\\Modett\\Expense Tracker Application\\Expense Tracker\\node_modules\\.pnpm\\fastify@4.29.1\\node_modules\\fastify\\lib\\hooks.js:405:10)\n    at next (C:\\Users\\ASUS\\Desktop\\Modett\\Expense Tracker Application\\Expense Tracker\\node_modules\\.pnpm\\fastify@4.29.1\\node_modules\\fastify\\lib\\hooks.js:239:18)\n    at handleResolve (C:\\Users\\ASUS\\Desktop\\Modett\\Expense Tracker Application\\Expense Tracker\\node_modules\\.pnpm\\fastify@4.29.1\\node_modules\\fastify\\lib\\hooks.js:250:7)\n    at processTicksAndRejections (node:internal/process/task_queues:105:5)","statusCode":401},"url":"/api/v1/workspaces/54e9f102-1c96-4979-86b5-dfeb3fc0b039/budgets/ab38e788-66f0-494f-9b13-5f5447110808","method":"PATCH","msg":"Missing or invalid authorization header"}
{"level":30,"time":1774821862543,"pid":9344,"hostname":"DESKTOP-MMVI6TQ","reqId":"req-e","res":{"statusCode":401},"responseTime":1.12090003490448,"msg":"request completed"}
{"level":30,"time":1774821862544,"pid":9344,"hostname":"DESKTOP-MMVI6TQ","reqId":"req-f","req":{"method":"POST","url":"/api/v1/workspaces/54e9f102-1c96-4979-86b5-dfeb3fc0b039/budgets/ab38e788-66f0-494f-9b13-5f5447110808/activate","hostname":"localhost:80","remoteAddress":"127.0.0.1"},"msg":"incoming request"}
[90mstdout[2m | modules/budget-management/tests/budget-management.endpoints.test.ts[2m > [22m[2mBudget Management Module - Endpoint Tests[2m > [22m[2mBudget Endpoints[2m > [22m[2mPUT /api/v1/:workspaceId/budgets/:budgetId[2m > [22m[2mÔ£à should update budget[22m[39m
[EventBus] No handlers for event type: audit.log_created
[EventBus] No handlers for event type: audit.log_created
Update Budget: [33m200[39m Budget updated successfully

[90mstdout[2m | modules/budget-management/tests/budget-management.endpoints.test.ts[2m > [22m[2mBudget Management Module - Endpoint Tests[2m > [22m[2mBudget Endpoints[2m > [22m[2mPUT /api/v1/:workspaceId/budgets/:budgetId[2m > [22m[2mÔØî should fail without auth token[22m[39m
Update Budget No Auth: [33m401[39m

{"level":30,"time":1774821862615,"pid":9344,"hostname":"DESKTOP-MMVI6TQ","reqId":"req-f","res":{"statusCode":200},"responseTime":70.6927000284195,"msg":"request completed"}
{"level":30,"time":1774821862617,"pid":9344,"hostname":"DESKTOP-MMVI6TQ","reqId":"req-7","res":{"statusCode":200},"responseTime":399.64139997959137,"msg":"request completed"}
{"level":30,"time":1774821862637,"pid":9344,"hostname":"DESKTOP-MMVI6TQ","reqId":"req-8","req":{"method":"GET","url":"/api/v1/workspaces/435b4af5-65d0-4ddb-bb8d-b2bb3db7f1ca/categories","hostname":"localhost:80","remoteAddress":"127.0.0.1"},"msg":"incoming request"}
{"level":50,"time":1774821862637,"pid":9344,"hostname":"DESKTOP-MMVI6TQ","reqId":"req-8","err":{"type":"Error","message":"Missing or invalid authorization header","stack":"Error: Missing or invalid authorization header\n    at Object.authenticate (C:\\Users\\ASUS\\Desktop\\Modett\\Expense Tracker Application\\Expense Tracker\\apps\\api\\src\\plugins\\auth.ts:70:19)\n    at Object.<anonymous> (C:\\Users\\ASUS\\Desktop\\Modett\\Expense Tracker Application\\Expense Tracker\\modules\\expense-ledger\\infrastructure\\http\\routes\\index.ts:34:23)\n    at hookIterator (C:\\Users\\ASUS\\Desktop\\Modett\\Expense Tracker Application\\Expense Tracker\\node_modules\\.pnpm\\fastify@4.29.1\\node_modules\\fastify\\lib\\hooks.js:405:10)\n    at next (C:\\Users\\ASUS\\Desktop\\Modett\\Expense Tracker Application\\Expense Tracker\\node_modules\\.pnpm\\fastify@4.29.1\\node_modules\\fastify\\lib\\hooks.js:239:18)\n    at handleResolve (C:\\Users\\ASUS\\Desktop\\Modett\\Expense Tracker Application\\Expense Tracker\\node_modules\\.pnpm\\fastify@4.29.1\\node_modules\\fastify\\lib\\hooks.js:250:7)\n    at processTicksAndRejections (node:internal/process/task_queues:105:5)","statusCode":401},"url":"/api/v1/workspaces/435b4af5-65d0-4ddb-bb8d-b2bb3db7f1ca/categories","method":"GET","msg":"Missing or invalid authorization header"}
{"level":30,"time":1774821862638,"pid":9344,"hostname":"DESKTOP-MMVI6TQ","reqId":"req-8","res":{"statusCode":401},"responseTime":1.1959000825881958,"msg":"request completed"}
{"level":30,"time":1774821862641,"pid":9344,"hostname":"DESKTOP-MMVI6TQ","reqId":"req-9","req":{"method":"GET","url":"/api/v1/workspaces/435b4af5-65d0-4ddb-bb8d-b2bb3db7f1ca/categories/0953fc2d-9f44-4e33-91a1-e4c846c248b9","hostname":"localhost:80","remoteAddress":"127.0.0.1"},"msg":"incoming request"}
{"level":30,"time":1774821862648,"pid":9344,"hostname":"DESKTOP-MMVI6TQ","reqId":"req-7","res":{"statusCode":200},"responseTime":282.60920000076294,"msg":"request completed"}
[90mstdout[2m | modules/expense-ledger/tests/expense-ledger.endpoints.test.ts[2m > [22m[2mExpense Ledger Module - Endpoint Tests[2m > [22m[2mCategory Endpoints[2m > [22m[2mGET /api/v1/:workspaceId/categories[2m > [22m[2mÔ£à should list categories[22m[39m
List Categories: [33m200[39m

[90mstdout[2m | modules/expense-ledger/tests/expense-ledger.endpoints.test.ts[2m > [22m[2mExpense Ledger Module - Endpoint Tests[2m > [22m[2mCategory Endpoints[2m > [22m[2mGET /api/v1/:workspaceId/categories[2m > [22m[2mÔØî should fail without auth token[22m[39m
List Categories No Auth: [33m401[39m

{"level":30,"time":1774821862650,"pid":9344,"hostname":"DESKTOP-MMVI6TQ","reqId":"req-8","req":{"method":"GET","url":"/api/v1/workspaces/9ba78fc3-08e8-4355-9c60-badffef90d53/receipt-tags","hostname":"localhost:80","remoteAddress":"127.0.0.1"},"msg":"incoming request"}
{"level":50,"time":1774821862650,"pid":9344,"hostname":"DESKTOP-MMVI6TQ","reqId":"req-8","err":{"type":"Error","message":"Missing or invalid authorization header","stack":"Error: Missing or invalid authorization header\n    at Object.authenticate (C:\\Users\\ASUS\\Desktop\\Modett\\Expense Tracker Application\\Expense Tracker\\apps\\api\\src\\plugins\\auth.ts:70:19)\n    at Object.<anonymous> (C:\\Users\\ASUS\\Desktop\\Modett\\Expense Tracker Application\\Expense Tracker\\modules\\receipt-vault\\infrastructure\\http\\routes\\index.ts:22:23)\n    at hookIterator (C:\\Users\\ASUS\\Desktop\\Modett\\Expense Tracker Application\\Expense Tracker\\node_modules\\.pnpm\\fastify@4.29.1\\node_modules\\fastify\\lib\\hooks.js:405:10)\n    at next (C:\\Users\\ASUS\\Desktop\\Modett\\Expense Tracker Application\\Expense Tracker\\node_modules\\.pnpm\\fastify@4.29.1\\node_modules\\fastify\\lib\\hooks.js:239:18)\n    at handleResolve (C:\\Users\\ASUS\\Desktop\\Modett\\Expense Tracker Application\\Expense Tracker\\node_modules\\.pnpm\\fastify@4.29.1\\node_modules\\fastify\\lib\\hooks.js:250:7)\n    at processTicksAndRejections (node:internal/process/task_queues:105:5)","statusCode":401},"url":"/api/v1/workspaces/9ba78fc3-08e8-4355-9c60-badffef90d53/receipt-tags","method":"GET","msg":"Missing or invalid authorization header"}
{"level":30,"time":1774821862651,"pid":9344,"hostname":"DESKTOP-MMVI6TQ","reqId":"req-8","res":{"statusCode":401},"responseTime":1.02839994430542,"msg":"request completed"}
{"level":30,"time":1774821862657,"pid":9344,"hostname":"DESKTOP-MMVI6TQ","reqId":"req-9","req":{"method":"PATCH","url":"/api/v1/workspaces/9ba78fc3-08e8-4355-9c60-badffef90d53/receipt-tags/d83b52a7-bc40-45c7-be2f-338eba52d344","hostname":"localhost:80","remoteAddress":"127.0.0.1"},"msg":"incoming request"}
{"level":30,"time":1774821862635,"pid":9344,"hostname":"DESKTOP-MMVI6TQ","reqId":"req-g","req":{"method":"POST","url":"/api/v1/workspaces/54e9f102-1c96-4979-86b5-dfeb3fc0b039/budgets/ab38e788-66f0-494f-9b13-5f5447110808/activate","hostname":"localhost:80","remoteAddress":"127.0.0.1"},"msg":"incoming request"}
{"level":50,"time":1774821862662,"pid":9344,"hostname":"DESKTOP-MMVI6TQ","reqId":"req-g","err":{"type":"Error","message":"Missing or invalid authorization header","stack":"Error: Missing or invalid authorization header\n    at Object.authenticate (C:\\Users\\ASUS\\Desktop\\Modett\\Expense Tracker Application\\Expense Tracker\\apps\\api\\src\\plugins\\auth.ts:70:19)\n    at Object.<anonymous> (C:\\Users\\ASUS\\Desktop\\Modett\\Expense Tracker Application\\Expense Tracker\\modules\\budget-management\\infrastructure\\http\\routes\\index.ts:22:23)\n    at hookIterator (C:\\Users\\ASUS\\Desktop\\Modett\\Expense Tracker Application\\Expense Tracker\\node_modules\\.pnpm\\fastify@4.29.1\\node_modules\\fastify\\lib\\hooks.js:405:10)\n    at next (C:\\Users\\ASUS\\Desktop\\Modett\\Expense Tracker Application\\Expense Tracker\\node_modules\\.pnpm\\fastify@4.29.1\\node_modules\\fastify\\lib\\hooks.js:239:18)\n    at handleResolve (C:\\Users\\ASUS\\Desktop\\Modett\\Expense Tracker Application\\Expense Tracker\\node_modules\\.pnpm\\fastify@4.29.1\\node_modules\\fastify\\lib\\hooks.js:250:7)\n    at processTicksAndRejections (node:internal/process/task_queues:105:5)","statusCode":401},"url":"/api/v1/workspaces/54e9f102-1c96-4979-86b5-dfeb3fc0b039/budgets/ab38e788-66f0-494f-9b13-5f5447110808/activate","method":"POST","msg":"Missing or invalid authorization header"}
{"level":30,"time":1774821862663,"pid":9344,"hostname":"DESKTOP-MMVI6TQ","reqId":"req-g","res":{"statusCode":401},"responseTime":28.401000022888184,"msg":"request completed"}
{"level":30,"time":1774821862664,"pid":9344,"hostname":"DESKTOP-MMVI6TQ","reqId":"req-h","req":{"method":"POST","url":"/api/v1/workspaces/54e9f102-1c96-4979-86b5-dfeb3fc0b039/budgets/ab38e788-66f0-494f-9b13-5f5447110808/archive","hostname":"localhost:80","remoteAddress":"127.0.0.1"},"msg":"incoming request"}
{"level":50,"time":1774821862665,"pid":9344,"hostname":"DESKTOP-MMVI6TQ","reqId":"req-h","err":{"type":"Error","message":"Missing or invalid authorization header","stack":"Error: Missing or invalid authorization header\n    at Object.authenticate (C:\\Users\\ASUS\\Desktop\\Modett\\Expense Tracker Application\\Expense Tracker\\apps\\api\\src\\plugins\\auth.ts:70:19)\n    at Object.<anonymous> (C:\\Users\\ASUS\\Desktop\\Modett\\Expense Tracker Application\\Expense Tracker\\modules\\budget-management\\infrastructure\\http\\routes\\index.ts:22:23)\n    at hookIterator (C:\\Users\\ASUS\\Desktop\\Modett\\Expense Tracker Application\\Expense Tracker\\node_modules\\.pnpm\\fastify@4.29.1\\node_modules\\fastify\\lib\\hooks.js:405:10)\n    at next (C:\\Users\\ASUS\\Desktop\\Modett\\Expense Tracker Application\\Expense Tracker\\node_modules\\.pnpm\\fastify@4.29.1\\node_modules\\fastify\\lib\\hooks.js:239:18)\n    at handleResolve (C:\\Users\\ASUS\\Desktop\\Modett\\Expense Tracker Application\\Expense Tracker\\node_modules\\.pnpm\\fastify@4.29.1\\node_modules\\fastify\\lib\\hooks.js:250:7)\n    at processTicksAndRejections (node:internal/process/task_queues:105:5)","statusCode":401},"url":"/api/v1/workspaces/54e9f102-1c96-4979-86b5-dfeb3fc0b039/budgets/ab38e788-66f0-494f-9b13-5f5447110808/archive","method":"POST","msg":"Missing or invalid authorization header"}
{"level":30,"time":1774821862665,"pid":9344,"hostname":"DESKTOP-MMVI6TQ","reqId":"req-h","res":{"statusCode":401},"responseTime":0.7776999473571777,"msg":"request completed"}
{"level":30,"time":1774821862667,"pid":9344,"hostname":"DESKTOP-MMVI6TQ","reqId":"req-i","req":{"method":"POST","url":"/api/v1/workspaces/54e9f102-1c96-4979-86b5-dfeb3fc0b039/budgets/ab38e788-66f0-494f-9b13-5f5447110808/allocations","hostname":"localhost:80","remoteAddress":"127.0.0.1"},"msg":"incoming request"}
{"level":30,"time":1774821862675,"pid":9344,"hostname":"DESKTOP-MMVI6TQ","reqId":"req-9","res":{"statusCode":200},"responseTime":33.58619999885559,"msg":"request completed"}
{"level":30,"time":1774821862676,"pid":9344,"hostname":"DESKTOP-MMVI6TQ","reqId":"req-a","req":{"method":"PATCH","url":"/api/v1/workspaces/435b4af5-65d0-4ddb-bb8d-b2bb3db7f1ca/categories/0953fc2d-9f44-4e33-91a1-e4c846c248b9","hostname":"localhost:80","remoteAddress":"127.0.0.1"},"msg":"incoming request"}
[90mstdout[2m | modules/receipt-vault/tests/receipt-vault.endpoints.test.ts[2m > [22m[2mReceipt Vault Module - Endpoint Tests[2m > [22m[2mReceipt Tag Endpoints[2m > [22m[2mGET /api/v1/:workspaceId/receipt-tags[2m > [22m[2mÔ£à should list receipt tags[22m[39m
List Receipt Tags: [33m200[39m

[90mstdout[2m | modules/receipt-vault/tests/receipt-vault.endpoints.test.ts[2m > [22m[2mReceipt Vault Module - Endpoint Tests[2m > [22m[2mReceipt Tag Endpoints[2m > [22m[2mGET /api/v1/:workspaceId/receipt-tags[2m > [22m[2mÔØî should fail without auth token[22m[39m
List Receipt Tags No Auth: [33m401[39m

[90mstdout[2m | modules/expense-ledger/tests/expense-ledger.endpoints.test.ts[2m > [22m[2mExpense Ledger Module - Endpoint Tests[2m > [22m[2mCategory Endpoints[2m > [22m[2mGET /api/v1/:workspaceId/categories/:categoryId[2m > [22m[2mÔ£à should get category by ID[22m[39m
Get Category: [33m200[39m

[90mstdout[2m | modules/budget-management/tests/budget-management.endpoints.test.ts[2m > [22m[2mBudget Management Module - Endpoint Tests[2m > [22m[2mBudget Endpoints[2m > [22m[2mPOST /api/v1/:workspaceId/budgets/:budgetId/activate[2m > [22m[2mÔ£à should activate budget[22m[39m
[EventBus] No handlers for event type: budget.activated
Activate Budget: [33m200[39m Budget activated successfully

[90mstdout[2m | modules/budget-management/tests/budget-management.endpoints.test.ts[2m > [22m[2mBudget Management Module - Endpoint Tests[2m > [22m[2mBudget Endpoints[2m > [22m[2mPOST /api/v1/:workspaceId/budgets/:budgetId/activate[2m > [22m[2mÔØî should fail without auth token[22m[39m
Activate Budget No Auth: [33m401[39m

[90mstdout[2m | modules/budget-management/tests/budget-management.endpoints.test.ts[2m > [22m[2mBudget Management Module - Endpoint Tests[2m > [22m[2mBudget Endpoints[2m > [22m[2mPOST /api/v1/:workspaceId/budgets/:budgetId/archive[2m > [22m[2mÔØî should fail without auth token[22m[39m
Archive Budget No Auth: [33m401[39m

{"level":30,"time":1774821860250,"pid":9344,"hostname":"DESKTOP-MMVI6TQ","msg":"Registering modules..."}
{"level":30,"time":1774821860291,"pid":9344,"hostname":"DESKTOP-MMVI6TQ","msg":"Ô£ô Identity-Workspace module registered"}
{"level":30,"time":1774821860324,"pid":9344,"hostname":"DESKTOP-MMVI6TQ","msg":"Ô£ô Expense-Ledger module registered"}
{"level":30,"time":1774821860386,"pid":9344,"hostname":"DESKTOP-MMVI6TQ","msg":"Ô£ô Budget Management module registered"}
{"level":30,"time":1774821860403,"pid":9344,"hostname":"DESKTOP-MMVI6TQ","msg":"Ô£ô Receipt Vault module registered"}
{"level":30,"time":1774821860431,"pid":9344,"hostname":"DESKTOP-MMVI6TQ","msg":"Ô£ô Notification Dispatch module registered"}
{"level":30,"time":1774821860444,"pid":9344,"hostname":"DESKTOP-MMVI6TQ","msg":"Ô£ô Cost Allocation module registered"}
{"level":30,"time":1774821860491,"pid":9344,"hostname":"DESKTOP-MMVI6TQ","msg":"Ô£ô Categorization Rules module registered"}
{"level":30,"time":1774821860511,"pid":9344,"hostname":"DESKTOP-MMVI6TQ","msg":"Ô£ô Budget Planning module registered"}
{"level":30,"time":1774821860542,"pid":9344,"hostname":"DESKTOP-MMVI6TQ","msg":"Ô£ô Audit Compliance module registered"}
{"level":30,"time":1774821860658,"pid":9344,"hostname":"DESKTOP-MMVI6TQ","msg":"Ô£ô Bank Feed Sync module registered"}
{"level":30,"time":1774821860703,"pid":9344,"hostname":"DESKTOP-MMVI6TQ","msg":"Ô£ô Event Outbox module registered"}
{"level":30,"time":1774821860703,"pid":9344,"hostname":"DESKTOP-MMVI6TQ","msg":"All modules registered successfully"}
{"level":30,"time":1774821862635,"pid":9344,"hostname":"DESKTOP-MMVI6TQ","reqId":"req-1","req":{"method":"POST","url":"/api/v1/auth/register","hostname":"localhost:80","remoteAddress":"127.0.0.1"},"msg":"incoming request"}
{"level":30,"time":1774821862718,"pid":9344,"hostname":"DESKTOP-MMVI6TQ","reqId":"req-9","res":{"statusCode":200},"responseTime":60.98210000991821,"msg":"request completed"}
{"level":30,"time":1774821862720,"pid":9344,"hostname":"DESKTOP-MMVI6TQ","reqId":"req-a","res":{"statusCode":200},"responseTime":43.743200063705444,"msg":"request completed"}
{"level":30,"time":1774821862721,"pid":9344,"hostname":"DESKTOP-MMVI6TQ","reqId":"req-b","req":{"method":"PATCH","url":"/api/v1/workspaces/435b4af5-65d0-4ddb-bb8d-b2bb3db7f1ca/categories/0953fc2d-9f44-4e33-91a1-e4c846c248b9","hostname":"localhost:80","remoteAddress":"127.0.0.1"},"msg":"incoming request"}
{"level":50,"time":1774821862722,"pid":9344,"hostname":"DESKTOP-MMVI6TQ","reqId":"req-b","err":{"type":"Error","message":"Missing or invalid authorization header","stack":"Error: Missing or invalid authorization header\n    at Object.authenticate (C:\\Users\\ASUS\\Desktop\\Modett\\Expense Tracker Application\\Expense Tracker\\apps\\api\\src\\plugins\\auth.ts:70:19)\n    at Object.<anonymous> (C:\\Users\\ASUS\\Desktop\\Modett\\Expense Tracker Application\\Expense Tracker\\modules\\expense-ledger\\infrastructure\\http\\routes\\index.ts:34:23)\n    at hookIterator (C:\\Users\\ASUS\\Desktop\\Modett\\Expense Tracker Application\\Expense Tracker\\node_modules\\.pnpm\\fastify@4.29.1\\node_modules\\fastify\\lib\\hooks.js:405:10)\n    at next (C:\\Users\\ASUS\\Desktop\\Modett\\Expense Tracker Application\\Expense Tracker\\node_modules\\.pnpm\\fastify@4.29.1\\node_modules\\fastify\\lib\\hooks.js:239:18)\n    at handleResolve (C:\\Users\\ASUS\\Desktop\\Modett\\Expense Tracker Application\\Expense Tracker\\node_modules\\.pnpm\\fastify@4.29.1\\node_modules\\fastify\\lib\\hooks.js:250:7)\n    at processTicksAndRejections (node:internal/process/task_queues:105:5)","statusCode":401},"url":"/api/v1/workspaces/435b4af5-65d0-4ddb-bb8d-b2bb3db7f1ca/categories/0953fc2d-9f44-4e33-91a1-e4c846c248b9","method":"PATCH","msg":"Missing or invalid authorization header"}
{"level":30,"time":1774821862722,"pid":9344,"hostname":"DESKTOP-MMVI6TQ","reqId":"req-b","res":{"statusCode":401},"responseTime":0.9330999851226807,"msg":"request completed"}
{"level":30,"time":1774821862724,"pid":9344,"hostname":"DESKTOP-MMVI6TQ","reqId":"req-c","req":{"method":"POST","url":"/api/v1/workspaces/435b4af5-65d0-4ddb-bb8d-b2bb3db7f1ca/tags","hostname":"localhost:80","remoteAddress":"127.0.0.1"},"msg":"incoming request"}
{"level":30,"time":1774821862728,"pid":9344,"hostname":"DESKTOP-MMVI6TQ","reqId":"req-a","req":{"method":"PATCH","url":"/api/v1/workspaces/9ba78fc3-08e8-4355-9c60-badffef90d53/receipt-tags/d83b52a7-bc40-45c7-be2f-338eba52d344","hostname":"localhost:80","remoteAddress":"127.0.0.1"},"msg":"incoming request"}
{"level":50,"time":1774821862729,"pid":9344,"hostname":"DESKTOP-MMVI6TQ","reqId":"req-a","err":{"type":"Error","message":"Missing or invalid authorization header","stack":"Error: Missing or invalid authorization header\n    at Object.authenticate (C:\\Users\\ASUS\\Desktop\\Modett\\Expense Tracker Application\\Expense Tracker\\apps\\api\\src\\plugins\\auth.ts:70:19)\n    at Object.<anonymous> (C:\\Users\\ASUS\\Desktop\\Modett\\Expense Tracker Application\\Expense Tracker\\modules\\receipt-vault\\infrastructure\\http\\routes\\index.ts:22:23)\n    at hookIterator (C:\\Users\\ASUS\\Desktop\\Modett\\Expense Tracker Application\\Expense Tracker\\node_modules\\.pnpm\\fastify@4.29.1\\node_modules\\fastify\\lib\\hooks.js:405:10)\n    at next (C:\\Users\\ASUS\\Desktop\\Modett\\Expense Tracker Application\\Expense Tracker\\node_modules\\.pnpm\\fastify@4.29.1\\node_modules\\fastify\\lib\\hooks.js:239:18)\n    at handleResolve (C:\\Users\\ASUS\\Desktop\\Modett\\Expense Tracker Application\\Expense Tracker\\node_modules\\.pnpm\\fastify@4.29.1\\node_modules\\fastify\\lib\\hooks.js:250:7)\n    at processTicksAndRejections (node:internal/process/task_queues:105:5)","statusCode":401},"url":"/api/v1/workspaces/9ba78fc3-08e8-4355-9c60-badffef90d53/receipt-tags/d83b52a7-bc40-45c7-be2f-338eba52d344","method":"PATCH","msg":"Missing or invalid authorization header"}
{"level":30,"time":1774821862738,"pid":9344,"hostname":"DESKTOP-MMVI6TQ","reqId":"req-a","res":{"statusCode":401},"responseTime":9.819599986076355,"msg":"request completed"}
{"level":30,"time":1774821862739,"pid":9344,"hostname":"DESKTOP-MMVI6TQ","reqId":"req-b","req":{"method":"POST","url":"/api/v1/workspaces/9ba78fc3-08e8-4355-9c60-badffef90d53/receipts/upload","hostname":"localhost:80","remoteAddress":"127.0.0.1"},"msg":"incoming request"}
{"level":30,"time":1774821862754,"pid":9344,"hostname":"DESKTOP-MMVI6TQ","reqId":"req-i","res":{"statusCode":201},"responseTime":87.88410007953644,"msg":"request completed"}
[90mstdout[2m | modules/expense-ledger/tests/expense-ledger.endpoints.test.ts[2m > [22m[2mExpense Ledger Module - Endpoint Tests[2m > [22m[2mCategory Endpoints[2m > [22m[2mPATCH /api/v1/:workspaceId/categories/:categoryId[2m > [22m[2mÔ£à should update category[22m[39m
Update Category: [33m200[39m Category updated successfully

[90mstdout[2m | modules/expense-ledger/tests/expense-ledger.endpoints.test.ts[2m > [22m[2mExpense Ledger Module - Endpoint Tests[2m > [22m[2mCategory Endpoints[2m > [22m[2mPATCH /api/v1/:workspaceId/categories/:categoryId[2m > [22m[2mÔØî should fail without auth token[22m[39m
Update Category No Auth: [33m401[39m

[90mstdout[2m | modules/budget-planning/tests/budget-planning.endpoints.test.ts[2m > [22m[2mBudget Planning Module - Endpoint Tests[22m[39m
[Container] Notification Event Handlers registered

[90mstdout[2m | modules/receipt-vault/tests/receipt-vault.endpoints.test.ts[2m > [22m[2mReceipt Vault Module - Endpoint Tests[2m > [22m[2mReceipt Tag Endpoints[2m > [22m[2mPATCH /api/v1/:workspaceId/receipt-tags/:tagId[2m > [22m[2mÔ£à should update receipt tag[22m[39m
Update Receipt Tag: [33m200[39m Tag updated successfully

[90mstdout[2m | modules/receipt-vault/tests/receipt-vault.endpoints.test.ts[2m > [22m[2mReceipt Vault Module - Endpoint Tests[2m > [22m[2mReceipt Tag Endpoints[2m > [22m[2mPATCH /api/v1/:workspaceId/receipt-tags/:tagId[2m > [22m[2mÔØî should fail without auth token[22m[39m
Update Receipt Tag No Auth: [33m401[39m

{"level":30,"time":1774821862759,"pid":9344,"hostname":"DESKTOP-MMVI6TQ","reqId":"req-c","res":{"statusCode":201},"responseTime":35.19150006771088,"msg":"request completed"}
{"level":30,"time":1774821862758,"pid":9344,"hostname":"DESKTOP-MMVI6TQ","reqId":"req-j","req":{"method":"POST","url":"/api/v1/workspaces/54e9f102-1c96-4979-86b5-dfeb3fc0b039/budgets/ab38e788-66f0-494f-9b13-5f5447110808/allocations","hostname":"localhost:80","remoteAddress":"127.0.0.1"},"msg":"incoming request"}
{"level":50,"time":1774821862758,"pid":9344,"hostname":"DESKTOP-MMVI6TQ","reqId":"req-j","err":{"type":"Error","message":"Missing or invalid authorization header","stack":"Error: Missing or invalid authorization header\n    at Object.authenticate (C:\\Users\\ASUS\\Desktop\\Modett\\Expense Tracker Application\\Expense Tracker\\apps\\api\\src\\plugins\\auth.ts:70:19)\n    at Object.<anonymous> (C:\\Users\\ASUS\\Desktop\\Modett\\Expense Tracker Application\\Expense Tracker\\modules\\budget-management\\infrastructure\\http\\routes\\index.ts:22:23)\n    at hookIterator (C:\\Users\\ASUS\\Desktop\\Modett\\Expense Tracker Application\\Expense Tracker\\node_modules\\.pnpm\\fastify@4.29.1\\node_modules\\fastify\\lib\\hooks.js:405:10)\n    at next (C:\\Users\\ASUS\\Desktop\\Modett\\Expense Tracker Application\\Expense Tracker\\node_modules\\.pnpm\\fastify@4.29.1\\node_modules\\fastify\\lib\\hooks.js:239:18)\n    at handleResolve (C:\\Users\\ASUS\\Desktop\\Modett\\Expense Tracker Application\\Expense Tracker\\node_modules\\.pnpm\\fastify@4.29.1\\node_modules\\fastify\\lib\\hooks.js:250:7)\n    at processTicksAndRejections (node:internal/process/task_queues:105:5)","statusCode":401},"url":"/api/v1/workspaces/54e9f102-1c96-4979-86b5-dfeb3fc0b039/budgets/ab38e788-66f0-494f-9b13-5f5447110808/allocations","method":"POST","msg":"Missing or invalid authorization header"}
{"level":30,"time":1774821862759,"pid":9344,"hostname":"DESKTOP-MMVI6TQ","reqId":"req-j","res":{"statusCode":401},"responseTime":0.9332000017166138,"msg":"request completed"}
{"level":30,"time":1774821862760,"pid":9344,"hostname":"DESKTOP-MMVI6TQ","reqId":"req-k","req":{"method":"POST","url":"/api/v1/workspaces/54e9f102-1c96-4979-86b5-dfeb3fc0b039/budgets/ab38e788-66f0-494f-9b13-5f5447110808/allocations","hostname":"localhost:80","remoteAddress":"127.0.0.1"},"msg":"incoming request"}
{"level":30,"time":1774821862765,"pid":9344,"hostname":"DESKTOP-MMVI6TQ","reqId":"req-b","res":{"statusCode":201},"responseTime":24.74240005016327,"msg":"request completed"}
{"level":30,"time":1774821862761,"pid":9344,"hostname":"DESKTOP-MMVI6TQ","reqId":"req-d","req":{"method":"POST","url":"/api/v1/workspaces/435b4af5-65d0-4ddb-bb8d-b2bb3db7f1ca/tags","hostname":"localhost:80","remoteAddress":"127.0.0.1"},"msg":"incoming request"}
{"level":50,"time":1774821862762,"pid":9344,"hostname":"DESKTOP-MMVI6TQ","reqId":"req-d","err":{"type":"Error","message":"Missing or invalid authorization header","stack":"Error: Missing or invalid authorization header\n    at Object.authenticate (C:\\Users\\ASUS\\Desktop\\Modett\\Expense Tracker Application\\Expense Tracker\\apps\\api\\src\\plugins\\auth.ts:70:19)\n    at Object.<anonymous> (C:\\Users\\ASUS\\Desktop\\Modett\\Expense Tracker Application\\Expense Tracker\\modules\\expense-ledger\\infrastructure\\http\\routes\\index.ts:34:23)\n    at hookIterator (C:\\Users\\ASUS\\Desktop\\Modett\\Expense Tracker Application\\Expense Tracker\\node_modules\\.pnpm\\fastify@4.29.1\\node_modules\\fastify\\lib\\hooks.js:405:10)\n    at next (C:\\Users\\ASUS\\Desktop\\Modett\\Expense Tracker Application\\Expense Tracker\\node_modules\\.pnpm\\fastify@4.29.1\\node_modules\\fastify\\lib\\hooks.js:239:18)\n    at handleResolve (C:\\Users\\ASUS\\Desktop\\Modett\\Expense Tracker Application\\Expense Tracker\\node_modules\\.pnpm\\fastify@4.29.1\\node_modules\\fastify\\lib\\hooks.js:250:7)\n    at processTicksAndRejections (node:internal/process/task_queues:105:5)","statusCode":401},"url":"/api/v1/workspaces/435b4af5-65d0-4ddb-bb8d-b2bb3db7f1ca/tags","method":"POST","msg":"Missing or invalid authorization header"}
{"level":30,"time":1774821862763,"pid":9344,"hostname":"DESKTOP-MMVI6TQ","reqId":"req-d","res":{"statusCode":401},"responseTime":1.7116999626159668,"msg":"request completed"}
{"level":30,"time":1774821862764,"pid":9344,"hostname":"DESKTOP-MMVI6TQ","reqId":"req-e","req":{"method":"POST","url":"/api/v1/workspaces/435b4af5-65d0-4ddb-bb8d-b2bb3db7f1ca/tags","hostname":"localhost:80","remoteAddress":"127.0.0.1"},"msg":"incoming request"}
{"level":50,"time":1774821862768,"pid":9344,"hostname":"DESKTOP-MMVI6TQ","reqId":"req-e","err":{"type":"Error","message":"body/name must NOT have fewer than 1 characters","stack":"Error: body/name must NOT have fewer than 1 characters\n    at Object.schemaErrorFormatter (C:\\Users\\ASUS\\Desktop\\Modett\\Expense Tracker Application\\Expense Tracker\\apps\\api\\src\\server.ts:35:14)\n    at wrapValidationError (C:\\Users\\ASUS\\Desktop\\Modett\\Expense Tracker Application\\Expense Tracker\\node_modules\\.pnpm\\fastify@4.29.1\\node_modules\\fastify\\lib\\validation.js:249:17)\n    at validate (C:\\Users\\ASUS\\Desktop\\Modett\\Expense Tracker Application\\Expense Tracker\\node_modules\\.pnpm\\fastify@4.29.1\\node_modules\\fastify\\lib\\validation.js:167:16)\n    at preValidationCallback (C:\\Users\\ASUS\\Desktop\\Modett\\Expense Tracker Application\\Expense Tracker\\node_modules\\.pnpm\\fastify@4.29.1\\node_modules\\fastify\\lib\\handleRequest.js:93:25)\n    at next (C:\\Users\\ASUS\\Desktop\\Modett\\Expense Tracker Application\\Expense Tracker\\node_modules\\.pnpm\\fastify@4.29.1\\node_modules\\fastify\\lib\\hooks.js:233:9)\n    at handleResolve (C:\\Users\\ASUS\\Desktop\\Modett\\Expense Tracker Application\\Expense Tracker\\node_modules\\.pnpm\\fastify@4.29.1\\node_modules\\fastify\\lib\\hooks.js:250:7)\n    at processTicksAndRejections (node:internal/process/task_queues:105:5)","statusCode":400,"code":"FST_ERR_VALIDATION","validation":[{"instancePath":"/name","schemaPath":"#/properties/name/minLength","keyword":"minLength","params":{"limit":1},"message":"must NOT have fewer than 1 characters"}],"validationContext":"body"},"url":"/api/v1/workspaces/435b4af5-65d0-4ddb-bb8d-b2bb3db7f1ca/tags","method":"POST","msg":"body/name must NOT have fewer than 1 characters"}
{"level":30,"time":1774821862775,"pid":9344,"hostname":"DESKTOP-MMVI6TQ","reqId":"req-e","res":{"statusCode":400},"responseTime":10.476699948310852,"msg":"request completed"}
{"level":30,"time":1774821862776,"pid":9344,"hostname":"DESKTOP-MMVI6TQ","reqId":"req-f","req":{"method":"GET","url":"/api/v1/workspaces/435b4af5-65d0-4ddb-bb8d-b2bb3db7f1ca/tags","hostname":"localhost:80","remoteAddress":"127.0.0.1"},"msg":"incoming request"}
{"level":30,"time":1774821862768,"pid":9344,"hostname":"DESKTOP-MMVI6TQ","reqId":"req-c","req":{"method":"POST","url":"/api/v1/workspaces/9ba78fc3-08e8-4355-9c60-badffef90d53/receipts/upload","hostname":"localhost:80","remoteAddress":"127.0.0.1"},"msg":"incoming request"}
{"level":50,"time":1774821862769,"pid":9344,"hostname":"DESKTOP-MMVI6TQ","reqId":"req-c","err":{"type":"Error","message":"Missing or invalid authorization header","stack":"Error: Missing or invalid authorization header\n    at Object.authenticate (C:\\Users\\ASUS\\Desktop\\Modett\\Expense Tracker Application\\Expense Tracker\\apps\\api\\src\\plugins\\auth.ts:70:19)\n    at Object.<anonymous> (C:\\Users\\ASUS\\Desktop\\Modett\\Expense Tracker Application\\Expense Tracker\\modules\\receipt-vault\\infrastructure\\http\\routes\\index.ts:22:23)\n    at hookIterator (C:\\Users\\ASUS\\Desktop\\Modett\\Expense Tracker Application\\Expense Tracker\\node_modules\\.pnpm\\fastify@4.29.1\\node_modules\\fastify\\lib\\hooks.js:405:10)\n    at next (C:\\Users\\ASUS\\Desktop\\Modett\\Expense Tracker Application\\Expense Tracker\\node_modules\\.pnpm\\fastify@4.29.1\\node_modules\\fastify\\lib\\hooks.js:239:18)\n    at handleResolve (C:\\Users\\ASUS\\Desktop\\Modett\\Expense Tracker Application\\Expense Tracker\\node_modules\\.pnpm\\fastify@4.29.1\\node_modules\\fastify\\lib\\hooks.js:250:7)\n    at processTicksAndRejections (node:internal/process/task_queues:105:5)","statusCode":401},"url":"/api/v1/workspaces/9ba78fc3-08e8-4355-9c60-badffef90d53/receipts/upload","method":"POST","msg":"Missing or invalid authorization header"}
{"level":30,"time":1774821862769,"pid":9344,"hostname":"DESKTOP-MMVI6TQ","reqId":"req-c","res":{"statusCode":401},"responseTime":1.0269999504089355,"msg":"request completed"}
{"level":30,"time":1774821862772,"pid":9344,"hostname":"DESKTOP-MMVI6TQ","reqId":"req-d","req":{"method":"POST","url":"/api/v1/workspaces/9ba78fc3-08e8-4355-9c60-badffef90d53/receipts/upload","hostname":"localhost:80","remoteAddress":"127.0.0.1"},"msg":"incoming request"}
{"level":30,"time":1774821862783,"pid":9344,"hostname":"DESKTOP-MMVI6TQ","reqId":"req-d","res":{"statusCode":400},"responseTime":10.571999907493591,"msg":"request completed"}
{"level":30,"time":1774821862784,"pid":9344,"hostname":"DESKTOP-MMVI6TQ","reqId":"req-e","req":{"method":"GET","url":"/api/v1/workspaces/9ba78fc3-08e8-4355-9c60-badffef90d53/receipts","hostname":"localhost:80","remoteAddress":"127.0.0.1"},"msg":"incoming request"}
{"level":30,"time":1774821862789,"pid":9344,"hostname":"DESKTOP-MMVI6TQ","reqId":"req-k","res":{"statusCode":400},"responseTime":29.19599997997284,"msg":"request completed"}
{"level":30,"time":1774821862790,"pid":9344,"hostname":"DESKTOP-MMVI6TQ","reqId":"req-l","req":{"method":"GET","url":"/api/v1/workspaces/54e9f102-1c96-4979-86b5-dfeb3fc0b039/budgets/ab38e788-66f0-494f-9b13-5f5447110808/allocations","hostname":"localhost:80","remoteAddress":"127.0.0.1"},"msg":"incoming request"}
{"level":30,"time":1774821862800,"pid":9344,"hostname":"DESKTOP-MMVI6TQ","reqId":"req-f","res":{"statusCode":200},"responseTime":23.801299929618835,"msg":"request completed"}
{"level":30,"time":1774821860424,"pid":9344,"hostname":"DESKTOP-MMVI6TQ","msg":"Registering modules..."}
{"level":30,"time":1774821860479,"pid":9344,"hostname":"DESKTOP-MMVI6TQ","msg":"Ô£ô Identity-Workspace module registered"}
{"level":30,"time":1774821860535,"pid":9344,"hostname":"DESKTOP-MMVI6TQ","msg":"Ô£ô Expense-Ledger module registered"}
{"level":30,"time":1774821860545,"pid":9344,"hostname":"DESKTOP-MMVI6TQ","msg":"Ô£ô Budget Management module registered"}
{"level":30,"time":1774821860593,"pid":9344,"hostname":"DESKTOP-MMVI6TQ","msg":"Ô£ô Receipt Vault module registered"}
{"level":30,"time":1774821860623,"pid":9344,"hostname":"DESKTOP-MMVI6TQ","msg":"Ô£ô Notification Dispatch module registered"}
{"level":30,"time":1774821860700,"pid":9344,"hostname":"DESKTOP-MMVI6TQ","msg":"Ô£ô Cost Allocation module registered"}
{"level":30,"time":1774821860723,"pid":9344,"hostname":"DESKTOP-MMVI6TQ","msg":"Ô£ô Categorization Rules module registered"}
{"level":30,"time":1774821860757,"pid":9344,"hostname":"DESKTOP-MMVI6TQ","msg":"Ô£ô Budget Planning module registered"}
{"level":30,"time":1774821860764,"pid":9344,"hostname":"DESKTOP-MMVI6TQ","msg":"Ô£ô Audit Compliance module registered"}
{"level":30,"time":1774821860808,"pid":9344,"hostname":"DESKTOP-MMVI6TQ","msg":"Ô£ô Bank Feed Sync module registered"}
{"level":30,"time":1774821860818,"pid":9344,"hostname":"DESKTOP-MMVI6TQ","msg":"Ô£ô Event Outbox module registered"}
{"level":30,"time":1774821860818,"pid":9344,"hostname":"DESKTOP-MMVI6TQ","msg":"All modules registered successfully"}
{"level":30,"time":1774821862776,"pid":9344,"hostname":"DESKTOP-MMVI6TQ","reqId":"req-1","req":{"method":"POST","url":"/api/v1/auth/register","hostname":"localhost:80","remoteAddress":"127.0.0.1"},"msg":"incoming request"}
[90mstdout[2m | modules/budget-management/tests/budget-management.endpoints.test.ts[2m > [22m[2mBudget Management Module - Endpoint Tests[2m > [22m[2mAllocation Endpoints[2m > [22m[2mPOST /api/v1/:workspaceId/budgets/:budgetId/allocations[2m > [22m[2mÔ£à should add allocation to budget[22m[39m
[EventBus] No handlers for event type: budget-allocation.created
Add Allocation: [33m201[39m Allocation added successfully

[90mstdout[2m | modules/budget-management/tests/budget-management.endpoints.test.ts[2m > [22m[2mBudget Management Module - Endpoint Tests[2m > [22m[2mAllocation Endpoints[2m > [22m[2mPOST /api/v1/:workspaceId/budgets/:budgetId/allocations[2m > [22m[2mÔØî should fail without auth token[22m[39m
Add Allocation No Auth: [33m401[39m

[90mstdout[2m | modules/budget-management/tests/budget-management.endpoints.test.ts[2m > [22m[2mBudget Management Module - Endpoint Tests[2m > [22m[2mAllocation Endpoints[2m > [22m[2mPOST /api/v1/:workspaceId/budgets/:budgetId/allocations[2m > [22m[2mÔØî should fail with invalid amount[22m[39m
Add Allocation Invalid Amount: [33m400[39m

[90mstdout[2m | modules/expense-ledger/tests/expense-ledger.endpoints.test.ts[2m > [22m[2mExpense Ledger Module - Endpoint Tests[2m > [22m[2mTag Endpoints[2m > [22m[2mPOST /api/v1/:workspaceId/tags[2m > [22m[2mÔ£à should create a tag[22m[39m
Create Tag: [33m201[39m Tag created successfully

[90mstdout[2m | modules/expense-ledger/tests/expense-ledger.endpoints.test.ts[2m > [22m[2mExpense Ledger Module - Endpoint Tests[2m > [22m[2mTag Endpoints[2m > [22m[2mPOST /api/v1/:workspaceId/tags[2m > [22m[2mÔØî should fail without auth token[22m[39m
Create Tag No Auth: [33m401[39m

[90mstdout[2m | modules/expense-ledger/tests/expense-ledger.endpoints.test.ts[2m > [22m[2mExpense Ledger Module - Endpoint Tests[2m > [22m[2mTag Endpoints[2m > [22m[2mPOST /api/v1/:workspaceId/tags[2m > [22m[2mÔØî should fail with empty name[22m[39m
Create Tag Empty Name: [33m400[39m

[90mstdout[2m | modules/receipt-vault/tests/receipt-vault.endpoints.test.ts[2m > [22m[2mReceipt Vault Module - Endpoint Tests[2m > [22m[2mReceipt Endpoints[2m > [22m[2mPOST /api/v1/:workspaceId/receipts/upload[2m > [22m[2mÔ£à should upload a receipt[22m[39m
[EventBus] No handlers for event type: ReceiptUploaded
Upload Receipt: [33m201[39m Receipt uploaded successfully

[90mstdout[2m | modules/receipt-vault/tests/receipt-vault.endpoints.test.ts[2m > [22m[2mReceipt Vault Module - Endpoint Tests[2m > [22m[2mReceipt Endpoints[2m > [22m[2mPOST /api/v1/:workspaceId/receipts/upload[2m > [22m[2mÔØî should fail without auth token[22m[39m
Upload Receipt No Auth: [33m401[39m

[90mstdout[2m | modules/receipt-vault/tests/receipt-vault.endpoints.test.ts[2m > [22m[2mReceipt Vault Module - Endpoint Tests[2m > [22m[2mReceipt Endpoints[2m > [22m[2mPOST /api/v1/:workspaceId/receipts/upload[2m > [22m[2mÔØî should fail with missing required fields[22m[39m
Upload Receipt Missing Fields: [33m400[39m

[90mstdout[2m | modules/policy-controls/tests/policy-controls.endpoints.test.ts[2m > [22m[2mPolicy Controls Module - Endpoint Tests[22m[39m
[Container] Notification Event Handlers registered

{"level":30,"time":1774821862803,"pid":9344,"hostname":"DESKTOP-MMVI6TQ","reqId":"req-e","res":{"statusCode":200},"responseTime":19.648499965667725,"msg":"request completed"}
{"level":30,"time":1774821862801,"pid":9344,"hostname":"DESKTOP-MMVI6TQ","reqId":"req-g","req":{"method":"GET","url":"/api/v1/workspaces/435b4af5-65d0-4ddb-bb8d-b2bb3db7f1ca/tags","hostname":"localhost:80","remoteAddress":"127.0.0.1"},"msg":"incoming request"}
{"level":50,"time":1774821862801,"pid":9344,"hostname":"DESKTOP-MMVI6TQ","reqId":"req-g","err":{"type":"Error","message":"Missing or invalid authorization header","stack":"Error: Missing or invalid authorization header\n    at Object.authenticate (C:\\Users\\ASUS\\Desktop\\Modett\\Expense Tracker Application\\Expense Tracker\\apps\\api\\src\\plugins\\auth.ts:70:19)\n    at Object.<anonymous> (C:\\Users\\ASUS\\Desktop\\Modett\\Expense Tracker Application\\Expense Tracker\\modules\\expense-ledger\\infrastructure\\http\\routes\\index.ts:34:23)\n    at hookIterator (C:\\Users\\ASUS\\Desktop\\Modett\\Expense Tracker Application\\Expense Tracker\\node_modules\\.pnpm\\fastify@4.29.1\\node_modules\\fastify\\lib\\hooks.js:405:10)\n    at next (C:\\Users\\ASUS\\Desktop\\Modett\\Expense Tracker Application\\Expense Tracker\\node_modules\\.pnpm\\fastify@4.29.1\\node_modules\\fastify\\lib\\hooks.js:239:18)\n    at handleResolve (C:\\Users\\ASUS\\Desktop\\Modett\\Expense Tracker Application\\Expense Tracker\\node_modules\\.pnpm\\fastify@4.29.1\\node_modules\\fastify\\lib\\hooks.js:250:7)\n    at processTicksAndRejections (node:internal/process/task_queues:105:5)","statusCode":401},"url":"/api/v1/workspaces/435b4af5-65d0-4ddb-bb8d-b2bb3db7f1ca/tags","method":"GET","msg":"Missing or invalid authorization header"}
{"level":30,"time":1774821862802,"pid":9344,"hostname":"DESKTOP-MMVI6TQ","reqId":"req-g","res":{"statusCode":401},"responseTime":1.0790998935699463,"msg":"request completed"}
{"level":30,"time":1774821862803,"pid":9344,"hostname":"DESKTOP-MMVI6TQ","reqId":"req-h","req":{"method":"GET","url":"/api/v1/workspaces/435b4af5-65d0-4ddb-bb8d-b2bb3db7f1ca/tags/765ab02e-2121-46e0-a4a4-60c50d8cce4f","hostname":"localhost:80","remoteAddress":"127.0.0.1"},"msg":"incoming request"}
{"level":30,"time":1774821862809,"pid":9344,"hostname":"DESKTOP-MMVI6TQ","reqId":"req-h","res":{"statusCode":200},"responseTime":6.488499999046326,"msg":"request completed"}
{"level":30,"time":1774821862804,"pid":9344,"hostname":"DESKTOP-MMVI6TQ","reqId":"req-f","req":{"method":"GET","url":"/api/v1/workspaces/9ba78fc3-08e8-4355-9c60-badffef90d53/receipts","hostname":"localhost:80","remoteAddress":"127.0.0.1"},"msg":"incoming request"}
{"level":50,"time":1774821862806,"pid":9344,"hostname":"DESKTOP-MMVI6TQ","reqId":"req-f","err":{"type":"Error","message":"Missing or invalid authorization header","stack":"Error: Missing or invalid authorization header\n    at Object.authenticate (C:\\Users\\ASUS\\Desktop\\Modett\\Expense Tracker Application\\Expense Tracker\\apps\\api\\src\\plugins\\auth.ts:70:19)\n    at Object.<anonymous> (C:\\Users\\ASUS\\Desktop\\Modett\\Expense Tracker Application\\Expense Tracker\\modules\\receipt-vault\\infrastructure\\http\\routes\\index.ts:22:23)\n    at hookIterator (C:\\Users\\ASUS\\Desktop\\Modett\\Expense Tracker Application\\Expense Tracker\\node_modules\\.pnpm\\fastify@4.29.1\\node_modules\\fastify\\lib\\hooks.js:405:10)\n    at next (C:\\Users\\ASUS\\Desktop\\Modett\\Expense Tracker Application\\Expense Tracker\\node_modules\\.pnpm\\fastify@4.29.1\\node_modules\\fastify\\lib\\hooks.js:239:18)\n    at handleResolve (C:\\Users\\ASUS\\Desktop\\Modett\\Expense Tracker Application\\Expense Tracker\\node_modules\\.pnpm\\fastify@4.29.1\\node_modules\\fastify\\lib\\hooks.js:250:7)\n    at processTicksAndRejections (node:internal/process/task_queues:105:5)","statusCode":401},"url":"/api/v1/workspaces/9ba78fc3-08e8-4355-9c60-badffef90d53/receipts","method":"GET","msg":"Missing or invalid authorization header"}
{"level":30,"time":1774821862807,"pid":9344,"hostname":"DESKTOP-MMVI6TQ","reqId":"req-f","res":{"statusCode":401},"responseTime":2.3046000003814697,"msg":"request completed"}
{"level":30,"time":1774821862808,"pid":9344,"hostname":"DESKTOP-MMVI6TQ","reqId":"req-g","req":{"method":"GET","url":"/api/v1/workspaces/9ba78fc3-08e8-4355-9c60-badffef90d53/receipts/f72d12fd-c9fc-4064-8f76-4a0956e98b51","hostname":"localhost:80","remoteAddress":"127.0.0.1"},"msg":"incoming request"}
{"level":30,"time":1774821862814,"pid":9344,"hostname":"DESKTOP-MMVI6TQ","reqId":"req-l","res":{"statusCode":200},"responseTime":23.61549997329712,"msg":"request completed"}
[90mstdout[2m | modules/expense-ledger/tests/expense-ledger.endpoints.test.ts[2m > [22m[2mExpense Ledger Module - Endpoint Tests[2m > [22m[2mTag Endpoints[2m > [22m[2mGET /api/v1/:workspaceId/tags[2m > [22m[2mÔ£à should list tags[22m[39m
List Tags: [33m200[39m

{"level":30,"time":1774821862810,"pid":9344,"hostname":"DESKTOP-MMVI6TQ","reqId":"req-i","req":{"method":"PATCH","url":"/api/v1/workspaces/435b4af5-65d0-4ddb-bb8d-b2bb3db7f1ca/tags/765ab02e-2121-46e0-a4a4-60c50d8cce4f","hostname":"localhost:80","remoteAddress":"127.0.0.1"},"msg":"incoming request"}
[90mstdout[2m | modules/expense-ledger/tests/expense-ledger.endpoints.test.ts[2m > [22m[2mExpense Ledger Module - Endpoint Tests[2m > [22m[2mTag Endpoints[2m > [22m[2mGET /api/v1/:workspaceId/tags[2m > [22m[2mÔØî should fail without auth token[22m[39m
List Tags No Auth: [33m401[39m

[90mstdout[2m | modules/expense-ledger/tests/expense-ledger.endpoints.test.ts[2m > [22m[2mExpense Ledger Module - Endpoint Tests[2m > [22m[2mTag Endpoints[2m > [22m[2mGET /api/v1/:workspaceId/tags/:tagId[2m > [22m[2mÔ£à should get tag by ID[22m[39m
Get Tag: [33m200[39m

[90mstdout[2m | modules/receipt-vault/tests/receipt-vault.endpoints.test.ts[2m > [22m[2mReceipt Vault Module - Endpoint Tests[2m > [22m[2mReceipt Endpoints[2m > [22m[2mGET /api/v1/:workspaceId/receipts[2m > [22m[2mÔ£à should list receipts[22m[39m
List Receipts: [33m200[39m

[90mstdout[2m | modules/receipt-vault/tests/receipt-vault.endpoints.test.ts[2m > [22m[2mReceipt Vault Module - Endpoint Tests[2m > [22m[2mReceipt Endpoints[2m > [22m[2mGET /api/v1/:workspaceId/receipts[2m > [22m[2mÔØî should fail without auth token[22m[39m
List Receipts No Auth: [33m401[39m

{"level":30,"time":1774821862815,"pid":9344,"hostname":"DESKTOP-MMVI6TQ","reqId":"req-m","req":{"method":"GET","url":"/api/v1/workspaces/54e9f102-1c96-4979-86b5-dfeb3fc0b039/budgets/ab38e788-66f0-494f-9b13-5f5447110808/allocations","hostname":"localhost:80","remoteAddress":"127.0.0.1"},"msg":"incoming request"}
{"level":50,"time":1774821862815,"pid":9344,"hostname":"DESKTOP-MMVI6TQ","reqId":"req-m","err":{"type":"Error","message":"Missing or invalid authorization header","stack":"Error: Missing or invalid authorization header\n    at Object.authenticate (C:\\Users\\ASUS\\Desktop\\Modett\\Expense Tracker Application\\Expense Tracker\\apps\\api\\src\\plugins\\auth.ts:70:19)\n    at Object.<anonymous> (C:\\Users\\ASUS\\Desktop\\Modett\\Expense Tracker Application\\Expense Tracker\\modules\\budget-management\\infrastructure\\http\\routes\\index.ts:22:23)\n    at hookIterator (C:\\Users\\ASUS\\Desktop\\Modett\\Expense Tracker Application\\Expense Tracker\\node_modules\\.pnpm\\fastify@4.29.1\\node_modules\\fastify\\lib\\hooks.js:405:10)\n    at next (C:\\Users\\ASUS\\Desktop\\Modett\\Expense Tracker Application\\Expense Tracker\\node_modules\\.pnpm\\fastify@4.29.1\\node_modules\\fastify\\lib\\hooks.js:239:18)\n    at handleResolve (C:\\Users\\ASUS\\Desktop\\Modett\\Expense Tracker Application\\Expense Tracker\\node_modules\\.pnpm\\fastify@4.29.1\\node_modules\\fastify\\lib\\hooks.js:250:7)\n    at processTicksAndRejections (node:internal/process/task_queues:105:5)","statusCode":401},"url":"/api/v1/workspaces/54e9f102-1c96-4979-86b5-dfeb3fc0b039/budgets/ab38e788-66f0-494f-9b13-5f5447110808/allocations","method":"GET","msg":"Missing or invalid authorization header"}
{"level":30,"time":1774821862816,"pid":9344,"hostname":"DESKTOP-MMVI6TQ","reqId":"req-m","res":{"statusCode":401},"responseTime":1.1655999422073364,"msg":"request completed"}
{"level":30,"time":1774821862817,"pid":9344,"hostname":"DESKTOP-MMVI6TQ","reqId":"req-n","req":{"method":"PATCH","url":"/api/v1/workspaces/54e9f102-1c96-4979-86b5-dfeb3fc0b039/budgets/ab38e788-66f0-494f-9b13-5f5447110808/allocations/1552401b-8f6b-4473-ad7f-787007102c83","hostname":"localhost:80","remoteAddress":"127.0.0.1"},"msg":"incoming request"}
{"level":30,"time":1774821862823,"pid":9344,"hostname":"DESKTOP-MMVI6TQ","reqId":"req-g","res":{"statusCode":200},"responseTime":14.60479998588562,"msg":"request completed"}
[90mstdout[2m | modules/budget-management/tests/budget-management.endpoints.test.ts[2m > [22m[2mBudget Management Module - Endpoint Tests[2m > [22m[2mAllocation Endpoints[2m > [22m[2mGET /api/v1/:workspaceId/budgets/:budgetId/allocations[2m > [22m[2mÔ£à should get budget allocations[22m[39m
Get Allocations: [33m200[39m

[90mstdout[2m | modules/budget-management/tests/budget-management.endpoints.test.ts[2m > [22m[2mBudget Management Module - Endpoint Tests[2m > [22m[2mAllocation Endpoints[2m > [22m[2mGET /api/v1/:workspaceId/budgets/:budgetId/allocations[2m > [22m[2mÔØî should fail without auth token[22m[39m
Get Allocations No Auth: [33m401[39m

{"level":30,"time":1774821862824,"pid":9344,"hostname":"DESKTOP-MMVI6TQ","reqId":"req-h","req":{"method":"GET","url":"/api/v1/workspaces/9ba78fc3-08e8-4355-9c60-badffef90d53/receipts/00000000-0000-0000-0000-000000000000","hostname":"localhost:80","remoteAddress":"127.0.0.1"},"msg":"incoming request"}
{"level":30,"time":1774821862845,"pid":9344,"hostname":"DESKTOP-MMVI6TQ","reqId":"req-h","res":{"statusCode":400},"responseTime":21.542500019073486,"msg":"request completed"}
{"level":30,"time":1774821862846,"pid":9344,"hostname":"DESKTOP-MMVI6TQ","reqId":"req-i","res":{"statusCode":200},"responseTime":35.769999980926514,"msg":"request completed"}
[90mstdout[2m | modules/receipt-vault/tests/receipt-vault.endpoints.test.ts[2m > [22m[2mReceipt Vault Module - Endpoint Tests[2m > [22m[2mReceipt Endpoints[2m > [22m[2mGET /api/v1/:workspaceId/receipts/:receiptId[2m > [22m[2mÔ£à should get receipt by ID[22m[39m
Get Receipt: [33m200[39m

{"level":30,"time":1774821862854,"pid":9344,"hostname":"DESKTOP-MMVI6TQ","reqId":"req-i","req":{"method":"GET","url":"/api/v1/workspaces/9ba78fc3-08e8-4355-9c60-badffef90d53/receipts/stats","hostname":"localhost:80","remoteAddress":"127.0.0.1"},"msg":"incoming request"}
{"level":30,"time":1774821862849,"pid":9344,"hostname":"DESKTOP-MMVI6TQ","reqId":"req-j","req":{"method":"PATCH","url":"/api/v1/workspaces/435b4af5-65d0-4ddb-bb8d-b2bb3db7f1ca/tags/765ab02e-2121-46e0-a4a4-60c50d8cce4f","hostname":"localhost:80","remoteAddress":"127.0.0.1"},"msg":"incoming request"}
{"level":50,"time":1774821862850,"pid":9344,"hostname":"DESKTOP-MMVI6TQ","reqId":"req-j","err":{"type":"Error","message":"Missing or invalid authorization header","stack":"Error: Missing or invalid authorization header\n    at Object.authenticate (C:\\Users\\ASUS\\Desktop\\Modett\\Expense Tracker Application\\Expense Tracker\\apps\\api\\src\\plugins\\auth.ts:70:19)\n    at Object.<anonymous> (C:\\Users\\ASUS\\Desktop\\Modett\\Expense Tracker Application\\Expense Tracker\\modules\\expense-ledger\\infrastructure\\http\\routes\\index.ts:34:23)\n    at hookIterator (C:\\Users\\ASUS\\Desktop\\Modett\\Expense Tracker Application\\Expense Tracker\\node_modules\\.pnpm\\fastify@4.29.1\\node_modules\\fastify\\lib\\hooks.js:405:10)\n    at next (C:\\Users\\ASUS\\Desktop\\Modett\\Expense Tracker Application\\Expense Tracker\\node_modules\\.pnpm\\fastify@4.29.1\\node_modules\\fastify\\lib\\hooks.js:239:18)\n    at handleResolve (C:\\Users\\ASUS\\Desktop\\Modett\\Expense Tracker Application\\Expense Tracker\\node_modules\\.pnpm\\fastify@4.29.1\\node_modules\\fastify\\lib\\hooks.js:250:7)\n    at processTicksAndRejections (node:internal/process/task_queues:105:5)","statusCode":401},"url":"/api/v1/workspaces/435b4af5-65d0-4ddb-bb8d-b2bb3db7f1ca/tags/765ab02e-2121-46e0-a4a4-60c50d8cce4f","method":"PATCH","msg":"Missing or invalid authorization header"}
{"level":30,"time":1774821862851,"pid":9344,"hostname":"DESKTOP-MMVI6TQ","reqId":"req-j","res":{"statusCode":401},"responseTime":2.3859000205993652,"msg":"request completed"}
{"level":30,"time":1774821862854,"pid":9344,"hostname":"DESKTOP-MMVI6TQ","reqId":"req-k","req":{"method":"POST","url":"/api/v1/workspaces/435b4af5-65d0-4ddb-bb8d-b2bb3db7f1ca/expenses","hostname":"localhost:80","remoteAddress":"127.0.0.1"},"msg":"incoming request"}
{"level":30,"time":1774821860742,"pid":9344,"hostname":"DESKTOP-MMVI6TQ","msg":"Registering modules..."}
{"level":30,"time":1774821860771,"pid":9344,"hostname":"DESKTOP-MMVI6TQ","msg":"Ô£ô Identity-Workspace module registered"}
{"level":30,"time":1774821860810,"pid":9344,"hostname":"DESKTOP-MMVI6TQ","msg":"Ô£ô Expense-Ledger module registered"}
{"level":30,"time":1774821860822,"pid":9344,"hostname":"DESKTOP-MMVI6TQ","msg":"Ô£ô Budget Management module registered"}
{"level":30,"time":1774821860852,"pid":9344,"hostname":"DESKTOP-MMVI6TQ","msg":"Ô£ô Receipt Vault module registered"}
{"level":30,"time":1774821860870,"pid":9344,"hostname":"DESKTOP-MMVI6TQ","msg":"Ô£ô Notification Dispatch module registered"}
{"level":30,"time":1774821860944,"pid":9344,"hostname":"DESKTOP-MMVI6TQ","msg":"Ô£ô Cost Allocation module registered"}
{"level":30,"time":1774821860960,"pid":9344,"hostname":"DESKTOP-MMVI6TQ","msg":"Ô£ô Categorization Rules module registered"}
{"level":30,"time":1774821860969,"pid":9344,"hostname":"DESKTOP-MMVI6TQ","msg":"Ô£ô Budget Planning module registered"}
{"level":30,"time":1774821861019,"pid":9344,"hostname":"DESKTOP-MMVI6TQ","msg":"Ô£ô Audit Compliance module registered"}
{"level":30,"time":1774821861076,"pid":9344,"hostname":"DESKTOP-MMVI6TQ","msg":"Ô£ô Bank Feed Sync module registered"}
{"level":30,"time":1774821861145,"pid":9344,"hostname":"DESKTOP-MMVI6TQ","msg":"Ô£ô Event Outbox module registered"}
{"level":30,"time":1774821861145,"pid":9344,"hostname":"DESKTOP-MMVI6TQ","msg":"All modules registered successfully"}
{"level":30,"time":1774821862832,"pid":9344,"hostname":"DESKTOP-MMVI6TQ","reqId":"req-1","req":{"method":"POST","url":"/api/v1/auth/register","hostname":"localhost:80","remoteAddress":"127.0.0.1"},"msg":"incoming request"}
[90mstdout[2m | modules/receipt-vault/tests/receipt-vault.endpoints.test.ts[2m > [22m[2mReceipt Vault Module - Endpoint Tests[2m > [22m[2mReceipt Endpoints[2m > [22m[2mGET /api/v1/:workspaceId/receipts/:receiptId[2m > [22m[2mÔØî should fail with non-existent receipt ID[22m[39m
Get Non-existent Receipt: [33m400[39m

[90mstdout[2m | modules/expense-ledger/tests/expense-ledger.endpoints.test.ts[2m > [22m[2mExpense Ledger Module - Endpoint Tests[2m > [22m[2mTag Endpoints[2m > [22m[2mPATCH /api/v1/:workspaceId/tags/:tagId[2m > [22m[2mÔ£à should update tag[22m[39m
Update Tag: [33m200[39m Tag updated successfully

[90mstdout[2m | modules/expense-ledger/tests/expense-ledger.endpoints.test.ts[2m > [22m[2mExpense Ledger Module - Endpoint Tests[2m > [22m[2mTag Endpoints[2m > [22m[2mPATCH /api/v1/:workspaceId/tags/:tagId[2m > [22m[2mÔØî should fail without auth token[22m[39m
Update Tag No Auth: [33m401[39m

[90mstdout[2m | modules/cost-allocation/tests/cost-allocation.endpoints.test.ts[2m > [22m[2mCost Allocation Module - Endpoint Tests[22m[39m
[Container] Notification Event Handlers registered

{"level":30,"time":1774821862894,"pid":9344,"hostname":"DESKTOP-MMVI6TQ","reqId":"req-i","res":{"statusCode":200},"responseTime":40.16879999637604,"msg":"request completed"}
{"level":30,"time":1774821862895,"pid":9344,"hostname":"DESKTOP-MMVI6TQ","reqId":"req-j","req":{"method":"GET","url":"/api/v1/workspaces/9ba78fc3-08e8-4355-9c60-badffef90d53/receipts/stats","hostname":"localhost:80","remoteAddress":"127.0.0.1"},"msg":"incoming request"}
{"level":50,"time":1774821862896,"pid":9344,"hostname":"DESKTOP-MMVI6TQ","reqId":"req-j","err":{"type":"Error","message":"Missing or invalid authorization header","stack":"Error: Missing or invalid authorization header\n    at Object.authenticate (C:\\Users\\ASUS\\Desktop\\Modett\\Expense Tracker Application\\Expense Tracker\\apps\\api\\src\\plugins\\auth.ts:70:19)\n    at Object.<anonymous> (C:\\Users\\ASUS\\Desktop\\Modett\\Expense Tracker Application\\Expense Tracker\\modules\\receipt-vault\\infrastructure\\http\\routes\\index.ts:22:23)\n    at hookIterator (C:\\Users\\ASUS\\Desktop\\Modett\\Expense Tracker Application\\Expense Tracker\\node_modules\\.pnpm\\fastify@4.29.1\\node_modules\\fastify\\lib\\hooks.js:405:10)\n    at next (C:\\Users\\ASUS\\Desktop\\Modett\\Expense Tracker Application\\Expense Tracker\\node_modules\\.pnpm\\fastify@4.29.1\\node_modules\\fastify\\lib\\hooks.js:239:18)\n    at handleResolve (C:\\Users\\ASUS\\Desktop\\Modett\\Expense Tracker Application\\Expense Tracker\\node_modules\\.pnpm\\fastify@4.29.1\\node_modules\\fastify\\lib\\hooks.js:250:7)\n    at processTicksAndRejections (node:internal/process/task_queues:105:5)","statusCode":401},"url":"/api/v1/workspaces/9ba78fc3-08e8-4355-9c60-badffef90d53/receipts/stats","method":"GET","msg":"Missing or invalid authorization header"}
{"level":30,"time":1774821862896,"pid":9344,"hostname":"DESKTOP-MMVI6TQ","reqId":"req-j","res":{"statusCode":401},"responseTime":1.071199893951416,"msg":"request completed"}
{"level":30,"time":1774821862897,"pid":9344,"hostname":"DESKTOP-MMVI6TQ","reqId":"req-k","req":{"method":"POST","url":"/api/v1/workspaces/9ba78fc3-08e8-4355-9c60-badffef90d53/receipts/f72d12fd-c9fc-4064-8f76-4a0956e98b51/process","hostname":"localhost:80","remoteAddress":"127.0.0.1"},"msg":"incoming request"}
{"level":30,"time":1774821862900,"pid":9344,"hostname":"DESKTOP-MMVI6TQ","reqId":"req-k","res":{"statusCode":400},"responseTime":2.4117000102996826,"msg":"request completed"}
{"level":30,"time":1774821862901,"pid":9344,"hostname":"DESKTOP-MMVI6TQ","reqId":"req-l","req":{"method":"POST","url":"/api/v1/workspaces/9ba78fc3-08e8-4355-9c60-badffef90d53/receipts/f72d12fd-c9fc-4064-8f76-4a0956e98b51/process","hostname":"localhost:80","remoteAddress":"127.0.0.1"},"msg":"incoming request"}
{"level":50,"time":1774821862901,"pid":9344,"hostname":"DESKTOP-MMVI6TQ","reqId":"req-l","err":{"type":"Error","message":"Missing or invalid authorization header","stack":"Error: Missing or invalid authorization header\n    at Object.authenticate (C:\\Users\\ASUS\\Desktop\\Modett\\Expense Tracker Application\\Expense Tracker\\apps\\api\\src\\plugins\\auth.ts:70:19)\n    at Object.<anonymous> (C:\\Users\\ASUS\\Desktop\\Modett\\Expense Tracker Application\\Expense Tracker\\modules\\receipt-vault\\infrastructure\\http\\routes\\index.ts:22:23)\n    at hookIterator (C:\\Users\\ASUS\\Desktop\\Modett\\Expense Tracker Application\\Expense Tracker\\node_modules\\.pnpm\\fastify@4.29.1\\node_modules\\fastify\\lib\\hooks.js:405:10)\n    at next (C:\\Users\\ASUS\\Desktop\\Modett\\Expense Tracker Application\\Expense Tracker\\node_modules\\.pnpm\\fastify@4.29.1\\node_modules\\fastify\\lib\\hooks.js:239:18)\n    at handleResolve (C:\\Users\\ASUS\\Desktop\\Modett\\Expense Tracker Application\\Expense Tracker\\node_modules\\.pnpm\\fastify@4.29.1\\node_modules\\fastify\\lib\\hooks.js:250:7)\n    at processTicksAndRejections (node:internal/process/task_queues:105:5)","statusCode":401},"url":"/api/v1/workspaces/9ba78fc3-08e8-4355-9c60-badffef90d53/receipts/f72d12fd-c9fc-4064-8f76-4a0956e98b51/process","method":"POST","msg":"Missing or invalid authorization header"}
{"level":30,"time":1774821862901,"pid":9344,"hostname":"DESKTOP-MMVI6TQ","reqId":"req-l","res":{"statusCode":401},"responseTime":0.6753000020980835,"msg":"request completed"}
{"level":30,"time":1774821862902,"pid":9344,"hostname":"DESKTOP-MMVI6TQ","reqId":"req-m","req":{"method":"POST","url":"/api/v1/workspaces/9ba78fc3-08e8-4355-9c60-badffef90d53/receipts/f72d12fd-c9fc-4064-8f76-4a0956e98b51/verify","hostname":"localhost:80","remoteAddress":"127.0.0.1"},"msg":"incoming request"}
{"level":30,"time":1774821862911,"pid":9344,"hostname":"DESKTOP-MMVI6TQ","reqId":"req-n","res":{"statusCode":200},"responseTime":93.7146999835968,"msg":"request completed"}
[90mstdout[2m | modules/receipt-vault/tests/receipt-vault.endpoints.test.ts[2m > [22m[2mReceipt Vault Module - Endpoint Tests[2m > [22m[2mReceipt Endpoints[2m > [22m[2mGET /api/v1/:workspaceId/receipts/stats[2m > [22m[2mÔ£à should get receipt statistics[22m[39m
Receipt Stats: [33m200[39m

[90mstdout[2m | modules/receipt-vault/tests/receipt-vault.endpoints.test.ts[2m > [22m[2mReceipt Vault Module - Endpoint Tests[2m > [22m[2mReceipt Endpoints[2m > [22m[2mGET /api/v1/:workspaceId/receipts/stats[2m > [22m[2mÔØî should fail without auth token[22m[39m
Receipt Stats No Auth: [33m401[39m

[90mstdout[2m | modules/receipt-vault/tests/receipt-vault.endpoints.test.ts[2m > [22m[2mReceipt Vault Module - Endpoint Tests[2m > [22m[2mReceipt Endpoints[2m > [22m[2mPOST /api/v1/:workspaceId/receipts/:receiptId/process[2m > [22m[2mÔ£à should process receipt[22m[39m
Process Receipt: [33m400[39m Validation failed

[90mstdout[2m | modules/receipt-vault/tests/receipt-vault.endpoints.test.ts[2m > [22m[2mReceipt Vault Module - Endpoint Tests[2m > [22m[2mReceipt Endpoints[2m > [22m[2mPOST /api/v1/:workspaceId/receipts/:receiptId/process[2m > [22m[2mÔØî should fail without auth token[22m[39m
Process Receipt No Auth: [33m401[39m

{"level":30,"time":1774821862912,"pid":9344,"hostname":"DESKTOP-MMVI6TQ","reqId":"req-o","req":{"method":"PATCH","url":"/api/v1/workspaces/54e9f102-1c96-4979-86b5-dfeb3fc0b039/budgets/ab38e788-66f0-494f-9b13-5f5447110808/allocations/1552401b-8f6b-4473-ad7f-787007102c83","hostname":"localhost:80","remoteAddress":"127.0.0.1"},"msg":"incoming request"}
{"level":50,"time":1774821862912,"pid":9344,"hostname":"DESKTOP-MMVI6TQ","reqId":"req-o","err":{"type":"Error","message":"Missing or invalid authorization header","stack":"Error: Missing or invalid authorization header\n    at Object.authenticate (C:\\Users\\ASUS\\Desktop\\Modett\\Expense Tracker Application\\Expense Tracker\\apps\\api\\src\\plugins\\auth.ts:70:19)\n    at Object.<anonymous> (C:\\Users\\ASUS\\Desktop\\Modett\\Expense Tracker Application\\Expense Tracker\\modules\\budget-management\\infrastructure\\http\\routes\\index.ts:22:23)\n    at hookIterator (C:\\Users\\ASUS\\Desktop\\Modett\\Expense Tracker Application\\Expense Tracker\\node_modules\\.pnpm\\fastify@4.29.1\\node_modules\\fastify\\lib\\hooks.js:405:10)\n    at next (C:\\Users\\ASUS\\Desktop\\Modett\\Expense Tracker Application\\Expense Tracker\\node_modules\\.pnpm\\fastify@4.29.1\\node_modules\\fastify\\lib\\hooks.js:239:18)\n    at handleResolve (C:\\Users\\ASUS\\Desktop\\Modett\\Expense Tracker Application\\Expense Tracker\\node_modules\\.pnpm\\fastify@4.29.1\\node_modules\\fastify\\lib\\hooks.js:250:7)\n    at processTicksAndRejections (node:internal/process/task_queues:105:5)","statusCode":401},"url":"/api/v1/workspaces/54e9f102-1c96-4979-86b5-dfeb3fc0b039/budgets/ab38e788-66f0-494f-9b13-5f5447110808/allocations/1552401b-8f6b-4473-ad7f-787007102c83","method":"PATCH","msg":"Missing or invalid authorization header"}
{"level":30,"time":1774821862912,"pid":9344,"hostname":"DESKTOP-MMVI6TQ","reqId":"req-o","res":{"statusCode":401},"responseTime":0.8472999334335327,"msg":"request completed"}
{"level":30,"time":1774821862913,"pid":9344,"hostname":"DESKTOP-MMVI6TQ","reqId":"req-p","req":{"method":"POST","url":"/api/v1/workspaces/54e9f102-1c96-4979-86b5-dfeb3fc0b039/spending-limits","hostname":"localhost:80","remoteAddress":"127.0.0.1"},"msg":"incoming request"}
{"level":30,"time":1774821862927,"pid":9344,"hostname":"DESKTOP-MMVI6TQ","reqId":"req-m","res":{"statusCode":400},"responseTime":24.934800028800964,"msg":"request completed"}
{"level":30,"time":1774821862930,"pid":9344,"hostname":"DESKTOP-MMVI6TQ","reqId":"req-p","res":{"statusCode":201},"responseTime":16.404799938201904,"msg":"request completed"}
{"level":30,"time":1774821862928,"pid":9344,"hostname":"DESKTOP-MMVI6TQ","reqId":"req-n","req":{"method":"POST","url":"/api/v1/workspaces/9ba78fc3-08e8-4355-9c60-badffef90d53/receipts/f72d12fd-c9fc-4064-8f76-4a0956e98b51/verify","hostname":"localhost:80","remoteAddress":"127.0.0.1"},"msg":"incoming request"}
{"level":50,"time":1774821862929,"pid":9344,"hostname":"DESKTOP-MMVI6TQ","reqId":"req-n","err":{"type":"Error","message":"Missing or invalid authorization header","stack":"Error: Missing or invalid authorization header\n    at Object.authenticate (C:\\Users\\ASUS\\Desktop\\Modett\\Expense Tracker Application\\Expense Tracker\\apps\\api\\src\\plugins\\auth.ts:70:19)\n    at Object.<anonymous> (C:\\Users\\ASUS\\Desktop\\Modett\\Expense Tracker Application\\Expense Tracker\\modules\\receipt-vault\\infrastructure\\http\\routes\\index.ts:22:23)\n    at hookIterator (C:\\Users\\ASUS\\Desktop\\Modett\\Expense Tracker Application\\Expense Tracker\\node_modules\\.pnpm\\fastify@4.29.1\\node_modules\\fastify\\lib\\hooks.js:405:10)\n    at next (C:\\Users\\ASUS\\Desktop\\Modett\\Expense Tracker Application\\Expense Tracker\\node_modules\\.pnpm\\fastify@4.29.1\\node_modules\\fastify\\lib\\hooks.js:239:18)\n    at handleResolve (C:\\Users\\ASUS\\Desktop\\Modett\\Expense Tracker Application\\Expense Tracker\\node_modules\\.pnpm\\fastify@4.29.1\\node_modules\\fastify\\lib\\hooks.js:250:7)\n    at processTicksAndRejections (node:internal/process/task_queues:105:5)","statusCode":401},"url":"/api/v1/workspaces/9ba78fc3-08e8-4355-9c60-badffef90d53/receipts/f72d12fd-c9fc-4064-8f76-4a0956e98b51/verify","method":"POST","msg":"Missing or invalid authorization header"}
{"level":30,"time":1774821862929,"pid":9344,"hostname":"DESKTOP-MMVI6TQ","reqId":"req-n","res":{"statusCode":401},"responseTime":0.9291999340057373,"msg":"request completed"}
{"level":30,"time":1774821862930,"pid":9344,"hostname":"DESKTOP-MMVI6TQ","reqId":"req-o","req":{"method":"POST","url":"/api/v1/workspaces/9ba78fc3-08e8-4355-9c60-badffef90d53/receipts/f72d12fd-c9fc-4064-8f76-4a0956e98b51/reject","hostname":"localhost:80","remoteAddress":"127.0.0.1"},"msg":"incoming request"}
{"level":50,"time":1774821862930,"pid":9344,"hostname":"DESKTOP-MMVI6TQ","reqId":"req-o","err":{"type":"Error","message":"Missing or invalid authorization header","stack":"Error: Missing or invalid authorization header\n    at Object.authenticate (C:\\Users\\ASUS\\Desktop\\Modett\\Expense Tracker Application\\Expense Tracker\\apps\\api\\src\\plugins\\auth.ts:70:19)\n    at Object.<anonymous> (C:\\Users\\ASUS\\Desktop\\Modett\\Expense Tracker Application\\Expense Tracker\\modules\\receipt-vault\\infrastructure\\http\\routes\\index.ts:22:23)\n    at hookIterator (C:\\Users\\ASUS\\Desktop\\Modett\\Expense Tracker Application\\Expense Tracker\\node_modules\\.pnpm\\fastify@4.29.1\\node_modules\\fastify\\lib\\hooks.js:405:10)\n    at next (C:\\Users\\ASUS\\Desktop\\Modett\\Expense Tracker Application\\Expense Tracker\\node_modules\\.pnpm\\fastify@4.29.1\\node_modules\\fastify\\lib\\hooks.js:239:18)\n    at handleResolve (C:\\Users\\ASUS\\Desktop\\Modett\\Expense Tracker Application\\Expense Tracker\\node_modules\\.pnpm\\fastify@4.29.1\\node_modules\\fastify\\lib\\hooks.js:250:7)\n    at processTicksAndRejections (node:internal/process/task_queues:105:5)","statusCode":401},"url":"/api/v1/workspaces/9ba78fc3-08e8-4355-9c60-badffef90d53/receipts/f72d12fd-c9fc-4064-8f76-4a0956e98b51/reject","method":"POST","msg":"Missing or invalid authorization header"}
{"level":30,"time":1774821862931,"pid":9344,"hostname":"DESKTOP-MMVI6TQ","reqId":"req-o","res":{"statusCode":401},"responseTime":1.0633000135421753,"msg":"request completed"}
{"level":30,"time":1774821862934,"pid":9344,"hostname":"DESKTOP-MMVI6TQ","reqId":"req-p","req":{"method":"POST","url":"/api/v1/workspaces/9ba78fc3-08e8-4355-9c60-badffef90d53/receipts/f72d12fd-c9fc-4064-8f76-4a0956e98b51/metadata","hostname":"localhost:80","remoteAddress":"127.0.0.1"},"msg":"incoming request"}
{"level":30,"time":1774821862931,"pid":9344,"hostname":"DESKTOP-MMVI6TQ","reqId":"req-q","req":{"method":"POST","url":"/api/v1/workspaces/54e9f102-1c96-4979-86b5-dfeb3fc0b039/spending-limits","hostname":"localhost:80","remoteAddress":"127.0.0.1"},"msg":"incoming request"}
{"level":50,"time":1774821862933,"pid":9344,"hostname":"DESKTOP-MMVI6TQ","reqId":"req-q","err":{"type":"Error","message":"Missing or invalid authorization header","stack":"Error: Missing or invalid authorization header\n    at Object.authenticate (C:\\Users\\ASUS\\Desktop\\Modett\\Expense Tracker Application\\Expense Tracker\\apps\\api\\src\\plugins\\auth.ts:70:19)\n    at Object.<anonymous> (C:\\Users\\ASUS\\Desktop\\Modett\\Expense Tracker Application\\Expense Tracker\\modules\\budget-management\\infrastructure\\http\\routes\\index.ts:22:23)\n    at hookIterator (C:\\Users\\ASUS\\Desktop\\Modett\\Expense Tracker Application\\Expense Tracker\\node_modules\\.pnpm\\fastify@4.29.1\\node_modules\\fastify\\lib\\hooks.js:405:10)\n    at next (C:\\Users\\ASUS\\Desktop\\Modett\\Expense Tracker Application\\Expense Tracker\\node_modules\\.pnpm\\fastify@4.29.1\\node_modules\\fastify\\lib\\hooks.js:239:18)\n    at handleResolve (C:\\Users\\ASUS\\Desktop\\Modett\\Expense Tracker Application\\Expense Tracker\\node_modules\\.pnpm\\fastify@4.29.1\\node_modules\\fastify\\lib\\hooks.js:250:7)\n    at processTicksAndRejections (node:internal/process/task_queues:105:5)","statusCode":401},"url":"/api/v1/workspaces/54e9f102-1c96-4979-86b5-dfeb3fc0b039/spending-limits","method":"POST","msg":"Missing or invalid authorization header"}
{"level":30,"time":1774821862934,"pid":9344,"hostname":"DESKTOP-MMVI6TQ","reqId":"req-q","res":{"statusCode":401},"responseTime":2.5171000957489014,"msg":"request completed"}
{"level":30,"time":1774821862935,"pid":9344,"hostname":"DESKTOP-MMVI6TQ","reqId":"req-r","req":{"method":"POST","url":"/api/v1/workspaces/54e9f102-1c96-4979-86b5-dfeb3fc0b039/spending-limits","hostname":"localhost:80","remoteAddress":"127.0.0.1"},"msg":"incoming request"}
{"level":50,"time":1774821862937,"pid":9344,"hostname":"DESKTOP-MMVI6TQ","reqId":"req-r","err":{"type":"Error","message":"body must have required property 'currency'","stack":"Error: body must have required property 'currency'\n    at Object.schemaErrorFormatter (C:\\Users\\ASUS\\Desktop\\Modett\\Expense Tracker Application\\Expense Tracker\\apps\\api\\src\\server.ts:35:14)\n    at wrapValidationError (C:\\Users\\ASUS\\Desktop\\Modett\\Expense Tracker Application\\Expense Tracker\\node_modules\\.pnpm\\fastify@4.29.1\\node_modules\\fastify\\lib\\validation.js:249:17)\n    at validate (C:\\Users\\ASUS\\Desktop\\Modett\\Expense Tracker Application\\Expense Tracker\\node_modules\\.pnpm\\fastify@4.29.1\\node_modules\\fastify\\lib\\validation.js:167:16)\n    at preValidationCallback (C:\\Users\\ASUS\\Desktop\\Modett\\Expense Tracker Application\\Expense Tracker\\node_modules\\.pnpm\\fastify@4.29.1\\node_modules\\fastify\\lib\\handleRequest.js:93:25)\n    at next (C:\\Users\\ASUS\\Desktop\\Modett\\Expense Tracker Application\\Expense Tracker\\node_modules\\.pnpm\\fastify@4.29.1\\node_modules\\fastify\\lib\\hooks.js:233:9)\n    at handleResolve (C:\\Users\\ASUS\\Desktop\\Modett\\Expense Tracker Application\\Expense Tracker\\node_modules\\.pnpm\\fastify@4.29.1\\node_modules\\fastify\\lib\\hooks.js:250:7)\n    at processTicksAndRejections (node:internal/process/task_queues:105:5)","statusCode":400,"code":"FST_ERR_VALIDATION","validation":[{"instancePath":"","schemaPath":"#/required","keyword":"required","params":{"missingProperty":"currency"},"message":"must have required property 'currency'"}],"validationContext":"body"},"url":"/api/v1/workspaces/54e9f102-1c96-4979-86b5-dfeb3fc0b039/spending-limits","method":"POST","msg":"body must have required property 'currency'"}
{"level":30,"time":1774821862938,"pid":9344,"hostname":"DESKTOP-MMVI6TQ","reqId":"req-r","res":{"statusCode":400},"responseTime":2.677999973297119,"msg":"request completed"}
{"level":30,"time":1774821862939,"pid":9344,"hostname":"DESKTOP-MMVI6TQ","reqId":"req-s","req":{"method":"GET","url":"/api/v1/workspaces/54e9f102-1c96-4979-86b5-dfeb3fc0b039/spending-limits","hostname":"localhost:80","remoteAddress":"127.0.0.1"},"msg":"incoming request"}
[90mstdout[2m | modules/budget-management/tests/budget-management.endpoints.test.ts[2m > [22m[2mBudget Management Module - Endpoint Tests[2m > [22m[2mAllocation Endpoints[2m > [22m[2mPUT /api/v1/:workspaceId/budgets/:budgetId/allocations/:allocationId[2m > [22m[2mÔ£à should update allocation[22m[39m
[EventBus] No handlers for event type: budget-allocation.updated
[EventBus] No handlers for event type: budget-allocation.updated
Update Allocation: [33m200[39m Allocation updated successfully

[90mstdout[2m | modules/budget-management/tests/budget-management.endpoints.test.ts[2m > [22m[2mBudget Management Module - Endpoint Tests[2m > [22m[2mAllocation Endpoints[2m > [22m[2mPUT /api/v1/:workspaceId/budgets/:budgetId/allocations/:allocationId[2m > [22m[2mÔØî should fail without auth token[22m[39m
Update Allocation No Auth: [33m401[39m

[90mstdout[2m | modules/budget-management/tests/budget-management.endpoints.test.ts[2m > [22m[2mBudget Management Module - Endpoint Tests[2m > [22m[2mSpending Limit Endpoints[2m > [22m[2mPOST /api/v1/:workspaceId/spending-limits[2m > [22m[2mÔ£à should create a spending limit[22m[39m
[EventBus] No handlers for event type: spending-limit.created
Create Spending Limit: [33m201[39m Spending limit created successfully

[90mstdout[2m | modules/budget-management/tests/budget-management.endpoints.test.ts[2m > [22m[2mBudget Management Module - Endpoint Tests[2m > [22m[2mSpending Limit Endpoints[2m > [22m[2mPOST /api/v1/:workspaceId/spending-limits[2m > [22m[2mÔØî should fail without auth token[22m[39m
Create Spending Limit No Auth: [33m401[39m

[90mstdout[2m | modules/budget-management/tests/budget-management.endpoints.test.ts[2m > [22m[2mBudget Management Module - Endpoint Tests[2m > [22m[2mSpending Limit Endpoints[2m > [22m[2mPOST /api/v1/:workspaceId/spending-limits[2m > [22m[2mÔØî should fail with missing required fields[22m[39m
Create Spending Limit Missing Fields: [33m400[39m

[90mstdout[2m | modules/receipt-vault/tests/receipt-vault.endpoints.test.ts[2m > [22m[2mReceipt Vault Module - Endpoint Tests[2m > [22m[2mReceipt Endpoints[2m > [22m[2mPOST /api/v1/:workspaceId/receipts/:receiptId/verify[2m > [22m[2mÔ£à should verify receipt[22m[39m
Verify Receipt: [33m400[39m Cannot verify receipt: Only processed receipts can be verified

{"level":30,"time":1774821862988,"pid":9344,"hostname":"DESKTOP-MMVI6TQ","reqId":"req-s","res":{"statusCode":200},"responseTime":49.412999987602234,"msg":"request completed"}
{"level":30,"time":1774821862989,"pid":9344,"hostname":"DESKTOP-MMVI6TQ","reqId":"req-t","req":{"method":"GET","url":"/api/v1/workspaces/54e9f102-1c96-4979-86b5-dfeb3fc0b039/spending-limits?periodType=MONTHLY","hostname":"localhost:80","remoteAddress":"127.0.0.1"},"msg":"incoming request"}
{"level":30,"time":1774821863030,"pid":9344,"hostname":"DESKTOP-MMVI6TQ","reqId":"req-k","res":{"statusCode":201},"responseTime":176.6188999414444,"msg":"request completed"}
{"level":30,"time":1774821863045,"pid":9344,"hostname":"DESKTOP-MMVI6TQ","reqId":"req-t","res":{"statusCode":200},"responseTime":55.1739000082016,"msg":"request completed"}
{"level":30,"time":1774821863046,"pid":9344,"hostname":"DESKTOP-MMVI6TQ","reqId":"req-u","req":{"method":"GET","url":"/api/v1/workspaces/54e9f102-1c96-4979-86b5-dfeb3fc0b039/spending-limits","hostname":"localhost:80","remoteAddress":"127.0.0.1"},"msg":"incoming request"}
{"level":50,"time":1774821863046,"pid":9344,"hostname":"DESKTOP-MMVI6TQ","reqId":"req-u","err":{"type":"Error","message":"Missing or invalid authorization header","stack":"Error: Missing or invalid authorization header\n    at Object.authenticate (C:\\Users\\ASUS\\Desktop\\Modett\\Expense Tracker Application\\Expense Tracker\\apps\\api\\src\\plugins\\auth.ts:70:19)\n    at Object.<anonymous> (C:\\Users\\ASUS\\Desktop\\Modett\\Expense Tracker Application\\Expense Tracker\\modules\\budget-management\\infrastructure\\http\\routes\\index.ts:22:23)\n    at hookIterator (C:\\Users\\ASUS\\Desktop\\Modett\\Expense Tracker Application\\Expense Tracker\\node_modules\\.pnpm\\fastify@4.29.1\\node_modules\\fastify\\lib\\hooks.js:405:10)\n    at next (C:\\Users\\ASUS\\Desktop\\Modett\\Expense Tracker Application\\Expense Tracker\\node_modules\\.pnpm\\fastify@4.29.1\\node_modules\\fastify\\lib\\hooks.js:239:18)\n    at handleResolve (C:\\Users\\ASUS\\Desktop\\Modett\\Expense Tracker Application\\Expense Tracker\\node_modules\\.pnpm\\fastify@4.29.1\\node_modules\\fastify\\lib\\hooks.js:250:7)\n    at processTicksAndRejections (node:internal/process/task_queues:105:5)","statusCode":401},"url":"/api/v1/workspaces/54e9f102-1c96-4979-86b5-dfeb3fc0b039/spending-limits","method":"GET","msg":"Missing or invalid authorization header"}
{"level":30,"time":1774821863047,"pid":9344,"hostname":"DESKTOP-MMVI6TQ","reqId":"req-u","res":{"statusCode":401},"responseTime":1.5194000005722046,"msg":"request completed"}
{"level":30,"time":1774821863049,"pid":9344,"hostname":"DESKTOP-MMVI6TQ","reqId":"req-v","req":{"method":"PATCH","url":"/api/v1/workspaces/54e9f102-1c96-4979-86b5-dfeb3fc0b039/spending-limits/2c8b55ca-c036-46f0-96db-ed69af85e319","hostname":"localhost:80","remoteAddress":"127.0.0.1"},"msg":"incoming request"}
{"level":30,"time":1774821863066,"pid":9344,"hostname":"DESKTOP-MMVI6TQ","reqId":"req-p","res":{"statusCode":201},"responseTime":131.79069995880127,"msg":"request completed"}
{"level":30,"time":1774821863066,"pid":9344,"hostname":"DESKTOP-MMVI6TQ","reqId":"req-q","req":{"method":"POST","url":"/api/v1/workspaces/9ba78fc3-08e8-4355-9c60-badffef90d53/receipts/f72d12fd-c9fc-4064-8f76-4a0956e98b51/metadata","hostname":"localhost:80","remoteAddress":"127.0.0.1"},"msg":"incoming request"}
{"level":50,"time":1774821863067,"pid":9344,"hostname":"DESKTOP-MMVI6TQ","reqId":"req-q","err":{"type":"Error","message":"Missing or invalid authorization header","stack":"Error: Missing or invalid authorization header\n    at Object.authenticate (C:\\Users\\ASUS\\Desktop\\Modett\\Expense Tracker Application\\Expense Tracker\\apps\\api\\src\\plugins\\auth.ts:70:19)\n    at Object.<anonymous> (C:\\Users\\ASUS\\Desktop\\Modett\\Expense Tracker Application\\Expense Tracker\\modules\\receipt-vault\\infrastructure\\http\\routes\\index.ts:22:23)\n    at hookIterator (C:\\Users\\ASUS\\Desktop\\Modett\\Expense Tracker Application\\Expense Tracker\\node_modules\\.pnpm\\fastify@4.29.1\\node_modules\\fastify\\lib\\hooks.js:405:10)\n    at next (C:\\Users\\ASUS\\Desktop\\Modett\\Expense Tracker Application\\Expense Tracker\\node_modules\\.pnpm\\fastify@4.29.1\\node_modules\\fastify\\lib\\hooks.js:239:18)\n    at handleResolve (C:\\Users\\ASUS\\Desktop\\Modett\\Expense Tracker Application\\Expense Tracker\\node_modules\\.pnpm\\fastify@4.29.1\\node_modules\\fastify\\lib\\hooks.js:250:7)\n    at processTicksAndRejections (node:internal/process/task_queues:105:5)","statusCode":401},"url":"/api/v1/workspaces/9ba78fc3-08e8-4355-9c60-badffef90d53/receipts/f72d12fd-c9fc-4064-8f76-4a0956e98b51/metadata","method":"POST","msg":"Missing or invalid authorization header"}
{"level":30,"time":1774821863067,"pid":9344,"hostname":"DESKTOP-MMVI6TQ","reqId":"req-q","res":{"statusCode":401},"responseTime":0.7079999446868896,"msg":"request completed"}
{"level":30,"time":1774821863068,"pid":9344,"hostname":"DESKTOP-MMVI6TQ","reqId":"req-r","req":{"method":"GET","url":"/api/v1/workspaces/9ba78fc3-08e8-4355-9c60-badffef90d53/receipts/f72d12fd-c9fc-4064-8f76-4a0956e98b51/metadata","hostname":"localhost:80","remoteAddress":"127.0.0.1"},"msg":"incoming request"}
{"level":30,"time":1774821863032,"pid":9344,"hostname":"DESKTOP-MMVI6TQ","reqId":"req-l","req":{"method":"POST","url":"/api/v1/workspaces/435b4af5-65d0-4ddb-bb8d-b2bb3db7f1ca/expenses","hostname":"localhost:80","remoteAddress":"127.0.0.1"},"msg":"incoming request"}
{"level":50,"time":1774821863032,"pid":9344,"hostname":"DESKTOP-MMVI6TQ","reqId":"req-l","err":{"type":"Error","message":"Missing or invalid authorization header","stack":"Error: Missing or invalid authorization header\n    at Object.authenticate (C:\\Users\\ASUS\\Desktop\\Modett\\Expense Tracker Application\\Expense Tracker\\apps\\api\\src\\plugins\\auth.ts:70:19)\n    at Object.<anonymous> (C:\\Users\\ASUS\\Desktop\\Modett\\Expense Tracker Application\\Expense Tracker\\modules\\expense-ledger\\infrastructure\\http\\routes\\index.ts:34:23)\n    at hookIterator (C:\\Users\\ASUS\\Desktop\\Modett\\Expense Tracker Application\\Expense Tracker\\node_modules\\.pnpm\\fastify@4.29.1\\node_modules\\fastify\\lib\\hooks.js:405:10)\n    at next (C:\\Users\\ASUS\\Desktop\\Modett\\Expense Tracker Application\\Expense Tracker\\node_modules\\.pnpm\\fastify@4.29.1\\node_modules\\fastify\\lib\\hooks.js:239:18)\n    at handleResolve (C:\\Users\\ASUS\\Desktop\\Modett\\Expense Tracker Application\\Expense Tracker\\node_modules\\.pnpm\\fastify@4.29.1\\node_modules\\fastify\\lib\\hooks.js:250:7)\n    at processTicksAndRejections (node:internal/process/task_queues:105:5)","statusCode":401},"url":"/api/v1/workspaces/435b4af5-65d0-4ddb-bb8d-b2bb3db7f1ca/expenses","method":"POST","msg":"Missing or invalid authorization header"}
{"level":30,"time":1774821863033,"pid":9344,"hostname":"DESKTOP-MMVI6TQ","reqId":"req-l","res":{"statusCode":401},"responseTime":0.8280999660491943,"msg":"request completed"}
{"level":30,"time":1774821863033,"pid":9344,"hostname":"DESKTOP-MMVI6TQ","reqId":"req-m","req":{"method":"POST","url":"/api/v1/workspaces/435b4af5-65d0-4ddb-bb8d-b2bb3db7f1ca/expenses","hostname":"localhost:80","remoteAddress":"127.0.0.1"},"msg":"incoming request"}
{"level":50,"time":1774821863035,"pid":9344,"hostname":"DESKTOP-MMVI6TQ","reqId":"req-m","err":{"type":"Error","message":"body must have required property 'amount'","stack":"Error: body must have required property 'amount'\n    at Object.schemaErrorFormatter (C:\\Users\\ASUS\\Desktop\\Modett\\Expense Tracker Application\\Expense Tracker\\apps\\api\\src\\server.ts:35:14)\n    at wrapValidationError (C:\\Users\\ASUS\\Desktop\\Modett\\Expense Tracker Application\\Expense Tracker\\node_modules\\.pnpm\\fastify@4.29.1\\node_modules\\fastify\\lib\\validation.js:249:17)\n    at validate (C:\\Users\\ASUS\\Desktop\\Modett\\Expense Tracker Application\\Expense Tracker\\node_modules\\.pnpm\\fastify@4.29.1\\node_modules\\fastify\\lib\\validation.js:167:16)\n    at preValidationCallback (C:\\Users\\ASUS\\Desktop\\Modett\\Expense Tracker Application\\Expense Tracker\\node_modules\\.pnpm\\fastify@4.29.1\\node_modules\\fastify\\lib\\handleRequest.js:93:25)\n    at next (C:\\Users\\ASUS\\Desktop\\Modett\\Expense Tracker Application\\Expense Tracker\\node_modules\\.pnpm\\fastify@4.29.1\\node_modules\\fastify\\lib\\hooks.js:233:9)\n    at handleResolve (C:\\Users\\ASUS\\Desktop\\Modett\\Expense Tracker Application\\Expense Tracker\\node_modules\\.pnpm\\fastify@4.29.1\\node_modules\\fastify\\lib\\hooks.js:250:7)\n    at processTicksAndRejections (node:internal/process/task_queues:105:5)","statusCode":400,"code":"FST_ERR_VALIDATION","validation":[{"instancePath":"","schemaPath":"#/required","keyword":"required","params":{"missingProperty":"amount"},"message":"must have required property 'amount'"}],"validationContext":"body"},"url":"/api/v1/workspaces/435b4af5-65d0-4ddb-bb8d-b2bb3db7f1ca/expenses","method":"POST","msg":"body must have required property 'amount'"}
{"level":30,"time":1774821863036,"pid":9344,"hostname":"DESKTOP-MMVI6TQ","reqId":"req-m","res":{"statusCode":400},"responseTime":2.4549999237060547,"msg":"request completed"}
{"level":30,"time":1774821863037,"pid":9344,"hostname":"DESKTOP-MMVI6TQ","reqId":"req-n","req":{"method":"POST","url":"/api/v1/workspaces/435b4af5-65d0-4ddb-bb8d-b2bb3db7f1ca/expenses","hostname":"localhost:80","remoteAddress":"127.0.0.1"},"msg":"incoming request"}
[90mstdout[2m | modules/receipt-vault/tests/receipt-vault.endpoints.test.ts[2m > [22m[2mReceipt Vault Module - Endpoint Tests[2m > [22m[2mReceipt Endpoints[2m > [22m[2mPOST /api/v1/:workspaceId/receipts/:receiptId/verify[2m > [22m[2mÔØî should fail without auth token[22m[39m
Verify Receipt No Auth: [33m401[39m

[90mstdout[2m | modules/receipt-vault/tests/receipt-vault.endpoints.test.ts[2m > [22m[2mReceipt Vault Module - Endpoint Tests[2m > [22m[2mReceipt Endpoints[2m > [22m[2mPOST /api/v1/:workspaceId/receipts/:receiptId/reject[2m > [22m[2mÔØî should fail without auth token[22m[39m
Reject Receipt No Auth: [33m401[39m

{"level":50,"time":1774821863072,"pid":9344,"hostname":"DESKTOP-MMVI6TQ","reqId":"req-n","err":{"type":"Error","message":"body/expenseDate must match format \"date-time\"","stack":"Error: body/expenseDate must match format \"date-time\"\n    at Object.schemaErrorFormatter (C:\\Users\\ASUS\\Desktop\\Modett\\Expense Tracker Application\\Expense Tracker\\apps\\api\\src\\server.ts:35:14)\n    at wrapValidationError (C:\\Users\\ASUS\\Desktop\\Modett\\Expense Tracker Application\\Expense Tracker\\node_modules\\.pnpm\\fastify@4.29.1\\node_modules\\fastify\\lib\\validation.js:249:17)\n    at validate (C:\\Users\\ASUS\\Desktop\\Modett\\Expense Tracker Application\\Expense Tracker\\node_modules\\.pnpm\\fastify@4.29.1\\node_modules\\fastify\\lib\\validation.js:167:16)\n    at preValidationCallback (C:\\Users\\ASUS\\Desktop\\Modett\\Expense Tracker Application\\Expense Tracker\\node_modules\\.pnpm\\fastify@4.29.1\\node_modules\\fastify\\lib\\handleRequest.js:93:25)\n    at next (C:\\Users\\ASUS\\Desktop\\Modett\\Expense Tracker Application\\Expense Tracker\\node_modules\\.pnpm\\fastify@4.29.1\\node_modules\\fastify\\lib\\hooks.js:233:9)\n    at handleResolve (C:\\Users\\ASUS\\Desktop\\Modett\\Expense Tracker Application\\Expense Tracker\\node_modules\\.pnpm\\fastify@4.29.1\\node_modules\\fastify\\lib\\hooks.js:250:7)\n    at processTicksAndRejections (node:internal/process/task_queues:105:5)","statusCode":400,"code":"FST_ERR_VALIDATION","validation":[{"instancePath":"/expenseDate","schemaPath":"#/properties/expenseDate/format","keyword":"format","params":{"format":"date-time"},"message":"must match format \"date-time\""}],"validationContext":"body"},"url":"/api/v1/workspaces/435b4af5-65d0-4ddb-bb8d-b2bb3db7f1ca/expenses","method":"POST","msg":"body/expenseDate must match format \"date-time\""}
{"level":30,"time":1774821863073,"pid":9344,"hostname":"DESKTOP-MMVI6TQ","reqId":"req-n","res":{"statusCode":400},"responseTime":35.996700048446655,"msg":"request completed"}
{"level":30,"time":1774821863073,"pid":9344,"hostname":"DESKTOP-MMVI6TQ","reqId":"req-o","req":{"method":"GET","url":"/api/v1/workspaces/435b4af5-65d0-4ddb-bb8d-b2bb3db7f1ca/expenses","hostname":"localhost:80","remoteAddress":"127.0.0.1"},"msg":"incoming request"}
[90mstdout[2m | modules/receipt-vault/tests/receipt-vault.endpoints.test.ts[2m > [22m[2mReceipt Vault Module - Endpoint Tests[2m > [22m[2mReceipt Metadata Endpoints[2m > [22m[2mPOST /api/v1/:workspaceId/receipts/:receiptId/metadata[2m > [22m[2mÔ£à should add metadata to receipt[22m[39m
Add Metadata: [33m201[39m Metadata added successfully

[90mstdout[2m | modules/receipt-vault/tests/receipt-vault.endpoints.test.ts[2m > [22m[2mReceipt Vault Module - Endpoint Tests[2m > [22m[2mReceipt Metadata Endpoints[2m > [22m[2mPOST /api/v1/:workspaceId/receipts/:receiptId/metadata[2m > [22m[2mÔØî should fail without auth token[22m[39m
Add Metadata No Auth: [33m401[39m

[90mstdout[2m | modules/budget-management/tests/budget-management.endpoints.test.ts[2m > [22m[2mBudget Management Module - Endpoint Tests[2m > [22m[2mSpending Limit Endpoints[2m > [22m[2mGET /api/v1/:workspaceId/spending-limits[2m > [22m[2mÔ£à should list spending limits[22m[39m
List Spending Limits: [33m200[39m

[90mstdout[2m | modules/budget-management/tests/budget-management.endpoints.test.ts[2m > [22m[2mBudget Management Module - Endpoint Tests[2m > [22m[2mSpending Limit Endpoints[2m > [22m[2mGET /api/v1/:workspaceId/spending-limits[2m > [22m[2mÔ£à should filter by period type[22m[39m
List Spending Limits by Period: [33m200[39m

[90mstdout[2m | modules/budget-management/tests/budget-management.endpoints.test.ts[2m > [22m[2mBudget Management Module - Endpoint Tests[2m > [22m[2mSpending Limit Endpoints[2m > [22m[2mGET /api/v1/:workspaceId/spending-limits[2m > [22m[2mÔØî should fail without auth token[22m[39m
List Spending Limits No Auth: [33m401[39m

[90mstdout[2m | modules/expense-ledger/tests/expense-ledger.endpoints.test.ts[2m > [22m[2mExpense Ledger Module - Endpoint Tests[2m > [22m[2mExpense Endpoints[2m > [22m[2mPOST /api/v1/:workspaceId/expenses[2m > [22m[2mÔ£à should create an expense[22m[39m
[EventBus] No handlers for event type: audit.log_created
Create Expense: [33m201[39m

[90mstdout[2m | modules/expense-ledger/tests/expense-ledger.endpoints.test.ts[2m > [22m[2mExpense Ledger Module - Endpoint Tests[2m > [22m[2mExpense Endpoints[2m > [22m[2mPOST /api/v1/:workspaceId/expenses[2m > [22m[2mÔØî should fail without auth token[22m[39m
Create Expense No Auth: [33m401[39m

[90mstdout[2m | modules/expense-ledger/tests/expense-ledger.endpoints.test.ts[2m > [22m[2mExpense Ledger Module - Endpoint Tests[2m > [22m[2mExpense Endpoints[2m > [22m[2mPOST /api/v1/:workspaceId/expenses[2m > [22m[2mÔØî should fail with missing required fields[22m[39m
Create Expense Missing Fields: [33m400[39m

[90mstdout[2m | modules/expense-ledger/tests/expense-ledger.endpoints.test.ts[2m > [22m[2mExpense Ledger Module - Endpoint Tests[2m > [22m[2mExpense Endpoints[2m > [22m[2mPOST /api/v1/:workspaceId/expenses[2m > [22m[2mÔØî should fail with negative amount[22m[39m
Create Expense Negative Amount: [33m400[39m

{"level":30,"time":1774821863114,"pid":9344,"hostname":"DESKTOP-MMVI6TQ","reqId":"req-o","res":{"statusCode":200},"responseTime":40.412999987602234,"msg":"request completed"}
{"level":30,"time":1774821863115,"pid":9344,"hostname":"DESKTOP-MMVI6TQ","reqId":"req-p","req":{"method":"GET","url":"/api/v1/workspaces/435b4af5-65d0-4ddb-bb8d-b2bb3db7f1ca/expenses","hostname":"localhost:80","remoteAddress":"127.0.0.1"},"msg":"incoming request"}
{"level":50,"time":1774821863116,"pid":9344,"hostname":"DESKTOP-MMVI6TQ","reqId":"req-p","err":{"type":"Error","message":"Missing or invalid authorization header","stack":"Error: Missing or invalid authorization header\n    at Object.authenticate (C:\\Users\\ASUS\\Desktop\\Modett\\Expense Tracker Application\\Expense Tracker\\apps\\api\\src\\plugins\\auth.ts:70:19)\n    at Object.<anonymous> (C:\\Users\\ASUS\\Desktop\\Modett\\Expense Tracker Application\\Expense Tracker\\modules\\expense-ledger\\infrastructure\\http\\routes\\index.ts:34:23)\n    at hookIterator (C:\\Users\\ASUS\\Desktop\\Modett\\Expense Tracker Application\\Expense Tracker\\node_modules\\.pnpm\\fastify@4.29.1\\node_modules\\fastify\\lib\\hooks.js:405:10)\n    at next (C:\\Users\\ASUS\\Desktop\\Modett\\Expense Tracker Application\\Expense Tracker\\node_modules\\.pnpm\\fastify@4.29.1\\node_modules\\fastify\\lib\\hooks.js:239:18)\n    at handleResolve (C:\\Users\\ASUS\\Desktop\\Modett\\Expense Tracker Application\\Expense Tracker\\node_modules\\.pnpm\\fastify@4.29.1\\node_modules\\fastify\\lib\\hooks.js:250:7)\n    at processTicksAndRejections (node:internal/process/task_queues:105:5)","statusCode":401},"url":"/api/v1/workspaces/435b4af5-65d0-4ddb-bb8d-b2bb3db7f1ca/expenses","method":"GET","msg":"Missing or invalid authorization header"}
{"level":30,"time":1774821863116,"pid":9344,"hostname":"DESKTOP-MMVI6TQ","reqId":"req-p","res":{"statusCode":401},"responseTime":0.7387999296188354,"msg":"request completed"}
{"level":30,"time":1774821863117,"pid":9344,"hostname":"DESKTOP-MMVI6TQ","reqId":"req-q","req":{"method":"GET","url":"/api/v1/workspaces/435b4af5-65d0-4ddb-bb8d-b2bb3db7f1ca/expenses/c0252f50-bf22-4f08-b3da-12a9fea1c8cd","hostname":"localhost:80","remoteAddress":"127.0.0.1"},"msg":"incoming request"}
{"level":30,"time":1774821863120,"pid":9344,"hostname":"DESKTOP-MMVI6TQ","reqId":"req-v","res":{"statusCode":200},"responseTime":71.69719994068146,"msg":"request completed"}
{"level":30,"time":1774821863122,"pid":9344,"hostname":"DESKTOP-MMVI6TQ","reqId":"req-w","req":{"method":"PATCH","url":"/api/v1/workspaces/54e9f102-1c96-4979-86b5-dfeb3fc0b039/spending-limits/2c8b55ca-c036-46f0-96db-ed69af85e319","hostname":"localhost:80","remoteAddress":"127.0.0.1"},"msg":"incoming request"}
{"level":50,"time":1774821863122,"pid":9344,"hostname":"DESKTOP-MMVI6TQ","reqId":"req-w","err":{"type":"Error","message":"Missing or invalid authorization header","stack":"Error: Missing or invalid authorization header\n    at Object.authenticate (C:\\Users\\ASUS\\Desktop\\Modett\\Expense Tracker Application\\Expense Tracker\\apps\\api\\src\\plugins\\auth.ts:70:19)\n    at Object.<anonymous> (C:\\Users\\ASUS\\Desktop\\Modett\\Expense Tracker Application\\Expense Tracker\\modules\\budget-management\\infrastructure\\http\\routes\\index.ts:22:23)\n    at hookIterator (C:\\Users\\ASUS\\Desktop\\Modett\\Expense Tracker Application\\Expense Tracker\\node_modules\\.pnpm\\fastify@4.29.1\\node_modules\\fastify\\lib\\hooks.js:405:10)\n    at next (C:\\Users\\ASUS\\Desktop\\Modett\\Expense Tracker Application\\Expense Tracker\\node_modules\\.pnpm\\fastify@4.29.1\\node_modules\\fastify\\lib\\hooks.js:239:18)\n    at handleResolve (C:\\Users\\ASUS\\Desktop\\Modett\\Expense Tracker Application\\Expense Tracker\\node_modules\\.pnpm\\fastify@4.29.1\\node_modules\\fastify\\lib\\hooks.js:250:7)\n    at processTicksAndRejections (node:internal/process/task_queues:105:5)","statusCode":401},"url":"/api/v1/workspaces/54e9f102-1c96-4979-86b5-dfeb3fc0b039/spending-limits/2c8b55ca-c036-46f0-96db-ed69af85e319","method":"PATCH","msg":"Missing or invalid authorization header"}
{"level":30,"time":1774821863122,"pid":9344,"hostname":"DESKTOP-MMVI6TQ","reqId":"req-w","res":{"statusCode":401},"responseTime":0.9292000532150269,"msg":"request completed"}
{"level":30,"time":1774821863123,"pid":9344,"hostname":"DESKTOP-MMVI6TQ","reqId":"req-x","req":{"method":"GET","url":"/api/v1/workspaces/54e9f102-1c96-4979-86b5-dfeb3fc0b039/budgets/alerts/unread","hostname":"localhost:80","remoteAddress":"127.0.0.1"},"msg":"incoming request"}
{"level":30,"time":1774821863137,"pid":9344,"hostname":"DESKTOP-MMVI6TQ","reqId":"req-r","res":{"statusCode":200},"responseTime":69.24439990520477,"msg":"request completed"}
{"level":30,"time":1774821863144,"pid":9344,"hostname":"DESKTOP-MMVI6TQ","reqId":"req-x","res":{"statusCode":200},"responseTime":20.636899948120117,"msg":"request completed"}
[90mstdout[2m | modules/budget-management/tests/budget-management.endpoints.test.ts[2m > [22m[2mBudget Management Module - Endpoint Tests[2m > [22m[2mSpending Limit Endpoints[2m > [22m[2mPUT /api/v1/:workspaceId/spending-limits/:limitId[2m > [22m[2mÔ£à should update spending limit[22m[39m
[EventBus] No handlers for event type: spending-limit.updated
Update Spending Limit: [33m200[39m Spending limit updated successfully

[90mstdout[2m | modules/budget-management/tests/budget-management.endpoints.test.ts[2m > [22m[2mBudget Management Module - Endpoint Tests[2m > [22m[2mSpending Limit Endpoints[2m > [22m[2mPUT /api/v1/:workspaceId/spending-limits/:limitId[2m > [22m[2mÔØî should fail without auth token[22m[39m
Update Spending Limit No Auth: [33m401[39m

[90mstdout[2m | modules/expense-ledger/tests/expense-ledger.endpoints.test.ts[2m > [22m[2mExpense Ledger Module - Endpoint Tests[2m > [22m[2mExpense Endpoints[2m > [22m[2mGET /api/v1/:workspaceId/expenses[2m > [22m[2mÔ£à should list expenses[22m[39m
List Expenses: [33m200[39m

[90mstdout[2m | modules/expense-ledger/tests/expense-ledger.endpoints.test.ts[2m > [22m[2mExpense Ledger Module - Endpoint Tests[2m > [22m[2mExpense Endpoints[2m > [22m[2mGET /api/v1/:workspaceId/expenses[2m > [22m[2mÔØî should fail without auth token[22m[39m
List Expenses No Auth: [33m401[39m

{"level":30,"time":1774821863138,"pid":9344,"hostname":"DESKTOP-MMVI6TQ","reqId":"req-s","req":{"method":"GET","url":"/api/v1/workspaces/9ba78fc3-08e8-4355-9c60-badffef90d53/receipts/f72d12fd-c9fc-4064-8f76-4a0956e98b51/metadata","hostname":"localhost:80","remoteAddress":"127.0.0.1"},"msg":"incoming request"}
{"level":50,"time":1774821863139,"pid":9344,"hostname":"DESKTOP-MMVI6TQ","reqId":"req-s","err":{"type":"Error","message":"Missing or invalid authorization header","stack":"Error: Missing or invalid authorization header\n    at Object.authenticate (C:\\Users\\ASUS\\Desktop\\Modett\\Expense Tracker Application\\Expense Tracker\\apps\\api\\src\\plugins\\auth.ts:70:19)\n    at Object.<anonymous> (C:\\Users\\ASUS\\Desktop\\Modett\\Expense Tracker Application\\Expense Tracker\\modules\\receipt-vault\\infrastructure\\http\\routes\\index.ts:22:23)\n    at hookIterator (C:\\Users\\ASUS\\Desktop\\Modett\\Expense Tracker Application\\Expense Tracker\\node_modules\\.pnpm\\fastify@4.29.1\\node_modules\\fastify\\lib\\hooks.js:405:10)\n    at next (C:\\Users\\ASUS\\Desktop\\Modett\\Expense Tracker Application\\Expense Tracker\\node_modules\\.pnpm\\fastify@4.29.1\\node_modules\\fastify\\lib\\hooks.js:239:18)\n    at handleResolve (C:\\Users\\ASUS\\Desktop\\Modett\\Expense Tracker Application\\Expense Tracker\\node_modules\\.pnpm\\fastify@4.29.1\\node_modules\\fastify\\lib\\hooks.js:250:7)\n    at processTicksAndRejections (node:internal/process/task_queues:105:5)","statusCode":401},"url":"/api/v1/workspaces/9ba78fc3-08e8-4355-9c60-badffef90d53/receipts/f72d12fd-c9fc-4064-8f76-4a0956e98b51/metadata","method":"GET","msg":"Missing or invalid authorization header"}
{"level":30,"time":1774821863139,"pid":9344,"hostname":"DESKTOP-MMVI6TQ","reqId":"req-s","res":{"statusCode":401},"responseTime":0.775999903678894,"msg":"request completed"}
{"level":30,"time":1774821863156,"pid":9344,"hostname":"DESKTOP-MMVI6TQ","reqId":"req-t","req":{"method":"PATCH","url":"/api/v1/workspaces/9ba78fc3-08e8-4355-9c60-badffef90d53/receipts/f72d12fd-c9fc-4064-8f76-4a0956e98b51/metadata","hostname":"localhost:80","remoteAddress":"127.0.0.1"},"msg":"incoming request"}
{"level":30,"time":1774821863167,"pid":9344,"hostname":"DESKTOP-MMVI6TQ","reqId":"req-q","res":{"statusCode":200},"responseTime":50.210099935531616,"msg":"request completed"}
{"level":30,"time":1774821863168,"pid":9344,"hostname":"DESKTOP-MMVI6TQ","reqId":"req-r","req":{"method":"GET","url":"/api/v1/workspaces/435b4af5-65d0-4ddb-bb8d-b2bb3db7f1ca/expenses/00000000-0000-0000-0000-000000000000","hostname":"localhost:80","remoteAddress":"127.0.0.1"},"msg":"incoming request"}
{"level":30,"time":1774821863145,"pid":9344,"hostname":"DESKTOP-MMVI6TQ","reqId":"req-y","req":{"method":"GET","url":"/api/v1/workspaces/54e9f102-1c96-4979-86b5-dfeb3fc0b039/budgets/alerts/unread","hostname":"localhost:80","remoteAddress":"127.0.0.1"},"msg":"incoming request"}
{"level":50,"time":1774821863145,"pid":9344,"hostname":"DESKTOP-MMVI6TQ","reqId":"req-y","err":{"type":"Error","message":"Missing or invalid authorization header","stack":"Error: Missing or invalid authorization header\n    at Object.authenticate (C:\\Users\\ASUS\\Desktop\\Modett\\Expense Tracker Application\\Expense Tracker\\apps\\api\\src\\plugins\\auth.ts:70:19)\n    at Object.<anonymous> (C:\\Users\\ASUS\\Desktop\\Modett\\Expense Tracker Application\\Expense Tracker\\modules\\budget-management\\infrastructure\\http\\routes\\index.ts:22:23)\n    at hookIterator (C:\\Users\\ASUS\\Desktop\\Modett\\Expense Tracker Application\\Expense Tracker\\node_modules\\.pnpm\\fastify@4.29.1\\node_modules\\fastify\\lib\\hooks.js:405:10)\n    at next (C:\\Users\\ASUS\\Desktop\\Modett\\Expense Tracker Application\\Expense Tracker\\node_modules\\.pnpm\\fastify@4.29.1\\node_modules\\fastify\\lib\\hooks.js:239:18)\n    at handleResolve (C:\\Users\\ASUS\\Desktop\\Modett\\Expense Tracker Application\\Expense Tracker\\node_modules\\.pnpm\\fastify@4.29.1\\node_modules\\fastify\\lib\\hooks.js:250:7)\n    at processTicksAndRejections (node:internal/process/task_queues:105:5)","statusCode":401},"url":"/api/v1/workspaces/54e9f102-1c96-4979-86b5-dfeb3fc0b039/budgets/alerts/unread","method":"GET","msg":"Missing or invalid authorization header"}
{"level":30,"time":1774821863146,"pid":9344,"hostname":"DESKTOP-MMVI6TQ","reqId":"req-y","res":{"statusCode":401},"responseTime":1.4840000867843628,"msg":"request completed"}
{"level":30,"time":1774821863151,"pid":9344,"hostname":"DESKTOP-MMVI6TQ","reqId":"req-z","req":{"method":"DELETE","url":"/api/v1/workspaces/54e9f102-1c96-4979-86b5-dfeb3fc0b039/budgets/ab38e788-66f0-494f-9b13-5f5447110808/allocations/1552401b-8f6b-4473-ad7f-787007102c83","hostname":"localhost:80","remoteAddress":"127.0.0.1"},"msg":"incoming request"}
{"level":50,"time":1774821863153,"pid":9344,"hostname":"DESKTOP-MMVI6TQ","reqId":"req-z","err":{"type":"Error","message":"Missing or invalid authorization header","stack":"Error: Missing or invalid authorization header\n    at Object.authenticate (C:\\Users\\ASUS\\Desktop\\Modett\\Expense Tracker Application\\Expense Tracker\\apps\\api\\src\\plugins\\auth.ts:70:19)\n    at Object.<anonymous> (C:\\Users\\ASUS\\Desktop\\Modett\\Expense Tracker Application\\Expense Tracker\\modules\\budget-management\\infrastructure\\http\\routes\\index.ts:22:23)\n    at hookIterator (C:\\Users\\ASUS\\Desktop\\Modett\\Expense Tracker Application\\Expense Tracker\\node_modules\\.pnpm\\fastify@4.29.1\\node_modules\\fastify\\lib\\hooks.js:405:10)\n    at next (C:\\Users\\ASUS\\Desktop\\Modett\\Expense Tracker Application\\Expense Tracker\\node_modules\\.pnpm\\fastify@4.29.1\\node_modules\\fastify\\lib\\hooks.js:239:18)\n    at handleResolve (C:\\Users\\ASUS\\Desktop\\Modett\\Expense Tracker Application\\Expense Tracker\\node_modules\\.pnpm\\fastify@4.29.1\\node_modules\\fastify\\lib\\hooks.js:250:7)\n    at processTicksAndRejections (node:internal/process/task_queues:105:5)","statusCode":401},"url":"/api/v1/workspaces/54e9f102-1c96-4979-86b5-dfeb3fc0b039/budgets/ab38e788-66f0-494f-9b13-5f5447110808/allocations/1552401b-8f6b-4473-ad7f-787007102c83","method":"DELETE","msg":"Missing or invalid authorization header"}
{"level":30,"time":1774821863154,"pid":9344,"hostname":"DESKTOP-MMVI6TQ","reqId":"req-z","res":{"statusCode":401},"responseTime":2.9882999658584595,"msg":"request completed"}
{"level":30,"time":1774821863155,"pid":9344,"hostname":"DESKTOP-MMVI6TQ","reqId":"req-10","req":{"method":"DELETE","url":"/api/v1/workspaces/54e9f102-1c96-4979-86b5-dfeb3fc0b039/budgets/ab38e788-66f0-494f-9b13-5f5447110808/allocations/1552401b-8f6b-4473-ad7f-787007102c83","hostname":"localhost:80","remoteAddress":"127.0.0.1"},"msg":"incoming request"}
{"level":30,"time":1774821863191,"pid":9344,"hostname":"DESKTOP-MMVI6TQ","reqId":"req-r","res":{"statusCode":400},"responseTime":23.496399998664856,"msg":"request completed"}
{"level":30,"time":1774821863201,"pid":9344,"hostname":"DESKTOP-MMVI6TQ","reqId":"req-s","req":{"method":"PATCH","url":"/api/v1/workspaces/435b4af5-65d0-4ddb-bb8d-b2bb3db7f1ca/expenses/c0252f50-bf22-4f08-b3da-12a9fea1c8cd","hostname":"localhost:80","remoteAddress":"127.0.0.1"},"msg":"incoming request"}
{"level":30,"time":1774821863215,"pid":9344,"hostname":"DESKTOP-MMVI6TQ","reqId":"req-1","res":{"statusCode":201},"responseTime":857.1580998897552,"msg":"request completed"}
{"level":30,"time":1774821863217,"pid":9344,"hostname":"DESKTOP-MMVI6TQ","reqId":"req-2","req":{"method":"POST","url":"/api/v1/auth/login","hostname":"localhost:80","remoteAddress":"127.0.0.1"},"msg":"incoming request"}
{"level":30,"time":1774821863234,"pid":9344,"hostname":"DESKTOP-MMVI6TQ","reqId":"req-t","res":{"statusCode":200},"responseTime":77.54390001296997,"msg":"request completed"}
[90mstdout[2m | modules/receipt-vault/tests/receipt-vault.endpoints.test.ts[2m > [22m[2mReceipt Vault Module - Endpoint Tests[2m > [22m[2mReceipt Metadata Endpoints[2m > [22m[2mGET /api/v1/:workspaceId/receipts/:receiptId/metadata[2m > [22m[2mÔ£à should get receipt metadata[22m[39m
Get Metadata: [33m200[39m

[90mstdout[2m | modules/receipt-vault/tests/receipt-vault.endpoints.test.ts[2m > [22m[2mReceipt Vault Module - Endpoint Tests[2m > [22m[2mReceipt Metadata Endpoints[2m > [22m[2mGET /api/v1/:workspaceId/receipts/:receiptId/metadata[2m > [22m[2mÔØî should fail without auth token[22m[39m
Get Metadata No Auth: [33m401[39m

[90mstdout[2m | modules/expense-ledger/tests/expense-ledger.endpoints.test.ts[2m > [22m[2mExpense Ledger Module - Endpoint Tests[2m > [22m[2mExpense Endpoints[2m > [22m[2mGET /api/v1/:workspaceId/expenses/:expenseId[2m > [22m[2mÔ£à should get expense by ID[22m[39m
Get Expense: [33m200[39m

[90mstdout[2m | modules/expense-ledger/tests/expense-ledger.endpoints.test.ts[2m > [22m[2mExpense Ledger Module - Endpoint Tests[2m > [22m[2mExpense Endpoints[2m > [22m[2mGET /api/v1/:workspaceId/expenses/:expenseId[2m > [22m[2mÔØî should fail with non-existent expense ID[22m[39m
Get Non-existent Expense: [33m400[39m

[90mstdout[2m | modules/budget-management/tests/budget-management.endpoints.test.ts[2m > [22m[2mBudget Management Module - Endpoint Tests[2m > [22m[2mAlert Endpoints[2m > [22m[2mGET /api/v1/:workspaceId/budgets/alerts/unread[2m > [22m[2mÔ£à should get unread alerts[22m[39m
Get Unread Alerts: [33m200[39m

[90mstdout[2m | modules/budget-management/tests/budget-management.endpoints.test.ts[2m > [22m[2mBudget Management Module - Endpoint Tests[2m > [22m[2mAlert Endpoints[2m > [22m[2mGET /api/v1/:workspaceId/budgets/alerts/unread[2m > [22m[2mÔØî should fail without auth token[22m[39m
Get Unread Alerts No Auth: [33m401[39m

[90mstdout[2m | modules/budget-management/tests/budget-management.endpoints.test.ts[2m > [22m[2mBudget Management Module - Endpoint Tests[2m > [22m[2mCleanup - Delete Tests[2m > [22m[2mDELETE /api/v1/:workspaceId/budgets/:budgetId/allocations/:allocationId[2m > [22m[2mÔØî should fail without auth token[22m[39m
Delete Allocation No Auth: [33m401[39m

[90mstdout[2m | modules/notification-dispatch/tests/notification-dispatch.endpoints.test.ts[2m > [22m[2mNotification Dispatch Module - Endpoint Tests[22m[39m
[Notification] UserCreated event for notification-test-1774821859578@example.com - skipping in-app notification (no workspace context)
[AuditEventListener] Skipping system-level event without workspaceId: UserCreated
Setup - Register: [33m201[39m

{"level":30,"time":1774821863248,"pid":9344,"hostname":"DESKTOP-MMVI6TQ","reqId":"req-10","res":{"statusCode":204},"responseTime":93.39389991760254,"msg":"request completed"}
{"level":30,"time":1774821863249,"pid":9344,"hostname":"DESKTOP-MMVI6TQ","reqId":"req-11","req":{"method":"DELETE","url":"/api/v1/workspaces/54e9f102-1c96-4979-86b5-dfeb3fc0b039/spending-limits/2c8b55ca-c036-46f0-96db-ed69af85e319","hostname":"localhost:80","remoteAddress":"127.0.0.1"},"msg":"incoming request"}
{"level":50,"time":1774821863249,"pid":9344,"hostname":"DESKTOP-MMVI6TQ","reqId":"req-11","err":{"type":"Error","message":"Missing or invalid authorization header","stack":"Error: Missing or invalid authorization header\n    at Object.authenticate (C:\\Users\\ASUS\\Desktop\\Modett\\Expense Tracker Application\\Expense Tracker\\apps\\api\\src\\plugins\\auth.ts:70:19)\n    at Object.<anonymous> (C:\\Users\\ASUS\\Desktop\\Modett\\Expense Tracker Application\\Expense Tracker\\modules\\budget-management\\infrastructure\\http\\routes\\index.ts:22:23)\n    at hookIterator (C:\\Users\\ASUS\\Desktop\\Modett\\Expense Tracker Application\\Expense Tracker\\node_modules\\.pnpm\\fastify@4.29.1\\node_modules\\fastify\\lib\\hooks.js:405:10)\n    at next (C:\\Users\\ASUS\\Desktop\\Modett\\Expense Tracker Application\\Expense Tracker\\node_modules\\.pnpm\\fastify@4.29.1\\node_modules\\fastify\\lib\\hooks.js:239:18)\n    at handleResolve (C:\\Users\\ASUS\\Desktop\\Modett\\Expense Tracker Application\\Expense Tracker\\node_modules\\.pnpm\\fastify@4.29.1\\node_modules\\fastify\\lib\\hooks.js:250:7)\n    at processTicksAndRejections (node:internal/process/task_queues:105:5)","statusCode":401},"url":"/api/v1/workspaces/54e9f102-1c96-4979-86b5-dfeb3fc0b039/spending-limits/2c8b55ca-c036-46f0-96db-ed69af85e319","method":"DELETE","msg":"Missing or invalid authorization header"}
{"level":30,"time":1774821863250,"pid":9344,"hostname":"DESKTOP-MMVI6TQ","reqId":"req-11","res":{"statusCode":401},"responseTime":0.80840003490448,"msg":"request completed"}
{"level":30,"time":1774821863251,"pid":9344,"hostname":"DESKTOP-MMVI6TQ","reqId":"req-12","req":{"method":"DELETE","url":"/api/v1/workspaces/54e9f102-1c96-4979-86b5-dfeb3fc0b039/spending-limits/2c8b55ca-c036-46f0-96db-ed69af85e319","hostname":"localhost:80","remoteAddress":"127.0.0.1"},"msg":"incoming request"}
{"level":30,"time":1774821863253,"pid":9344,"hostname":"DESKTOP-MMVI6TQ","reqId":"req-u","req":{"method":"PATCH","url":"/api/v1/workspaces/9ba78fc3-08e8-4355-9c60-badffef90d53/receipts/f72d12fd-c9fc-4064-8f76-4a0956e98b51/metadata","hostname":"localhost:80","remoteAddress":"127.0.0.1"},"msg":"incoming request"}
{"level":50,"time":1774821863254,"pid":9344,"hostname":"DESKTOP-MMVI6TQ","reqId":"req-u","err":{"type":"Error","message":"Missing or invalid authorization header","stack":"Error: Missing or invalid authorization header\n    at Object.authenticate (C:\\Users\\ASUS\\Desktop\\Modett\\Expense Tracker Application\\Expense Tracker\\apps\\api\\src\\plugins\\auth.ts:70:19)\n    at Object.<anonymous> (C:\\Users\\ASUS\\Desktop\\Modett\\Expense Tracker Application\\Expense Tracker\\modules\\receipt-vault\\infrastructure\\http\\routes\\index.ts:22:23)\n    at hookIterator (C:\\Users\\ASUS\\Desktop\\Modett\\Expense Tracker Application\\Expense Tracker\\node_modules\\.pnpm\\fastify@4.29.1\\node_modules\\fastify\\lib\\hooks.js:405:10)\n    at next (C:\\Users\\ASUS\\Desktop\\Modett\\Expense Tracker Application\\Expense Tracker\\node_modules\\.pnpm\\fastify@4.29.1\\node_modules\\fastify\\lib\\hooks.js:239:18)\n    at handleResolve (C:\\Users\\ASUS\\Desktop\\Modett\\Expense Tracker Application\\Expense Tracker\\node_modules\\.pnpm\\fastify@4.29.1\\node_modules\\fastify\\lib\\hooks.js:250:7)\n    at processTicksAndRejections (node:internal/process/task_queues:105:5)","statusCode":401},"url":"/api/v1/workspaces/9ba78fc3-08e8-4355-9c60-badffef90d53/receipts/f72d12fd-c9fc-4064-8f76-4a0956e98b51/metadata","method":"PATCH","msg":"Missing or invalid authorization header"}
{"level":30,"time":1774821863255,"pid":9344,"hostname":"DESKTOP-MMVI6TQ","reqId":"req-u","res":{"statusCode":401},"responseTime":1.0607000589370728,"msg":"request completed"}
{"level":30,"time":1774821863256,"pid":9344,"hostname":"DESKTOP-MMVI6TQ","reqId":"req-v","req":{"method":"POST","url":"/api/v1/workspaces/9ba78fc3-08e8-4355-9c60-badffef90d53/receipts/f72d12fd-c9fc-4064-8f76-4a0956e98b51/tags","hostname":"localhost:80","remoteAddress":"127.0.0.1"},"msg":"incoming request"}
{"level":30,"time":1774821863293,"pid":9344,"hostname":"DESKTOP-MMVI6TQ","reqId":"req-s","res":{"statusCode":200},"responseTime":91.62190008163452,"msg":"request completed"}
{"level":30,"time":1774821863294,"pid":9344,"hostname":"DESKTOP-MMVI6TQ","reqId":"req-t","req":{"method":"PATCH","url":"/api/v1/workspaces/435b4af5-65d0-4ddb-bb8d-b2bb3db7f1ca/expenses/c0252f50-bf22-4f08-b3da-12a9fea1c8cd","hostname":"localhost:80","remoteAddress":"127.0.0.1"},"msg":"incoming request"}
{"level":50,"time":1774821863294,"pid":9344,"hostname":"DESKTOP-MMVI6TQ","reqId":"req-t","err":{"type":"Error","message":"Missing or invalid authorization header","stack":"Error: Missing or invalid authorization header\n    at Object.authenticate (C:\\Users\\ASUS\\Desktop\\Modett\\Expense Tracker Application\\Expense Tracker\\apps\\api\\src\\plugins\\auth.ts:70:19)\n    at Object.<anonymous> (C:\\Users\\ASUS\\Desktop\\Modett\\Expense Tracker Application\\Expense Tracker\\modules\\expense-ledger\\infrastructure\\http\\routes\\index.ts:34:23)\n    at hookIterator (C:\\Users\\ASUS\\Desktop\\Modett\\Expense Tracker Application\\Expense Tracker\\node_modules\\.pnpm\\fastify@4.29.1\\node_modules\\fastify\\lib\\hooks.js:405:10)\n    at next (C:\\Users\\ASUS\\Desktop\\Modett\\Expense Tracker Application\\Expense Tracker\\node_modules\\.pnpm\\fastify@4.29.1\\node_modules\\fastify\\lib\\hooks.js:239:18)\n    at handleResolve (C:\\Users\\ASUS\\Desktop\\Modett\\Expense Tracker Application\\Expense Tracker\\node_modules\\.pnpm\\fastify@4.29.1\\node_modules\\fastify\\lib\\hooks.js:250:7)\n    at processTicksAndRejections (node:internal/process/task_queues:105:5)","statusCode":401},"url":"/api/v1/workspaces/435b4af5-65d0-4ddb-bb8d-b2bb3db7f1ca/expenses/c0252f50-bf22-4f08-b3da-12a9fea1c8cd","method":"PATCH","msg":"Missing or invalid authorization header"}
{"level":30,"time":1774821863295,"pid":9344,"hostname":"DESKTOP-MMVI6TQ","reqId":"req-t","res":{"statusCode":401},"responseTime":0.9416999816894531,"msg":"request completed"}
{"level":30,"time":1774821863297,"pid":9344,"hostname":"DESKTOP-MMVI6TQ","reqId":"req-u","req":{"method":"GET","url":"/api/v1/workspaces/435b4af5-65d0-4ddb-bb8d-b2bb3db7f1ca/expenses/filter?paymentMethod=CREDIT_CARD","hostname":"localhost:80","remoteAddress":"127.0.0.1"},"msg":"incoming request"}
{"level":30,"time":1774821863302,"pid":9344,"hostname":"DESKTOP-MMVI6TQ","reqId":"req-12","res":{"statusCode":204},"responseTime":50.88129997253418,"msg":"request completed"}
{"level":30,"time":1774821863303,"pid":9344,"hostname":"DESKTOP-MMVI6TQ","reqId":"req-13","req":{"method":"DELETE","url":"/api/v1/workspaces/54e9f102-1c96-4979-86b5-dfeb3fc0b039/budgets/ab38e788-66f0-494f-9b13-5f5447110808","hostname":"localhost:80","remoteAddress":"127.0.0.1"},"msg":"incoming request"}
{"level":50,"time":1774821863303,"pid":9344,"hostname":"DESKTOP-MMVI6TQ","reqId":"req-13","err":{"type":"Error","message":"Missing or invalid authorization header","stack":"Error: Missing or invalid authorization header\n    at Object.authenticate (C:\\Users\\ASUS\\Desktop\\Modett\\Expense Tracker Application\\Expense Tracker\\apps\\api\\src\\plugins\\auth.ts:70:19)\n    at Object.<anonymous> (C:\\Users\\ASUS\\Desktop\\Modett\\Expense Tracker Application\\Expense Tracker\\modules\\budget-management\\infrastructure\\http\\routes\\index.ts:22:23)\n    at hookIterator (C:\\Users\\ASUS\\Desktop\\Modett\\Expense Tracker Application\\Expense Tracker\\node_modules\\.pnpm\\fastify@4.29.1\\node_modules\\fastify\\lib\\hooks.js:405:10)\n    at next (C:\\Users\\ASUS\\Desktop\\Modett\\Expense Tracker Application\\Expense Tracker\\node_modules\\.pnpm\\fastify@4.29.1\\node_modules\\fastify\\lib\\hooks.js:239:18)\n    at handleResolve (C:\\Users\\ASUS\\Desktop\\Modett\\Expense Tracker Application\\Expense Tracker\\node_modules\\.pnpm\\fastify@4.29.1\\node_modules\\fastify\\lib\\hooks.js:250:7)\n    at processTicksAndRejections (node:internal/process/task_queues:105:5)","statusCode":401},"url":"/api/v1/workspaces/54e9f102-1c96-4979-86b5-dfeb3fc0b039/budgets/ab38e788-66f0-494f-9b13-5f5447110808","method":"DELETE","msg":"Missing or invalid authorization header"}
{"level":30,"time":1774821863304,"pid":9344,"hostname":"DESKTOP-MMVI6TQ","reqId":"req-13","res":{"statusCode":401},"responseTime":0.8727999925613403,"msg":"request completed"}
{"level":30,"time":1774821863305,"pid":9344,"hostname":"DESKTOP-MMVI6TQ","reqId":"req-14","req":{"method":"DELETE","url":"/api/v1/workspaces/54e9f102-1c96-4979-86b5-dfeb3fc0b039/budgets/ab38e788-66f0-494f-9b13-5f5447110808","hostname":"localhost:80","remoteAddress":"127.0.0.1"},"msg":"incoming request"}
{"level":30,"time":1774821863323,"pid":9344,"hostname":"DESKTOP-MMVI6TQ","reqId":"req-v","res":{"statusCode":200},"responseTime":67.75650000572205,"msg":"request completed"}
{"level":30,"time":1774821863325,"pid":9344,"hostname":"DESKTOP-MMVI6TQ","reqId":"req-w","req":{"method":"POST","url":"/api/v1/workspaces/9ba78fc3-08e8-4355-9c60-badffef90d53/receipts/f72d12fd-c9fc-4064-8f76-4a0956e98b51/tags","hostname":"localhost:80","remoteAddress":"127.0.0.1"},"msg":"incoming request"}
{"level":50,"time":1774821863325,"pid":9344,"hostname":"DESKTOP-MMVI6TQ","reqId":"req-w","err":{"type":"Error","message":"Missing or invalid authorization header","stack":"Error: Missing or invalid authorization header\n    at Object.authenticate (C:\\Users\\ASUS\\Desktop\\Modett\\Expense Tracker Application\\Expense Tracker\\apps\\api\\src\\plugins\\auth.ts:70:19)\n    at Object.<anonymous> (C:\\Users\\ASUS\\Desktop\\Modett\\Expense Tracker Application\\Expense Tracker\\modules\\receipt-vault\\infrastructure\\http\\routes\\index.ts:22:23)\n    at hookIterator (C:\\Users\\ASUS\\Desktop\\Modett\\Expense Tracker Application\\Expense Tracker\\node_modules\\.pnpm\\fastify@4.29.1\\node_modules\\fastify\\lib\\hooks.js:405:10)\n    at next (C:\\Users\\ASUS\\Desktop\\Modett\\Expense Tracker Application\\Expense Tracker\\node_modules\\.pnpm\\fastify@4.29.1\\node_modules\\fastify\\lib\\hooks.js:239:18)\n    at handleResolve (C:\\Users\\ASUS\\Desktop\\Modett\\Expense Tracker Application\\Expense Tracker\\node_modules\\.pnpm\\fastify@4.29.1\\node_modules\\fastify\\lib\\hooks.js:250:7)\n    at processTicksAndRejections (node:internal/process/task_queues:105:5)","statusCode":401},"url":"/api/v1/workspaces/9ba78fc3-08e8-4355-9c60-badffef90d53/receipts/f72d12fd-c9fc-4064-8f76-4a0956e98b51/tags","method":"POST","msg":"Missing or invalid authorization header"}
{"level":30,"time":1774821863325,"pid":9344,"hostname":"DESKTOP-MMVI6TQ","reqId":"req-w","res":{"statusCode":401},"responseTime":0.79420006275177,"msg":"request completed"}
{"level":30,"time":1774821863326,"pid":9344,"hostname":"DESKTOP-MMVI6TQ","reqId":"req-x","req":{"method":"DELETE","url":"/api/v1/workspaces/9ba78fc3-08e8-4355-9c60-badffef90d53/receipts/f72d12fd-c9fc-4064-8f76-4a0956e98b51/tags/d83b52a7-bc40-45c7-be2f-338eba52d344","hostname":"localhost:80","remoteAddress":"127.0.0.1"},"msg":"incoming request"}
{"level":30,"time":1774821863332,"pid":9344,"hostname":"DESKTOP-MMVI6TQ","reqId":"req-u","res":{"statusCode":200},"responseTime":35.00090003013611,"msg":"request completed"}
[90mstdout[2m | modules/expense-ledger/tests/expense-ledger.endpoints.test.ts[2m > [22m[2mExpense Ledger Module - Endpoint Tests[2m > [22m[2mExpense Endpoints[2m > [22m[2mPATCH /api/v1/:workspaceId/expenses/:expenseId[2m > [22m[2mÔ£à should update expense[22m[39m
Update Expense: [33m200[39m

[90mstdout[2m | modules/expense-ledger/tests/expense-ledger.endpoints.test.ts[2m > [22m[2mExpense Ledger Module - Endpoint Tests[2m > [22m[2mExpense Endpoints[2m > [22m[2mPATCH /api/v1/:workspaceId/expenses/:expenseId[2m > [22m[2mÔØî should fail without auth token[22m[39m
Update Expense No Auth: [33m401[39m

[90mstdout[2m | modules/budget-management/tests/budget-management.endpoints.test.ts[2m > [22m[2mBudget Management Module - Endpoint Tests[2m > [22m[2mCleanup - Delete Tests[2m > [22m[2mDELETE /api/v1/:workspaceId/budgets/:budgetId/allocations/:allocationId[2m > [22m[2mÔ£à should delete allocation[22m[39m
Delete Allocation: [33m204[39m

[90mstdout[2m | modules/budget-management/tests/budget-management.endpoints.test.ts[2m > [22m[2mBudget Management Module - Endpoint Tests[2m > [22m[2mCleanup - Delete Tests[2m > [22m[2mDELETE /api/v1/:workspaceId/spending-limits/:limitId[2m > [22m[2mÔØî should fail without auth token[22m[39m
Delete Spending Limit No Auth: [33m401[39m

[90mstdout[2m | modules/budget-management/tests/budget-management.endpoints.test.ts[2m > [22m[2mBudget Management Module - Endpoint Tests[2m > [22m[2mCleanup - Delete Tests[2m > [22m[2mDELETE /api/v1/:workspaceId/spending-limits/:limitId[2m > [22m[2mÔ£à should delete spending limit[22m[39m
Delete Spending Limit: [33m204[39m

[90mstdout[2m | modules/budget-management/tests/budget-management.endpoints.test.ts[2m > [22m[2mBudget Management Module - Endpoint Tests[2m > [22m[2mCleanup - Delete Tests[2m > [22m[2mDELETE /api/v1/:workspaceId/budgets/:budgetId[2m > [22m[2mÔØî should fail without auth token[22m[39m
Delete Budget No Auth: [33m401[39m

[90mstdout[2m | modules/receipt-vault/tests/receipt-vault.endpoints.test.ts[2m > [22m[2mReceipt Vault Module - Endpoint Tests[2m > [22m[2mReceipt Metadata Endpoints[2m > [22m[2mPATCH /api/v1/:workspaceId/receipts/:receiptId/metadata[2m > [22m[2mÔ£à should update receipt metadata[22m[39m
Update Metadata: [33m200[39m Metadata updated successfully

[90mstdout[2m | modules/receipt-vault/tests/receipt-vault.endpoints.test.ts[2m > [22m[2mReceipt Vault Module - Endpoint Tests[2m > [22m[2mReceipt Metadata Endpoints[2m > [22m[2mPATCH /api/v1/:workspaceId/receipts/:receiptId/metadata[2m > [22m[2mÔØî should fail without auth token[22m[39m
Update Metadata No Auth: [33m401[39m

[90mstdout[2m | modules/receipt-vault/tests/receipt-vault.endpoints.test.ts[2m > [22m[2mReceipt Vault Module - Endpoint Tests[2m > [22m[2mReceipt Tag Management[2m > [22m[2mPOST /api/v1/:workspaceId/receipts/:receiptId/tags[2m > [22m[2mÔ£à should add tag to receipt[22m[39m
Add Tag to Receipt: [33m200[39m Tag added to receipt successfully

[90mstdout[2m | modules/receipt-vault/tests/receipt-vault.endpoints.test.ts[2m > [22m[2mReceipt Vault Module - Endpoint Tests[2m > [22m[2mReceipt Tag Management[2m > [22m[2mPOST /api/v1/:workspaceId/receipts/:receiptId/tags[2m > [22m[2mÔØî should fail without auth token[22m[39m
Add Tag to Receipt No Auth: [33m401[39m

{"level":30,"time":1774821863334,"pid":9344,"hostname":"DESKTOP-MMVI6TQ","reqId":"req-v","req":{"method":"GET","url":"/api/v1/workspaces/435b4af5-65d0-4ddb-bb8d-b2bb3db7f1ca/expenses/filter?startDate=2026-01-01&endDate=2026-12-31","hostname":"localhost:80","remoteAddress":"127.0.0.1"},"msg":"incoming request"}
{"level":30,"time":1774821863358,"pid":9344,"hostname":"DESKTOP-MMVI6TQ","reqId":"req-14","res":{"statusCode":204},"responseTime":52.91710007190704,"msg":"request completed"}
{"level":30,"time":1774821863365,"pid":9344,"hostname":"DESKTOP-MMVI6TQ","reqId":"req-v","res":{"statusCode":200},"responseTime":31.62059998512268,"msg":"request completed"}
{"level":30,"time":1774821863367,"pid":9344,"hostname":"DESKTOP-MMVI6TQ","reqId":"req-x","res":{"statusCode":204},"responseTime":40.389400005340576,"msg":"request completed"}
{"level":30,"time":1774821863368,"pid":9344,"hostname":"DESKTOP-MMVI6TQ","reqId":"req-y","req":{"method":"DELETE","url":"/api/v1/workspaces/9ba78fc3-08e8-4355-9c60-badffef90d53/receipts/f72d12fd-c9fc-4064-8f76-4a0956e98b51/tags/d83b52a7-bc40-45c7-be2f-338eba52d344","hostname":"localhost:80","remoteAddress":"127.0.0.1"},"msg":"incoming request"}
{"level":50,"time":1774821863368,"pid":9344,"hostname":"DESKTOP-MMVI6TQ","reqId":"req-y","err":{"type":"Error","message":"Missing or invalid authorization header","stack":"Error: Missing or invalid authorization header\n    at Object.authenticate (C:\\Users\\ASUS\\Desktop\\Modett\\Expense Tracker Application\\Expense Tracker\\apps\\api\\src\\plugins\\auth.ts:70:19)\n    at Object.<anonymous> (C:\\Users\\ASUS\\Desktop\\Modett\\Expense Tracker Application\\Expense Tracker\\modules\\receipt-vault\\infrastructure\\http\\routes\\index.ts:22:23)\n    at hookIterator (C:\\Users\\ASUS\\Desktop\\Modett\\Expense Tracker Application\\Expense Tracker\\node_modules\\.pnpm\\fastify@4.29.1\\node_modules\\fastify\\lib\\hooks.js:405:10)\n    at next (C:\\Users\\ASUS\\Desktop\\Modett\\Expense Tracker Application\\Expense Tracker\\node_modules\\.pnpm\\fastify@4.29.1\\node_modules\\fastify\\lib\\hooks.js:239:18)\n    at handleResolve (C:\\Users\\ASUS\\Desktop\\Modett\\Expense Tracker Application\\Expense Tracker\\node_modules\\.pnpm\\fastify@4.29.1\\node_modules\\fastify\\lib\\hooks.js:250:7)\n    at processTicksAndRejections (node:internal/process/task_queues:105:5)","statusCode":401},"url":"/api/v1/workspaces/9ba78fc3-08e8-4355-9c60-badffef90d53/receipts/f72d12fd-c9fc-4064-8f76-4a0956e98b51/tags/d83b52a7-bc40-45c7-be2f-338eba52d344","method":"DELETE","msg":"Missing or invalid authorization header"}
{"level":30,"time":1774821863378,"pid":9344,"hostname":"DESKTOP-MMVI6TQ","reqId":"req-y","res":{"statusCode":401},"responseTime":10.294399976730347,"msg":"request completed"}
{"level":30,"time":1774821863381,"pid":9344,"hostname":"DESKTOP-MMVI6TQ","reqId":"req-z","req":{"method":"DELETE","url":"/api/v1/workspaces/9ba78fc3-08e8-4355-9c60-badffef90d53/receipts/f72d12fd-c9fc-4064-8f76-4a0956e98b51","hostname":"localhost:80","remoteAddress":"127.0.0.1"},"msg":"incoming request"}
{"level":50,"time":1774821863382,"pid":9344,"hostname":"DESKTOP-MMVI6TQ","reqId":"req-z","err":{"type":"Error","message":"Missing or invalid authorization header","stack":"Error: Missing or invalid authorization header\n    at Object.authenticate (C:\\Users\\ASUS\\Desktop\\Modett\\Expense Tracker Application\\Expense Tracker\\apps\\api\\src\\plugins\\auth.ts:70:19)\n    at Object.<anonymous> (C:\\Users\\ASUS\\Desktop\\Modett\\Expense Tracker Application\\Expense Tracker\\modules\\receipt-vault\\infrastructure\\http\\routes\\index.ts:22:23)\n    at hookIterator (C:\\Users\\ASUS\\Desktop\\Modett\\Expense Tracker Application\\Expense Tracker\\node_modules\\.pnpm\\fastify@4.29.1\\node_modules\\fastify\\lib\\hooks.js:405:10)\n    at next (C:\\Users\\ASUS\\Desktop\\Modett\\Expense Tracker Application\\Expense Tracker\\node_modules\\.pnpm\\fastify@4.29.1\\node_modules\\fastify\\lib\\hooks.js:239:18)\n    at handleResolve (C:\\Users\\ASUS\\Desktop\\Modett\\Expense Tracker Application\\Expense Tracker\\node_modules\\.pnpm\\fastify@4.29.1\\node_modules\\fastify\\lib\\hooks.js:250:7)\n    at processTicksAndRejections (node:internal/process/task_queues:105:5)","statusCode":401},"url":"/api/v1/workspaces/9ba78fc3-08e8-4355-9c60-badffef90d53/receipts/f72d12fd-c9fc-4064-8f76-4a0956e98b51","method":"DELETE","msg":"Missing or invalid authorization header"}
{"level":30,"time":1774821863383,"pid":9344,"hostname":"DESKTOP-MMVI6TQ","reqId":"req-z","res":{"statusCode":401},"responseTime":2.0667999982833862,"msg":"request completed"}
{"level":30,"time":1774821863384,"pid":9344,"hostname":"DESKTOP-MMVI6TQ","reqId":"req-10","req":{"method":"DELETE","url":"/api/v1/workspaces/9ba78fc3-08e8-4355-9c60-badffef90d53/receipts/f72d12fd-c9fc-4064-8f76-4a0956e98b51","hostname":"localhost:80","remoteAddress":"127.0.0.1"},"msg":"incoming request"}
{"level":30,"time":1774821863367,"pid":9344,"hostname":"DESKTOP-MMVI6TQ","reqId":"req-w","req":{"method":"GET","url":"/api/v1/workspaces/435b4af5-65d0-4ddb-bb8d-b2bb3db7f1ca/expenses/statistics?currency=USD","hostname":"localhost:80","remoteAddress":"127.0.0.1"},"msg":"incoming request"}
{"level":30,"time":1774821863389,"pid":9344,"hostname":"DESKTOP-MMVI6TQ","msg":"Database connection closed"}
[90mstdout[2m | modules/expense-ledger/tests/expense-ledger.endpoints.test.ts[2m > [22m[2mExpense Ledger Module - Endpoint Tests[2m > [22m[2mExpense Endpoints[2m > [22m[2mGET /api/v1/:workspaceId/expenses/filter[2m > [22m[2mÔ£à should filter expenses[22m[39m
Filter Expenses: [33m200[39m

[90mstdout[2m | modules/expense-ledger/tests/expense-ledger.endpoints.test.ts[2m > [22m[2mExpense Ledger Module - Endpoint Tests[2m > [22m[2mExpense Endpoints[2m > [22m[2mGET /api/v1/:workspaceId/expenses/filter[2m > [22m[2mÔ£à should filter expenses by date range[22m[39m
Filter Expenses by Date: [33m200[39m

[90mstdout[2m | modules/receipt-vault/tests/receipt-vault.endpoints.test.ts[2m > [22m[2mReceipt Vault Module - Endpoint Tests[2m > [22m[2mReceipt Tag Management[2m > [22m[2mDELETE /api/v1/:workspaceId/receipts/:receiptId/tags/:tagId[2m > [22m[2mÔØî should fail without auth token[22m[39m
Remove Tag from Receipt No Auth: [33m401[39m

[90mstdout[2m | modules/receipt-vault/tests/receipt-vault.endpoints.test.ts[2m > [22m[2mReceipt Vault Module - Endpoint Tests[2m > [22m[2mCleanup - Delete Tests[2m > [22m[2mDELETE /api/v1/:workspaceId/receipts/:receiptId[2m > [22m[2mÔØî should fail without auth token[22m[39m
Delete Receipt No Auth: [33m401[39m

[90mstdout[2m | modules/budget-management/tests/budget-management.endpoints.test.ts[2m > [22m[2mBudget Management Module - Endpoint Tests[2m > [22m[2mCleanup - Delete Tests[2m > [22m[2mDELETE /api/v1/:workspaceId/budgets/:budgetId[2m > [22m[2mÔ£à should delete budget[22m[39m
Delete Budget: [33m204[39m

[90mstdout[2m | modules/budget-management/tests/budget-management.endpoints.test.ts[2m > [22m[2mBudget Management Module - Endpoint Tests[2m > [22m[2m­ƒôè Endpoint Summary Report[2m > [22m[2mshould print endpoint summary[22m[39m


============================================================
BUDGET MANAGEMENT MODULE - ENDPOINT TEST SUMMARY
============================================================

­ƒÆ░ Budget Endpoints:
    POST   /:workspaceId/budgets                - Create Budget
    GET    /:workspaceId/budgets                - List Budgets
    GET    /:workspaceId/budgets/:id            - Get Budget
    PUT    /:workspaceId/budgets/:id            - Update Budget
    DELETE /:workspaceId/budgets/:id            - Delete Budget
    POST   /:workspaceId/budgets/:id/activate   - Activate Budget
    POST   /:workspaceId/budgets/:id/archive    - Archive Budget

­ƒôè Allocation Endpoints:
    POST   /:workspaceId/budgets/:id/allocations              - Add Allocation
    GET    /:workspaceId/budgets/:id/allocations              - Get Allocations
    PUT    /:workspaceId/budgets/:id/allocations/:allocId     - Update Allocation
    DELETE /:workspaceId/budgets/:id/allocations/:allocId     - Delete Allocation

­ƒÜª Spending Limit Endpoints:
    POST   /:workspaceId/spending-limits            - Create Limit
    GET    /:workspaceId/spending-limits            - List Limits
    PUT    /:workspaceId/spending-limits/:id        - Update Limit
    DELETE /:workspaceId/spending-limits/:id        - Delete Limit

­ƒöö Alert Endpoints:
    GET    /:workspaceId/budgets/alerts/unread      - Get Unread Alerts

============================================================
Test User: budget-test-1774821859568@example.com
Test Workspace ID: 54e9f102-1c96-4979-86b5-dfeb3fc0b039
============================================================

{"level":30,"time":1774821863399,"pid":9344,"hostname":"DESKTOP-MMVI6TQ","reqId":"req-w","res":{"statusCode":200},"responseTime":32.349900007247925,"msg":"request completed"}
{"level":30,"time":1774821863400,"pid":9344,"hostname":"DESKTOP-MMVI6TQ","reqId":"req-x","req":{"method":"POST","url":"/api/v1/workspaces/435b4af5-65d0-4ddb-bb8d-b2bb3db7f1ca/expenses/c0252f50-bf22-4f08-b3da-12a9fea1c8cd/submit","hostname":"localhost:80","remoteAddress":"127.0.0.1"},"msg":"incoming request"}
{"level":30,"time":1774821863405,"pid":9344,"hostname":"DESKTOP-MMVI6TQ","reqId":"req-10","res":{"statusCode":204},"responseTime":20.74779999256134,"msg":"request completed"}
[90mstdout[2m | modules/expense-ledger/tests/expense-ledger.endpoints.test.ts[2m > [22m[2mExpense Ledger Module - Endpoint Tests[2m > [22m[2mExpense Endpoints[2m > [22m[2mGET /api/v1/:workspaceId/expenses/statistics[2m > [22m[2mÔ£à should get expense statistics[22m[39m
Expense Statistics: [33m200[39m

 [32mÔ£ô[39m modules/budget-management/tests/budget-management.endpoints.test.ts [2m ([22m[2m38 tests[22m[2m)[22m[33m 3800[2mms[22m[39m
{"level":30,"time":1774821863415,"pid":9344,"hostname":"DESKTOP-MMVI6TQ","reqId":"req-11","req":{"method":"DELETE","url":"/api/v1/workspaces/9ba78fc3-08e8-4355-9c60-badffef90d53/receipt-tags/d83b52a7-bc40-45c7-be2f-338eba52d344","hostname":"localhost:80","remoteAddress":"127.0.0.1"},"msg":"incoming request"}
{"level":50,"time":1774821863415,"pid":9344,"hostname":"DESKTOP-MMVI6TQ","reqId":"req-11","err":{"type":"Error","message":"Missing or invalid authorization header","stack":"Error: Missing or invalid authorization header\n    at Object.authenticate (C:\\Users\\ASUS\\Desktop\\Modett\\Expense Tracker Application\\Expense Tracker\\apps\\api\\src\\plugins\\auth.ts:70:19)\n    at Object.<anonymous> (C:\\Users\\ASUS\\Desktop\\Modett\\Expense Tracker Application\\Expense Tracker\\modules\\receipt-vault\\infrastructure\\http\\routes\\index.ts:22:23)\n    at hookIterator (C:\\Users\\ASUS\\Desktop\\Modett\\Expense Tracker Application\\Expense Tracker\\node_modules\\.pnpm\\fastify@4.29.1\\node_modules\\fastify\\lib\\hooks.js:405:10)\n    at next (C:\\Users\\ASUS\\Desktop\\Modett\\Expense Tracker Application\\Expense Tracker\\node_modules\\.pnpm\\fastify@4.29.1\\node_modules\\fastify\\lib\\hooks.js:239:18)\n    at handleResolve (C:\\Users\\ASUS\\Desktop\\Modett\\Expense Tracker Application\\Expense Tracker\\node_modules\\.pnpm\\fastify@4.29.1\\node_modules\\fastify\\lib\\hooks.js:250:7)\n    at processTicksAndRejections (node:internal/process/task_queues:105:5)","statusCode":401},"url":"/api/v1/workspaces/9ba78fc3-08e8-4355-9c60-badffef90d53/receipt-tags/d83b52a7-bc40-45c7-be2f-338eba52d344","method":"DELETE","msg":"Missing or invalid authorization header"}
{"level":30,"time":1774821863416,"pid":9344,"hostname":"DESKTOP-MMVI6TQ","reqId":"req-11","res":{"statusCode":401},"responseTime":0.9285999536514282,"msg":"request completed"}
{"level":30,"time":1774821863417,"pid":9344,"hostname":"DESKTOP-MMVI6TQ","reqId":"req-12","req":{"method":"DELETE","url":"/api/v1/workspaces/9ba78fc3-08e8-4355-9c60-badffef90d53/receipt-tags/d83b52a7-bc40-45c7-be2f-338eba52d344","hostname":"localhost:80","remoteAddress":"127.0.0.1"},"msg":"incoming request"}
{"level":30,"time":1774821863435,"pid":9344,"hostname":"DESKTOP-MMVI6TQ","reqId":"req-12","res":{"statusCode":204},"responseTime":18.655499935150146,"msg":"request completed"}
[90mstdout[2m | modules/receipt-vault/tests/receipt-vault.endpoints.test.ts[2m > [22m[2mReceipt Vault Module - Endpoint Tests[2m > [22m[2mCleanup - Delete Tests[2m > [22m[2mDELETE /api/v1/:workspaceId/receipt-tags/:tagId[2m > [22m[2mÔØî should fail without auth token[22m[39m
Delete Receipt Tag No Auth: [33m401[39m

[90mstdout[2m | modules/receipt-vault/tests/receipt-vault.endpoints.test.ts[2m > [22m[2mReceipt Vault Module - Endpoint Tests[2m > [22m[2m­ƒôè Endpoint Summary Report[2m > [22m[2mshould print endpoint summary[22m[39m


============================================================
RECEIPT VAULT MODULE - ENDPOINT TEST SUMMARY
============================================================

­ƒº¥ Receipt Endpoints:
    POST   /:workspaceId/receipts/upload           - Upload Receipt
    GET    /:workspaceId/receipts                  - List Receipts
    GET    /:workspaceId/receipts/:id              - Get Receipt
    DELETE /:workspaceId/receipts/:id              - Delete Receipt
    GET    /:workspaceId/receipts/stats            - Get Statistics
    POST   /:workspaceId/receipts/:id/process      - Process (OCR)
    POST   /:workspaceId/receipts/:id/verify       - Verify Receipt
    POST   /:workspaceId/receipts/:id/reject       - Reject Receipt

­ƒôØ Metadata Endpoints:
    POST   /:workspaceId/receipts/:id/metadata     - Add Metadata
    GET    /:workspaceId/receipts/:id/metadata     - Get Metadata
    PUT    /:workspaceId/receipts/:id/metadata     - Update Metadata

­ƒÅÀ´©Å  Receipt Tag Endpoints:
    POST   /:workspaceId/receipt-tags              - Create Tag
    GET    /:workspaceId/receipt-tags              - List Tags
    PUT    /:workspaceId/receipt-tags/:id          - Update Tag
    DELETE /:workspaceId/receipt-tags/:id          - Delete Tag
    POST   /:workspaceId/receipts/:id/tags         - Add Tag to Receipt
    DELETE /:workspaceId/receipts/:id/tags/:tagId  - Remove Tag

============================================================
Test User: receipt-test-1774821859569@example.com
Test Workspace ID: 9ba78fc3-08e8-4355-9c60-badffef90d53
============================================================

{"level":30,"time":1774821863510,"pid":9344,"hostname":"DESKTOP-MMVI6TQ","msg":"Database connection closed"}
{"level":30,"time":1774821863515,"pid":9344,"hostname":"DESKTOP-MMVI6TQ","reqId":"req-x","res":{"statusCode":200},"responseTime":114.18540000915527,"msg":"request completed"}
{"level":30,"time":1774821863516,"pid":9344,"hostname":"DESKTOP-MMVI6TQ","reqId":"req-y","req":{"method":"POST","url":"/api/v1/workspaces/435b4af5-65d0-4ddb-bb8d-b2bb3db7f1ca/expenses/c0252f50-bf22-4f08-b3da-12a9fea1c8cd/submit","hostname":"localhost:80","remoteAddress":"127.0.0.1"},"msg":"incoming request"}
{"level":50,"time":1774821863517,"pid":9344,"hostname":"DESKTOP-MMVI6TQ","reqId":"req-y","err":{"type":"Error","message":"Missing or invalid authorization header","stack":"Error: Missing or invalid authorization header\n    at Object.authenticate (C:\\Users\\ASUS\\Desktop\\Modett\\Expense Tracker Application\\Expense Tracker\\apps\\api\\src\\plugins\\auth.ts:70:19)\n    at Object.<anonymous> (C:\\Users\\ASUS\\Desktop\\Modett\\Expense Tracker Application\\Expense Tracker\\modules\\expense-ledger\\infrastructure\\http\\routes\\index.ts:34:23)\n    at hookIterator (C:\\Users\\ASUS\\Desktop\\Modett\\Expense Tracker Application\\Expense Tracker\\node_modules\\.pnpm\\fastify@4.29.1\\node_modules\\fastify\\lib\\hooks.js:405:10)\n    at next (C:\\Users\\ASUS\\Desktop\\Modett\\Expense Tracker Application\\Expense Tracker\\node_modules\\.pnpm\\fastify@4.29.1\\node_modules\\fastify\\lib\\hooks.js:239:18)\n    at handleResolve (C:\\Users\\ASUS\\Desktop\\Modett\\Expense Tracker Application\\Expense Tracker\\node_modules\\.pnpm\\fastify@4.29.1\\node_modules\\fastify\\lib\\hooks.js:250:7)\n    at processTicksAndRejections (node:internal/process/task_queues:105:5)","statusCode":401},"url":"/api/v1/workspaces/435b4af5-65d0-4ddb-bb8d-b2bb3db7f1ca/expenses/c0252f50-bf22-4f08-b3da-12a9fea1c8cd/submit","method":"POST","msg":"Missing or invalid authorization header"}
{"level":30,"time":1774821863518,"pid":9344,"hostname":"DESKTOP-MMVI6TQ","reqId":"req-y","res":{"statusCode":401},"responseTime":1.3464000225067139,"msg":"request completed"}
{"level":30,"time":1774821863519,"pid":9344,"hostname":"DESKTOP-MMVI6TQ","reqId":"req-z","req":{"method":"POST","url":"/api/v1/workspaces/435b4af5-65d0-4ddb-bb8d-b2bb3db7f1ca/expenses/c0252f50-bf22-4f08-b3da-12a9fea1c8cd/approve","hostname":"localhost:80","remoteAddress":"127.0.0.1"},"msg":"incoming request"}
 [32mÔ£ô[39m modules/receipt-vault/tests/receipt-vault.endpoints.test.ts [2m ([22m[2m36 tests[22m[2m)[22m[33m 3935[2mms[22m[39m
{"level":30,"time":1774821863569,"pid":9344,"hostname":"DESKTOP-MMVI6TQ","reqId":"req-z","res":{"statusCode":403},"responseTime":50.20609998703003,"msg":"request completed"}
[90mstdout[2m | modules/expense-ledger/tests/expense-ledger.endpoints.test.ts[2m > [22m[2mExpense Ledger Module - Endpoint Tests[2m > [22m[2mExpense Endpoints[2m > [22m[2mPOST /api/v1/:workspaceId/expenses/:expenseId/submit[2m > [22m[2mÔ£à should submit expense for approval[22m[39m
[EventBus] No handlers for event type: audit.log_created
Submit Expense: [33m200[39m

[90mstdout[2m | modules/expense-ledger/tests/expense-ledger.endpoints.test.ts[2m > [22m[2mExpense Ledger Module - Endpoint Tests[2m > [22m[2mExpense Endpoints[2m > [22m[2mPOST /api/v1/:workspaceId/expenses/:expenseId/submit[2m > [22m[2mÔØî should fail without auth token[22m[39m
Submit Expense No Auth: [33m401[39m

{"level":30,"time":1774821863575,"pid":9344,"hostname":"DESKTOP-MMVI6TQ","reqId":"req-2","res":{"statusCode":200},"responseTime":358.33430004119873,"msg":"request completed"}
{"level":30,"time":1774821863571,"pid":9344,"hostname":"DESKTOP-MMVI6TQ","reqId":"req-10","req":{"method":"POST","url":"/api/v1/workspaces/435b4af5-65d0-4ddb-bb8d-b2bb3db7f1ca/expenses/c0252f50-bf22-4f08-b3da-12a9fea1c8cd/reject","hostname":"localhost:80","remoteAddress":"127.0.0.1"},"msg":"incoming request"}
{"level":50,"time":1774821863571,"pid":9344,"hostname":"DESKTOP-MMVI6TQ","reqId":"req-10","err":{"type":"Error","message":"Missing or invalid authorization header","stack":"Error: Missing or invalid authorization header\n    at Object.authenticate (C:\\Users\\ASUS\\Desktop\\Modett\\Expense Tracker Application\\Expense Tracker\\apps\\api\\src\\plugins\\auth.ts:70:19)\n    at Object.<anonymous> (C:\\Users\\ASUS\\Desktop\\Modett\\Expense Tracker Application\\Expense Tracker\\modules\\expense-ledger\\infrastructure\\http\\routes\\index.ts:34:23)\n    at hookIterator (C:\\Users\\ASUS\\Desktop\\Modett\\Expense Tracker Application\\Expense Tracker\\node_modules\\.pnpm\\fastify@4.29.1\\node_modules\\fastify\\lib\\hooks.js:405:10)\n    at next (C:\\Users\\ASUS\\Desktop\\Modett\\Expense Tracker Application\\Expense Tracker\\node_modules\\.pnpm\\fastify@4.29.1\\node_modules\\fastify\\lib\\hooks.js:239:18)\n    at handleResolve (C:\\Users\\ASUS\\Desktop\\Modett\\Expense Tracker Application\\Expense Tracker\\node_modules\\.pnpm\\fastify@4.29.1\\node_modules\\fastify\\lib\\hooks.js:250:7)\n    at processTicksAndRejections (node:internal/process/task_queues:105:5)","statusCode":401},"url":"/api/v1/workspaces/435b4af5-65d0-4ddb-bb8d-b2bb3db7f1ca/expenses/c0252f50-bf22-4f08-b3da-12a9fea1c8cd/reject","method":"POST","msg":"Missing or invalid authorization header"}
{"level":30,"time":1774821863572,"pid":9344,"hostname":"DESKTOP-MMVI6TQ","reqId":"req-10","res":{"statusCode":401},"responseTime":1.4036999940872192,"msg":"request completed"}
{"level":30,"time":1774821863573,"pid":9344,"hostname":"DESKTOP-MMVI6TQ","reqId":"req-11","req":{"method":"POST","url":"/api/v1/workspaces/435b4af5-65d0-4ddb-bb8d-b2bb3db7f1ca/expenses/c0252f50-bf22-4f08-b3da-12a9fea1c8cd/reimburse","hostname":"localhost:80","remoteAddress":"127.0.0.1"},"msg":"incoming request"}
{"level":50,"time":1774821863574,"pid":9344,"hostname":"DESKTOP-MMVI6TQ","reqId":"req-11","err":{"type":"Error","message":"Missing or invalid authorization header","stack":"Error: Missing or invalid authorization header\n    at Object.authenticate (C:\\Users\\ASUS\\Desktop\\Modett\\Expense Tracker Application\\Expense Tracker\\apps\\api\\src\\plugins\\auth.ts:70:19)\n    at Object.<anonymous> (C:\\Users\\ASUS\\Desktop\\Modett\\Expense Tracker Application\\Expense Tracker\\modules\\expense-ledger\\infrastructure\\http\\routes\\index.ts:34:23)\n    at hookIterator (C:\\Users\\ASUS\\Desktop\\Modett\\Expense Tracker Application\\Expense Tracker\\node_modules\\.pnpm\\fastify@4.29.1\\node_modules\\fastify\\lib\\hooks.js:405:10)\n    at next (C:\\Users\\ASUS\\Desktop\\Modett\\Expense Tracker Application\\Expense Tracker\\node_modules\\.pnpm\\fastify@4.29.1\\node_modules\\fastify\\lib\\hooks.js:239:18)\n    at handleResolve (C:\\Users\\ASUS\\Desktop\\Modett\\Expense Tracker Application\\Expense Tracker\\node_modules\\.pnpm\\fastify@4.29.1\\node_modules\\fastify\\lib\\hooks.js:250:7)\n    at processTicksAndRejections (node:internal/process/task_queues:105:5)","statusCode":401},"url":"/api/v1/workspaces/435b4af5-65d0-4ddb-bb8d-b2bb3db7f1ca/expenses/c0252f50-bf22-4f08-b3da-12a9fea1c8cd/reimburse","method":"POST","msg":"Missing or invalid authorization header"}
{"level":30,"time":1774821863574,"pid":9344,"hostname":"DESKTOP-MMVI6TQ","reqId":"req-11","res":{"statusCode":401},"responseTime":0.8435999155044556,"msg":"request completed"}
{"level":30,"time":1774821863575,"pid":9344,"hostname":"DESKTOP-MMVI6TQ","reqId":"req-12","req":{"method":"DELETE","url":"/api/v1/workspaces/435b4af5-65d0-4ddb-bb8d-b2bb3db7f1ca/expenses/c0252f50-bf22-4f08-b3da-12a9fea1c8cd","hostname":"localhost:80","remoteAddress":"127.0.0.1"},"msg":"incoming request"}
{"level":50,"time":1774821863576,"pid":9344,"hostname":"DESKTOP-MMVI6TQ","reqId":"req-12","err":{"type":"Error","message":"Missing or invalid authorization header","stack":"Error: Missing or invalid authorization header\n    at Object.authenticate (C:\\Users\\ASUS\\Desktop\\Modett\\Expense Tracker Application\\Expense Tracker\\apps\\api\\src\\plugins\\auth.ts:70:19)\n    at Object.<anonymous> (C:\\Users\\ASUS\\Desktop\\Modett\\Expense Tracker Application\\Expense Tracker\\modules\\expense-ledger\\infrastructure\\http\\routes\\index.ts:34:23)\n    at hookIterator (C:\\Users\\ASUS\\Desktop\\Modett\\Expense Tracker Application\\Expense Tracker\\node_modules\\.pnpm\\fastify@4.29.1\\node_modules\\fastify\\lib\\hooks.js:405:10)\n    at next (C:\\Users\\ASUS\\Desktop\\Modett\\Expense Tracker Application\\Expense Tracker\\node_modules\\.pnpm\\fastify@4.29.1\\node_modules\\fastify\\lib\\hooks.js:239:18)\n    at handleResolve (C:\\Users\\ASUS\\Desktop\\Modett\\Expense Tracker Application\\Expense Tracker\\node_modules\\.pnpm\\fastify@4.29.1\\node_modules\\fastify\\lib\\hooks.js:250:7)\n    at processTicksAndRejections (node:internal/process/task_queues:105:5)","statusCode":401},"url":"/api/v1/workspaces/435b4af5-65d0-4ddb-bb8d-b2bb3db7f1ca/expenses/c0252f50-bf22-4f08-b3da-12a9fea1c8cd","method":"DELETE","msg":"Missing or invalid authorization header"}
{"level":30,"time":1774821863576,"pid":9344,"hostname":"DESKTOP-MMVI6TQ","reqId":"req-12","res":{"statusCode":401},"responseTime":0.7224999666213989,"msg":"request completed"}
{"level":30,"time":1774821863577,"pid":9344,"hostname":"DESKTOP-MMVI6TQ","reqId":"req-13","req":{"method":"DELETE","url":"/api/v1/workspaces/435b4af5-65d0-4ddb-bb8d-b2bb3db7f1ca/expenses/c0252f50-bf22-4f08-b3da-12a9fea1c8cd","hostname":"localhost:80","remoteAddress":"127.0.0.1"},"msg":"incoming request"}
{"level":30,"time":1774821863577,"pid":9344,"hostname":"DESKTOP-MMVI6TQ","reqId":"req-3","req":{"method":"POST","url":"/api/v1/workspaces","hostname":"localhost:80","remoteAddress":"127.0.0.1"},"msg":"incoming request"}
{"level":30,"time":1774821863589,"pid":9344,"hostname":"DESKTOP-MMVI6TQ","reqId":"req-13","res":{"statusCode":400},"responseTime":12.138099908828735,"msg":"request completed"}
[90mstdout[2m | modules/expense-ledger/tests/expense-ledger.endpoints.test.ts[2m > [22m[2mExpense Ledger Module - Endpoint Tests[2m > [22m[2mExpense Endpoints[2m > [22m[2mPOST /api/v1/:workspaceId/expenses/:expenseId/approve[2m > [22m[2mÔ£à should approve submitted expense[22m[39m
Approve Expense: [33m403[39m User e67da0d1-5f0c-4ce6-9cf3-246eaa1649f0 is unauthorized to approve (self-approval) expense c0252f50-bf22-4f08-b3da-12a9fea1c8cd

[90mstdout[2m | modules/expense-ledger/tests/expense-ledger.endpoints.test.ts[2m > [22m[2mExpense Ledger Module - Endpoint Tests[2m > [22m[2mExpense Endpoints[2m > [22m[2mPOST /api/v1/:workspaceId/expenses/:expenseId/reject[2m > [22m[2mÔØî should fail without auth token[22m[39m
Reject Expense No Auth: [33m401[39m

[90mstdout[2m | modules/expense-ledger/tests/expense-ledger.endpoints.test.ts[2m > [22m[2mExpense Ledger Module - Endpoint Tests[2m > [22m[2mExpense Endpoints[2m > [22m[2mPOST /api/v1/:workspaceId/expenses/:expenseId/reimburse[2m > [22m[2mÔØî should fail without auth token[22m[39m
Reimburse Expense No Auth: [33m401[39m

[90mstdout[2m | modules/expense-ledger/tests/expense-ledger.endpoints.test.ts[2m > [22m[2mExpense Ledger Module - Endpoint Tests[2m > [22m[2mCleanup - Delete Tests[2m > [22m[2mDELETE /api/v1/:workspaceId/expenses/:expenseId[2m > [22m[2mÔØî should fail without auth token[22m[39m
Delete Expense No Auth: [33m401[39m

[90mstdout[2m | modules/notification-dispatch/tests/notification-dispatch.endpoints.test.ts[2m > [22m[2mNotification Dispatch Module - Endpoint Tests[22m[39m
Setup - Login fallback: [33m200[39m

{"level":30,"time":1774821863591,"pid":9344,"hostname":"DESKTOP-MMVI6TQ","reqId":"req-14","req":{"method":"DELETE","url":"/api/v1/workspaces/435b4af5-65d0-4ddb-bb8d-b2bb3db7f1ca/tags/765ab02e-2121-46e0-a4a4-60c50d8cce4f","hostname":"localhost:80","remoteAddress":"127.0.0.1"},"msg":"incoming request"}
{"level":30,"time":1774821863613,"pid":9344,"hostname":"DESKTOP-MMVI6TQ","reqId":"req-14","res":{"statusCode":204},"responseTime":22.127400040626526,"msg":"request completed"}
{"level":30,"time":1774821863614,"pid":9344,"hostname":"DESKTOP-MMVI6TQ","reqId":"req-15","req":{"method":"DELETE","url":"/api/v1/workspaces/435b4af5-65d0-4ddb-bb8d-b2bb3db7f1ca/categories/0953fc2d-9f44-4e33-91a1-e4c846c248b9","hostname":"localhost:80","remoteAddress":"127.0.0.1"},"msg":"incoming request"}
{"level":30,"time":1774821863622,"pid":9344,"hostname":"DESKTOP-MMVI6TQ","reqId":"req-1","res":{"statusCode":201},"responseTime":844.9998999834061,"msg":"request completed"}
[90mstdout[2m | modules/policy-controls/tests/policy-controls.endpoints.test.ts[2m > [22m[2mPolicy Controls Module - Endpoint Tests[22m[39m
[Notification] UserCreated event for policy-test-1774821859569@example.com - skipping in-app notification (no workspace context)
[AuditEventListener] Skipping system-level event without workspaceId: UserCreated
Setup - Register: [33m201[39m

{"level":30,"time":1774821863657,"pid":9344,"hostname":"DESKTOP-MMVI6TQ","reqId":"req-15","res":{"statusCode":204},"responseTime":43.02359998226166,"msg":"request completed"}
{"level":30,"time":1774821863624,"pid":9344,"hostname":"DESKTOP-MMVI6TQ","reqId":"req-2","req":{"method":"POST","url":"/api/v1/auth/login","hostname":"localhost:80","remoteAddress":"127.0.0.1"},"msg":"incoming request"}
[90mstdout[2m | modules/expense-ledger/tests/expense-ledger.endpoints.test.ts[2m > [22m[2mExpense Ledger Module - Endpoint Tests[2m > [22m[2m­ƒôè Endpoint Summary Report[2m > [22m[2mshould print endpoint summary[22m[39m


============================================================
EXPENSE LEDGER MODULE - ENDPOINT TEST SUMMARY
============================================================

­ƒôü Category Endpoints:
    POST   /:workspaceId/categories            - Create Category
    GET    /:workspaceId/categories            - List Categories
    GET    /:workspaceId/categories/:id        - Get Category
    PUT    /:workspaceId/categories/:id        - Update Category
    DELETE /:workspaceId/categories/:id        - Delete Category

­ƒÅÀ´©Å  Tag Endpoints:
    POST   /:workspaceId/tags                  - Create Tag
    GET    /:workspaceId/tags                  - List Tags
    GET    /:workspaceId/tags/:id              - Get Tag
    PUT    /:workspaceId/tags/:id              - Update Tag
    DELETE /:workspaceId/tags/:id              - Delete Tag

­ƒÆ░ Expense Endpoints:
    POST   /:workspaceId/expenses              - Create Expense
    GET    /:workspaceId/expenses              - List Expenses
    GET    /:workspaceId/expenses/:id          - Get Expense
    PUT    /:workspaceId/expenses/:id          - Update Expense
    DELETE /:workspaceId/expenses/:id          - Delete Expense
    GET    /:workspaceId/expenses/filter       - Filter Expenses
    GET    /:workspaceId/expenses/statistics   - Get Statistics
    POST   /:workspaceId/expenses/:id/submit   - Submit Expense
    POST   /:workspaceId/expenses/:id/approve  - Approve Expense
    POST   /:workspaceId/expenses/:id/reject   - Reject Expense
    POST   /:workspaceId/expenses/:id/reimburse- Reimburse Expense

============================================================
Test User: expense-test-1774821859574@example.com
Test Workspace ID: 435b4af5-65d0-4ddb-bb8d-b2bb3db7f1ca
============================================================

{"level":30,"time":1774821863672,"pid":9344,"hostname":"DESKTOP-MMVI6TQ","msg":"Database connection closed"}
[90mstdout[2m | modules/notification-dispatch/tests/notification-dispatch.endpoints.test.ts[2m > [22m[2mNotification Dispatch Module - Endpoint Tests[22m[39m
[EventBus] No handlers for event type: audit.log_created

{"level":30,"time":1774821863696,"pid":9344,"hostname":"DESKTOP-MMVI6TQ","reqId":"req-1","res":{"statusCode":201},"responseTime":863.1720999479294,"msg":"request completed"}
 [32mÔ£ô[39m modules/expense-ledger/tests/expense-ledger.endpoints.test.ts [2m ([22m[2m39 tests[22m[2m)[22m[33m 4090[2mms[22m[39m
{"level":30,"time":1774821863698,"pid":9344,"hostname":"DESKTOP-MMVI6TQ","reqId":"req-2","req":{"method":"POST","url":"/api/v1/auth/login","hostname":"localhost:80","remoteAddress":"127.0.0.1"},"msg":"incoming request"}
{"level":30,"time":1774821863703,"pid":9344,"hostname":"DESKTOP-MMVI6TQ","reqId":"req-3","res":{"statusCode":201},"responseTime":126.29260003566742,"msg":"request completed"}
[90mstdout[2m | modules/cost-allocation/tests/cost-allocation.endpoints.test.ts[2m > [22m[2mCost Allocation Module - Endpoint Tests[22m[39m
[Notification] UserCreated event for cost-allocation-test-1774821859575@example.com - skipping in-app notification (no workspace context)
[AuditEventListener] Skipping system-level event without workspaceId: UserCreated
Setup - Register: [33m201[39m

{"level":30,"time":1774821863710,"pid":9344,"hostname":"DESKTOP-MMVI6TQ","reqId":"req-1","res":{"statusCode":201},"responseTime":1074.5656000375748,"msg":"request completed"}
{"level":30,"time":1774821863713,"pid":9344,"hostname":"DESKTOP-MMVI6TQ","reqId":"req-2","req":{"method":"POST","url":"/api/v1/auth/login","hostname":"localhost:80","remoteAddress":"127.0.0.1"},"msg":"incoming request"}
{"level":30,"time":1774821863706,"pid":9344,"hostname":"DESKTOP-MMVI6TQ","reqId":"req-4","req":{"method":"POST","url":"/api/v1/workspaces/e08d5486-a507-4d27-a3f7-9b9f9776ac5a/admin/notification-templates","hostname":"localhost:80","remoteAddress":"127.0.0.1"},"msg":"incoming request"}
[90mstdout[2m | modules/budget-planning/tests/budget-planning.endpoints.test.ts[2m > [22m[2mBudget Planning Module - Endpoint Tests[22m[39m
[Notification] UserCreated event for budget-planning-test-1774821859569@example.com - skipping in-app notification (no workspace context)
[AuditEventListener] Skipping system-level event without workspaceId: UserCreated
Setup - Register: [33m201[39m

[90mstdout[2m | modules/notification-dispatch/tests/notification-dispatch.endpoints.test.ts[2m > [22m[2mNotification Dispatch Module - Endpoint Tests[22m[39m
[EventBus] No handlers for event type: audit.log_created
Setup - Create Workspace: [33m201[39m
Setup - Workspace ID: e08d5486-a507-4d27-a3f7-9b9f9776ac5a

{"level":30,"time":1774821863766,"pid":9344,"hostname":"DESKTOP-MMVI6TQ","reqId":"req-4","res":{"statusCode":201},"responseTime":59.481500029563904,"msg":"request completed"}
{"level":30,"time":1774821863771,"pid":9344,"hostname":"DESKTOP-MMVI6TQ","reqId":"req-5","req":{"method":"POST","url":"/api/v1/workspaces/e08d5486-a507-4d27-a3f7-9b9f9776ac5a/admin/notification-templates","hostname":"localhost:80","remoteAddress":"127.0.0.1"},"msg":"incoming request"}
{"level":50,"time":1774821863772,"pid":9344,"hostname":"DESKTOP-MMVI6TQ","reqId":"req-5","err":{"type":"Error","message":"Missing or invalid authorization header","stack":"Error: Missing or invalid authorization header\n    at Object.authenticate (C:\\Users\\ASUS\\Desktop\\Modett\\Expense Tracker Application\\Expense Tracker\\apps\\api\\src\\plugins\\auth.ts:70:19)\n    at Object.<anonymous> (C:\\Users\\ASUS\\Desktop\\Modett\\Expense Tracker Application\\Expense Tracker\\modules\\notification-dispatch\\infrastructure\\http\\routes\\index.ts:25:23)\n    at hookIterator (C:\\Users\\ASUS\\Desktop\\Modett\\Expense Tracker Application\\Expense Tracker\\node_modules\\.pnpm\\fastify@4.29.1\\node_modules\\fastify\\lib\\hooks.js:405:10)\n    at next (C:\\Users\\ASUS\\Desktop\\Modett\\Expense Tracker Application\\Expense Tracker\\node_modules\\.pnpm\\fastify@4.29.1\\node_modules\\fastify\\lib\\hooks.js:239:18)\n    at handleResolve (C:\\Users\\ASUS\\Desktop\\Modett\\Expense Tracker Application\\Expense Tracker\\node_modules\\.pnpm\\fastify@4.29.1\\node_modules\\fastify\\lib\\hooks.js:250:7)\n    at processTicksAndRejections (node:internal/process/task_queues:105:5)","statusCode":401},"url":"/api/v1/workspaces/e08d5486-a507-4d27-a3f7-9b9f9776ac5a/admin/notification-templates","method":"POST","msg":"Missing or invalid authorization header"}
{"level":30,"time":1774821863786,"pid":9344,"hostname":"DESKTOP-MMVI6TQ","reqId":"req-5","res":{"statusCode":401},"responseTime":14.563099980354309,"msg":"request completed"}
{"level":30,"time":1774821863787,"pid":9344,"hostname":"DESKTOP-MMVI6TQ","reqId":"req-6","req":{"method":"POST","url":"/api/v1/workspaces/e08d5486-a507-4d27-a3f7-9b9f9776ac5a/admin/notification-templates","hostname":"localhost:80","remoteAddress":"127.0.0.1"},"msg":"incoming request"}
{"level":30,"time":1774821863792,"pid":9344,"hostname":"DESKTOP-MMVI6TQ","reqId":"req-6","res":{"statusCode":400},"responseTime":4.575999975204468,"msg":"request completed"}
{"level":30,"time":1774821863794,"pid":9344,"hostname":"DESKTOP-MMVI6TQ","reqId":"req-7","req":{"method":"GET","url":"/api/v1/workspaces/e08d5486-a507-4d27-a3f7-9b9f9776ac5a/admin/notification-templates/b6290ea7-39d3-433e-a1e0-b093dd08af70","hostname":"localhost:80","remoteAddress":"127.0.0.1"},"msg":"incoming request"}
[90mstdout[2m | modules/notification-dispatch/tests/notification-dispatch.endpoints.test.ts[2m > [22m[2mNotification Dispatch Module - Endpoint Tests[2m > [22m[2mNotification Template Endpoints[2m > [22m[2mPOST /api/v1/admin/notification-templates[2m > [22m[2mÔ£à should create a notification template[22m[39m
Create Template: [33m201[39m Template created successfully

[90mstdout[2m | modules/notification-dispatch/tests/notification-dispatch.endpoints.test.ts[2m > [22m[2mNotification Dispatch Module - Endpoint Tests[2m > [22m[2mNotification Template Endpoints[2m > [22m[2mPOST /api/v1/admin/notification-templates[2m > [22m[2mÔØî should fail without auth token[22m[39m
Create Template No Auth: [33m401[39m

[90mstdout[2m | modules/notification-dispatch/tests/notification-dispatch.endpoints.test.ts[2m > [22m[2mNotification Dispatch Module - Endpoint Tests[2m > [22m[2mNotification Template Endpoints[2m > [22m[2mPOST /api/v1/admin/notification-templates[2m > [22m[2mÔØî should fail with missing required fields[22m[39m
Create Template Missing Fields: [33m400[39m

{"level":30,"time":1774821863823,"pid":9344,"hostname":"DESKTOP-MMVI6TQ","reqId":"req-7","res":{"statusCode":200},"responseTime":29.113700032234192,"msg":"request completed"}
{"level":30,"time":1774821863825,"pid":9344,"hostname":"DESKTOP-MMVI6TQ","reqId":"req-8","req":{"method":"GET","url":"/api/v1/workspaces/e08d5486-a507-4d27-a3f7-9b9f9776ac5a/admin/notification-templates/b6290ea7-39d3-433e-a1e0-b093dd08af70","hostname":"localhost:80","remoteAddress":"127.0.0.1"},"msg":"incoming request"}
{"level":50,"time":1774821863826,"pid":9344,"hostname":"DESKTOP-MMVI6TQ","reqId":"req-8","err":{"type":"Error","message":"Missing or invalid authorization header","stack":"Error: Missing or invalid authorization header\n    at Object.authenticate (C:\\Users\\ASUS\\Desktop\\Modett\\Expense Tracker Application\\Expense Tracker\\apps\\api\\src\\plugins\\auth.ts:70:19)\n    at Object.<anonymous> (C:\\Users\\ASUS\\Desktop\\Modett\\Expense Tracker Application\\Expense Tracker\\modules\\notification-dispatch\\infrastructure\\http\\routes\\index.ts:25:23)\n    at hookIterator (C:\\Users\\ASUS\\Desktop\\Modett\\Expense Tracker Application\\Expense Tracker\\node_modules\\.pnpm\\fastify@4.29.1\\node_modules\\fastify\\lib\\hooks.js:405:10)\n    at next (C:\\Users\\ASUS\\Desktop\\Modett\\Expense Tracker Application\\Expense Tracker\\node_modules\\.pnpm\\fastify@4.29.1\\node_modules\\fastify\\lib\\hooks.js:239:18)\n    at handleResolve (C:\\Users\\ASUS\\Desktop\\Modett\\Expense Tracker Application\\Expense Tracker\\node_modules\\.pnpm\\fastify@4.29.1\\node_modules\\fastify\\lib\\hooks.js:250:7)\n    at processTicksAndRejections (node:internal/process/task_queues:105:5)","statusCode":401},"url":"/api/v1/workspaces/e08d5486-a507-4d27-a3f7-9b9f9776ac5a/admin/notification-templates/b6290ea7-39d3-433e-a1e0-b093dd08af70","method":"GET","msg":"Missing or invalid authorization header"}
{"level":30,"time":1774821863827,"pid":9344,"hostname":"DESKTOP-MMVI6TQ","reqId":"req-8","res":{"statusCode":401},"responseTime":1.2924000024795532,"msg":"request completed"}
{"level":30,"time":1774821863830,"pid":9344,"hostname":"DESKTOP-MMVI6TQ","reqId":"req-9","req":{"method":"GET","url":"/api/v1/workspaces/e08d5486-a507-4d27-a3f7-9b9f9776ac5a/admin/notification-templates/active?type=BUDGET_ALERT&channel=EMAIL","hostname":"localhost:80","remoteAddress":"127.0.0.1"},"msg":"incoming request"}
[90mstdout[2m | modules/notification-dispatch/tests/notification-dispatch.endpoints.test.ts[2m > [22m[2mNotification Dispatch Module - Endpoint Tests[2m > [22m[2mNotification Template Endpoints[2m > [22m[2mGET /api/v1/admin/notification-templates/:templateId[2m > [22m[2mÔ£à should get template by ID[22m[39m
Get Template: [33m200[39m

[90mstdout[2m | modules/notification-dispatch/tests/notification-dispatch.endpoints.test.ts[2m > [22m[2mNotification Dispatch Module - Endpoint Tests[2m > [22m[2mNotification Template Endpoints[2m > [22m[2mGET /api/v1/admin/notification-templates/:templateId[2m > [22m[2mÔØî should fail without auth token[22m[39m
Get Template No Auth: [33m401[39m

{"level":30,"time":1774821863862,"pid":9344,"hostname":"DESKTOP-MMVI6TQ","reqId":"req-9","res":{"statusCode":200},"responseTime":31.88919997215271,"msg":"request completed"}
{"level":30,"time":1774821863864,"pid":9344,"hostname":"DESKTOP-MMVI6TQ","reqId":"req-a","req":{"method":"GET","url":"/api/v1/workspaces/e08d5486-a507-4d27-a3f7-9b9f9776ac5a/admin/notification-templates/active?type=BUDGET_ALERT&channel=EMAIL","hostname":"localhost:80","remoteAddress":"127.0.0.1"},"msg":"incoming request"}
{"level":50,"time":1774821863865,"pid":9344,"hostname":"DESKTOP-MMVI6TQ","reqId":"req-a","err":{"type":"Error","message":"Missing or invalid authorization header","stack":"Error: Missing or invalid authorization header\n    at Object.authenticate (C:\\Users\\ASUS\\Desktop\\Modett\\Expense Tracker Application\\Expense Tracker\\apps\\api\\src\\plugins\\auth.ts:70:19)\n    at Object.<anonymous> (C:\\Users\\ASUS\\Desktop\\Modett\\Expense Tracker Application\\Expense Tracker\\modules\\notification-dispatch\\infrastructure\\http\\routes\\index.ts:25:23)\n    at hookIterator (C:\\Users\\ASUS\\Desktop\\Modett\\Expense Tracker Application\\Expense Tracker\\node_modules\\.pnpm\\fastify@4.29.1\\node_modules\\fastify\\lib\\hooks.js:405:10)\n    at next (C:\\Users\\ASUS\\Desktop\\Modett\\Expense Tracker Application\\Expense Tracker\\node_modules\\.pnpm\\fastify@4.29.1\\node_modules\\fastify\\lib\\hooks.js:239:18)\n    at handleResolve (C:\\Users\\ASUS\\Desktop\\Modett\\Expense Tracker Application\\Expense Tracker\\node_modules\\.pnpm\\fastify@4.29.1\\node_modules\\fastify\\lib\\hooks.js:250:7)\n    at processTicksAndRejections (node:internal/process/task_queues:105:5)","statusCode":401},"url":"/api/v1/workspaces/e08d5486-a507-4d27-a3f7-9b9f9776ac5a/admin/notification-templates/active?type=BUDGET_ALERT&channel=EMAIL","method":"GET","msg":"Missing or invalid authorization header"}
{"level":30,"time":1774821863866,"pid":9344,"hostname":"DESKTOP-MMVI6TQ","reqId":"req-a","res":{"statusCode":401},"responseTime":1.3651000261306763,"msg":"request completed"}
{"level":30,"time":1774821863867,"pid":9344,"hostname":"DESKTOP-MMVI6TQ","reqId":"req-b","req":{"method":"PATCH","url":"/api/v1/workspaces/e08d5486-a507-4d27-a3f7-9b9f9776ac5a/admin/notification-templates/b6290ea7-39d3-433e-a1e0-b093dd08af70","hostname":"localhost:80","remoteAddress":"127.0.0.1"},"msg":"incoming request"}
[90mstdout[2m | modules/notification-dispatch/tests/notification-dispatch.endpoints.test.ts[2m > [22m[2mNotification Dispatch Module - Endpoint Tests[2m > [22m[2mNotification Template Endpoints[2m > [22m[2mGET /api/v1/admin/notification-templates/active[2m > [22m[2mÔ£à should get active template by type and channel[22m[39m
Get Active Template: [33m200[39m

[90mstdout[2m | modules/notification-dispatch/tests/notification-dispatch.endpoints.test.ts[2m > [22m[2mNotification Dispatch Module - Endpoint Tests[2m > [22m[2mNotification Template Endpoints[2m > [22m[2mGET /api/v1/admin/notification-templates/active[2m > [22m[2mÔØî should fail without auth token[22m[39m
Get Active Template No Auth: [33m401[39m

{"level":30,"time":1774821863898,"pid":9344,"hostname":"DESKTOP-MMVI6TQ","reqId":"req-2","res":{"statusCode":200},"responseTime":199.8961000442505,"msg":"request completed"}
{"level":30,"time":1774821863903,"pid":9344,"hostname":"DESKTOP-MMVI6TQ","reqId":"req-2","res":{"statusCode":200},"responseTime":279.22469997406006,"msg":"request completed"}
{"level":30,"time":1774821863910,"pid":9344,"hostname":"DESKTOP-MMVI6TQ","reqId":"req-b","res":{"statusCode":200},"responseTime":43.215099930763245,"msg":"request completed"}
{"level":30,"time":1774821863900,"pid":9344,"hostname":"DESKTOP-MMVI6TQ","reqId":"req-3","req":{"method":"POST","url":"/api/v1/workspaces","hostname":"localhost:80","remoteAddress":"127.0.0.1"},"msg":"incoming request"}
{"level":30,"time":1774821863915,"pid":9344,"hostname":"DESKTOP-MMVI6TQ","reqId":"req-c","req":{"method":"PATCH","url":"/api/v1/workspaces/e08d5486-a507-4d27-a3f7-9b9f9776ac5a/admin/notification-templates/b6290ea7-39d3-433e-a1e0-b093dd08af70","hostname":"localhost:80","remoteAddress":"127.0.0.1"},"msg":"incoming request"}
{"level":50,"time":1774821863916,"pid":9344,"hostname":"DESKTOP-MMVI6TQ","reqId":"req-c","err":{"type":"Error","message":"Missing or invalid authorization header","stack":"Error: Missing or invalid authorization header\n    at Object.authenticate (C:\\Users\\ASUS\\Desktop\\Modett\\Expense Tracker Application\\Expense Tracker\\apps\\api\\src\\plugins\\auth.ts:70:19)\n    at Object.<anonymous> (C:\\Users\\ASUS\\Desktop\\Modett\\Expense Tracker Application\\Expense Tracker\\modules\\notification-dispatch\\infrastructure\\http\\routes\\index.ts:25:23)\n    at hookIterator (C:\\Users\\ASUS\\Desktop\\Modett\\Expense Tracker Application\\Expense Tracker\\node_modules\\.pnpm\\fastify@4.29.1\\node_modules\\fastify\\lib\\hooks.js:405:10)\n    at next (C:\\Users\\ASUS\\Desktop\\Modett\\Expense Tracker Application\\Expense Tracker\\node_modules\\.pnpm\\fastify@4.29.1\\node_modules\\fastify\\lib\\hooks.js:239:18)\n    at handleResolve (C:\\Users\\ASUS\\Desktop\\Modett\\Expense Tracker Application\\Expense Tracker\\node_modules\\.pnpm\\fastify@4.29.1\\node_modules\\fastify\\lib\\hooks.js:250:7)\n    at processTicksAndRejections (node:internal/process/task_queues:105:5)","statusCode":401},"url":"/api/v1/workspaces/e08d5486-a507-4d27-a3f7-9b9f9776ac5a/admin/notification-templates/b6290ea7-39d3-433e-a1e0-b093dd08af70","method":"PATCH","msg":"Missing or invalid authorization header"}
{"level":30,"time":1774821863917,"pid":9344,"hostname":"DESKTOP-MMVI6TQ","reqId":"req-c","res":{"statusCode":401},"responseTime":1.8253999948501587,"msg":"request completed"}
{"level":30,"time":1774821863921,"pid":9344,"hostname":"DESKTOP-MMVI6TQ","reqId":"req-d","req":{"method":"PATCH","url":"/api/v1/workspaces/e08d5486-a507-4d27-a3f7-9b9f9776ac5a/admin/notification-templates/b6290ea7-39d3-433e-a1e0-b093dd08af70/activate","hostname":"localhost:80","remoteAddress":"127.0.0.1"},"msg":"incoming request"}
[90mstdout[2m | modules/cost-allocation/tests/cost-allocation.endpoints.test.ts[2m > [22m[2mCost Allocation Module - Endpoint Tests[22m[39m
Setup - Login fallback: [33m200[39m

[90mstdout[2m | modules/notification-dispatch/tests/notification-dispatch.endpoints.test.ts[2m > [22m[2mNotification Dispatch Module - Endpoint Tests[2m > [22m[2mNotification Template Endpoints[2m > [22m[2mPATCH /api/v1/admin/notification-templates/:templateId[2m > [22m[2mÔ£à should update template[22m[39m
Update Template: [33m200[39m

[90mstdout[2m | modules/notification-dispatch/tests/notification-dispatch.endpoints.test.ts[2m > [22m[2mNotification Dispatch Module - Endpoint Tests[2m > [22m[2mNotification Template Endpoints[2m > [22m[2mPATCH /api/v1/admin/notification-templates/:templateId[2m > [22m[2mÔØî should fail without auth token[22m[39m
Update Template No Auth: [33m401[39m

{"level":30,"time":1774821863932,"pid":9344,"hostname":"DESKTOP-MMVI6TQ","reqId":"req-3","req":{"method":"POST","url":"/api/v1/workspaces","hostname":"localhost:80","remoteAddress":"127.0.0.1"},"msg":"incoming request"}
[90mstdout[2m | modules/policy-controls/tests/policy-controls.endpoints.test.ts[2m > [22m[2mPolicy Controls Module - Endpoint Tests[22m[39m
Setup - Login fallback: [33m200[39m

{"level":30,"time":1774821863968,"pid":9344,"hostname":"DESKTOP-MMVI6TQ","reqId":"req-d","res":{"statusCode":200},"responseTime":45.9103000164032,"msg":"request completed"}
{"level":30,"time":1774821863971,"pid":9344,"hostname":"DESKTOP-MMVI6TQ","reqId":"req-2","res":{"statusCode":200},"responseTime":258.53540003299713,"msg":"request completed"}
{"level":30,"time":1774821863973,"pid":9344,"hostname":"DESKTOP-MMVI6TQ","reqId":"req-3","req":{"method":"POST","url":"/api/v1/workspaces","hostname":"localhost:80","remoteAddress":"127.0.0.1"},"msg":"incoming request"}
[90mstdout[2m | modules/cost-allocation/tests/cost-allocation.endpoints.test.ts[2m > [22m[2mCost Allocation Module - Endpoint Tests[22m[39m
[EventBus] No handlers for event type: audit.log_created

{"level":30,"time":1774821863970,"pid":9344,"hostname":"DESKTOP-MMVI6TQ","reqId":"req-e","req":{"method":"PATCH","url":"/api/v1/workspaces/e08d5486-a507-4d27-a3f7-9b9f9776ac5a/admin/notification-templates/b6290ea7-39d3-433e-a1e0-b093dd08af70/activate","hostname":"localhost:80","remoteAddress":"127.0.0.1"},"msg":"incoming request"}
{"level":50,"time":1774821863970,"pid":9344,"hostname":"DESKTOP-MMVI6TQ","reqId":"req-e","err":{"type":"Error","message":"Missing or invalid authorization header","stack":"Error: Missing or invalid authorization header\n    at Object.authenticate (C:\\Users\\ASUS\\Desktop\\Modett\\Expense Tracker Application\\Expense Tracker\\apps\\api\\src\\plugins\\auth.ts:70:19)\n    at Object.<anonymous> (C:\\Users\\ASUS\\Desktop\\Modett\\Expense Tracker Application\\Expense Tracker\\modules\\notification-dispatch\\infrastructure\\http\\routes\\index.ts:25:23)\n    at hookIterator (C:\\Users\\ASUS\\Desktop\\Modett\\Expense Tracker Application\\Expense Tracker\\node_modules\\.pnpm\\fastify@4.29.1\\node_modules\\fastify\\lib\\hooks.js:405:10)\n    at next (C:\\Users\\ASUS\\Desktop\\Modett\\Expense Tracker Application\\Expense Tracker\\node_modules\\.pnpm\\fastify@4.29.1\\node_modules\\fastify\\lib\\hooks.js:239:18)\n    at handleResolve (C:\\Users\\ASUS\\Desktop\\Modett\\Expense Tracker Application\\Expense Tracker\\node_modules\\.pnpm\\fastify@4.29.1\\node_modules\\fastify\\lib\\hooks.js:250:7)\n    at processTicksAndRejections (node:internal/process/task_queues:105:5)","statusCode":401},"url":"/api/v1/workspaces/e08d5486-a507-4d27-a3f7-9b9f9776ac5a/admin/notification-templates/b6290ea7-39d3-433e-a1e0-b093dd08af70/activate","method":"PATCH","msg":"Missing or invalid authorization header"}
{"level":30,"time":1774821863971,"pid":9344,"hostname":"DESKTOP-MMVI6TQ","reqId":"req-e","res":{"statusCode":401},"responseTime":1.3420000076293945,"msg":"request completed"}
{"level":30,"time":1774821863973,"pid":9344,"hostname":"DESKTOP-MMVI6TQ","reqId":"req-f","req":{"method":"PATCH","url":"/api/v1/workspaces/e08d5486-a507-4d27-a3f7-9b9f9776ac5a/admin/notification-templates/b6290ea7-39d3-433e-a1e0-b093dd08af70/deactivate","hostname":"localhost:80","remoteAddress":"127.0.0.1"},"msg":"incoming request"}
[90mstdout[2m | modules/budget-planning/tests/budget-planning.endpoints.test.ts[2m > [22m[2mBudget Planning Module - Endpoint Tests[22m[39m
Setup - Login fallback: [33m200[39m

[90mstdout[2m | modules/notification-dispatch/tests/notification-dispatch.endpoints.test.ts[2m > [22m[2mNotification Dispatch Module - Endpoint Tests[2m > [22m[2mNotification Template Endpoints[2m > [22m[2mPATCH /api/v1/admin/notification-templates/:templateId/activate[2m > [22m[2mÔ£à should activate template[22m[39m
Activate Template: [33m200[39m

[90mstdout[2m | modules/notification-dispatch/tests/notification-dispatch.endpoints.test.ts[2m > [22m[2mNotification Dispatch Module - Endpoint Tests[2m > [22m[2mNotification Template Endpoints[2m > [22m[2mPATCH /api/v1/admin/notification-templates/:templateId/activate[2m > [22m[2mÔØî should fail without auth token[22m[39m
Activate Template No Auth: [33m401[39m

{"level":30,"time":1774821864021,"pid":9344,"hostname":"DESKTOP-MMVI6TQ","reqId":"req-3","res":{"statusCode":201},"responseTime":121.22510004043579,"msg":"request completed"}
[90mstdout[2m | modules/policy-controls/tests/policy-controls.endpoints.test.ts[2m > [22m[2mPolicy Controls Module - Endpoint Tests[22m[39m
[EventBus] No handlers for event type: audit.log_created

[90mstdout[2m | modules/budget-planning/tests/budget-planning.endpoints.test.ts[2m > [22m[2mBudget Planning Module - Endpoint Tests[22m[39m
[EventBus] No handlers for event type: audit.log_created

{"level":30,"time":1774821864028,"pid":9344,"hostname":"DESKTOP-MMVI6TQ","reqId":"req-f","res":{"statusCode":200},"responseTime":55.00310003757477,"msg":"request completed"}
{"level":30,"time":1774821864034,"pid":9344,"hostname":"DESKTOP-MMVI6TQ","reqId":"req-4","req":{"method":"POST","url":"/api/v1/workspaces/0351eb01-7c99-4ad4-8111-6e905c077f54/departments","hostname":"localhost:80","remoteAddress":"127.0.0.1"},"msg":"incoming request"}
{"level":30,"time":1774821864029,"pid":9344,"hostname":"DESKTOP-MMVI6TQ","reqId":"req-g","req":{"method":"PATCH","url":"/api/v1/workspaces/e08d5486-a507-4d27-a3f7-9b9f9776ac5a/admin/notification-templates/b6290ea7-39d3-433e-a1e0-b093dd08af70/deactivate","hostname":"localhost:80","remoteAddress":"127.0.0.1"},"msg":"incoming request"}
{"level":50,"time":1774821864030,"pid":9344,"hostname":"DESKTOP-MMVI6TQ","reqId":"req-g","err":{"type":"Error","message":"Missing or invalid authorization header","stack":"Error: Missing or invalid authorization header\n    at Object.authenticate (C:\\Users\\ASUS\\Desktop\\Modett\\Expense Tracker Application\\Expense Tracker\\apps\\api\\src\\plugins\\auth.ts:70:19)\n    at Object.<anonymous> (C:\\Users\\ASUS\\Desktop\\Modett\\Expense Tracker Application\\Expense Tracker\\modules\\notification-dispatch\\infrastructure\\http\\routes\\index.ts:25:23)\n    at hookIterator (C:\\Users\\ASUS\\Desktop\\Modett\\Expense Tracker Application\\Expense Tracker\\node_modules\\.pnpm\\fastify@4.29.1\\node_modules\\fastify\\lib\\hooks.js:405:10)\n    at next (C:\\Users\\ASUS\\Desktop\\Modett\\Expense Tracker Application\\Expense Tracker\\node_modules\\.pnpm\\fastify@4.29.1\\node_modules\\fastify\\lib\\hooks.js:239:18)\n    at handleResolve (C:\\Users\\ASUS\\Desktop\\Modett\\Expense Tracker Application\\Expense Tracker\\node_modules\\.pnpm\\fastify@4.29.1\\node_modules\\fastify\\lib\\hooks.js:250:7)\n    at processTicksAndRejections (node:internal/process/task_queues:105:5)","statusCode":401},"url":"/api/v1/workspaces/e08d5486-a507-4d27-a3f7-9b9f9776ac5a/admin/notification-templates/b6290ea7-39d3-433e-a1e0-b093dd08af70/deactivate","method":"PATCH","msg":"Missing or invalid authorization header"}
{"level":30,"time":1774821864031,"pid":9344,"hostname":"DESKTOP-MMVI6TQ","reqId":"req-g","res":{"statusCode":401},"responseTime":2.0942999124526978,"msg":"request completed"}
{"level":30,"time":1774821864036,"pid":9344,"hostname":"DESKTOP-MMVI6TQ","reqId":"req-h","req":{"method":"GET","url":"/api/v1/workspaces/e08d5486-a507-4d27-a3f7-9b9f9776ac5a/notifications","hostname":"localhost:80","remoteAddress":"127.0.0.1"},"msg":"incoming request"}
{"level":30,"time":1774821864051,"pid":9344,"hostname":"DESKTOP-MMVI6TQ","reqId":"req-3","res":{"statusCode":201},"responseTime":118.53139996528625,"msg":"request completed"}
[90mstdout[2m | modules/cost-allocation/tests/cost-allocation.endpoints.test.ts[2m > [22m[2mCost Allocation Module - Endpoint Tests[22m[39m
[EventBus] No handlers for event type: audit.log_created
Setup - Create Workspace: [33m201[39m
Setup - Workspace ID: 0351eb01-7c99-4ad4-8111-6e905c077f54

[90mstdout[2m | modules/notification-dispatch/tests/notification-dispatch.endpoints.test.ts[2m > [22m[2mNotification Dispatch Module - Endpoint Tests[2m > [22m[2mNotification Template Endpoints[2m > [22m[2mPATCH /api/v1/admin/notification-templates/:templateId/deactivate[2m > [22m[2mÔ£à should deactivate template[22m[39m
Deactivate Template: [33m200[39m

[90mstdout[2m | modules/notification-dispatch/tests/notification-dispatch.endpoints.test.ts[2m > [22m[2mNotification Dispatch Module - Endpoint Tests[2m > [22m[2mNotification Template Endpoints[2m > [22m[2mPATCH /api/v1/admin/notification-templates/:templateId/deactivate[2m > [22m[2mÔØî should fail without auth token[22m[39m
Deactivate Template No Auth: [33m401[39m

{"level":30,"time":1774821864059,"pid":9344,"hostname":"DESKTOP-MMVI6TQ","reqId":"req-3","res":{"statusCode":201},"responseTime":85.62940001487732,"msg":"request completed"}
{"level":30,"time":1774821864061,"pid":9344,"hostname":"DESKTOP-MMVI6TQ","reqId":"req-4","req":{"method":"POST","url":"/api/v1/workspaces/e7cc14a8-b5ee-4fc5-8226-3bdc876108f8/policies","hostname":"localhost:80","remoteAddress":"127.0.0.1"},"msg":"incoming request"}
{"level":30,"time":1774821864064,"pid":9344,"hostname":"DESKTOP-MMVI6TQ","reqId":"req-4","req":{"method":"POST","url":"/api/v1/workspaces/461aad2e-b059-4d67-90d4-559dbebe5eb3/budget-plans","hostname":"localhost:80","remoteAddress":"127.0.0.1"},"msg":"incoming request"}
[90mstdout[2m | modules/policy-controls/tests/policy-controls.endpoints.test.ts[2m > [22m[2mPolicy Controls Module - Endpoint Tests[22m[39m
[EventBus] No handlers for event type: audit.log_created
Setup - Create Workspace: [33m201[39m

[90mstdout[2m | modules/budget-planning/tests/budget-planning.endpoints.test.ts[2m > [22m[2mBudget Planning Module - Endpoint Tests[22m[39m
[EventBus] No handlers for event type: audit.log_created
Setup - Create Workspace: [33m201[39m
Setup - Workspace ID: 461aad2e-b059-4d67-90d4-559dbebe5eb3

{"level":30,"time":1774821864127,"pid":9344,"hostname":"DESKTOP-MMVI6TQ","reqId":"req-4","res":{"statusCode":201},"responseTime":92.68110001087189,"msg":"request completed"}
{"level":30,"time":1774821864127,"pid":9344,"hostname":"DESKTOP-MMVI6TQ","reqId":"req-4","res":{"statusCode":201},"responseTime":62.743499994277954,"msg":"request completed"}
{"level":30,"time":1774821864130,"pid":9344,"hostname":"DESKTOP-MMVI6TQ","reqId":"req-4","res":{"statusCode":201},"responseTime":69.0181999206543,"msg":"request completed"}
{"level":30,"time":1774821864137,"pid":9344,"hostname":"DESKTOP-MMVI6TQ","reqId":"req-5","req":{"method":"POST","url":"/api/v1/workspaces/e7cc14a8-b5ee-4fc5-8226-3bdc876108f8/policies","hostname":"localhost:80","remoteAddress":"127.0.0.1"},"msg":"incoming request"}
[90mstdout[2m | modules/policy-controls/tests/policy-controls.endpoints.test.ts[2m > [22m[2mPolicy Controls Module - Endpoint Tests[2m > [22m[2mPolicy Endpoints[2m > [22m[2mPOST /api/v1/:workspaceId/policies[2m > [22m[2mÔ£à should create a spending limit policy[22m[39m
[EventBus] No handlers for event type: policy.created
Create Policy: [33m201[39m Policy created successfully

{"level":30,"time":1774821864135,"pid":9344,"hostname":"DESKTOP-MMVI6TQ","reqId":"req-5","req":{"method":"POST","url":"/api/v1/workspaces/0351eb01-7c99-4ad4-8111-6e905c077f54/departments","hostname":"localhost:80","remoteAddress":"127.0.0.1"},"msg":"incoming request"}
{"level":50,"time":1774821864137,"pid":9344,"hostname":"DESKTOP-MMVI6TQ","reqId":"req-5","err":{"type":"Error","message":"Missing or invalid authorization header","stack":"Error: Missing or invalid authorization header\n    at Object.authenticate (C:\\Users\\ASUS\\Desktop\\Modett\\Expense Tracker Application\\Expense Tracker\\apps\\api\\src\\plugins\\auth.ts:70:19)\n    at Object.<anonymous> (C:\\Users\\ASUS\\Desktop\\Modett\\Expense Tracker Application\\Expense Tracker\\modules\\cost-allocation\\infrastructure\\http\\routes\\index.ts:22:23)\n    at hookIterator (C:\\Users\\ASUS\\Desktop\\Modett\\Expense Tracker Application\\Expense Tracker\\node_modules\\.pnpm\\fastify@4.29.1\\node_modules\\fastify\\lib\\hooks.js:405:10)\n    at next (C:\\Users\\ASUS\\Desktop\\Modett\\Expense Tracker Application\\Expense Tracker\\node_modules\\.pnpm\\fastify@4.29.1\\node_modules\\fastify\\lib\\hooks.js:239:18)\n    at handleResolve (C:\\Users\\ASUS\\Desktop\\Modett\\Expense Tracker Application\\Expense Tracker\\node_modules\\.pnpm\\fastify@4.29.1\\node_modules\\fastify\\lib\\hooks.js:250:7)\n    at processTicksAndRejections (node:internal/process/task_queues:105:5)","statusCode":401},"url":"/api/v1/workspaces/0351eb01-7c99-4ad4-8111-6e905c077f54/departments","method":"POST","msg":"Missing or invalid authorization header"}
{"level":30,"time":1774821864147,"pid":9344,"hostname":"DESKTOP-MMVI6TQ","reqId":"req-5","res":{"statusCode":401},"responseTime":11.516499996185303,"msg":"request completed"}
{"level":30,"time":1774821864149,"pid":9344,"hostname":"DESKTOP-MMVI6TQ","reqId":"req-6","req":{"method":"POST","url":"/api/v1/workspaces/0351eb01-7c99-4ad4-8111-6e905c077f54/departments","hostname":"localhost:80","remoteAddress":"127.0.0.1"},"msg":"incoming request"}
{"level":50,"time":1774821864153,"pid":9344,"hostname":"DESKTOP-MMVI6TQ","reqId":"req-6","err":{"type":"Error","message":"body must have required property 'code'","stack":"Error: body must have required property 'code'\n    at Object.schemaErrorFormatter (C:\\Users\\ASUS\\Desktop\\Modett\\Expense Tracker Application\\Expense Tracker\\apps\\api\\src\\server.ts:35:14)\n    at wrapValidationError (C:\\Users\\ASUS\\Desktop\\Modett\\Expense Tracker Application\\Expense Tracker\\node_modules\\.pnpm\\fastify@4.29.1\\node_modules\\fastify\\lib\\validation.js:249:17)\n    at validate (C:\\Users\\ASUS\\Desktop\\Modett\\Expense Tracker Application\\Expense Tracker\\node_modules\\.pnpm\\fastify@4.29.1\\node_modules\\fastify\\lib\\validation.js:167:16)\n    at preValidationCallback (C:\\Users\\ASUS\\Desktop\\Modett\\Expense Tracker Application\\Expense Tracker\\node_modules\\.pnpm\\fastify@4.29.1\\node_modules\\fastify\\lib\\handleRequest.js:93:25)\n    at next (C:\\Users\\ASUS\\Desktop\\Modett\\Expense Tracker Application\\Expense Tracker\\node_modules\\.pnpm\\fastify@4.29.1\\node_modules\\fastify\\lib\\hooks.js:233:9)\n    at handleResolve (C:\\Users\\ASUS\\Desktop\\Modett\\Expense Tracker Application\\Expense Tracker\\node_modules\\.pnpm\\fastify@4.29.1\\node_modules\\fastify\\lib\\hooks.js:250:7)\n    at processTicksAndRejections (node:internal/process/task_queues:105:5)","statusCode":400,"code":"FST_ERR_VALIDATION","validation":[{"instancePath":"","schemaPath":"#/required","keyword":"required","params":{"missingProperty":"code"},"message":"must have required property 'code'"}],"validationContext":"body"},"url":"/api/v1/workspaces/0351eb01-7c99-4ad4-8111-6e905c077f54/departments","method":"POST","msg":"body must have required property 'code'"}
{"level":30,"time":1774821864157,"pid":9344,"hostname":"DESKTOP-MMVI6TQ","reqId":"req-6","res":{"statusCode":400},"responseTime":8.046299934387207,"msg":"request completed"}
{"level":30,"time":1774821864161,"pid":9344,"hostname":"DESKTOP-MMVI6TQ","reqId":"req-7","req":{"method":"GET","url":"/api/v1/workspaces/0351eb01-7c99-4ad4-8111-6e905c077f54/departments","hostname":"localhost:80","remoteAddress":"127.0.0.1"},"msg":"incoming request"}
{"level":30,"time":1774821864173,"pid":9344,"hostname":"DESKTOP-MMVI6TQ","reqId":"req-5","res":{"statusCode":201},"responseTime":36.039899945259094,"msg":"request completed"}
[90mstdout[2m | modules/cost-allocation/tests/cost-allocation.endpoints.test.ts[2m > [22m[2mCost Allocation Module - Endpoint Tests[2m > [22m[2mDepartment Endpoints[2m > [22m[2mPOST /api/v1/:workspaceId/departments[2m > [22m[2mÔ£à should create a department[22m[39m
[EventBus] No handlers for event type: DepartmentCreated
Create Department: [33m201[39m

[90mstdout[2m | modules/cost-allocation/tests/cost-allocation.endpoints.test.ts[2m > [22m[2mCost Allocation Module - Endpoint Tests[2m > [22m[2mDepartment Endpoints[2m > [22m[2mPOST /api/v1/:workspaceId/departments[2m > [22m[2mÔØî should fail without auth token[22m[39m
Create Department No Auth: [33m401[39m

[90mstdout[2m | modules/cost-allocation/tests/cost-allocation.endpoints.test.ts[2m > [22m[2mCost Allocation Module - Endpoint Tests[2m > [22m[2mDepartment Endpoints[2m > [22m[2mPOST /api/v1/:workspaceId/departments[2m > [22m[2mÔØî should fail with missing required fields[22m[39m
Create Department Missing Fields: [33m400[39m

{"level":30,"time":1774821864136,"pid":9344,"hostname":"DESKTOP-MMVI6TQ","reqId":"req-5","req":{"method":"POST","url":"/api/v1/workspaces/461aad2e-b059-4d67-90d4-559dbebe5eb3/budget-plans","hostname":"localhost:80","remoteAddress":"127.0.0.1"},"msg":"incoming request"}
{"level":50,"time":1774821864137,"pid":9344,"hostname":"DESKTOP-MMVI6TQ","reqId":"req-5","err":{"type":"Error","message":"Missing or invalid authorization header","stack":"Error: Missing or invalid authorization header\n    at Object.authenticate (C:\\Users\\ASUS\\Desktop\\Modett\\Expense Tracker Application\\Expense Tracker\\apps\\api\\src\\plugins\\auth.ts:70:19)\n    at Object.<anonymous> (C:\\Users\\ASUS\\Desktop\\Modett\\Expense Tracker Application\\Expense Tracker\\modules\\budget-planning\\infrastructure\\http\\routes\\index.ts:25:23)\n    at hookIterator (C:\\Users\\ASUS\\Desktop\\Modett\\Expense Tracker Application\\Expense Tracker\\node_modules\\.pnpm\\fastify@4.29.1\\node_modules\\fastify\\lib\\hooks.js:405:10)\n    at next (C:\\Users\\ASUS\\Desktop\\Modett\\Expense Tracker Application\\Expense Tracker\\node_modules\\.pnpm\\fastify@4.29.1\\node_modules\\fastify\\lib\\hooks.js:239:18)\n    at handleResolve (C:\\Users\\ASUS\\Desktop\\Modett\\Expense Tracker Application\\Expense Tracker\\node_modules\\.pnpm\\fastify@4.29.1\\node_modules\\fastify\\lib\\hooks.js:250:7)\n    at processTicksAndRejections (node:internal/process/task_queues:105:5)","statusCode":401},"url":"/api/v1/workspaces/461aad2e-b059-4d67-90d4-559dbebe5eb3/budget-plans","method":"POST","msg":"Missing or invalid authorization header"}
{"level":30,"time":1774821864150,"pid":9344,"hostname":"DESKTOP-MMVI6TQ","reqId":"req-5","res":{"statusCode":401},"responseTime":14.235700011253357,"msg":"request completed"}
{"level":30,"time":1774821864152,"pid":9344,"hostname":"DESKTOP-MMVI6TQ","reqId":"req-6","req":{"method":"POST","url":"/api/v1/workspaces/461aad2e-b059-4d67-90d4-559dbebe5eb3/budget-plans","hostname":"localhost:80","remoteAddress":"127.0.0.1"},"msg":"incoming request"}
{"level":50,"time":1774821864158,"pid":9344,"hostname":"DESKTOP-MMVI6TQ","reqId":"req-6","err":{"type":"Error","message":"body must have required property 'startDate'","stack":"Error: body must have required property 'startDate'\n    at Object.schemaErrorFormatter (C:\\Users\\ASUS\\Desktop\\Modett\\Expense Tracker Application\\Expense Tracker\\apps\\api\\src\\server.ts:35:14)\n    at wrapValidationError (C:\\Users\\ASUS\\Desktop\\Modett\\Expense Tracker Application\\Expense Tracker\\node_modules\\.pnpm\\fastify@4.29.1\\node_modules\\fastify\\lib\\validation.js:249:17)\n    at validate (C:\\Users\\ASUS\\Desktop\\Modett\\Expense Tracker Application\\Expense Tracker\\node_modules\\.pnpm\\fastify@4.29.1\\node_modules\\fastify\\lib\\validation.js:167:16)\n    at preValidationCallback (C:\\Users\\ASUS\\Desktop\\Modett\\Expense Tracker Application\\Expense Tracker\\node_modules\\.pnpm\\fastify@4.29.1\\node_modules\\fastify\\lib\\handleRequest.js:93:25)\n    at next (C:\\Users\\ASUS\\Desktop\\Modett\\Expense Tracker Application\\Expense Tracker\\node_modules\\.pnpm\\fastify@4.29.1\\node_modules\\fastify\\lib\\hooks.js:233:9)\n    at handleResolve (C:\\Users\\ASUS\\Desktop\\Modett\\Expense Tracker Application\\Expense Tracker\\node_modules\\.pnpm\\fastify@4.29.1\\node_modules\\fastify\\lib\\hooks.js:250:7)\n    at processTicksAndRejections (node:internal/process/task_queues:105:5)","statusCode":400,"code":"FST_ERR_VALIDATION","validation":[{"instancePath":"","schemaPath":"#/required","keyword":"required","params":{"missingProperty":"startDate"},"message":"must have required property 'startDate'"}],"validationContext":"body"},"url":"/api/v1/workspaces/461aad2e-b059-4d67-90d4-559dbebe5eb3/budget-plans","method":"POST","msg":"body must have required property 'startDate'"}
{"level":30,"time":1774821864166,"pid":9344,"hostname":"DESKTOP-MMVI6TQ","reqId":"req-6","res":{"statusCode":400},"responseTime":13.491600036621094,"msg":"request completed"}
{"level":30,"time":1774821864184,"pid":9344,"hostname":"DESKTOP-MMVI6TQ","reqId":"req-7","req":{"method":"GET","url":"/api/v1/workspaces/461aad2e-b059-4d67-90d4-559dbebe5eb3/budget-plans","hostname":"localhost:80","remoteAddress":"127.0.0.1"},"msg":"incoming request"}
{"level":30,"time":1774821864196,"pid":9344,"hostname":"DESKTOP-MMVI6TQ","reqId":"req-h","res":{"statusCode":200},"responseTime":159.19570004940033,"msg":"request completed"}
[90mstdout[2m | modules/budget-planning/tests/budget-planning.endpoints.test.ts[2m > [22m[2mBudget Planning Module - Endpoint Tests[2m > [22m[2mBudget Plan Endpoints[2m > [22m[2mPOST /api/v1/:workspaceId/budget-plans[2m > [22m[2mÔ£à should create a budget plan[22m[39m
[EventBus] No handlers for event type: BudgetPlanCreated
Create Budget Plan: [33m201[39m

[90mstdout[2m | modules/budget-planning/tests/budget-planning.endpoints.test.ts[2m > [22m[2mBudget Planning Module - Endpoint Tests[2m > [22m[2mBudget Plan Endpoints[2m > [22m[2mPOST /api/v1/:workspaceId/budget-plans[2m > [22m[2mÔØî should fail without auth token[22m[39m
Create Budget Plan No Auth: [33m401[39m

[90mstdout[2m | modules/budget-planning/tests/budget-planning.endpoints.test.ts[2m > [22m[2mBudget Planning Module - Endpoint Tests[2m > [22m[2mBudget Plan Endpoints[2m > [22m[2mPOST /api/v1/:workspaceId/budget-plans[2m > [22m[2mÔØî should fail with missing required fields[22m[39m
Create Budget Plan Missing Fields: [33m400[39m

{"level":30,"time":1774821864175,"pid":9344,"hostname":"DESKTOP-MMVI6TQ","reqId":"req-6","req":{"method":"POST","url":"/api/v1/workspaces/e7cc14a8-b5ee-4fc5-8226-3bdc876108f8/policies","hostname":"localhost:80","remoteAddress":"127.0.0.1"},"msg":"incoming request"}
{"level":50,"time":1774821864177,"pid":9344,"hostname":"DESKTOP-MMVI6TQ","reqId":"req-6","err":{"type":"Error","message":"Missing or invalid authorization header","stack":"Error: Missing or invalid authorization header\n    at Object.authenticate (C:\\Users\\ASUS\\Desktop\\Modett\\Expense Tracker Application\\Expense Tracker\\apps\\api\\src\\plugins\\auth.ts:70:19)\n    at Object.<anonymous> (C:\\Users\\ASUS\\Desktop\\Modett\\Expense Tracker Application\\Expense Tracker\\modules\\policy-controls\\infrastructure\\http\\routes\\index.ts:25:23)\n    at hookIterator (C:\\Users\\ASUS\\Desktop\\Modett\\Expense Tracker Application\\Expense Tracker\\node_modules\\.pnpm\\fastify@4.29.1\\node_modules\\fastify\\lib\\hooks.js:405:10)\n    at next (C:\\Users\\ASUS\\Desktop\\Modett\\Expense Tracker Application\\Expense Tracker\\node_modules\\.pnpm\\fastify@4.29.1\\node_modules\\fastify\\lib\\hooks.js:239:18)\n    at handleResolve (C:\\Users\\ASUS\\Desktop\\Modett\\Expense Tracker Application\\Expense Tracker\\node_modules\\.pnpm\\fastify@4.29.1\\node_modules\\fastify\\lib\\hooks.js:250:7)\n    at processTicksAndRejections (node:internal/process/task_queues:105:5)","statusCode":401},"url":"/api/v1/workspaces/e7cc14a8-b5ee-4fc5-8226-3bdc876108f8/policies","method":"POST","msg":"Missing or invalid authorization header"}
{"level":30,"time":1774821864187,"pid":9344,"hostname":"DESKTOP-MMVI6TQ","reqId":"req-6","res":{"statusCode":401},"responseTime":11.562399983406067,"msg":"request completed"}
{"level":30,"time":1774821864190,"pid":9344,"hostname":"DESKTOP-MMVI6TQ","reqId":"req-7","req":{"method":"POST","url":"/api/v1/workspaces/e7cc14a8-b5ee-4fc5-8226-3bdc876108f8/policies","hostname":"localhost:80","remoteAddress":"127.0.0.1"},"msg":"incoming request"}
{"level":50,"time":1774821864193,"pid":9344,"hostname":"DESKTOP-MMVI6TQ","reqId":"req-7","err":{"type":"Error","message":"body/name must NOT have fewer than 1 characters","stack":"Error: body/name must NOT have fewer than 1 characters\n    at Object.schemaErrorFormatter (C:\\Users\\ASUS\\Desktop\\Modett\\Expense Tracker Application\\Expense Tracker\\apps\\api\\src\\server.ts:35:14)\n    at wrapValidationError (C:\\Users\\ASUS\\Desktop\\Modett\\Expense Tracker Application\\Expense Tracker\\node_modules\\.pnpm\\fastify@4.29.1\\node_modules\\fastify\\lib\\validation.js:249:17)\n    at validate (C:\\Users\\ASUS\\Desktop\\Modett\\Expense Tracker Application\\Expense Tracker\\node_modules\\.pnpm\\fastify@4.29.1\\node_modules\\fastify\\lib\\validation.js:167:16)\n    at preValidationCallback (C:\\Users\\ASUS\\Desktop\\Modett\\Expense Tracker Application\\Expense Tracker\\node_modules\\.pnpm\\fastify@4.29.1\\node_modules\\fastify\\lib\\handleRequest.js:93:25)\n    at next (C:\\Users\\ASUS\\Desktop\\Modett\\Expense Tracker Application\\Expense Tracker\\node_modules\\.pnpm\\fastify@4.29.1\\node_modules\\fastify\\lib\\hooks.js:233:9)\n    at handleResolve (C:\\Users\\ASUS\\Desktop\\Modett\\Expense Tracker Application\\Expense Tracker\\node_modules\\.pnpm\\fastify@4.29.1\\node_modules\\fastify\\lib\\hooks.js:250:7)\n    at processTicksAndRejections (node:internal/process/task_queues:105:5)","statusCode":400,"code":"FST_ERR_VALIDATION","validation":[{"instancePath":"/name","schemaPath":"#/properties/name/minLength","keyword":"minLength","params":{"limit":1},"message":"must NOT have fewer than 1 characters"}],"validationContext":"body"},"url":"/api/v1/workspaces/e7cc14a8-b5ee-4fc5-8226-3bdc876108f8/policies","method":"POST","msg":"body/name must NOT have fewer than 1 characters"}
{"level":30,"time":1774821864197,"pid":9344,"hostname":"DESKTOP-MMVI6TQ","reqId":"req-7","res":{"statusCode":400},"responseTime":6.9319000244140625,"msg":"request completed"}
{"level":30,"time":1774821864199,"pid":9344,"hostname":"DESKTOP-MMVI6TQ","reqId":"req-8","req":{"method":"POST","url":"/api/v1/workspaces/e7cc14a8-b5ee-4fc5-8226-3bdc876108f8/policies","hostname":"localhost:80","remoteAddress":"127.0.0.1"},"msg":"incoming request"}
{"level":30,"time":1774821864197,"pid":9344,"hostname":"DESKTOP-MMVI6TQ","reqId":"req-i","req":{"method":"GET","url":"/api/v1/workspaces/e08d5486-a507-4d27-a3f7-9b9f9776ac5a/notifications","hostname":"localhost:80","remoteAddress":"127.0.0.1"},"msg":"incoming request"}
{"level":50,"time":1774821864197,"pid":9344,"hostname":"DESKTOP-MMVI6TQ","reqId":"req-i","err":{"type":"Error","message":"Missing or invalid authorization header","stack":"Error: Missing or invalid authorization header\n    at Object.authenticate (C:\\Users\\ASUS\\Desktop\\Modett\\Expense Tracker Application\\Expense Tracker\\apps\\api\\src\\plugins\\auth.ts:70:19)\n    at Object.<anonymous> (C:\\Users\\ASUS\\Desktop\\Modett\\Expense Tracker Application\\Expense Tracker\\modules\\notification-dispatch\\infrastructure\\http\\routes\\index.ts:25:23)\n    at hookIterator (C:\\Users\\ASUS\\Desktop\\Modett\\Expense Tracker Application\\Expense Tracker\\node_modules\\.pnpm\\fastify@4.29.1\\node_modules\\fastify\\lib\\hooks.js:405:10)\n    at next (C:\\Users\\ASUS\\Desktop\\Modett\\Expense Tracker Application\\Expense Tracker\\node_modules\\.pnpm\\fastify@4.29.1\\node_modules\\fastify\\lib\\hooks.js:239:18)\n    at handleResolve (C:\\Users\\ASUS\\Desktop\\Modett\\Expense Tracker Application\\Expense Tracker\\node_modules\\.pnpm\\fastify@4.29.1\\node_modules\\fastify\\lib\\hooks.js:250:7)\n    at processTicksAndRejections (node:internal/process/task_queues:105:5)","statusCode":401},"url":"/api/v1/workspaces/e08d5486-a507-4d27-a3f7-9b9f9776ac5a/notifications","method":"GET","msg":"Missing or invalid authorization header"}
{"level":30,"time":1774821864198,"pid":9344,"hostname":"DESKTOP-MMVI6TQ","reqId":"req-i","res":{"statusCode":401},"responseTime":1.0922999382019043,"msg":"request completed"}
{"level":30,"time":1774821864199,"pid":9344,"hostname":"DESKTOP-MMVI6TQ","reqId":"req-j","req":{"method":"GET","url":"/api/v1/workspaces/e08d5486-a507-4d27-a3f7-9b9f9776ac5a/notifications?limit=10&offset=0","hostname":"localhost:80","remoteAddress":"127.0.0.1"},"msg":"incoming request"}
[90mstdout[2m | modules/policy-controls/tests/policy-controls.endpoints.test.ts[2m > [22m[2mPolicy Controls Module - Endpoint Tests[2m > [22m[2mPolicy Endpoints[2m > [22m[2mPOST /api/v1/:workspaceId/policies[2m > [22m[2mÔ£à should create a category restriction policy[22m[39m
[EventBus] No handlers for event type: policy.created
Create Category Policy: [33m201[39m

{"level":50,"time":1774821864204,"pid":9344,"hostname":"DESKTOP-MMVI6TQ","reqId":"req-8","err":{"type":"Error","message":"body/policyType must be equal to one of the allowed values","stack":"Error: body/policyType must be equal to one of the allowed values\n    at Object.schemaErrorFormatter (C:\\Users\\ASUS\\Desktop\\Modett\\Expense Tracker Application\\Expense Tracker\\apps\\api\\src\\server.ts:35:14)\n    at wrapValidationError (C:\\Users\\ASUS\\Desktop\\Modett\\Expense Tracker Application\\Expense Tracker\\node_modules\\.pnpm\\fastify@4.29.1\\node_modules\\fastify\\lib\\validation.js:249:17)\n    at validate (C:\\Users\\ASUS\\Desktop\\Modett\\Expense Tracker Application\\Expense Tracker\\node_modules\\.pnpm\\fastify@4.29.1\\node_modules\\fastify\\lib\\validation.js:167:16)\n    at preValidationCallback (C:\\Users\\ASUS\\Desktop\\Modett\\Expense Tracker Application\\Expense Tracker\\node_modules\\.pnpm\\fastify@4.29.1\\node_modules\\fastify\\lib\\handleRequest.js:93:25)\n    at next (C:\\Users\\ASUS\\Desktop\\Modett\\Expense Tracker Application\\Expense Tracker\\node_modules\\.pnpm\\fastify@4.29.1\\node_modules\\fastify\\lib\\hooks.js:233:9)\n    at handleResolve (C:\\Users\\ASUS\\Desktop\\Modett\\Expense Tracker Application\\Expense Tracker\\node_modules\\.pnpm\\fastify@4.29.1\\node_modules\\fastify\\lib\\hooks.js:250:7)\n    at processTicksAndRejections (node:internal/process/task_queues:105:5)","statusCode":400,"code":"FST_ERR_VALIDATION","validation":[{"instancePath":"/policyType","schemaPath":"#/properties/policyType/enum","keyword":"enum","params":{"allowedValues":["SPENDING_LIMIT","DAILY_LIMIT","WEEKLY_LIMIT","MONTHLY_LIMIT","CATEGORY_RESTRICTION","MERCHANT_BLACKLIST","TIME_RESTRICTION","RECEIPT_REQUIRED","DESCRIPTION_REQUIRED","APPROVAL_REQUIRED"]},"message":"must be equal to one of the allowed values"}],"validationContext":"body"},"url":"/api/v1/workspaces/e7cc14a8-b5ee-4fc5-8226-3bdc876108f8/policies","method":"POST","msg":"body/policyType must be equal to one of the allowed values"}
{"level":30,"time":1774821864205,"pid":9344,"hostname":"DESKTOP-MMVI6TQ","reqId":"req-8","res":{"statusCode":400},"responseTime":6.261000037193298,"msg":"request completed"}
{"level":30,"time":1774821864209,"pid":9344,"hostname":"DESKTOP-MMVI6TQ","reqId":"req-9","req":{"method":"POST","url":"/api/v1/workspaces/e7cc14a8-b5ee-4fc5-8226-3bdc876108f8/policies","hostname":"localhost:80","remoteAddress":"127.0.0.1"},"msg":"incoming request"}
{"level":30,"time":1774821864228,"pid":9344,"hostname":"DESKTOP-MMVI6TQ","reqId":"req-j","res":{"statusCode":200},"responseTime":29.210399985313416,"msg":"request completed"}
[90mstdout[2m | modules/policy-controls/tests/policy-controls.endpoints.test.ts[2m > [22m[2mPolicy Controls Module - Endpoint Tests[2m > [22m[2mPolicy Endpoints[2m > [22m[2mPOST /api/v1/:workspaceId/policies[2m > [22m[2mÔØî should fail without auth token[22m[39m
Create Policy No Auth: [33m401[39m

[90mstdout[2m | modules/policy-controls/tests/policy-controls.endpoints.test.ts[2m > [22m[2mPolicy Controls Module - Endpoint Tests[2m > [22m[2mPolicy Endpoints[2m > [22m[2mPOST /api/v1/:workspaceId/policies[2m > [22m[2mÔØî should fail with empty name[22m[39m
Create Policy Empty Name: [33m400[39m

[90mstdout[2m | modules/policy-controls/tests/policy-controls.endpoints.test.ts[2m > [22m[2mPolicy Controls Module - Endpoint Tests[2m > [22m[2mPolicy Endpoints[2m > [22m[2mPOST /api/v1/:workspaceId/policies[2m > [22m[2mÔØî should fail with invalid policy type[22m[39m
Create Policy Invalid Type: [33m400[39m

[90mstdout[2m | modules/notification-dispatch/tests/notification-dispatch.endpoints.test.ts[2m > [22m[2mNotification Dispatch Module - Endpoint Tests[2m > [22m[2mNotification Endpoints[2m > [22m[2mGET /api/v1/workspaces/:workspaceId/notifications[2m > [22m[2mÔ£à should get notifications[22m[39m
Get Notifications: [33m200[39m

[90mstdout[2m | modules/notification-dispatch/tests/notification-dispatch.endpoints.test.ts[2m > [22m[2mNotification Dispatch Module - Endpoint Tests[2m > [22m[2mNotification Endpoints[2m > [22m[2mGET /api/v1/workspaces/:workspaceId/notifications[2m > [22m[2mÔØî should fail without auth token[22m[39m
Get Notifications No Auth: [33m401[39m

{"level":30,"time":1774821864237,"pid":9344,"hostname":"DESKTOP-MMVI6TQ","reqId":"req-k","req":{"method":"PATCH","url":"/api/v1/workspaces/e08d5486-a507-4d27-a3f7-9b9f9776ac5a/notifications/00000000-0000-0000-0000-000000000001/read","hostname":"localhost:80","remoteAddress":"127.0.0.1"},"msg":"incoming request"}
{"level":30,"time":1774821864244,"pid":9344,"hostname":"DESKTOP-MMVI6TQ","reqId":"req-9","res":{"statusCode":409},"responseTime":29.882400035858154,"msg":"request completed"}
[90mstdout[2m | modules/notification-dispatch/tests/notification-dispatch.endpoints.test.ts[2m > [22m[2mNotification Dispatch Module - Endpoint Tests[2m > [22m[2mNotification Endpoints[2m > [22m[2mGET /api/v1/workspaces/:workspaceId/notifications[2m > [22m[2mÔ£à should support pagination[22m[39m
Get Notifications with Pagination: [33m200[39m

{"level":30,"time":1774821864264,"pid":9344,"hostname":"DESKTOP-MMVI6TQ","reqId":"req-k","res":{"statusCode":400},"responseTime":27.09969997406006,"msg":"request completed"}
{"level":30,"time":1774821864248,"pid":9344,"hostname":"DESKTOP-MMVI6TQ","reqId":"req-a","req":{"method":"GET","url":"/api/v1/workspaces/e7cc14a8-b5ee-4fc5-8226-3bdc876108f8/policies","hostname":"localhost:80","remoteAddress":"127.0.0.1"},"msg":"incoming request"}
{"level":30,"time":1774821864266,"pid":9344,"hostname":"DESKTOP-MMVI6TQ","reqId":"req-l","req":{"method":"PATCH","url":"/api/v1/workspaces/e08d5486-a507-4d27-a3f7-9b9f9776ac5a/notifications/00000000-0000-0000-0000-000000000001/read","hostname":"localhost:80","remoteAddress":"127.0.0.1"},"msg":"incoming request"}
{"level":50,"time":1774821864267,"pid":9344,"hostname":"DESKTOP-MMVI6TQ","reqId":"req-l","err":{"type":"Error","message":"Missing or invalid authorization header","stack":"Error: Missing or invalid authorization header\n    at Object.authenticate (C:\\Users\\ASUS\\Desktop\\Modett\\Expense Tracker Application\\Expense Tracker\\apps\\api\\src\\plugins\\auth.ts:70:19)\n    at Object.<anonymous> (C:\\Users\\ASUS\\Desktop\\Modett\\Expense Tracker Application\\Expense Tracker\\modules\\notification-dispatch\\infrastructure\\http\\routes\\index.ts:25:23)\n    at hookIterator (C:\\Users\\ASUS\\Desktop\\Modett\\Expense Tracker Application\\Expense Tracker\\node_modules\\.pnpm\\fastify@4.29.1\\node_modules\\fastify\\lib\\hooks.js:405:10)\n    at next (C:\\Users\\ASUS\\Desktop\\Modett\\Expense Tracker Application\\Expense Tracker\\node_modules\\.pnpm\\fastify@4.29.1\\node_modules\\fastify\\lib\\hooks.js:239:18)\n    at handleResolve (C:\\Users\\ASUS\\Desktop\\Modett\\Expense Tracker Application\\Expense Tracker\\node_modules\\.pnpm\\fastify@4.29.1\\node_modules\\fastify\\lib\\hooks.js:250:7)\n    at processTicksAndRejections (node:internal/process/task_queues:105:5)","statusCode":401},"url":"/api/v1/workspaces/e08d5486-a507-4d27-a3f7-9b9f9776ac5a/notifications/00000000-0000-0000-0000-000000000001/read","method":"PATCH","msg":"Missing or invalid authorization header"}
{"level":30,"time":1774821864267,"pid":9344,"hostname":"DESKTOP-MMVI6TQ","reqId":"req-l","res":{"statusCode":401},"responseTime":1.1993000507354736,"msg":"request completed"}
{"level":30,"time":1774821864269,"pid":9344,"hostname":"DESKTOP-MMVI6TQ","reqId":"req-m","req":{"method":"PATCH","url":"/api/v1/workspaces/e08d5486-a507-4d27-a3f7-9b9f9776ac5a/notifications/read-all","hostname":"localhost:80","remoteAddress":"127.0.0.1"},"msg":"incoming request"}
[90mstdout[2m | modules/policy-controls/tests/policy-controls.endpoints.test.ts[2m > [22m[2mPolicy Controls Module - Endpoint Tests[2m > [22m[2mPolicy Endpoints[2m > [22m[2mPOST /api/v1/:workspaceId/policies[2m > [22m[2mÔØî should fail with duplicate policy name[22m[39m
Create Duplicate Policy: [33m409[39m

[90mstdout[2m | modules/notification-dispatch/tests/notification-dispatch.endpoints.test.ts[2m > [22m[2mNotification Dispatch Module - Endpoint Tests[2m > [22m[2mNotification Endpoints[2m > [22m[2mPATCH /api/v1/workspaces/:workspaceId/notifications/:notificationId/read[2m > [22m[2mÔ£à should mark notification as read[22m[39m
Mark As Read: [33m400[39m

[90mstdout[2m | modules/notification-dispatch/tests/notification-dispatch.endpoints.test.ts[2m > [22m[2mNotification Dispatch Module - Endpoint Tests[2m > [22m[2mNotification Endpoints[2m > [22m[2mPATCH /api/v1/workspaces/:workspaceId/notifications/:notificationId/read[2m > [22m[2mÔØî should fail without auth token[22m[39m
Mark As Read No Auth: [33m401[39m

{"level":30,"time":1774821864316,"pid":9344,"hostname":"DESKTOP-MMVI6TQ","reqId":"req-m","res":{"statusCode":200},"responseTime":47.68020009994507,"msg":"request completed"}
{"level":30,"time":1774821864321,"pid":9344,"hostname":"DESKTOP-MMVI6TQ","reqId":"req-7","res":{"statusCode":200},"responseTime":159.65320003032684,"msg":"request completed"}
{"level":30,"time":1774821864326,"pid":9344,"hostname":"DESKTOP-MMVI6TQ","reqId":"req-7","res":{"statusCode":200},"responseTime":142.22289991378784,"msg":"request completed"}
{"level":30,"time":1774821864321,"pid":9344,"hostname":"DESKTOP-MMVI6TQ","reqId":"req-n","req":{"method":"PATCH","url":"/api/v1/workspaces/e08d5486-a507-4d27-a3f7-9b9f9776ac5a/notifications/read-all","hostname":"localhost:80","remoteAddress":"127.0.0.1"},"msg":"incoming request"}
{"level":50,"time":1774821864322,"pid":9344,"hostname":"DESKTOP-MMVI6TQ","reqId":"req-n","err":{"type":"Error","message":"Missing or invalid authorization header","stack":"Error: Missing or invalid authorization header\n    at Object.authenticate (C:\\Users\\ASUS\\Desktop\\Modett\\Expense Tracker Application\\Expense Tracker\\apps\\api\\src\\plugins\\auth.ts:70:19)\n    at Object.<anonymous> (C:\\Users\\ASUS\\Desktop\\Modett\\Expense Tracker Application\\Expense Tracker\\modules\\notification-dispatch\\infrastructure\\http\\routes\\index.ts:25:23)\n    at hookIterator (C:\\Users\\ASUS\\Desktop\\Modett\\Expense Tracker Application\\Expense Tracker\\node_modules\\.pnpm\\fastify@4.29.1\\node_modules\\fastify\\lib\\hooks.js:405:10)\n    at next (C:\\Users\\ASUS\\Desktop\\Modett\\Expense Tracker Application\\Expense Tracker\\node_modules\\.pnpm\\fastify@4.29.1\\node_modules\\fastify\\lib\\hooks.js:239:18)\n    at handleResolve (C:\\Users\\ASUS\\Desktop\\Modett\\Expense Tracker Application\\Expense Tracker\\node_modules\\.pnpm\\fastify@4.29.1\\node_modules\\fastify\\lib\\hooks.js:250:7)\n    at processTicksAndRejections (node:internal/process/task_queues:105:5)","statusCode":401},"url":"/api/v1/workspaces/e08d5486-a507-4d27-a3f7-9b9f9776ac5a/notifications/read-all","method":"PATCH","msg":"Missing or invalid authorization header"}
{"level":30,"time":1774821864322,"pid":9344,"hostname":"DESKTOP-MMVI6TQ","reqId":"req-n","res":{"statusCode":401},"responseTime":1.1568999290466309,"msg":"request completed"}
{"level":30,"time":1774821864324,"pid":9344,"hostname":"DESKTOP-MMVI6TQ","reqId":"req-o","req":{"method":"GET","url":"/api/v1/workspaces/e08d5486-a507-4d27-a3f7-9b9f9776ac5a/notifications/preferences","hostname":"localhost:80","remoteAddress":"127.0.0.1"},"msg":"incoming request"}
{"level":30,"time":1774821864325,"pid":9344,"hostname":"DESKTOP-MMVI6TQ","reqId":"req-o","res":{"statusCode":404},"responseTime":0.8637000322341919,"msg":"request completed"}
{"level":30,"time":1774821864326,"pid":9344,"hostname":"DESKTOP-MMVI6TQ","reqId":"req-p","req":{"method":"GET","url":"/api/v1/workspaces/e08d5486-a507-4d27-a3f7-9b9f9776ac5a/notifications/preferences","hostname":"localhost:80","remoteAddress":"127.0.0.1"},"msg":"incoming request"}
{"level":30,"time":1774821864327,"pid":9344,"hostname":"DESKTOP-MMVI6TQ","reqId":"req-p","res":{"statusCode":404},"responseTime":0.44130003452301025,"msg":"request completed"}
{"level":30,"time":1774821864328,"pid":9344,"hostname":"DESKTOP-MMVI6TQ","reqId":"req-q","req":{"method":"PATCH","url":"/api/v1/workspaces/e08d5486-a507-4d27-a3f7-9b9f9776ac5a/notifications/preferences","hostname":"localhost:80","remoteAddress":"127.0.0.1"},"msg":"incoming request"}
{"level":30,"time":1774821864329,"pid":9344,"hostname":"DESKTOP-MMVI6TQ","reqId":"req-q","res":{"statusCode":404},"responseTime":0.8639000654220581,"msg":"request completed"}
{"level":30,"time":1774821864330,"pid":9344,"hostname":"DESKTOP-MMVI6TQ","reqId":"req-r","req":{"method":"PATCH","url":"/api/v1/workspaces/e08d5486-a507-4d27-a3f7-9b9f9776ac5a/notifications/preferences","hostname":"localhost:80","remoteAddress":"127.0.0.1"},"msg":"incoming request"}
{"level":30,"time":1774821864333,"pid":9344,"hostname":"DESKTOP-MMVI6TQ","reqId":"req-8","req":{"method":"GET","url":"/api/v1/workspaces/461aad2e-b059-4d67-90d4-559dbebe5eb3/budget-plans?status=DRAFT","hostname":"localhost:80","remoteAddress":"127.0.0.1"},"msg":"incoming request"}
{"level":30,"time":1774821864332,"pid":9344,"hostname":"DESKTOP-MMVI6TQ","reqId":"req-r","res":{"statusCode":404},"responseTime":2.7103999853134155,"msg":"request completed"}
{"level":30,"time":1774821864334,"pid":9344,"hostname":"DESKTOP-MMVI6TQ","reqId":"req-s","req":{"method":"GET","url":"/api/v1/workspaces/e08d5486-a507-4d27-a3f7-9b9f9776ac5a/notification-preferences","hostname":"localhost:80","remoteAddress":"127.0.0.1"},"msg":"incoming request"}
[90mstdout[2m | modules/notification-dispatch/tests/notification-dispatch.endpoints.test.ts[2m > [22m[2mNotification Dispatch Module - Endpoint Tests[2m > [22m[2mNotification Endpoints[2m > [22m[2mPATCH /api/v1/workspaces/:workspaceId/notifications/read-all[2m > [22m[2mÔ£à should mark all notifications as read[22m[39m
Mark All As Read: [33m200[39m

[90mstdout[2m | modules/notification-dispatch/tests/notification-dispatch.endpoints.test.ts[2m > [22m[2mNotification Dispatch Module - Endpoint Tests[2m > [22m[2mNotification Endpoints[2m > [22m[2mPATCH /api/v1/workspaces/:workspaceId/notifications/read-all[2m > [22m[2mÔØî should fail without auth token[22m[39m
Mark All As Read No Auth: [33m401[39m

[90mstdout[2m | modules/notification-dispatch/tests/notification-dispatch.endpoints.test.ts[2m > [22m[2mNotification Dispatch Module - Endpoint Tests[2m > [22m[2mNotification Endpoints[2m > [22m[2mGET /api/v1/workspaces/:workspaceId/notifications/preferences (removed ÔÇö use /notification-preferences)[2m > [22m[2mÔ£à route removed ÔÇö canonical endpoint is /notification-preferences[22m[39m
Get Preferences (old route): [33m404[39m

[90mstdout[2m | modules/notification-dispatch/tests/notification-dispatch.endpoints.test.ts[2m > [22m[2mNotification Dispatch Module - Endpoint Tests[2m > [22m[2mNotification Endpoints[2m > [22m[2mGET /api/v1/workspaces/:workspaceId/notifications/preferences (removed ÔÇö use /notification-preferences)[2m > [22m[2mÔØî should return 404 (route removed)[22m[39m
Get Preferences (old route) No Auth: [33m404[39m

[90mstdout[2m | modules/notification-dispatch/tests/notification-dispatch.endpoints.test.ts[2m > [22m[2mNotification Dispatch Module - Endpoint Tests[2m > [22m[2mNotification Endpoints[2m > [22m[2mPATCH /api/v1/workspaces/:workspaceId/notifications/preferences (removed ÔÇö use /notification-preferences)[2m > [22m[2mÔ£à route removed ÔÇö canonical endpoint is /notification-preferences[22m[39m
Update Preferences (old route): [33m404[39m

[90mstdout[2m | modules/notification-dispatch/tests/notification-dispatch.endpoints.test.ts[2m > [22m[2mNotification Dispatch Module - Endpoint Tests[2m > [22m[2mNotification Endpoints[2m > [22m[2mPATCH /api/v1/workspaces/:workspaceId/notifications/preferences (removed ÔÇö use /notification-preferences)[2m > [22m[2mÔØî should return 404 (route removed)[22m[39m
Update Preferences (old route) No Auth: [33m404[39m

[90mstdout[2m | modules/budget-planning/tests/budget-planning.endpoints.test.ts[2m > [22m[2mBudget Planning Module - Endpoint Tests[2m > [22m[2mBudget Plan Endpoints[2m > [22m[2mGET /api/v1/:workspaceId/budget-plans[2m > [22m[2mÔ£à should list budget plans[22m[39m
List Budget Plans: [33m200[39m

{"level":30,"time":1774821864333,"pid":9344,"hostname":"DESKTOP-MMVI6TQ","reqId":"req-8","req":{"method":"GET","url":"/api/v1/workspaces/0351eb01-7c99-4ad4-8111-6e905c077f54/departments","hostname":"localhost:80","remoteAddress":"127.0.0.1"},"msg":"incoming request"}
{"level":50,"time":1774821864333,"pid":9344,"hostname":"DESKTOP-MMVI6TQ","reqId":"req-8","err":{"type":"Error","message":"Missing or invalid authorization header","stack":"Error: Missing or invalid authorization header\n    at Object.authenticate (C:\\Users\\ASUS\\Desktop\\Modett\\Expense Tracker Application\\Expense Tracker\\apps\\api\\src\\plugins\\auth.ts:70:19)\n    at Object.<anonymous> (C:\\Users\\ASUS\\Desktop\\Modett\\Expense Tracker Application\\Expense Tracker\\modules\\cost-allocation\\infrastructure\\http\\routes\\index.ts:22:23)\n    at hookIterator (C:\\Users\\ASUS\\Desktop\\Modett\\Expense Tracker Application\\Expense Tracker\\node_modules\\.pnpm\\fastify@4.29.1\\node_modules\\fastify\\lib\\hooks.js:405:10)\n    at next (C:\\Users\\ASUS\\Desktop\\Modett\\Expense Tracker Application\\Expense Tracker\\node_modules\\.pnpm\\fastify@4.29.1\\node_modules\\fastify\\lib\\hooks.js:239:18)\n    at handleResolve (C:\\Users\\ASUS\\Desktop\\Modett\\Expense Tracker Application\\Expense Tracker\\node_modules\\.pnpm\\fastify@4.29.1\\node_modules\\fastify\\lib\\hooks.js:250:7)\n    at processTicksAndRejections (node:internal/process/task_queues:105:5)","statusCode":401},"url":"/api/v1/workspaces/0351eb01-7c99-4ad4-8111-6e905c077f54/departments","method":"GET","msg":"Missing or invalid authorization header"}
{"level":30,"time":1774821864334,"pid":9344,"hostname":"DESKTOP-MMVI6TQ","reqId":"req-8","res":{"statusCode":401},"responseTime":1.3777999877929688,"msg":"request completed"}
{"level":30,"time":1774821864345,"pid":9344,"hostname":"DESKTOP-MMVI6TQ","reqId":"req-9","req":{"method":"GET","url":"/api/v1/workspaces/0351eb01-7c99-4ad4-8111-6e905c077f54/departments/00000000-0000-0000-0000-000000000001","hostname":"localhost:80","remoteAddress":"127.0.0.1"},"msg":"incoming request"}
[90mstdout[2m | modules/cost-allocation/tests/cost-allocation.endpoints.test.ts[2m > [22m[2mCost Allocation Module - Endpoint Tests[2m > [22m[2mDepartment Endpoints[2m > [22m[2mGET /api/v1/:workspaceId/departments[2m > [22m[2mÔ£à should list departments[22m[39m
List Departments: [33m200[39m

[90mstdout[2m | modules/cost-allocation/tests/cost-allocation.endpoints.test.ts[2m > [22m[2mCost Allocation Module - Endpoint Tests[2m > [22m[2mDepartment Endpoints[2m > [22m[2mGET /api/v1/:workspaceId/departments[2m > [22m[2mÔØî should fail without auth token[22m[39m
List Departments No Auth: [33m401[39m

{"level":30,"time":1774821864362,"pid":9344,"hostname":"DESKTOP-MMVI6TQ","reqId":"req-9","res":{"statusCode":400},"responseTime":16.93649995326996,"msg":"request completed"}
{"level":30,"time":1774821864378,"pid":9344,"hostname":"DESKTOP-MMVI6TQ","reqId":"req-s","res":{"statusCode":200},"responseTime":44.41500008106232,"msg":"request completed"}
{"level":30,"time":1774821864387,"pid":9344,"hostname":"DESKTOP-MMVI6TQ","reqId":"req-8","res":{"statusCode":200},"responseTime":54.72940003871918,"msg":"request completed"}
{"level":30,"time":1774821864382,"pid":9344,"hostname":"DESKTOP-MMVI6TQ","reqId":"req-t","req":{"method":"GET","url":"/api/v1/workspaces/e08d5486-a507-4d27-a3f7-9b9f9776ac5a/notification-preferences","hostname":"localhost:80","remoteAddress":"127.0.0.1"},"msg":"incoming request"}
{"level":50,"time":1774821864383,"pid":9344,"hostname":"DESKTOP-MMVI6TQ","reqId":"req-t","err":{"type":"Error","message":"Missing or invalid authorization header","stack":"Error: Missing or invalid authorization header\n    at Object.authenticate (C:\\Users\\ASUS\\Desktop\\Modett\\Expense Tracker Application\\Expense Tracker\\apps\\api\\src\\plugins\\auth.ts:70:19)\n    at Object.<anonymous> (C:\\Users\\ASUS\\Desktop\\Modett\\Expense Tracker Application\\Expense Tracker\\modules\\notification-dispatch\\infrastructure\\http\\routes\\index.ts:25:23)\n    at hookIterator (C:\\Users\\ASUS\\Desktop\\Modett\\Expense Tracker Application\\Expense Tracker\\node_modules\\.pnpm\\fastify@4.29.1\\node_modules\\fastify\\lib\\hooks.js:405:10)\n    at next (C:\\Users\\ASUS\\Desktop\\Modett\\Expense Tracker Application\\Expense Tracker\\node_modules\\.pnpm\\fastify@4.29.1\\node_modules\\fastify\\lib\\hooks.js:239:18)\n    at handleResolve (C:\\Users\\ASUS\\Desktop\\Modett\\Expense Tracker Application\\Expense Tracker\\node_modules\\.pnpm\\fastify@4.29.1\\node_modules\\fastify\\lib\\hooks.js:250:7)\n    at processTicksAndRejections (node:internal/process/task_queues:105:5)","statusCode":401},"url":"/api/v1/workspaces/e08d5486-a507-4d27-a3f7-9b9f9776ac5a/notification-preferences","method":"GET","msg":"Missing or invalid authorization header"}
{"level":30,"time":1774821864383,"pid":9344,"hostname":"DESKTOP-MMVI6TQ","reqId":"req-t","res":{"statusCode":401},"responseTime":1.1172000169754028,"msg":"request completed"}
{"level":30,"time":1774821864385,"pid":9344,"hostname":"DESKTOP-MMVI6TQ","reqId":"req-u","req":{"method":"PATCH","url":"/api/v1/workspaces/e08d5486-a507-4d27-a3f7-9b9f9776ac5a/notification-preferences","hostname":"localhost:80","remoteAddress":"127.0.0.1"},"msg":"incoming request"}
{"level":30,"time":1774821864367,"pid":9344,"hostname":"DESKTOP-MMVI6TQ","reqId":"req-a","req":{"method":"GET","url":"/api/v1/workspaces/0351eb01-7c99-4ad4-8111-6e905c077f54/departments/00000000-0000-0000-0000-000000000001","hostname":"localhost:80","remoteAddress":"127.0.0.1"},"msg":"incoming request"}
{"level":50,"time":1774821864368,"pid":9344,"hostname":"DESKTOP-MMVI6TQ","reqId":"req-a","err":{"type":"Error","message":"Missing or invalid authorization header","stack":"Error: Missing or invalid authorization header\n    at Object.authenticate (C:\\Users\\ASUS\\Desktop\\Modett\\Expense Tracker Application\\Expense Tracker\\apps\\api\\src\\plugins\\auth.ts:70:19)\n    at Object.<anonymous> (C:\\Users\\ASUS\\Desktop\\Modett\\Expense Tracker Application\\Expense Tracker\\modules\\cost-allocation\\infrastructure\\http\\routes\\index.ts:22:23)\n    at hookIterator (C:\\Users\\ASUS\\Desktop\\Modett\\Expense Tracker Application\\Expense Tracker\\node_modules\\.pnpm\\fastify@4.29.1\\node_modules\\fastify\\lib\\hooks.js:405:10)\n    at next (C:\\Users\\ASUS\\Desktop\\Modett\\Expense Tracker Application\\Expense Tracker\\node_modules\\.pnpm\\fastify@4.29.1\\node_modules\\fastify\\lib\\hooks.js:239:18)\n    at handleResolve (C:\\Users\\ASUS\\Desktop\\Modett\\Expense Tracker Application\\Expense Tracker\\node_modules\\.pnpm\\fastify@4.29.1\\node_modules\\fastify\\lib\\hooks.js:250:7)\n    at processTicksAndRejections (node:internal/process/task_queues:105:5)","statusCode":401},"url":"/api/v1/workspaces/0351eb01-7c99-4ad4-8111-6e905c077f54/departments/00000000-0000-0000-0000-000000000001","method":"GET","msg":"Missing or invalid authorization header"}
{"level":30,"time":1774821864375,"pid":9344,"hostname":"DESKTOP-MMVI6TQ","reqId":"req-a","res":{"statusCode":401},"responseTime":6.893599987030029,"msg":"request completed"}
{"level":30,"time":1774821864377,"pid":9344,"hostname":"DESKTOP-MMVI6TQ","reqId":"req-b","req":{"method":"PUT","url":"/api/v1/workspaces/0351eb01-7c99-4ad4-8111-6e905c077f54/departments/00000000-0000-0000-0000-000000000001","hostname":"localhost:80","remoteAddress":"127.0.0.1"},"msg":"incoming request"}
{"level":30,"time":1774821864392,"pid":9344,"hostname":"DESKTOP-MMVI6TQ","reqId":"req-9","req":{"method":"GET","url":"/api/v1/workspaces/461aad2e-b059-4d67-90d4-559dbebe5eb3/budget-plans","hostname":"localhost:80","remoteAddress":"127.0.0.1"},"msg":"incoming request"}
{"level":50,"time":1774821864393,"pid":9344,"hostname":"DESKTOP-MMVI6TQ","reqId":"req-9","err":{"type":"Error","message":"Missing or invalid authorization header","stack":"Error: Missing or invalid authorization header\n    at Object.authenticate (C:\\Users\\ASUS\\Desktop\\Modett\\Expense Tracker Application\\Expense Tracker\\apps\\api\\src\\plugins\\auth.ts:70:19)\n    at Object.<anonymous> (C:\\Users\\ASUS\\Desktop\\Modett\\Expense Tracker Application\\Expense Tracker\\modules\\budget-planning\\infrastructure\\http\\routes\\index.ts:25:23)\n    at hookIterator (C:\\Users\\ASUS\\Desktop\\Modett\\Expense Tracker Application\\Expense Tracker\\node_modules\\.pnpm\\fastify@4.29.1\\node_modules\\fastify\\lib\\hooks.js:405:10)\n    at next (C:\\Users\\ASUS\\Desktop\\Modett\\Expense Tracker Application\\Expense Tracker\\node_modules\\.pnpm\\fastify@4.29.1\\node_modules\\fastify\\lib\\hooks.js:239:18)\n    at handleResolve (C:\\Users\\ASUS\\Desktop\\Modett\\Expense Tracker Application\\Expense Tracker\\node_modules\\.pnpm\\fastify@4.29.1\\node_modules\\fastify\\lib\\hooks.js:250:7)\n    at processTicksAndRejections (node:internal/process/task_queues:105:5)","statusCode":401},"url":"/api/v1/workspaces/461aad2e-b059-4d67-90d4-559dbebe5eb3/budget-plans","method":"GET","msg":"Missing or invalid authorization header"}
{"level":30,"time":1774821864395,"pid":9344,"hostname":"DESKTOP-MMVI6TQ","reqId":"req-9","res":{"statusCode":401},"responseTime":2.7850000858306885,"msg":"request completed"}
{"level":30,"time":1774821864401,"pid":9344,"hostname":"DESKTOP-MMVI6TQ","reqId":"req-a","req":{"method":"GET","url":"/api/v1/workspaces/461aad2e-b059-4d67-90d4-559dbebe5eb3/budget-plans/1d2ac790-bed9-4fde-81fe-ff65bf9e9295","hostname":"localhost:80","remoteAddress":"127.0.0.1"},"msg":"incoming request"}
[90mstdout[2m | modules/notification-dispatch/tests/notification-dispatch.endpoints.test.ts[2m > [22m[2mNotification Dispatch Module - Endpoint Tests[2m > [22m[2mNotification Preference Endpoints[2m > [22m[2mGET /api/v1/workspaces/:workspaceId/notification-preferences[2m > [22m[2mÔ£à should get user preferences[22m[39m
Get User Preferences: [33m200[39m

[90mstdout[2m | modules/notification-dispatch/tests/notification-dispatch.endpoints.test.ts[2m > [22m[2mNotification Dispatch Module - Endpoint Tests[2m > [22m[2mNotification Preference Endpoints[2m > [22m[2mGET /api/v1/workspaces/:workspaceId/notification-preferences[2m > [22m[2mÔØî should fail without auth token[22m[39m
Get User Preferences No Auth: [33m401[39m

{"level":30,"time":1774821864406,"pid":9344,"hostname":"DESKTOP-MMVI6TQ","reqId":"req-b","res":{"statusCode":400},"responseTime":29.759999990463257,"msg":"request completed"}
{"level":30,"time":1774821864408,"pid":9344,"hostname":"DESKTOP-MMVI6TQ","reqId":"req-c","req":{"method":"PUT","url":"/api/v1/workspaces/0351eb01-7c99-4ad4-8111-6e905c077f54/departments/00000000-0000-0000-0000-000000000001","hostname":"localhost:80","remoteAddress":"127.0.0.1"},"msg":"incoming request"}
{"level":50,"time":1774821864409,"pid":9344,"hostname":"DESKTOP-MMVI6TQ","reqId":"req-c","err":{"type":"Error","message":"Missing or invalid authorization header","stack":"Error: Missing or invalid authorization header\n    at Object.authenticate (C:\\Users\\ASUS\\Desktop\\Modett\\Expense Tracker Application\\Expense Tracker\\apps\\api\\src\\plugins\\auth.ts:70:19)\n    at Object.<anonymous> (C:\\Users\\ASUS\\Desktop\\Modett\\Expense Tracker Application\\Expense Tracker\\modules\\cost-allocation\\infrastructure\\http\\routes\\index.ts:22:23)\n    at hookIterator (C:\\Users\\ASUS\\Desktop\\Modett\\Expense Tracker Application\\Expense Tracker\\node_modules\\.pnpm\\fastify@4.29.1\\node_modules\\fastify\\lib\\hooks.js:405:10)\n    at next (C:\\Users\\ASUS\\Desktop\\Modett\\Expense Tracker Application\\Expense Tracker\\node_modules\\.pnpm\\fastify@4.29.1\\node_modules\\fastify\\lib\\hooks.js:239:18)\n    at handleResolve (C:\\Users\\ASUS\\Desktop\\Modett\\Expense Tracker Application\\Expense Tracker\\node_modules\\.pnpm\\fastify@4.29.1\\node_modules\\fastify\\lib\\hooks.js:250:7)\n    at processTicksAndRejections (node:internal/process/task_queues:105:5)","statusCode":401},"url":"/api/v1/workspaces/0351eb01-7c99-4ad4-8111-6e905c077f54/departments/00000000-0000-0000-0000-000000000001","method":"PUT","msg":"Missing or invalid authorization header"}
{"level":30,"time":1774821864410,"pid":9344,"hostname":"DESKTOP-MMVI6TQ","reqId":"req-c","res":{"statusCode":401},"responseTime":1.9766000509262085,"msg":"request completed"}
{"level":30,"time":1774821864413,"pid":9344,"hostname":"DESKTOP-MMVI6TQ","reqId":"req-d","req":{"method":"PATCH","url":"/api/v1/workspaces/0351eb01-7c99-4ad4-8111-6e905c077f54/departments/00000000-0000-0000-0000-000000000001/activate","hostname":"localhost:80","remoteAddress":"127.0.0.1"},"msg":"incoming request"}
[90mstdout[2m | modules/cost-allocation/tests/cost-allocation.endpoints.test.ts[2m > [22m[2mCost Allocation Module - Endpoint Tests[2m > [22m[2mDepartment Endpoints[2m > [22m[2mGET /api/v1/:workspaceId/departments/:departmentId[2m > [22m[2mÔ£à should get department by ID[22m[39m
Get Department: [33m400[39m

[90mstdout[2m | modules/cost-allocation/tests/cost-allocation.endpoints.test.ts[2m > [22m[2mCost Allocation Module - Endpoint Tests[2m > [22m[2mDepartment Endpoints[2m > [22m[2mGET /api/v1/:workspaceId/departments/:departmentId[2m > [22m[2mÔØî should fail without auth token[22m[39m
Get Department No Auth: [33m401[39m

[90mstdout[2m | modules/cost-allocation/tests/cost-allocation.endpoints.test.ts[2m > [22m[2mCost Allocation Module - Endpoint Tests[2m > [22m[2mDepartment Endpoints[2m > [22m[2mPUT /api/v1/:workspaceId/departments/:departmentId[2m > [22m[2mÔ£à should update department[22m[39m
Update Department: [33m400[39m

[90mstdout[2m | modules/cost-allocation/tests/cost-allocation.endpoints.test.ts[2m > [22m[2mCost Allocation Module - Endpoint Tests[2m > [22m[2mDepartment Endpoints[2m > [22m[2mPUT /api/v1/:workspaceId/departments/:departmentId[2m > [22m[2mÔØî should fail without auth token[22m[39m
Update Department No Auth: [33m401[39m

[90mstdout[2m | modules/budget-planning/tests/budget-planning.endpoints.test.ts[2m > [22m[2mBudget Planning Module - Endpoint Tests[2m > [22m[2mBudget Plan Endpoints[2m > [22m[2mGET /api/v1/:workspaceId/budget-plans[2m > [22m[2mÔ£à should filter by status[22m[39m
List Budget Plans by Status: [33m200[39m

[90mstdout[2m | modules/budget-planning/tests/budget-planning.endpoints.test.ts[2m > [22m[2mBudget Planning Module - Endpoint Tests[2m > [22m[2mBudget Plan Endpoints[2m > [22m[2mGET /api/v1/:workspaceId/budget-plans[2m > [22m[2mÔØî should fail without auth token[22m[39m
List Budget Plans No Auth: [33m401[39m

{"level":30,"time":1774821864432,"pid":9344,"hostname":"DESKTOP-MMVI6TQ","reqId":"req-d","res":{"statusCode":400},"responseTime":18.68560004234314,"msg":"request completed"}
{"level":30,"time":1774821864451,"pid":9344,"hostname":"DESKTOP-MMVI6TQ","reqId":"req-a","res":{"statusCode":200},"responseTime":50.43619990348816,"msg":"request completed"}
{"level":30,"time":1774821864443,"pid":9344,"hostname":"DESKTOP-MMVI6TQ","reqId":"req-e","req":{"method":"PATCH","url":"/api/v1/workspaces/0351eb01-7c99-4ad4-8111-6e905c077f54/departments/00000000-0000-0000-0000-000000000001/activate","hostname":"localhost:80","remoteAddress":"127.0.0.1"},"msg":"incoming request"}
{"level":50,"time":1774821864444,"pid":9344,"hostname":"DESKTOP-MMVI6TQ","reqId":"req-e","err":{"type":"Error","message":"Missing or invalid authorization header","stack":"Error: Missing or invalid authorization header\n    at Object.authenticate (C:\\Users\\ASUS\\Desktop\\Modett\\Expense Tracker Application\\Expense Tracker\\apps\\api\\src\\plugins\\auth.ts:70:19)\n    at Object.<anonymous> (C:\\Users\\ASUS\\Desktop\\Modett\\Expense Tracker Application\\Expense Tracker\\modules\\cost-allocation\\infrastructure\\http\\routes\\index.ts:22:23)\n    at hookIterator (C:\\Users\\ASUS\\Desktop\\Modett\\Expense Tracker Application\\Expense Tracker\\node_modules\\.pnpm\\fastify@4.29.1\\node_modules\\fastify\\lib\\hooks.js:405:10)\n    at next (C:\\Users\\ASUS\\Desktop\\Modett\\Expense Tracker Application\\Expense Tracker\\node_modules\\.pnpm\\fastify@4.29.1\\node_modules\\fastify\\lib\\hooks.js:239:18)\n    at handleResolve (C:\\Users\\ASUS\\Desktop\\Modett\\Expense Tracker Application\\Expense Tracker\\node_modules\\.pnpm\\fastify@4.29.1\\node_modules\\fastify\\lib\\hooks.js:250:7)\n    at processTicksAndRejections (node:internal/process/task_queues:105:5)","statusCode":401},"url":"/api/v1/workspaces/0351eb01-7c99-4ad4-8111-6e905c077f54/departments/00000000-0000-0000-0000-000000000001/activate","method":"PATCH","msg":"Missing or invalid authorization header"}
{"level":30,"time":1774821864446,"pid":9344,"hostname":"DESKTOP-MMVI6TQ","reqId":"req-e","res":{"statusCode":401},"responseTime":2.6654999256134033,"msg":"request completed"}
{"level":30,"time":1774821864448,"pid":9344,"hostname":"DESKTOP-MMVI6TQ","reqId":"req-f","req":{"method":"POST","url":"/api/v1/workspaces/0351eb01-7c99-4ad4-8111-6e905c077f54/departments","hostname":"localhost:80","remoteAddress":"127.0.0.1"},"msg":"incoming request"}
{"level":30,"time":1774821864453,"pid":9344,"hostname":"DESKTOP-MMVI6TQ","reqId":"req-b","req":{"method":"GET","url":"/api/v1/workspaces/461aad2e-b059-4d67-90d4-559dbebe5eb3/budget-plans/1d2ac790-bed9-4fde-81fe-ff65bf9e9295","hostname":"localhost:80","remoteAddress":"127.0.0.1"},"msg":"incoming request"}
{"level":50,"time":1774821864454,"pid":9344,"hostname":"DESKTOP-MMVI6TQ","reqId":"req-b","err":{"type":"Error","message":"Missing or invalid authorization header","stack":"Error: Missing or invalid authorization header\n    at Object.authenticate (C:\\Users\\ASUS\\Desktop\\Modett\\Expense Tracker Application\\Expense Tracker\\apps\\api\\src\\plugins\\auth.ts:70:19)\n    at Object.<anonymous> (C:\\Users\\ASUS\\Desktop\\Modett\\Expense Tracker Application\\Expense Tracker\\modules\\budget-planning\\infrastructure\\http\\routes\\index.ts:25:23)\n    at hookIterator (C:\\Users\\ASUS\\Desktop\\Modett\\Expense Tracker Application\\Expense Tracker\\node_modules\\.pnpm\\fastify@4.29.1\\node_modules\\fastify\\lib\\hooks.js:405:10)\n    at next (C:\\Users\\ASUS\\Desktop\\Modett\\Expense Tracker Application\\Expense Tracker\\node_modules\\.pnpm\\fastify@4.29.1\\node_modules\\fastify\\lib\\hooks.js:239:18)\n    at handleResolve (C:\\Users\\ASUS\\Desktop\\Modett\\Expense Tracker Application\\Expense Tracker\\node_modules\\.pnpm\\fastify@4.29.1\\node_modules\\fastify\\lib\\hooks.js:250:7)\n    at processTicksAndRejections (node:internal/process/task_queues:105:5)","statusCode":401},"url":"/api/v1/workspaces/461aad2e-b059-4d67-90d4-559dbebe5eb3/budget-plans/1d2ac790-bed9-4fde-81fe-ff65bf9e9295","method":"GET","msg":"Missing or invalid authorization header"}
{"level":30,"time":1774821864454,"pid":9344,"hostname":"DESKTOP-MMVI6TQ","reqId":"req-b","res":{"statusCode":401},"responseTime":1.5576000213623047,"msg":"request completed"}
{"level":30,"time":1774821864456,"pid":9344,"hostname":"DESKTOP-MMVI6TQ","reqId":"req-c","req":{"method":"PATCH","url":"/api/v1/workspaces/461aad2e-b059-4d67-90d4-559dbebe5eb3/budget-plans/1d2ac790-bed9-4fde-81fe-ff65bf9e9295","hostname":"localhost:80","remoteAddress":"127.0.0.1"},"msg":"incoming request"}
[90mstdout[2m | modules/cost-allocation/tests/cost-allocation.endpoints.test.ts[2m > [22m[2mCost Allocation Module - Endpoint Tests[2m > [22m[2mDepartment Endpoints[2m > [22m[2mPATCH /api/v1/:workspaceId/departments/:departmentId/activate[2m > [22m[2mÔ£à should activate department[22m[39m
Activate Department: [33m400[39m

[90mstdout[2m | modules/cost-allocation/tests/cost-allocation.endpoints.test.ts[2m > [22m[2mCost Allocation Module - Endpoint Tests[2m > [22m[2mDepartment Endpoints[2m > [22m[2mPATCH /api/v1/:workspaceId/departments/:departmentId/activate[2m > [22m[2mÔØî should fail without auth token[22m[39m
Activate Department No Auth: [33m401[39m

[90mstdout[2m | modules/budget-planning/tests/budget-planning.endpoints.test.ts[2m > [22m[2mBudget Planning Module - Endpoint Tests[2m > [22m[2mBudget Plan Endpoints[2m > [22m[2mGET /api/v1/:workspaceId/budget-plans/:id[2m > [22m[2mÔ£à should get budget plan by ID[22m[39m
Get Budget Plan: [33m200[39m

[90mstdout[2m | modules/budget-planning/tests/budget-planning.endpoints.test.ts[2m > [22m[2mBudget Planning Module - Endpoint Tests[2m > [22m[2mBudget Plan Endpoints[2m > [22m[2mGET /api/v1/:workspaceId/budget-plans/:id[2m > [22m[2mÔØî should fail without auth token[22m[39m
Get Budget Plan No Auth: [33m401[39m

{"level":30,"time":1774821864486,"pid":9344,"hostname":"DESKTOP-MMVI6TQ","reqId":"req-u","res":{"statusCode":200},"responseTime":101.46340000629425,"msg":"request completed"}
{"level":30,"time":1774821864488,"pid":9344,"hostname":"DESKTOP-MMVI6TQ","reqId":"req-v","req":{"method":"PATCH","url":"/api/v1/workspaces/e08d5486-a507-4d27-a3f7-9b9f9776ac5a/notification-preferences","hostname":"localhost:80","remoteAddress":"127.0.0.1"},"msg":"incoming request"}
{"level":50,"time":1774821864488,"pid":9344,"hostname":"DESKTOP-MMVI6TQ","reqId":"req-v","err":{"type":"Error","message":"Missing or invalid authorization header","stack":"Error: Missing or invalid authorization header\n    at Object.authenticate (C:\\Users\\ASUS\\Desktop\\Modett\\Expense Tracker Application\\Expense Tracker\\apps\\api\\src\\plugins\\auth.ts:70:19)\n    at Object.<anonymous> (C:\\Users\\ASUS\\Desktop\\Modett\\Expense Tracker Application\\Expense Tracker\\modules\\notification-dispatch\\infrastructure\\http\\routes\\index.ts:25:23)\n    at hookIterator (C:\\Users\\ASUS\\Desktop\\Modett\\Expense Tracker Application\\Expense Tracker\\node_modules\\.pnpm\\fastify@4.29.1\\node_modules\\fastify\\lib\\hooks.js:405:10)\n    at next (C:\\Users\\ASUS\\Desktop\\Modett\\Expense Tracker Application\\Expense Tracker\\node_modules\\.pnpm\\fastify@4.29.1\\node_modules\\fastify\\lib\\hooks.js:239:18)\n    at handleResolve (C:\\Users\\ASUS\\Desktop\\Modett\\Expense Tracker Application\\Expense Tracker\\node_modules\\.pnpm\\fastify@4.29.1\\node_modules\\fastify\\lib\\hooks.js:250:7)\n    at processTicksAndRejections (node:internal/process/task_queues:105:5)","statusCode":401},"url":"/api/v1/workspaces/e08d5486-a507-4d27-a3f7-9b9f9776ac5a/notification-preferences","method":"PATCH","msg":"Missing or invalid authorization header"}
{"level":30,"time":1774821864489,"pid":9344,"hostname":"DESKTOP-MMVI6TQ","reqId":"req-v","res":{"statusCode":401},"responseTime":1.2330000400543213,"msg":"request completed"}
{"level":30,"time":1774821864490,"pid":9344,"hostname":"DESKTOP-MMVI6TQ","reqId":"req-w","req":{"method":"PATCH","url":"/api/v1/workspaces/e08d5486-a507-4d27-a3f7-9b9f9776ac5a/notification-preferences/BUDGET_ALERT","hostname":"localhost:80","remoteAddress":"127.0.0.1"},"msg":"incoming request"}
{"level":30,"time":1774821864504,"pid":9344,"hostname":"DESKTOP-MMVI6TQ","reqId":"req-f","res":{"statusCode":201},"responseTime":55.784199953079224,"msg":"request completed"}
{"level":30,"time":1774821864504,"pid":9344,"hostname":"DESKTOP-MMVI6TQ","reqId":"req-g","req":{"method":"DELETE","url":"/api/v1/workspaces/0351eb01-7c99-4ad4-8111-6e905c077f54/departments/00000000-0000-0000-0000-000000000001","hostname":"localhost:80","remoteAddress":"127.0.0.1"},"msg":"incoming request"}
[90mstdout[2m | modules/notification-dispatch/tests/notification-dispatch.endpoints.test.ts[2m > [22m[2mNotification Dispatch Module - Endpoint Tests[2m > [22m[2mNotification Preference Endpoints[2m > [22m[2mPATCH /api/v1/workspaces/:workspaceId/notification-preferences[2m > [22m[2mÔ£à should update global notification preferences[22m[39m
Update Global Preferences: [33m200[39m

[90mstdout[2m | modules/notification-dispatch/tests/notification-dispatch.endpoints.test.ts[2m > [22m[2mNotification Dispatch Module - Endpoint Tests[2m > [22m[2mNotification Preference Endpoints[2m > [22m[2mPATCH /api/v1/workspaces/:workspaceId/notification-preferences[2m > [22m[2mÔØî should fail without auth token[22m[39m
Update Global Preferences No Auth: [33m401[39m

[90mstdout[2m | modules/cost-allocation/tests/cost-allocation.endpoints.test.ts[2m > [22m[2mCost Allocation Module - Endpoint Tests[2m > [22m[2mDepartment Endpoints[2m > [22m[2mDELETE /api/v1/:workspaceId/departments/:departmentId[2m > [22m[2mÔ£à should delete department[22m[39m
[EventBus] No handlers for event type: DepartmentCreated

{"level":30,"time":1774821864518,"pid":9344,"hostname":"DESKTOP-MMVI6TQ","reqId":"req-a","res":{"statusCode":200},"responseTime":270.0610998868942,"msg":"request completed"}
{"level":30,"time":1774821864520,"pid":9344,"hostname":"DESKTOP-MMVI6TQ","reqId":"req-c","res":{"statusCode":200},"responseTime":63.36500000953674,"msg":"request completed"}
{"level":30,"time":1774821864520,"pid":9344,"hostname":"DESKTOP-MMVI6TQ","reqId":"req-w","res":{"statusCode":200},"responseTime":29.802900075912476,"msg":"request completed"}
{"level":30,"time":1774821864526,"pid":9344,"hostname":"DESKTOP-MMVI6TQ","reqId":"req-g","res":{"statusCode":400},"responseTime":21.296599984169006,"msg":"request completed"}
{"level":30,"time":1774821864523,"pid":9344,"hostname":"DESKTOP-MMVI6TQ","reqId":"req-b","req":{"method":"GET","url":"/api/v1/workspaces/e7cc14a8-b5ee-4fc5-8226-3bdc876108f8/policies?activeOnly=true","hostname":"localhost:80","remoteAddress":"127.0.0.1"},"msg":"incoming request"}
{"level":30,"time":1774821864523,"pid":9344,"hostname":"DESKTOP-MMVI6TQ","reqId":"req-d","req":{"method":"PATCH","url":"/api/v1/workspaces/461aad2e-b059-4d67-90d4-559dbebe5eb3/budget-plans/1d2ac790-bed9-4fde-81fe-ff65bf9e9295","hostname":"localhost:80","remoteAddress":"127.0.0.1"},"msg":"incoming request"}
{"level":50,"time":1774821864523,"pid":9344,"hostname":"DESKTOP-MMVI6TQ","reqId":"req-d","err":{"type":"Error","message":"Missing or invalid authorization header","stack":"Error: Missing or invalid authorization header\n    at Object.authenticate (C:\\Users\\ASUS\\Desktop\\Modett\\Expense Tracker Application\\Expense Tracker\\apps\\api\\src\\plugins\\auth.ts:70:19)\n    at Object.<anonymous> (C:\\Users\\ASUS\\Desktop\\Modett\\Expense Tracker Application\\Expense Tracker\\modules\\budget-planning\\infrastructure\\http\\routes\\index.ts:25:23)\n    at hookIterator (C:\\Users\\ASUS\\Desktop\\Modett\\Expense Tracker Application\\Expense Tracker\\node_modules\\.pnpm\\fastify@4.29.1\\node_modules\\fastify\\lib\\hooks.js:405:10)\n    at next (C:\\Users\\ASUS\\Desktop\\Modett\\Expense Tracker Application\\Expense Tracker\\node_modules\\.pnpm\\fastify@4.29.1\\node_modules\\fastify\\lib\\hooks.js:239:18)\n    at handleResolve (C:\\Users\\ASUS\\Desktop\\Modett\\Expense Tracker Application\\Expense Tracker\\node_modules\\.pnpm\\fastify@4.29.1\\node_modules\\fastify\\lib\\hooks.js:250:7)\n    at processTicksAndRejections (node:internal/process/task_queues:105:5)","statusCode":401},"url":"/api/v1/workspaces/461aad2e-b059-4d67-90d4-559dbebe5eb3/budget-plans/1d2ac790-bed9-4fde-81fe-ff65bf9e9295","method":"PATCH","msg":"Missing or invalid authorization header"}
{"level":30,"time":1774821864524,"pid":9344,"hostname":"DESKTOP-MMVI6TQ","reqId":"req-d","res":{"statusCode":401},"responseTime":1.6699000597000122,"msg":"request completed"}
{"level":30,"time":1774821864526,"pid":9344,"hostname":"DESKTOP-MMVI6TQ","reqId":"req-e","req":{"method":"PATCH","url":"/api/v1/workspaces/461aad2e-b059-4d67-90d4-559dbebe5eb3/budget-plans/1d2ac790-bed9-4fde-81fe-ff65bf9e9295/activate","hostname":"localhost:80","remoteAddress":"127.0.0.1"},"msg":"incoming request"}
[90mstdout[2m | modules/policy-controls/tests/policy-controls.endpoints.test.ts[2m > [22m[2mPolicy Controls Module - Endpoint Tests[2m > [22m[2mPolicy Endpoints[2m > [22m[2mGET /api/v1/:workspaceId/policies[2m > [22m[2mÔ£à should list all policies[22m[39m
List Policies: [33m200[39m

[90mstdout[2m | modules/budget-planning/tests/budget-planning.endpoints.test.ts[2m > [22m[2mBudget Planning Module - Endpoint Tests[2m > [22m[2mBudget Plan Endpoints[2m > [22m[2mPATCH /api/v1/:workspaceId/budget-plans/:id[2m > [22m[2mÔ£à should update budget plan[22m[39m
[EventBus] No handlers for event type: BudgetPlanUpdated
Update Budget Plan: [33m200[39m

[90mstdout[2m | modules/budget-planning/tests/budget-planning.endpoints.test.ts[2m > [22m[2mBudget Planning Module - Endpoint Tests[2m > [22m[2mBudget Plan Endpoints[2m > [22m[2mPATCH /api/v1/:workspaceId/budget-plans/:id[2m > [22m[2mÔØî should fail without auth token[22m[39m
Update Budget Plan No Auth: [33m401[39m

[90mstdout[2m | modules/notification-dispatch/tests/notification-dispatch.endpoints.test.ts[2m > [22m[2mNotification Dispatch Module - Endpoint Tests[2m > [22m[2mNotification Preference Endpoints[2m > [22m[2mPATCH /api/v1/workspaces/:workspaceId/notification-preferences/:type[2m > [22m[2mÔ£à should update preferences for specific type[22m[39m
Update Type Preferences: [33m200[39m

[90mstdout[2m | modules/notification-dispatch/tests/notification-dispatch.endpoints.test.ts[2m > [22m[2mNotification Dispatch Module - Endpoint Tests[2m > [22m[2mNotification Preference Endpoints[2m > [22m[2mPATCH /api/v1/workspaces/:workspaceId/notification-preferences/:type[2m > [22m[2mÔØî should fail without auth token[22m[39m
Update Type Preferences No Auth: [33m401[39m

{"level":30,"time":1774821864522,"pid":9344,"hostname":"DESKTOP-MMVI6TQ","reqId":"req-x","req":{"method":"PATCH","url":"/api/v1/workspaces/e08d5486-a507-4d27-a3f7-9b9f9776ac5a/notification-preferences/BUDGET_ALERT","hostname":"localhost:80","remoteAddress":"127.0.0.1"},"msg":"incoming request"}
{"level":50,"time":1774821864522,"pid":9344,"hostname":"DESKTOP-MMVI6TQ","reqId":"req-x","err":{"type":"Error","message":"Missing or invalid authorization header","stack":"Error: Missing or invalid authorization header\n    at Object.authenticate (C:\\Users\\ASUS\\Desktop\\Modett\\Expense Tracker Application\\Expense Tracker\\apps\\api\\src\\plugins\\auth.ts:70:19)\n    at Object.<anonymous> (C:\\Users\\ASUS\\Desktop\\Modett\\Expense Tracker Application\\Expense Tracker\\modules\\notification-dispatch\\infrastructure\\http\\routes\\index.ts:25:23)\n    at hookIterator (C:\\Users\\ASUS\\Desktop\\Modett\\Expense Tracker Application\\Expense Tracker\\node_modules\\.pnpm\\fastify@4.29.1\\node_modules\\fastify\\lib\\hooks.js:405:10)\n    at next (C:\\Users\\ASUS\\Desktop\\Modett\\Expense Tracker Application\\Expense Tracker\\node_modules\\.pnpm\\fastify@4.29.1\\node_modules\\fastify\\lib\\hooks.js:239:18)\n    at handleResolve (C:\\Users\\ASUS\\Desktop\\Modett\\Expense Tracker Application\\Expense Tracker\\node_modules\\.pnpm\\fastify@4.29.1\\node_modules\\fastify\\lib\\hooks.js:250:7)\n    at processTicksAndRejections (node:internal/process/task_queues:105:5)","statusCode":401},"url":"/api/v1/workspaces/e08d5486-a507-4d27-a3f7-9b9f9776ac5a/notification-preferences/BUDGET_ALERT","method":"PATCH","msg":"Missing or invalid authorization header"}
{"level":30,"time":1774821864523,"pid":9344,"hostname":"DESKTOP-MMVI6TQ","reqId":"req-x","res":{"statusCode":401},"responseTime":1.2409000396728516,"msg":"request completed"}
{"level":30,"time":1774821864524,"pid":9344,"hostname":"DESKTOP-MMVI6TQ","reqId":"req-y","req":{"method":"PATCH","url":"/api/v1/workspaces/e08d5486-a507-4d27-a3f7-9b9f9776ac5a/notification-preferences/INVALID_TYPE","hostname":"localhost:80","remoteAddress":"127.0.0.1"},"msg":"incoming request"}
{"level":30,"time":1774821864527,"pid":9344,"hostname":"DESKTOP-MMVI6TQ","reqId":"req-y","res":{"statusCode":400},"responseTime":2.886199951171875,"msg":"request completed"}
{"level":30,"time":1774821864529,"pid":9344,"hostname":"DESKTOP-MMVI6TQ","reqId":"req-z","req":{"method":"GET","url":"/api/v1/workspaces/e08d5486-a507-4d27-a3f7-9b9f9776ac5a/notification-preferences/check?type=BUDGET_ALERT&channel=email","hostname":"localhost:80","remoteAddress":"127.0.0.1"},"msg":"incoming request"}
[90mstdout[2m | modules/notification-dispatch/tests/notification-dispatch.endpoints.test.ts[2m > [22m[2mNotification Dispatch Module - Endpoint Tests[2m > [22m[2mNotification Preference Endpoints[2m > [22m[2mPATCH /api/v1/workspaces/:workspaceId/notification-preferences/:type[2m > [22m[2mÔØî should fail with invalid notification type[22m[39m
Update Invalid Type Preferences: [33m400[39m

{"level":30,"time":1774821864534,"pid":9344,"hostname":"DESKTOP-MMVI6TQ","reqId":"req-h","req":{"method":"DELETE","url":"/api/v1/workspaces/0351eb01-7c99-4ad4-8111-6e905c077f54/departments/00000000-0000-0000-0000-000000000001","hostname":"localhost:80","remoteAddress":"127.0.0.1"},"msg":"incoming request"}
{"level":50,"time":1774821864534,"pid":9344,"hostname":"DESKTOP-MMVI6TQ","reqId":"req-h","err":{"type":"Error","message":"Missing or invalid authorization header","stack":"Error: Missing or invalid authorization header\n    at Object.authenticate (C:\\Users\\ASUS\\Desktop\\Modett\\Expense Tracker Application\\Expense Tracker\\apps\\api\\src\\plugins\\auth.ts:70:19)\n    at Object.<anonymous> (C:\\Users\\ASUS\\Desktop\\Modett\\Expense Tracker Application\\Expense Tracker\\modules\\cost-allocation\\infrastructure\\http\\routes\\index.ts:22:23)\n    at hookIterator (C:\\Users\\ASUS\\Desktop\\Modett\\Expense Tracker Application\\Expense Tracker\\node_modules\\.pnpm\\fastify@4.29.1\\node_modules\\fastify\\lib\\hooks.js:405:10)\n    at next (C:\\Users\\ASUS\\Desktop\\Modett\\Expense Tracker Application\\Expense Tracker\\node_modules\\.pnpm\\fastify@4.29.1\\node_modules\\fastify\\lib\\hooks.js:239:18)\n    at handleResolve (C:\\Users\\ASUS\\Desktop\\Modett\\Expense Tracker Application\\Expense Tracker\\node_modules\\.pnpm\\fastify@4.29.1\\node_modules\\fastify\\lib\\hooks.js:250:7)\n    at processTicksAndRejections (node:internal/process/task_queues:105:5)","statusCode":401},"url":"/api/v1/workspaces/0351eb01-7c99-4ad4-8111-6e905c077f54/departments/00000000-0000-0000-0000-000000000001","method":"DELETE","msg":"Missing or invalid authorization header"}
{"level":30,"time":1774821864535,"pid":9344,"hostname":"DESKTOP-MMVI6TQ","reqId":"req-h","res":{"statusCode":401},"responseTime":1.5490000247955322,"msg":"request completed"}
{"level":30,"time":1774821864538,"pid":9344,"hostname":"DESKTOP-MMVI6TQ","reqId":"req-i","req":{"method":"POST","url":"/api/v1/workspaces/0351eb01-7c99-4ad4-8111-6e905c077f54/cost-centers","hostname":"localhost:80","remoteAddress":"127.0.0.1"},"msg":"incoming request"}
{"level":30,"time":1774821864544,"pid":9344,"hostname":"DESKTOP-MMVI6TQ","reqId":"req-b","res":{"statusCode":200},"responseTime":21.651399970054626,"msg":"request completed"}
[90mstdout[2m | modules/cost-allocation/tests/cost-allocation.endpoints.test.ts[2m > [22m[2mCost Allocation Module - Endpoint Tests[2m > [22m[2mDepartment Endpoints[2m > [22m[2mDELETE /api/v1/:workspaceId/departments/:departmentId[2m > [22m[2mÔ£à should delete department[22m[39m
Delete Department: [33m400[39m

[90mstdout[2m | modules/cost-allocation/tests/cost-allocation.endpoints.test.ts[2m > [22m[2mCost Allocation Module - Endpoint Tests[2m > [22m[2mDepartment Endpoints[2m > [22m[2mDELETE /api/v1/:workspaceId/departments/:departmentId[2m > [22m[2mÔØî should fail without auth token[22m[39m
Delete Department No Auth: [33m401[39m

{"level":30,"time":1774821864548,"pid":9344,"hostname":"DESKTOP-MMVI6TQ","reqId":"req-z","res":{"statusCode":200},"responseTime":18.58399999141693,"msg":"request completed"}
{"level":30,"time":1774821864555,"pid":9344,"hostname":"DESKTOP-MMVI6TQ","reqId":"req-e","res":{"statusCode":200},"responseTime":28.73010003566742,"msg":"request completed"}
{"level":30,"time":1774821864549,"pid":9344,"hostname":"DESKTOP-MMVI6TQ","reqId":"req-10","req":{"method":"GET","url":"/api/v1/workspaces/e08d5486-a507-4d27-a3f7-9b9f9776ac5a/notification-preferences/check?type=BUDGET_ALERT&channel=email","hostname":"localhost:80","remoteAddress":"127.0.0.1"},"msg":"incoming request"}
{"level":50,"time":1774821864550,"pid":9344,"hostname":"DESKTOP-MMVI6TQ","reqId":"req-10","err":{"type":"Error","message":"Missing or invalid authorization header","stack":"Error: Missing or invalid authorization header\n    at Object.authenticate (C:\\Users\\ASUS\\Desktop\\Modett\\Expense Tracker Application\\Expense Tracker\\apps\\api\\src\\plugins\\auth.ts:70:19)\n    at Object.<anonymous> (C:\\Users\\ASUS\\Desktop\\Modett\\Expense Tracker Application\\Expense Tracker\\modules\\notification-dispatch\\infrastructure\\http\\routes\\index.ts:25:23)\n    at hookIterator (C:\\Users\\ASUS\\Desktop\\Modett\\Expense Tracker Application\\Expense Tracker\\node_modules\\.pnpm\\fastify@4.29.1\\node_modules\\fastify\\lib\\hooks.js:405:10)\n    at next (C:\\Users\\ASUS\\Desktop\\Modett\\Expense Tracker Application\\Expense Tracker\\node_modules\\.pnpm\\fastify@4.29.1\\node_modules\\fastify\\lib\\hooks.js:239:18)\n    at handleResolve (C:\\Users\\ASUS\\Desktop\\Modett\\Expense Tracker Application\\Expense Tracker\\node_modules\\.pnpm\\fastify@4.29.1\\node_modules\\fastify\\lib\\hooks.js:250:7)\n    at processTicksAndRejections (node:internal/process/task_queues:105:5)","statusCode":401},"url":"/api/v1/workspaces/e08d5486-a507-4d27-a3f7-9b9f9776ac5a/notification-preferences/check?type=BUDGET_ALERT&channel=email","method":"GET","msg":"Missing or invalid authorization header"}
{"level":30,"time":1774821864550,"pid":9344,"hostname":"DESKTOP-MMVI6TQ","reqId":"req-10","res":{"statusCode":401},"responseTime":1.0856000185012817,"msg":"request completed"}
{"level":30,"time":1774821864551,"pid":9344,"hostname":"DESKTOP-MMVI6TQ","reqId":"req-11","req":{"method":"GET","url":"/api/v1/workspaces/e08d5486-a507-4d27-a3f7-9b9f9776ac5a/notification-preferences/check","hostname":"localhost:80","remoteAddress":"127.0.0.1"},"msg":"incoming request"}
{"level":30,"time":1774821864557,"pid":9344,"hostname":"DESKTOP-MMVI6TQ","reqId":"req-11","res":{"statusCode":400},"responseTime":5.338800072669983,"msg":"request completed"}
{"level":30,"time":1774821864559,"pid":9344,"hostname":"DESKTOP-MMVI6TQ","reqId":"req-12","req":{"method":"DELETE","url":"/api/v1/workspaces/e08d5486-a507-4d27-a3f7-9b9f9776ac5a/admin/notification-templates/b6290ea7-39d3-433e-a1e0-b093dd08af70","hostname":"localhost:80","remoteAddress":"127.0.0.1"},"msg":"incoming request"}
{"level":30,"time":1774821864559,"pid":9344,"hostname":"DESKTOP-MMVI6TQ","reqId":"req-12","res":{"statusCode":404},"responseTime":0.5376999378204346,"msg":"request completed"}
{"level":30,"time":1774821864551,"pid":9344,"hostname":"DESKTOP-MMVI6TQ","reqId":"req-c","req":{"method":"GET","url":"/api/v1/workspaces/e7cc14a8-b5ee-4fc5-8226-3bdc876108f8/policies","hostname":"localhost:80","remoteAddress":"127.0.0.1"},"msg":"incoming request"}
{"level":50,"time":1774821864552,"pid":9344,"hostname":"DESKTOP-MMVI6TQ","reqId":"req-c","err":{"type":"Error","message":"Missing or invalid authorization header","stack":"Error: Missing or invalid authorization header\n    at Object.authenticate (C:\\Users\\ASUS\\Desktop\\Modett\\Expense Tracker Application\\Expense Tracker\\apps\\api\\src\\plugins\\auth.ts:70:19)\n    at Object.<anonymous> (C:\\Users\\ASUS\\Desktop\\Modett\\Expense Tracker Application\\Expense Tracker\\modules\\policy-controls\\infrastructure\\http\\routes\\index.ts:25:23)\n    at hookIterator (C:\\Users\\ASUS\\Desktop\\Modett\\Expense Tracker Application\\Expense Tracker\\node_modules\\.pnpm\\fastify@4.29.1\\node_modules\\fastify\\lib\\hooks.js:405:10)\n    at next (C:\\Users\\ASUS\\Desktop\\Modett\\Expense Tracker Application\\Expense Tracker\\node_modules\\.pnpm\\fastify@4.29.1\\node_modules\\fastify\\lib\\hooks.js:239:18)\n    at handleResolve (C:\\Users\\ASUS\\Desktop\\Modett\\Expense Tracker Application\\Expense Tracker\\node_modules\\.pnpm\\fastify@4.29.1\\node_modules\\fastify\\lib\\hooks.js:250:7)\n    at processTicksAndRejections (node:internal/process/task_queues:105:5)","statusCode":401},"url":"/api/v1/workspaces/e7cc14a8-b5ee-4fc5-8226-3bdc876108f8/policies","method":"GET","msg":"Missing or invalid authorization header"}
{"level":30,"time":1774821864553,"pid":9344,"hostname":"DESKTOP-MMVI6TQ","reqId":"req-c","res":{"statusCode":401},"responseTime":1.6335999965667725,"msg":"request completed"}
{"level":30,"time":1774821864556,"pid":9344,"hostname":"DESKTOP-MMVI6TQ","reqId":"req-d","req":{"method":"GET","url":"/api/v1/workspaces/e7cc14a8-b5ee-4fc5-8226-3bdc876108f8/policies/ed479349-d85f-4e26-8242-6bd1ec53dac5","hostname":"localhost:80","remoteAddress":"127.0.0.1"},"msg":"incoming request"}
[90mstdout[2m | modules/notification-dispatch/tests/notification-dispatch.endpoints.test.ts[2m > [22m[2mNotification Dispatch Module - Endpoint Tests[2m > [22m[2mNotification Preference Endpoints[2m > [22m[2mGET /api/v1/workspaces/:workspaceId/notification-preferences/check[2m > [22m[2mÔ£à should check if channel is enabled[22m[39m
Check Channel Enabled: [33m200[39m

[90mstdout[2m | modules/notification-dispatch/tests/notification-dispatch.endpoints.test.ts[2m > [22m[2mNotification Dispatch Module - Endpoint Tests[2m > [22m[2mNotification Preference Endpoints[2m > [22m[2mGET /api/v1/workspaces/:workspaceId/notification-preferences/check[2m > [22m[2mÔØî should fail without auth token[22m[39m
Check Channel Enabled No Auth: [33m401[39m

[90mstdout[2m | modules/notification-dispatch/tests/notification-dispatch.endpoints.test.ts[2m > [22m[2mNotification Dispatch Module - Endpoint Tests[2m > [22m[2mNotification Preference Endpoints[2m > [22m[2mGET /api/v1/workspaces/:workspaceId/notification-preferences/check[2m > [22m[2mÔØî should fail with missing query params[22m[39m
Check Channel Missing Params: [33m400[39m

[90mstdout[2m | modules/notification-dispatch/tests/notification-dispatch.endpoints.test.ts[2m > [22m[2mNotification Dispatch Module - Endpoint Tests[2m > [22m[2m­ƒôè Endpoint Summary Report[2m > [22m[2mshould print endpoint summary[22m[39m

============================================================
NOTIFICATION DISPATCH MODULE - ENDPOINT TEST SUMMARY
============================================================

­ƒôï Template Endpoints (Admin):
    POST   /workspaces/:wsId/admin/notification-templates              - Create Template
    GET    /workspaces/:wsId/admin/notification-templates/:id          - Get Template
    GET    /workspaces/:wsId/admin/notification-templates/active       - Get Active Template
    PATCH  /workspaces/:wsId/admin/notification-templates/:id          - Update Template
    PATCH  /workspaces/:wsId/admin/notification-templates/:id/activate - Activate Template
    PATCH  /workspaces/:wsId/admin/notification-templates/:id/deactivate - Deactivate Template

­ƒöö Notification Endpoints:
    GET    /workspaces/:wsId/notifications            - List Notifications
    PATCH  /workspaces/:wsId/notifications/:id/read   - Mark as Read
    PATCH  /workspaces/:wsId/notifications/read-all   - Mark All Read
    GET    /workspaces/:wsId/notifications/preferences - Get Prefs
    PATCH  /workspaces/:wsId/notifications/preferences - Update Prefs

ÔÜÖ´©Å  Preference Endpoints:
    GET    /workspaces/:wsId/notification-preferences - Get User Prefs
    PATCH  /workspaces/:wsId/notification-preferences - Update Global
    PATCH  /workspaces/:wsId/notification-preferences/:type - Update Type
    GET    /workspaces/:wsId/notification-preferences/check - Check Channel

============================================================
Test User: notification-test-1774821859578@example.com
Test Workspace ID: e08d5486-a507-4d27-a3f7-9b9f9776ac5a
Test Template ID: b6290ea7-39d3-433e-a1e0-b093dd08af70
============================================================
      

[90mstdout[2m | modules/policy-controls/tests/policy-controls.endpoints.test.ts[2m > [22m[2mPolicy Controls Module - Endpoint Tests[2m > [22m[2mPolicy Endpoints[2m > [22m[2mGET /api/v1/:workspaceId/policies[2m > [22m[2mÔ£à should list only active policies[22m[39m
List Active Policies: [33m200[39m

[90mstdout[2m | modules/policy-controls/tests/policy-controls.endpoints.test.ts[2m > [22m[2mPolicy Controls Module - Endpoint Tests[2m > [22m[2mPolicy Endpoints[2m > [22m[2mGET /api/v1/:workspaceId/policies[2m > [22m[2mÔØî should fail without auth token[22m[39m
List Policies No Auth: [33m401[39m

{"level":30,"time":1774821864556,"pid":9344,"hostname":"DESKTOP-MMVI6TQ","reqId":"req-f","req":{"method":"PATCH","url":"/api/v1/workspaces/461aad2e-b059-4d67-90d4-559dbebe5eb3/budget-plans/1d2ac790-bed9-4fde-81fe-ff65bf9e9295/activate","hostname":"localhost:80","remoteAddress":"127.0.0.1"},"msg":"incoming request"}
{"level":50,"time":1774821864557,"pid":9344,"hostname":"DESKTOP-MMVI6TQ","reqId":"req-f","err":{"type":"Error","message":"Missing or invalid authorization header","stack":"Error: Missing or invalid authorization header\n    at Object.authenticate (C:\\Users\\ASUS\\Desktop\\Modett\\Expense Tracker Application\\Expense Tracker\\apps\\api\\src\\plugins\\auth.ts:70:19)\n    at Object.<anonymous> (C:\\Users\\ASUS\\Desktop\\Modett\\Expense Tracker Application\\Expense Tracker\\modules\\budget-planning\\infrastructure\\http\\routes\\index.ts:25:23)\n    at hookIterator (C:\\Users\\ASUS\\Desktop\\Modett\\Expense Tracker Application\\Expense Tracker\\node_modules\\.pnpm\\fastify@4.29.1\\node_modules\\fastify\\lib\\hooks.js:405:10)\n    at next (C:\\Users\\ASUS\\Desktop\\Modett\\Expense Tracker Application\\Expense Tracker\\node_modules\\.pnpm\\fastify@4.29.1\\node_modules\\fastify\\lib\\hooks.js:239:18)\n    at handleResolve (C:\\Users\\ASUS\\Desktop\\Modett\\Expense Tracker Application\\Expense Tracker\\node_modules\\.pnpm\\fastify@4.29.1\\node_modules\\fastify\\lib\\hooks.js:250:7)\n    at processTicksAndRejections (node:internal/process/task_queues:105:5)","statusCode":401},"url":"/api/v1/workspaces/461aad2e-b059-4d67-90d4-559dbebe5eb3/budget-plans/1d2ac790-bed9-4fde-81fe-ff65bf9e9295/activate","method":"PATCH","msg":"Missing or invalid authorization header"}
{"level":30,"time":1774821864558,"pid":9344,"hostname":"DESKTOP-MMVI6TQ","reqId":"req-f","res":{"statusCode":401},"responseTime":1.6719000339508057,"msg":"request completed"}
{"level":30,"time":1774821864565,"pid":9344,"hostname":"DESKTOP-MMVI6TQ","reqId":"req-g","req":{"method":"POST","url":"/api/v1/workspaces/461aad2e-b059-4d67-90d4-559dbebe5eb3/budget-plans","hostname":"localhost:80","remoteAddress":"127.0.0.1"},"msg":"incoming request"}
[90mstdout[2m | modules/budget-planning/tests/budget-planning.endpoints.test.ts[2m > [22m[2mBudget Planning Module - Endpoint Tests[2m > [22m[2mBudget Plan Endpoints[2m > [22m[2mPATCH /api/v1/:workspaceId/budget-plans/:id/activate[2m > [22m[2mÔ£à should activate budget plan[22m[39m
[EventBus] No handlers for event type: BudgetPlanStatusChanged
Activate Budget Plan: [33m200[39m

[90mstdout[2m | modules/budget-planning/tests/budget-planning.endpoints.test.ts[2m > [22m[2mBudget Planning Module - Endpoint Tests[2m > [22m[2mBudget Plan Endpoints[2m > [22m[2mPATCH /api/v1/:workspaceId/budget-plans/:id/activate[2m > [22m[2mÔØî should fail without auth token[22m[39m
Activate Budget Plan No Auth: [33m401[39m

{"level":30,"time":1774821864570,"pid":9344,"hostname":"DESKTOP-MMVI6TQ","reqId":"req-d","res":{"statusCode":200},"responseTime":13.717700004577637,"msg":"request completed"}
{"level":30,"time":1774821864572,"pid":9344,"hostname":"DESKTOP-MMVI6TQ","reqId":"req-i","res":{"statusCode":201},"responseTime":34.32949995994568,"msg":"request completed"}
{"level":30,"time":1774821864572,"pid":9344,"hostname":"DESKTOP-MMVI6TQ","reqId":"req-e","req":{"method":"GET","url":"/api/v1/workspaces/e7cc14a8-b5ee-4fc5-8226-3bdc876108f8/policies/99999999-9999-4999-8999-999999999999","hostname":"localhost:80","remoteAddress":"127.0.0.1"},"msg":"incoming request"}
[90mstdout[2m | modules/policy-controls/tests/policy-controls.endpoints.test.ts[2m > [22m[2mPolicy Controls Module - Endpoint Tests[2m > [22m[2mPolicy Endpoints[2m > [22m[2mGET /api/v1/:workspaceId/policies/:policyId[2m > [22m[2mÔ£à should get policy by ID[22m[39m
Get Policy: [33m200[39m

{"level":30,"time":1774821864578,"pid":9344,"hostname":"DESKTOP-MMVI6TQ","reqId":"req-g","res":{"statusCode":201},"responseTime":13.424899935722351,"msg":"request completed"}
{"level":30,"time":1774821864584,"pid":9344,"hostname":"DESKTOP-MMVI6TQ","msg":"Database connection closed"}
{"level":30,"time":1774821864573,"pid":9344,"hostname":"DESKTOP-MMVI6TQ","reqId":"req-j","req":{"method":"POST","url":"/api/v1/workspaces/0351eb01-7c99-4ad4-8111-6e905c077f54/cost-centers","hostname":"localhost:80","remoteAddress":"127.0.0.1"},"msg":"incoming request"}
{"level":50,"time":1774821864574,"pid":9344,"hostname":"DESKTOP-MMVI6TQ","reqId":"req-j","err":{"type":"Error","message":"Missing or invalid authorization header","stack":"Error: Missing or invalid authorization header\n    at Object.authenticate (C:\\Users\\ASUS\\Desktop\\Modett\\Expense Tracker Application\\Expense Tracker\\apps\\api\\src\\plugins\\auth.ts:70:19)\n    at Object.<anonymous> (C:\\Users\\ASUS\\Desktop\\Modett\\Expense Tracker Application\\Expense Tracker\\modules\\cost-allocation\\infrastructure\\http\\routes\\index.ts:22:23)\n    at hookIterator (C:\\Users\\ASUS\\Desktop\\Modett\\Expense Tracker Application\\Expense Tracker\\node_modules\\.pnpm\\fastify@4.29.1\\node_modules\\fastify\\lib\\hooks.js:405:10)\n    at next (C:\\Users\\ASUS\\Desktop\\Modett\\Expense Tracker Application\\Expense Tracker\\node_modules\\.pnpm\\fastify@4.29.1\\node_modules\\fastify\\lib\\hooks.js:239:18)\n    at handleResolve (C:\\Users\\ASUS\\Desktop\\Modett\\Expense Tracker Application\\Expense Tracker\\node_modules\\.pnpm\\fastify@4.29.1\\node_modules\\fastify\\lib\\hooks.js:250:7)\n    at processTicksAndRejections (node:internal/process/task_queues:105:5)","statusCode":401},"url":"/api/v1/workspaces/0351eb01-7c99-4ad4-8111-6e905c077f54/cost-centers","method":"POST","msg":"Missing or invalid authorization header"}
{"level":30,"time":1774821864575,"pid":9344,"hostname":"DESKTOP-MMVI6TQ","reqId":"req-j","res":{"statusCode":401},"responseTime":1.2411999702453613,"msg":"request completed"}
{"level":30,"time":1774821864576,"pid":9344,"hostname":"DESKTOP-MMVI6TQ","reqId":"req-k","req":{"method":"POST","url":"/api/v1/workspaces/0351eb01-7c99-4ad4-8111-6e905c077f54/cost-centers","hostname":"localhost:80","remoteAddress":"127.0.0.1"},"msg":"incoming request"}
{"level":50,"time":1774821864581,"pid":9344,"hostname":"DESKTOP-MMVI6TQ","reqId":"req-k","err":{"type":"Error","message":"body must have required property 'code'","stack":"Error: body must have required property 'code'\n    at Object.schemaErrorFormatter (C:\\Users\\ASUS\\Desktop\\Modett\\Expense Tracker Application\\Expense Tracker\\apps\\api\\src\\server.ts:35:14)\n    at wrapValidationError (C:\\Users\\ASUS\\Desktop\\Modett\\Expense Tracker Application\\Expense Tracker\\node_modules\\.pnpm\\fastify@4.29.1\\node_modules\\fastify\\lib\\validation.js:249:17)\n    at validate (C:\\Users\\ASUS\\Desktop\\Modett\\Expense Tracker Application\\Expense Tracker\\node_modules\\.pnpm\\fastify@4.29.1\\node_modules\\fastify\\lib\\validation.js:167:16)\n    at preValidationCallback (C:\\Users\\ASUS\\Desktop\\Modett\\Expense Tracker Application\\Expense Tracker\\node_modules\\.pnpm\\fastify@4.29.1\\node_modules\\fastify\\lib\\handleRequest.js:93:25)\n    at next (C:\\Users\\ASUS\\Desktop\\Modett\\Expense Tracker Application\\Expense Tracker\\node_modules\\.pnpm\\fastify@4.29.1\\node_modules\\fastify\\lib\\hooks.js:233:9)\n    at handleResolve (C:\\Users\\ASUS\\Desktop\\Modett\\Expense Tracker Application\\Expense Tracker\\node_modules\\.pnpm\\fastify@4.29.1\\node_modules\\fastify\\lib\\hooks.js:250:7)\n    at processTicksAndRejections (node:internal/process/task_queues:105:5)","statusCode":400,"code":"FST_ERR_VALIDATION","validation":[{"instancePath":"","schemaPath":"#/required","keyword":"required","params":{"missingProperty":"code"},"message":"must have required property 'code'"}],"validationContext":"body"},"url":"/api/v1/workspaces/0351eb01-7c99-4ad4-8111-6e905c077f54/cost-centers","method":"POST","msg":"body must have required property 'code'"}
{"level":30,"time":1774821864582,"pid":9344,"hostname":"DESKTOP-MMVI6TQ","reqId":"req-k","res":{"statusCode":400},"responseTime":5.7236000299453735,"msg":"request completed"}
{"level":30,"time":1774821864584,"pid":9344,"hostname":"DESKTOP-MMVI6TQ","reqId":"req-l","req":{"method":"GET","url":"/api/v1/workspaces/0351eb01-7c99-4ad4-8111-6e905c077f54/cost-centers","hostname":"localhost:80","remoteAddress":"127.0.0.1"},"msg":"incoming request"}
{"level":30,"time":1774821864588,"pid":9344,"hostname":"DESKTOP-MMVI6TQ","reqId":"req-e","res":{"statusCode":404},"responseTime":16.499899983406067,"msg":"request completed"}
{"level":30,"time":1774821864583,"pid":9344,"hostname":"DESKTOP-MMVI6TQ","reqId":"req-h","req":{"method":"DELETE","url":"/api/v1/workspaces/461aad2e-b059-4d67-90d4-559dbebe5eb3/budget-plans/4d293504-582f-48c3-8621-df42e7a90f6a","hostname":"localhost:80","remoteAddress":"127.0.0.1"},"msg":"incoming request"}
[90mstdout[2m | modules/cost-allocation/tests/cost-allocation.endpoints.test.ts[2m > [22m[2mCost Allocation Module - Endpoint Tests[2m > [22m[2mCost Center Endpoints[2m > [22m[2mPOST /api/v1/:workspaceId/cost-centers[2m > [22m[2mÔ£à should create a cost center[22m[39m
[EventBus] No handlers for event type: CostCenterCreated
Create Cost Center: [33m201[39m

[90mstdout[2m | modules/cost-allocation/tests/cost-allocation.endpoints.test.ts[2m > [22m[2mCost Allocation Module - Endpoint Tests[2m > [22m[2mCost Center Endpoints[2m > [22m[2mPOST /api/v1/:workspaceId/cost-centers[2m > [22m[2mÔØî should fail without auth token[22m[39m
Create Cost Center No Auth: [33m401[39m

[90mstdout[2m | modules/cost-allocation/tests/cost-allocation.endpoints.test.ts[2m > [22m[2mCost Allocation Module - Endpoint Tests[2m > [22m[2mCost Center Endpoints[2m > [22m[2mPOST /api/v1/:workspaceId/cost-centers[2m > [22m[2mÔØî should fail with missing required fields[22m[39m
Create Cost Center Missing Fields: [33m400[39m

[90mstdout[2m | modules/budget-planning/tests/budget-planning.endpoints.test.ts[2m > [22m[2mBudget Planning Module - Endpoint Tests[2m > [22m[2mBudget Plan Endpoints[2m > [22m[2mDELETE /api/v1/:workspaceId/budget-plans/:id[2m > [22m[2mÔ£à should delete budget plan[22m[39m
[EventBus] No handlers for event type: BudgetPlanCreated

{"level":30,"time":1774821864590,"pid":9344,"hostname":"DESKTOP-MMVI6TQ","reqId":"req-f","req":{"method":"GET","url":"/api/v1/workspaces/e7cc14a8-b5ee-4fc5-8226-3bdc876108f8/policies/invalid-uuid","hostname":"localhost:80","remoteAddress":"127.0.0.1"},"msg":"incoming request"}
{"level":30,"time":1774821864599,"pid":9344,"hostname":"DESKTOP-MMVI6TQ","reqId":"req-f","res":{"statusCode":400},"responseTime":9.004899978637695,"msg":"request completed"}
{"level":30,"time":1774821864601,"pid":9344,"hostname":"DESKTOP-MMVI6TQ","reqId":"req-g","req":{"method":"PUT","url":"/api/v1/workspaces/e7cc14a8-b5ee-4fc5-8226-3bdc876108f8/policies/ed479349-d85f-4e26-8242-6bd1ec53dac5","hostname":"localhost:80","remoteAddress":"127.0.0.1"},"msg":"incoming request"}
[90mstdout[2m | modules/policy-controls/tests/policy-controls.endpoints.test.ts[2m > [22m[2mPolicy Controls Module - Endpoint Tests[2m > [22m[2mPolicy Endpoints[2m > [22m[2mGET /api/v1/:workspaceId/policies/:policyId[2m > [22m[2mÔØî should fail with non-existent policy ID[22m[39m
Get Non-existent Policy: [33m404[39m

[90mstdout[2m | modules/policy-controls/tests/policy-controls.endpoints.test.ts[2m > [22m[2mPolicy Controls Module - Endpoint Tests[2m > [22m[2mPolicy Endpoints[2m > [22m[2mGET /api/v1/:workspaceId/policies/:policyId[2m > [22m[2mÔØî should fail with invalid UUID format[22m[39m
Get Policy Invalid UUID: [33m400[39m

[90mstdout[2m | modules/policy-controls/tests/policy-controls.endpoints.test.ts[2m > [22m[2mPolicy Controls Module - Endpoint Tests[2m > [22m[2mPolicy Endpoints[2m > [22m[2mPUT /api/v1/:workspaceId/policies/:policyId[2m > [22m[2mÔ£à should update policy name and description[22m[39m
testPolicyId before update: ed479349-d85f-4e26-8242-6bd1ec53dac5

 [32mÔ£ô[39m modules/notification-dispatch/tests/notification-dispatch.endpoints.test.ts [2m ([22m[2m35 tests[22m[2m)[22m[33m 4996[2mms[22m[39m
{"level":30,"time":1774821864620,"pid":9344,"hostname":"DESKTOP-MMVI6TQ","reqId":"req-l","res":{"statusCode":200},"responseTime":35.788400053977966,"msg":"request completed"}
{"level":30,"time":1774821864621,"pid":9344,"hostname":"DESKTOP-MMVI6TQ","reqId":"req-m","req":{"method":"GET","url":"/api/v1/workspaces/0351eb01-7c99-4ad4-8111-6e905c077f54/cost-centers","hostname":"localhost:80","remoteAddress":"127.0.0.1"},"msg":"incoming request"}
{"level":50,"time":1774821864622,"pid":9344,"hostname":"DESKTOP-MMVI6TQ","reqId":"req-m","err":{"type":"Error","message":"Missing or invalid authorization header","stack":"Error: Missing or invalid authorization header\n    at Object.authenticate (C:\\Users\\ASUS\\Desktop\\Modett\\Expense Tracker Application\\Expense Tracker\\apps\\api\\src\\plugins\\auth.ts:70:19)\n    at Object.<anonymous> (C:\\Users\\ASUS\\Desktop\\Modett\\Expense Tracker Application\\Expense Tracker\\modules\\cost-allocation\\infrastructure\\http\\routes\\index.ts:22:23)\n    at hookIterator (C:\\Users\\ASUS\\Desktop\\Modett\\Expense Tracker Application\\Expense Tracker\\node_modules\\.pnpm\\fastify@4.29.1\\node_modules\\fastify\\lib\\hooks.js:405:10)\n    at next (C:\\Users\\ASUS\\Desktop\\Modett\\Expense Tracker Application\\Expense Tracker\\node_modules\\.pnpm\\fastify@4.29.1\\node_modules\\fastify\\lib\\hooks.js:239:18)\n    at handleResolve (C:\\Users\\ASUS\\Desktop\\Modett\\Expense Tracker Application\\Expense Tracker\\node_modules\\.pnpm\\fastify@4.29.1\\node_modules\\fastify\\lib\\hooks.js:250:7)\n    at processTicksAndRejections (node:internal/process/task_queues:105:5)","statusCode":401},"url":"/api/v1/workspaces/0351eb01-7c99-4ad4-8111-6e905c077f54/cost-centers","method":"GET","msg":"Missing or invalid authorization header"}
{"level":30,"time":1774821864623,"pid":9344,"hostname":"DESKTOP-MMVI6TQ","reqId":"req-m","res":{"statusCode":401},"responseTime":1.2517999410629272,"msg":"request completed"}
{"level":30,"time":1774821864624,"pid":9344,"hostname":"DESKTOP-MMVI6TQ","reqId":"req-n","req":{"method":"GET","url":"/api/v1/workspaces/0351eb01-7c99-4ad4-8111-6e905c077f54/cost-centers/00000000-0000-0000-0000-000000000001","hostname":"localhost:80","remoteAddress":"127.0.0.1"},"msg":"incoming request"}
[90mstdout[2m | modules/cost-allocation/tests/cost-allocation.endpoints.test.ts[2m > [22m[2mCost Allocation Module - Endpoint Tests[2m > [22m[2mCost Center Endpoints[2m > [22m[2mGET /api/v1/:workspaceId/cost-centers[2m > [22m[2mÔ£à should list cost centers[22m[39m
List Cost Centers: [33m200[39m

[90mstdout[2m | modules/cost-allocation/tests/cost-allocation.endpoints.test.ts[2m > [22m[2mCost Allocation Module - Endpoint Tests[2m > [22m[2mCost Center Endpoints[2m > [22m[2mGET /api/v1/:workspaceId/cost-centers[2m > [22m[2mÔØî should fail without auth token[22m[39m
List Cost Centers No Auth: [33m401[39m

{"level":30,"time":1774821864633,"pid":9344,"hostname":"DESKTOP-MMVI6TQ","reqId":"req-g","res":{"statusCode":200},"responseTime":31.69220006465912,"msg":"request completed"}
{"level":30,"time":1774821864634,"pid":9344,"hostname":"DESKTOP-MMVI6TQ","reqId":"req-h","res":{"statusCode":204},"responseTime":50.944000005722046,"msg":"request completed"}
{"level":30,"time":1774821864635,"pid":9344,"hostname":"DESKTOP-MMVI6TQ","reqId":"req-n","res":{"statusCode":400},"responseTime":11.196300029754639,"msg":"request completed"}
{"level":30,"time":1774821864637,"pid":9344,"hostname":"DESKTOP-MMVI6TQ","reqId":"req-o","req":{"method":"GET","url":"/api/v1/workspaces/0351eb01-7c99-4ad4-8111-6e905c077f54/cost-centers/00000000-0000-0000-0000-000000000001","hostname":"localhost:80","remoteAddress":"127.0.0.1"},"msg":"incoming request"}
{"level":50,"time":1774821864637,"pid":9344,"hostname":"DESKTOP-MMVI6TQ","reqId":"req-o","err":{"type":"Error","message":"Missing or invalid authorization header","stack":"Error: Missing or invalid authorization header\n    at Object.authenticate (C:\\Users\\ASUS\\Desktop\\Modett\\Expense Tracker Application\\Expense Tracker\\apps\\api\\src\\plugins\\auth.ts:70:19)\n    at Object.<anonymous> (C:\\Users\\ASUS\\Desktop\\Modett\\Expense Tracker Application\\Expense Tracker\\modules\\cost-allocation\\infrastructure\\http\\routes\\index.ts:22:23)\n    at hookIterator (C:\\Users\\ASUS\\Desktop\\Modett\\Expense Tracker Application\\Expense Tracker\\node_modules\\.pnpm\\fastify@4.29.1\\node_modules\\fastify\\lib\\hooks.js:405:10)\n    at next (C:\\Users\\ASUS\\Desktop\\Modett\\Expense Tracker Application\\Expense Tracker\\node_modules\\.pnpm\\fastify@4.29.1\\node_modules\\fastify\\lib\\hooks.js:239:18)\n    at handleResolve (C:\\Users\\ASUS\\Desktop\\Modett\\Expense Tracker Application\\Expense Tracker\\node_modules\\.pnpm\\fastify@4.29.1\\node_modules\\fastify\\lib\\hooks.js:250:7)\n    at processTicksAndRejections (node:internal/process/task_queues:105:5)","statusCode":401},"url":"/api/v1/workspaces/0351eb01-7c99-4ad4-8111-6e905c077f54/cost-centers/00000000-0000-0000-0000-000000000001","method":"GET","msg":"Missing or invalid authorization header"}
{"level":30,"time":1774821864638,"pid":9344,"hostname":"DESKTOP-MMVI6TQ","reqId":"req-o","res":{"statusCode":401},"responseTime":1.046299934387207,"msg":"request completed"}
{"level":30,"time":1774821864639,"pid":9344,"hostname":"DESKTOP-MMVI6TQ","reqId":"req-p","req":{"method":"PUT","url":"/api/v1/workspaces/0351eb01-7c99-4ad4-8111-6e905c077f54/cost-centers/00000000-0000-0000-0000-000000000001","hostname":"localhost:80","remoteAddress":"127.0.0.1"},"msg":"incoming request"}
{"level":30,"time":1774821864639,"pid":9344,"hostname":"DESKTOP-MMVI6TQ","reqId":"req-h","req":{"method":"PUT","url":"/api/v1/workspaces/e7cc14a8-b5ee-4fc5-8226-3bdc876108f8/policies/ed479349-d85f-4e26-8242-6bd1ec53dac5","hostname":"localhost:80","remoteAddress":"127.0.0.1"},"msg":"incoming request"}
{"level":30,"time":1774821864636,"pid":9344,"hostname":"DESKTOP-MMVI6TQ","reqId":"req-i","req":{"method":"DELETE","url":"/api/v1/workspaces/461aad2e-b059-4d67-90d4-559dbebe5eb3/budget-plans/00000000-0000-4000-8000-000000000001","hostname":"localhost:80","remoteAddress":"127.0.0.1"},"msg":"incoming request"}
{"level":50,"time":1774821864637,"pid":9344,"hostname":"DESKTOP-MMVI6TQ","reqId":"req-i","err":{"type":"Error","message":"Missing or invalid authorization header","stack":"Error: Missing or invalid authorization header\n    at Object.authenticate (C:\\Users\\ASUS\\Desktop\\Modett\\Expense Tracker Application\\Expense Tracker\\apps\\api\\src\\plugins\\auth.ts:70:19)\n    at Object.<anonymous> (C:\\Users\\ASUS\\Desktop\\Modett\\Expense Tracker Application\\Expense Tracker\\modules\\budget-planning\\infrastructure\\http\\routes\\index.ts:25:23)\n    at hookIterator (C:\\Users\\ASUS\\Desktop\\Modett\\Expense Tracker Application\\Expense Tracker\\node_modules\\.pnpm\\fastify@4.29.1\\node_modules\\fastify\\lib\\hooks.js:405:10)\n    at next (C:\\Users\\ASUS\\Desktop\\Modett\\Expense Tracker Application\\Expense Tracker\\node_modules\\.pnpm\\fastify@4.29.1\\node_modules\\fastify\\lib\\hooks.js:239:18)\n    at handleResolve (C:\\Users\\ASUS\\Desktop\\Modett\\Expense Tracker Application\\Expense Tracker\\node_modules\\.pnpm\\fastify@4.29.1\\node_modules\\fastify\\lib\\hooks.js:250:7)\n    at processTicksAndRejections (node:internal/process/task_queues:105:5)","statusCode":401},"url":"/api/v1/workspaces/461aad2e-b059-4d67-90d4-559dbebe5eb3/budget-plans/00000000-0000-4000-8000-000000000001","method":"DELETE","msg":"Missing or invalid authorization header"}
{"level":30,"time":1774821864643,"pid":9344,"hostname":"DESKTOP-MMVI6TQ","reqId":"req-i","res":{"statusCode":401},"responseTime":6.643599987030029,"msg":"request completed"}
{"level":30,"time":1774821864653,"pid":9344,"hostname":"DESKTOP-MMVI6TQ","reqId":"req-j","req":{"method":"POST","url":"/api/v1/workspaces/461aad2e-b059-4d67-90d4-559dbebe5eb3/budget-plans/1d2ac790-bed9-4fde-81fe-ff65bf9e9295/forecasts","hostname":"localhost:80","remoteAddress":"127.0.0.1"},"msg":"incoming request"}
{"level":30,"time":1774821864667,"pid":9344,"hostname":"DESKTOP-MMVI6TQ","reqId":"req-p","res":{"statusCode":400},"responseTime":27.626100063323975,"msg":"request completed"}
{"level":30,"time":1774821864670,"pid":9344,"hostname":"DESKTOP-MMVI6TQ","reqId":"req-h","res":{"statusCode":200},"responseTime":30.90500009059906,"msg":"request completed"}
{"level":30,"time":1774821864672,"pid":9344,"hostname":"DESKTOP-MMVI6TQ","reqId":"req-i","req":{"method":"PUT","url":"/api/v1/workspaces/e7cc14a8-b5ee-4fc5-8226-3bdc876108f8/policies/ed479349-d85f-4e26-8242-6bd1ec53dac5","hostname":"localhost:80","remoteAddress":"127.0.0.1"},"msg":"incoming request"}
{"level":30,"time":1774821864669,"pid":9344,"hostname":"DESKTOP-MMVI6TQ","reqId":"req-q","req":{"method":"PUT","url":"/api/v1/workspaces/0351eb01-7c99-4ad4-8111-6e905c077f54/cost-centers/00000000-0000-0000-0000-000000000001","hostname":"localhost:80","remoteAddress":"127.0.0.1"},"msg":"incoming request"}
{"level":50,"time":1774821864669,"pid":9344,"hostname":"DESKTOP-MMVI6TQ","reqId":"req-q","err":{"type":"Error","message":"Missing or invalid authorization header","stack":"Error: Missing or invalid authorization header\n    at Object.authenticate (C:\\Users\\ASUS\\Desktop\\Modett\\Expense Tracker Application\\Expense Tracker\\apps\\api\\src\\plugins\\auth.ts:70:19)\n    at Object.<anonymous> (C:\\Users\\ASUS\\Desktop\\Modett\\Expense Tracker Application\\Expense Tracker\\modules\\cost-allocation\\infrastructure\\http\\routes\\index.ts:22:23)\n    at hookIterator (C:\\Users\\ASUS\\Desktop\\Modett\\Expense Tracker Application\\Expense Tracker\\node_modules\\.pnpm\\fastify@4.29.1\\node_modules\\fastify\\lib\\hooks.js:405:10)\n    at next (C:\\Users\\ASUS\\Desktop\\Modett\\Expense Tracker Application\\Expense Tracker\\node_modules\\.pnpm\\fastify@4.29.1\\node_modules\\fastify\\lib\\hooks.js:239:18)\n    at handleResolve (C:\\Users\\ASUS\\Desktop\\Modett\\Expense Tracker Application\\Expense Tracker\\node_modules\\.pnpm\\fastify@4.29.1\\node_modules\\fastify\\lib\\hooks.js:250:7)\n    at processTicksAndRejections (node:internal/process/task_queues:105:5)","statusCode":401},"url":"/api/v1/workspaces/0351eb01-7c99-4ad4-8111-6e905c077f54/cost-centers/00000000-0000-0000-0000-000000000001","method":"PUT","msg":"Missing or invalid authorization header"}
{"level":30,"time":1774821864670,"pid":9344,"hostname":"DESKTOP-MMVI6TQ","reqId":"req-q","res":{"statusCode":401},"responseTime":1.5526999235153198,"msg":"request completed"}
{"level":30,"time":1774821864677,"pid":9344,"hostname":"DESKTOP-MMVI6TQ","reqId":"req-r","req":{"method":"PATCH","url":"/api/v1/workspaces/0351eb01-7c99-4ad4-8111-6e905c077f54/cost-centers/00000000-0000-0000-0000-000000000001/activate","hostname":"localhost:80","remoteAddress":"127.0.0.1"},"msg":"incoming request"}
[90mstdout[2m | modules/cost-allocation/tests/cost-allocation.endpoints.test.ts[2m > [22m[2mCost Allocation Module - Endpoint Tests[2m > [22m[2mCost Center Endpoints[2m > [22m[2mGET /api/v1/:workspaceId/cost-centers/:costCenterId[2m > [22m[2mÔ£à should get cost center by ID[22m[39m
Get Cost Center: [33m400[39m

[90mstdout[2m | modules/cost-allocation/tests/cost-allocation.endpoints.test.ts[2m > [22m[2mCost Allocation Module - Endpoint Tests[2m > [22m[2mCost Center Endpoints[2m > [22m[2mGET /api/v1/:workspaceId/cost-centers/:costCenterId[2m > [22m[2mÔØî should fail without auth token[22m[39m
Get Cost Center No Auth: [33m401[39m

[90mstdout[2m | modules/cost-allocation/tests/cost-allocation.endpoints.test.ts[2m > [22m[2mCost Allocation Module - Endpoint Tests[2m > [22m[2mCost Center Endpoints[2m > [22m[2mPUT /api/v1/:workspaceId/cost-centers/:costCenterId[2m > [22m[2mÔ£à should update cost center[22m[39m
Update Cost Center: [33m400[39m

[90mstdout[2m | modules/cost-allocation/tests/cost-allocation.endpoints.test.ts[2m > [22m[2mCost Allocation Module - Endpoint Tests[2m > [22m[2mCost Center Endpoints[2m > [22m[2mPUT /api/v1/:workspaceId/cost-centers/:costCenterId[2m > [22m[2mÔØî should fail without auth token[22m[39m
Update Cost Center No Auth: [33m401[39m

[90mstdout[2m | modules/policy-controls/tests/policy-controls.endpoints.test.ts[2m > [22m[2mPolicy Controls Module - Endpoint Tests[2m > [22m[2mPolicy Endpoints[2m > [22m[2mPUT /api/v1/:workspaceId/policies/:policyId[2m > [22m[2mÔ£à should update policy name and description[22m[39m
Update Policy: [33m200[39m {
  success: [33mtrue[39m,
  statusCode: [33m200[39m,
  message: [32m'Policy updated successfully'[39m,
  data: {
    id: [32m'ed479349-d85f-4e26-8242-6bd1ec53dac5'[39m,
    workspaceId: [32m'e7cc14a8-b5ee-4fc5-8226-3bdc876108f8'[39m,
    name: [32m'Updated Policy 1774821859569'[39m,
    description: [32m'Updated description for the policy'[39m,
    policyType: [32m'SPENDING_LIMIT'[39m,
    severity: [32m'HIGH'[39m,
    configuration: {},
    priority: [33m100[39m,
    isActive: [33mtrue[39m,
    createdBy: [32m'b086ede5-4098-489c-bd7d-f3f0d4e20b80'[39m,
    createdAt: [32m'2026-03-29T22:04:24.085Z'[39m,
    updatedAt: [32m'2026-03-29T22:04:24.625Z'[39m
  }
}

[90mstdout[2m | modules/policy-controls/tests/policy-controls.endpoints.test.ts[2m > [22m[2mPolicy Controls Module - Endpoint Tests[2m > [22m[2mPolicy Endpoints[2m > [22m[2mPUT /api/v1/:workspaceId/policies/:policyId[2m > [22m[2mÔ£à should update policy configuration[22m[39m
Update Policy Config: [33m200[39m

[90mstdout[2m | modules/budget-planning/tests/budget-planning.endpoints.test.ts[2m > [22m[2mBudget Planning Module - Endpoint Tests[2m > [22m[2mBudget Plan Endpoints[2m > [22m[2mDELETE /api/v1/:workspaceId/budget-plans/:id[2m > [22m[2mÔØî should fail without auth token[22m[39m
Delete Budget Plan No Auth: [33m401[39m

{"level":30,"time":1774821864696,"pid":9344,"hostname":"DESKTOP-MMVI6TQ","reqId":"req-r","res":{"statusCode":400},"responseTime":18.949000000953674,"msg":"request completed"}
{"level":30,"time":1774821864697,"pid":9344,"hostname":"DESKTOP-MMVI6TQ","reqId":"req-s","req":{"method":"PATCH","url":"/api/v1/workspaces/0351eb01-7c99-4ad4-8111-6e905c077f54/cost-centers/00000000-0000-0000-0000-000000000001/activate","hostname":"localhost:80","remoteAddress":"127.0.0.1"},"msg":"incoming request"}
{"level":50,"time":1774821864698,"pid":9344,"hostname":"DESKTOP-MMVI6TQ","reqId":"req-s","err":{"type":"Error","message":"Missing or invalid authorization header","stack":"Error: Missing or invalid authorization header\n    at Object.authenticate (C:\\Users\\ASUS\\Desktop\\Modett\\Expense Tracker Application\\Expense Tracker\\apps\\api\\src\\plugins\\auth.ts:70:19)\n    at Object.<anonymous> (C:\\Users\\ASUS\\Desktop\\Modett\\Expense Tracker Application\\Expense Tracker\\modules\\cost-allocation\\infrastructure\\http\\routes\\index.ts:22:23)\n    at hookIterator (C:\\Users\\ASUS\\Desktop\\Modett\\Expense Tracker Application\\Expense Tracker\\node_modules\\.pnpm\\fastify@4.29.1\\node_modules\\fastify\\lib\\hooks.js:405:10)\n    at next (C:\\Users\\ASUS\\Desktop\\Modett\\Expense Tracker Application\\Expense Tracker\\node_modules\\.pnpm\\fastify@4.29.1\\node_modules\\fastify\\lib\\hooks.js:239:18)\n    at handleResolve (C:\\Users\\ASUS\\Desktop\\Modett\\Expense Tracker Application\\Expense Tracker\\node_modules\\.pnpm\\fastify@4.29.1\\node_modules\\fastify\\lib\\hooks.js:250:7)\n    at processTicksAndRejections (node:internal/process/task_queues:105:5)","statusCode":401},"url":"/api/v1/workspaces/0351eb01-7c99-4ad4-8111-6e905c077f54/cost-centers/00000000-0000-0000-0000-000000000001/activate","method":"PATCH","msg":"Missing or invalid authorization header"}
{"level":30,"time":1774821864700,"pid":9344,"hostname":"DESKTOP-MMVI6TQ","reqId":"req-s","res":{"statusCode":401},"responseTime":2.1615999937057495,"msg":"request completed"}
{"level":30,"time":1774821864701,"pid":9344,"hostname":"DESKTOP-MMVI6TQ","reqId":"req-t","req":{"method":"POST","url":"/api/v1/workspaces/0351eb01-7c99-4ad4-8111-6e905c077f54/cost-centers","hostname":"localhost:80","remoteAddress":"127.0.0.1"},"msg":"incoming request"}
{"level":30,"time":1774821864706,"pid":9344,"hostname":"DESKTOP-MMVI6TQ","reqId":"req-i","res":{"statusCode":200},"responseTime":33.88440001010895,"msg":"request completed"}
[90mstdout[2m | modules/cost-allocation/tests/cost-allocation.endpoints.test.ts[2m > [22m[2mCost Allocation Module - Endpoint Tests[2m > [22m[2mCost Center Endpoints[2m > [22m[2mPATCH /api/v1/:workspaceId/cost-centers/:costCenterId/activate[2m > [22m[2mÔ£à should activate cost center[22m[39m
Activate Cost Center: [33m400[39m

[90mstdout[2m | modules/cost-allocation/tests/cost-allocation.endpoints.test.ts[2m > [22m[2mCost Allocation Module - Endpoint Tests[2m > [22m[2mCost Center Endpoints[2m > [22m[2mPATCH /api/v1/:workspaceId/cost-centers/:costCenterId/activate[2m > [22m[2mÔØî should fail without auth token[22m[39m
Activate Cost Center No Auth: [33m401[39m

{"level":30,"time":1774821864709,"pid":9344,"hostname":"DESKTOP-MMVI6TQ","reqId":"req-j","req":{"method":"PUT","url":"/api/v1/workspaces/e7cc14a8-b5ee-4fc5-8226-3bdc876108f8/policies/ed479349-d85f-4e26-8242-6bd1ec53dac5","hostname":"localhost:80","remoteAddress":"127.0.0.1"},"msg":"incoming request"}
{"level":50,"time":1774821864709,"pid":9344,"hostname":"DESKTOP-MMVI6TQ","reqId":"req-j","err":{"type":"Error","message":"Missing or invalid authorization header","stack":"Error: Missing or invalid authorization header\n    at Object.authenticate (C:\\Users\\ASUS\\Desktop\\Modett\\Expense Tracker Application\\Expense Tracker\\apps\\api\\src\\plugins\\auth.ts:70:19)\n    at Object.<anonymous> (C:\\Users\\ASUS\\Desktop\\Modett\\Expense Tracker Application\\Expense Tracker\\modules\\policy-controls\\infrastructure\\http\\routes\\index.ts:25:23)\n    at hookIterator (C:\\Users\\ASUS\\Desktop\\Modett\\Expense Tracker Application\\Expense Tracker\\node_modules\\.pnpm\\fastify@4.29.1\\node_modules\\fastify\\lib\\hooks.js:405:10)\n    at next (C:\\Users\\ASUS\\Desktop\\Modett\\Expense Tracker Application\\Expense Tracker\\node_modules\\.pnpm\\fastify@4.29.1\\node_modules\\fastify\\lib\\hooks.js:239:18)\n    at handleResolve (C:\\Users\\ASUS\\Desktop\\Modett\\Expense Tracker Application\\Expense Tracker\\node_modules\\.pnpm\\fastify@4.29.1\\node_modules\\fastify\\lib\\hooks.js:250:7)\n    at processTicksAndRejections (node:internal/process/task_queues:105:5)","statusCode":401},"url":"/api/v1/workspaces/e7cc14a8-b5ee-4fc5-8226-3bdc876108f8/policies/ed479349-d85f-4e26-8242-6bd1ec53dac5","method":"PUT","msg":"Missing or invalid authorization header"}
{"level":30,"time":1774821864710,"pid":9344,"hostname":"DESKTOP-MMVI6TQ","reqId":"req-j","res":{"statusCode":401},"responseTime":1.761299967765808,"msg":"request completed"}
{"level":30,"time":1774821864714,"pid":9344,"hostname":"DESKTOP-MMVI6TQ","reqId":"req-k","req":{"method":"POST","url":"/api/v1/workspaces/e7cc14a8-b5ee-4fc5-8226-3bdc876108f8/policies/ed479349-d85f-4e26-8242-6bd1ec53dac5/deactivate","hostname":"localhost:80","remoteAddress":"127.0.0.1"},"msg":"incoming request"}
{"level":30,"time":1774821864722,"pid":9344,"hostname":"DESKTOP-MMVI6TQ","reqId":"req-j","res":{"statusCode":201},"responseTime":68.37629997730255,"msg":"request completed"}
[90mstdout[2m | modules/policy-controls/tests/policy-controls.endpoints.test.ts[2m > [22m[2mPolicy Controls Module - Endpoint Tests[2m > [22m[2mPolicy Endpoints[2m > [22m[2mPUT /api/v1/:workspaceId/policies/:policyId[2m > [22m[2mÔ£à should update policy severity[22m[39m
Update Policy Severity: [33m200[39m

[90mstdout[2m | modules/policy-controls/tests/policy-controls.endpoints.test.ts[2m > [22m[2mPolicy Controls Module - Endpoint Tests[2m > [22m[2mPolicy Endpoints[2m > [22m[2mPUT /api/v1/:workspaceId/policies/:policyId[2m > [22m[2mÔØî should fail without auth token[22m[39m
Update Policy No Auth: [33m401[39m

{"level":30,"time":1774821864732,"pid":9344,"hostname":"DESKTOP-MMVI6TQ","reqId":"req-t","res":{"statusCode":201},"responseTime":30.613400101661682,"msg":"request completed"}
{"level":30,"time":1774821864733,"pid":9344,"hostname":"DESKTOP-MMVI6TQ","reqId":"req-u","req":{"method":"DELETE","url":"/api/v1/workspaces/0351eb01-7c99-4ad4-8111-6e905c077f54/cost-centers/00000000-0000-0000-0000-000000000001","hostname":"localhost:80","remoteAddress":"127.0.0.1"},"msg":"incoming request"}
{"level":30,"time":1774821864723,"pid":9344,"hostname":"DESKTOP-MMVI6TQ","reqId":"req-k","req":{"method":"POST","url":"/api/v1/workspaces/461aad2e-b059-4d67-90d4-559dbebe5eb3/budget-plans/1d2ac790-bed9-4fde-81fe-ff65bf9e9295/forecasts","hostname":"localhost:80","remoteAddress":"127.0.0.1"},"msg":"incoming request"}
{"level":50,"time":1774821864723,"pid":9344,"hostname":"DESKTOP-MMVI6TQ","reqId":"req-k","err":{"type":"Error","message":"Missing or invalid authorization header","stack":"Error: Missing or invalid authorization header\n    at Object.authenticate (C:\\Users\\ASUS\\Desktop\\Modett\\Expense Tracker Application\\Expense Tracker\\apps\\api\\src\\plugins\\auth.ts:70:19)\n    at Object.<anonymous> (C:\\Users\\ASUS\\Desktop\\Modett\\Expense Tracker Application\\Expense Tracker\\modules\\budget-planning\\infrastructure\\http\\routes\\index.ts:25:23)\n    at hookIterator (C:\\Users\\ASUS\\Desktop\\Modett\\Expense Tracker Application\\Expense Tracker\\node_modules\\.pnpm\\fastify@4.29.1\\node_modules\\fastify\\lib\\hooks.js:405:10)\n    at next (C:\\Users\\ASUS\\Desktop\\Modett\\Expense Tracker Application\\Expense Tracker\\node_modules\\.pnpm\\fastify@4.29.1\\node_modules\\fastify\\lib\\hooks.js:239:18)\n    at handleResolve (C:\\Users\\ASUS\\Desktop\\Modett\\Expense Tracker Application\\Expense Tracker\\node_modules\\.pnpm\\fastify@4.29.1\\node_modules\\fastify\\lib\\hooks.js:250:7)\n    at processTicksAndRejections (node:internal/process/task_queues:105:5)","statusCode":401},"url":"/api/v1/workspaces/461aad2e-b059-4d67-90d4-559dbebe5eb3/budget-plans/1d2ac790-bed9-4fde-81fe-ff65bf9e9295/forecasts","method":"POST","msg":"Missing or invalid authorization header"}
{"level":30,"time":1774821864724,"pid":9344,"hostname":"DESKTOP-MMVI6TQ","reqId":"req-k","res":{"statusCode":401},"responseTime":0.8141000270843506,"msg":"request completed"}
{"level":30,"time":1774821864725,"pid":9344,"hostname":"DESKTOP-MMVI6TQ","reqId":"req-l","req":{"method":"POST","url":"/api/v1/workspaces/461aad2e-b059-4d67-90d4-559dbebe5eb3/budget-plans/1d2ac790-bed9-4fde-81fe-ff65bf9e9295/forecasts","hostname":"localhost:80","remoteAddress":"127.0.0.1"},"msg":"incoming request"}
{"level":50,"time":1774821864732,"pid":9344,"hostname":"DESKTOP-MMVI6TQ","reqId":"req-l","err":{"type":"Error","message":"body must have required property 'type'","stack":"Error: body must have required property 'type'\n    at Object.schemaErrorFormatter (C:\\Users\\ASUS\\Desktop\\Modett\\Expense Tracker Application\\Expense Tracker\\apps\\api\\src\\server.ts:35:14)\n    at wrapValidationError (C:\\Users\\ASUS\\Desktop\\Modett\\Expense Tracker Application\\Expense Tracker\\node_modules\\.pnpm\\fastify@4.29.1\\node_modules\\fastify\\lib\\validation.js:249:17)\n    at validate (C:\\Users\\ASUS\\Desktop\\Modett\\Expense Tracker Application\\Expense Tracker\\node_modules\\.pnpm\\fastify@4.29.1\\node_modules\\fastify\\lib\\validation.js:167:16)\n    at preValidationCallback (C:\\Users\\ASUS\\Desktop\\Modett\\Expense Tracker Application\\Expense Tracker\\node_modules\\.pnpm\\fastify@4.29.1\\node_modules\\fastify\\lib\\handleRequest.js:93:25)\n    at next (C:\\Users\\ASUS\\Desktop\\Modett\\Expense Tracker Application\\Expense Tracker\\node_modules\\.pnpm\\fastify@4.29.1\\node_modules\\fastify\\lib\\hooks.js:233:9)\n    at handleResolve (C:\\Users\\ASUS\\Desktop\\Modett\\Expense Tracker Application\\Expense Tracker\\node_modules\\.pnpm\\fastify@4.29.1\\node_modules\\fastify\\lib\\hooks.js:250:7)\n    at processTicksAndRejections (node:internal/process/task_queues:105:5)","statusCode":400,"code":"FST_ERR_VALIDATION","validation":[{"instancePath":"","schemaPath":"#/required","keyword":"required","params":{"missingProperty":"type"},"message":"must have required property 'type'"}],"validationContext":"body"},"url":"/api/v1/workspaces/461aad2e-b059-4d67-90d4-559dbebe5eb3/budget-plans/1d2ac790-bed9-4fde-81fe-ff65bf9e9295/forecasts","method":"POST","msg":"body must have required property 'type'"}
{"level":30,"time":1774821864732,"pid":9344,"hostname":"DESKTOP-MMVI6TQ","reqId":"req-l","res":{"statusCode":400},"responseTime":7.51829993724823,"msg":"request completed"}
{"level":30,"time":1774821864734,"pid":9344,"hostname":"DESKTOP-MMVI6TQ","reqId":"req-m","req":{"method":"GET","url":"/api/v1/workspaces/461aad2e-b059-4d67-90d4-559dbebe5eb3/budget-plans/1d2ac790-bed9-4fde-81fe-ff65bf9e9295/forecasts","hostname":"localhost:80","remoteAddress":"127.0.0.1"},"msg":"incoming request"}
[90mstdout[2m | modules/cost-allocation/tests/cost-allocation.endpoints.test.ts[2m > [22m[2mCost Allocation Module - Endpoint Tests[2m > [22m[2mCost Center Endpoints[2m > [22m[2mDELETE /api/v1/:workspaceId/cost-centers/:costCenterId[2m > [22m[2mÔ£à should delete cost center[22m[39m
[EventBus] No handlers for event type: CostCenterCreated

[90mstdout[2m | modules/budget-planning/tests/budget-planning.endpoints.test.ts[2m > [22m[2mBudget Planning Module - Endpoint Tests[2m > [22m[2mForecast Endpoints[2m > [22m[2mPOST /api/v1/:workspaceId/budget-plans/:planId/forecasts[2m > [22m[2mÔ£à should create a forecast[22m[39m
[EventBus] No handlers for event type: ForecastCreated
Create Forecast: [33m201[39m
Create Forecast Success Data: {"success":true,"message":"Forecast created successfully","data":{"id":"cd9754e0-c32d-4647-9243-0241e1c70d25","planId":"1d2ac790-bed9-4fde-81fe-ff65bf9e9295","name":"Baseline Forecast","type":"BASELINE","createdAt":"2026-03-29T22:04:24.698Z","updatedAt":"2026-03-29T22:04:24.698Z"}}

[90mstdout[2m | modules/budget-planning/tests/budget-planning.endpoints.test.ts[2m > [22m[2mBudget Planning Module - Endpoint Tests[2m > [22m[2mForecast Endpoints[2m > [22m[2mPOST /api/v1/:workspaceId/budget-plans/:planId/forecasts[2m > [22m[2mÔØî should fail without auth token[22m[39m
Create Forecast No Auth: [33m401[39m

[90mstdout[2m | modules/budget-planning/tests/budget-planning.endpoints.test.ts[2m > [22m[2mBudget Planning Module - Endpoint Tests[2m > [22m[2mForecast Endpoints[2m > [22m[2mPOST /api/v1/:workspaceId/budget-plans/:planId/forecasts[2m > [22m[2mÔØî should fail with missing required fields[22m[39m
Create Forecast Missing Fields: [33m400[39m

{"level":30,"time":1774821864742,"pid":9344,"hostname":"DESKTOP-MMVI6TQ","reqId":"req-k","res":{"statusCode":200},"responseTime":28.090100049972534,"msg":"request completed"}
{"level":30,"time":1774821864748,"pid":9344,"hostname":"DESKTOP-MMVI6TQ","reqId":"req-u","res":{"statusCode":400},"responseTime":15.370999932289124,"msg":"request completed"}
{"level":30,"time":1774821864744,"pid":9344,"hostname":"DESKTOP-MMVI6TQ","reqId":"req-l","req":{"method":"POST","url":"/api/v1/workspaces/e7cc14a8-b5ee-4fc5-8226-3bdc876108f8/policies/ed479349-d85f-4e26-8242-6bd1ec53dac5/activate","hostname":"localhost:80","remoteAddress":"127.0.0.1"},"msg":"incoming request"}
[90mstdout[2m | modules/policy-controls/tests/policy-controls.endpoints.test.ts[2m > [22m[2mPolicy Controls Module - Endpoint Tests[2m > [22m[2mPolicy Endpoints[2m > [22m[2mPOST /api/v1/:workspaceId/policies/:policyId/deactivate[2m > [22m[2mÔ£à should deactivate a policy[22m[39m
[EventBus] No handlers for event type: policy.deactivated
Deactivate Policy: [33m200[39m

{"level":30,"time":1774821864755,"pid":9344,"hostname":"DESKTOP-MMVI6TQ","reqId":"req-m","res":{"statusCode":200},"responseTime":21.10540008544922,"msg":"request completed"}
{"level":30,"time":1774821864750,"pid":9344,"hostname":"DESKTOP-MMVI6TQ","reqId":"req-v","req":{"method":"DELETE","url":"/api/v1/workspaces/0351eb01-7c99-4ad4-8111-6e905c077f54/cost-centers/00000000-0000-0000-0000-000000000001","hostname":"localhost:80","remoteAddress":"127.0.0.1"},"msg":"incoming request"}
{"level":50,"time":1774821864750,"pid":9344,"hostname":"DESKTOP-MMVI6TQ","reqId":"req-v","err":{"type":"Error","message":"Missing or invalid authorization header","stack":"Error: Missing or invalid authorization header\n    at Object.authenticate (C:\\Users\\ASUS\\Desktop\\Modett\\Expense Tracker Application\\Expense Tracker\\apps\\api\\src\\plugins\\auth.ts:70:19)\n    at Object.<anonymous> (C:\\Users\\ASUS\\Desktop\\Modett\\Expense Tracker Application\\Expense Tracker\\modules\\cost-allocation\\infrastructure\\http\\routes\\index.ts:22:23)\n    at hookIterator (C:\\Users\\ASUS\\Desktop\\Modett\\Expense Tracker Application\\Expense Tracker\\node_modules\\.pnpm\\fastify@4.29.1\\node_modules\\fastify\\lib\\hooks.js:405:10)\n    at next (C:\\Users\\ASUS\\Desktop\\Modett\\Expense Tracker Application\\Expense Tracker\\node_modules\\.pnpm\\fastify@4.29.1\\node_modules\\fastify\\lib\\hooks.js:239:18)\n    at handleResolve (C:\\Users\\ASUS\\Desktop\\Modett\\Expense Tracker Application\\Expense Tracker\\node_modules\\.pnpm\\fastify@4.29.1\\node_modules\\fastify\\lib\\hooks.js:250:7)\n    at processTicksAndRejections (node:internal/process/task_queues:105:5)","statusCode":401},"url":"/api/v1/workspaces/0351eb01-7c99-4ad4-8111-6e905c077f54/cost-centers/00000000-0000-0000-0000-000000000001","method":"DELETE","msg":"Missing or invalid authorization header"}
{"level":30,"time":1774821864752,"pid":9344,"hostname":"DESKTOP-MMVI6TQ","reqId":"req-v","res":{"statusCode":401},"responseTime":1.9753000736236572,"msg":"request completed"}
{"level":30,"time":1774821864753,"pid":9344,"hostname":"DESKTOP-MMVI6TQ","reqId":"req-w","req":{"method":"POST","url":"/api/v1/workspaces/0351eb01-7c99-4ad4-8111-6e905c077f54/projects","hostname":"localhost:80","remoteAddress":"127.0.0.1"},"msg":"incoming request"}
{"level":30,"time":1774821864768,"pid":9344,"hostname":"DESKTOP-MMVI6TQ","reqId":"req-l","res":{"statusCode":200},"responseTime":24.665199995040894,"msg":"request completed"}
[90mstdout[2m | modules/cost-allocation/tests/cost-allocation.endpoints.test.ts[2m > [22m[2mCost Allocation Module - Endpoint Tests[2m > [22m[2mCost Center Endpoints[2m > [22m[2mDELETE /api/v1/:workspaceId/cost-centers/:costCenterId[2m > [22m[2mÔ£à should delete cost center[22m[39m
Delete Cost Center: [33m400[39m

[90mstdout[2m | modules/cost-allocation/tests/cost-allocation.endpoints.test.ts[2m > [22m[2mCost Allocation Module - Endpoint Tests[2m > [22m[2mCost Center Endpoints[2m > [22m[2mDELETE /api/v1/:workspaceId/cost-centers/:costCenterId[2m > [22m[2mÔØî should fail without auth token[22m[39m
Delete Cost Center No Auth: [33m401[39m

{"level":30,"time":1774821864756,"pid":9344,"hostname":"DESKTOP-MMVI6TQ","reqId":"req-n","req":{"method":"GET","url":"/api/v1/workspaces/461aad2e-b059-4d67-90d4-559dbebe5eb3/budget-plans/1d2ac790-bed9-4fde-81fe-ff65bf9e9295/forecasts","hostname":"localhost:80","remoteAddress":"127.0.0.1"},"msg":"incoming request"}
{"level":50,"time":1774821864756,"pid":9344,"hostname":"DESKTOP-MMVI6TQ","reqId":"req-n","err":{"type":"Error","message":"Missing or invalid authorization header","stack":"Error: Missing or invalid authorization header\n    at Object.authenticate (C:\\Users\\ASUS\\Desktop\\Modett\\Expense Tracker Application\\Expense Tracker\\apps\\api\\src\\plugins\\auth.ts:70:19)\n    at Object.<anonymous> (C:\\Users\\ASUS\\Desktop\\Modett\\Expense Tracker Application\\Expense Tracker\\modules\\budget-planning\\infrastructure\\http\\routes\\index.ts:25:23)\n    at hookIterator (C:\\Users\\ASUS\\Desktop\\Modett\\Expense Tracker Application\\Expense Tracker\\node_modules\\.pnpm\\fastify@4.29.1\\node_modules\\fastify\\lib\\hooks.js:405:10)\n    at next (C:\\Users\\ASUS\\Desktop\\Modett\\Expense Tracker Application\\Expense Tracker\\node_modules\\.pnpm\\fastify@4.29.1\\node_modules\\fastify\\lib\\hooks.js:239:18)\n    at handleResolve (C:\\Users\\ASUS\\Desktop\\Modett\\Expense Tracker Application\\Expense Tracker\\node_modules\\.pnpm\\fastify@4.29.1\\node_modules\\fastify\\lib\\hooks.js:250:7)\n    at processTicksAndRejections (node:internal/process/task_queues:105:5)","statusCode":401},"url":"/api/v1/workspaces/461aad2e-b059-4d67-90d4-559dbebe5eb3/budget-plans/1d2ac790-bed9-4fde-81fe-ff65bf9e9295/forecasts","method":"GET","msg":"Missing or invalid authorization header"}
{"level":30,"time":1774821864757,"pid":9344,"hostname":"DESKTOP-MMVI6TQ","reqId":"req-n","res":{"statusCode":401},"responseTime":1.2304999828338623,"msg":"request completed"}
{"level":30,"time":1774821864761,"pid":9344,"hostname":"DESKTOP-MMVI6TQ","reqId":"req-o","req":{"method":"GET","url":"/api/v1/workspaces/461aad2e-b059-4d67-90d4-559dbebe5eb3/forecasts/cd9754e0-c32d-4647-9243-0241e1c70d25","hostname":"localhost:80","remoteAddress":"127.0.0.1"},"msg":"incoming request"}
{"level":30,"time":1774821864774,"pid":9344,"hostname":"DESKTOP-MMVI6TQ","reqId":"req-w","res":{"statusCode":201},"responseTime":20.363399982452393,"msg":"request completed"}
[90mstdout[2m | modules/budget-planning/tests/budget-planning.endpoints.test.ts[2m > [22m[2mBudget Planning Module - Endpoint Tests[2m > [22m[2mForecast Endpoints[2m > [22m[2mGET /api/v1/:workspaceId/budget-plans/:planId/forecasts[2m > [22m[2mÔ£à should list forecasts for a plan[22m[39m
List Forecasts: [33m200[39m

[90mstdout[2m | modules/budget-planning/tests/budget-planning.endpoints.test.ts[2m > [22m[2mBudget Planning Module - Endpoint Tests[2m > [22m[2mForecast Endpoints[2m > [22m[2mGET /api/v1/:workspaceId/budget-plans/:planId/forecasts[2m > [22m[2mÔØî should fail without auth token[22m[39m
List Forecasts No Auth: [33m401[39m

{"level":30,"time":1774821864775,"pid":9344,"hostname":"DESKTOP-MMVI6TQ","reqId":"req-x","req":{"method":"POST","url":"/api/v1/workspaces/0351eb01-7c99-4ad4-8111-6e905c077f54/projects","hostname":"localhost:80","remoteAddress":"127.0.0.1"},"msg":"incoming request"}
{"level":50,"time":1774821864775,"pid":9344,"hostname":"DESKTOP-MMVI6TQ","reqId":"req-x","err":{"type":"Error","message":"Missing or invalid authorization header","stack":"Error: Missing or invalid authorization header\n    at Object.authenticate (C:\\Users\\ASUS\\Desktop\\Modett\\Expense Tracker Application\\Expense Tracker\\apps\\api\\src\\plugins\\auth.ts:70:19)\n    at Object.<anonymous> (C:\\Users\\ASUS\\Desktop\\Modett\\Expense Tracker Application\\Expense Tracker\\modules\\cost-allocation\\infrastructure\\http\\routes\\index.ts:22:23)\n    at hookIterator (C:\\Users\\ASUS\\Desktop\\Modett\\Expense Tracker Application\\Expense Tracker\\node_modules\\.pnpm\\fastify@4.29.1\\node_modules\\fastify\\lib\\hooks.js:405:10)\n    at next (C:\\Users\\ASUS\\Desktop\\Modett\\Expense Tracker Application\\Expense Tracker\\node_modules\\.pnpm\\fastify@4.29.1\\node_modules\\fastify\\lib\\hooks.js:239:18)\n    at handleResolve (C:\\Users\\ASUS\\Desktop\\Modett\\Expense Tracker Application\\Expense Tracker\\node_modules\\.pnpm\\fastify@4.29.1\\node_modules\\fastify\\lib\\hooks.js:250:7)\n    at processTicksAndRejections (node:internal/process/task_queues:105:5)","statusCode":401},"url":"/api/v1/workspaces/0351eb01-7c99-4ad4-8111-6e905c077f54/projects","method":"POST","msg":"Missing or invalid authorization header"}
{"level":30,"time":1774821864776,"pid":9344,"hostname":"DESKTOP-MMVI6TQ","reqId":"req-x","res":{"statusCode":401},"responseTime":0.9598000049591064,"msg":"request completed"}
{"level":30,"time":1774821864776,"pid":9344,"hostname":"DESKTOP-MMVI6TQ","reqId":"req-y","req":{"method":"POST","url":"/api/v1/workspaces/0351eb01-7c99-4ad4-8111-6e905c077f54/projects","hostname":"localhost:80","remoteAddress":"127.0.0.1"},"msg":"incoming request"}
{"level":50,"time":1774821864778,"pid":9344,"hostname":"DESKTOP-MMVI6TQ","reqId":"req-y","err":{"type":"Error","message":"body must have required property 'code'","stack":"Error: body must have required property 'code'\n    at Object.schemaErrorFormatter (C:\\Users\\ASUS\\Desktop\\Modett\\Expense Tracker Application\\Expense Tracker\\apps\\api\\src\\server.ts:35:14)\n    at wrapValidationError (C:\\Users\\ASUS\\Desktop\\Modett\\Expense Tracker Application\\Expense Tracker\\node_modules\\.pnpm\\fastify@4.29.1\\node_modules\\fastify\\lib\\validation.js:249:17)\n    at validate (C:\\Users\\ASUS\\Desktop\\Modett\\Expense Tracker Application\\Expense Tracker\\node_modules\\.pnpm\\fastify@4.29.1\\node_modules\\fastify\\lib\\validation.js:167:16)\n    at preValidationCallback (C:\\Users\\ASUS\\Desktop\\Modett\\Expense Tracker Application\\Expense Tracker\\node_modules\\.pnpm\\fastify@4.29.1\\node_modules\\fastify\\lib\\handleRequest.js:93:25)\n    at next (C:\\Users\\ASUS\\Desktop\\Modett\\Expense Tracker Application\\Expense Tracker\\node_modules\\.pnpm\\fastify@4.29.1\\node_modules\\fastify\\lib\\hooks.js:233:9)\n    at handleResolve (C:\\Users\\ASUS\\Desktop\\Modett\\Expense Tracker Application\\Expense Tracker\\node_modules\\.pnpm\\fastify@4.29.1\\node_modules\\fastify\\lib\\hooks.js:250:7)\n    at processTicksAndRejections (node:internal/process/task_queues:105:5)","statusCode":400,"code":"FST_ERR_VALIDATION","validation":[{"instancePath":"","schemaPath":"#/required","keyword":"required","params":{"missingProperty":"code"},"message":"must have required property 'code'"}],"validationContext":"body"},"url":"/api/v1/workspaces/0351eb01-7c99-4ad4-8111-6e905c077f54/projects","method":"POST","msg":"body must have required property 'code'"}
{"level":30,"time":1774821864779,"pid":9344,"hostname":"DESKTOP-MMVI6TQ","reqId":"req-y","res":{"statusCode":400},"responseTime":2.993600010871887,"msg":"request completed"}
{"level":30,"time":1774821864780,"pid":9344,"hostname":"DESKTOP-MMVI6TQ","reqId":"req-z","req":{"method":"GET","url":"/api/v1/workspaces/0351eb01-7c99-4ad4-8111-6e905c077f54/projects","hostname":"localhost:80","remoteAddress":"127.0.0.1"},"msg":"incoming request"}
{"level":30,"time":1774821864777,"pid":9344,"hostname":"DESKTOP-MMVI6TQ","reqId":"req-m","req":{"method":"POST","url":"/api/v1/workspaces/e7cc14a8-b5ee-4fc5-8226-3bdc876108f8/exemptions","hostname":"localhost:80","remoteAddress":"127.0.0.1"},"msg":"incoming request"}
{"level":30,"time":1774821864790,"pid":9344,"hostname":"DESKTOP-MMVI6TQ","reqId":"req-z","res":{"statusCode":200},"responseTime":10.145699977874756,"msg":"request completed"}
{"level":30,"time":1774821864797,"pid":9344,"hostname":"DESKTOP-MMVI6TQ","reqId":"req-10","req":{"method":"GET","url":"/api/v1/workspaces/0351eb01-7c99-4ad4-8111-6e905c077f54/projects","hostname":"localhost:80","remoteAddress":"127.0.0.1"},"msg":"incoming request"}
{"level":50,"time":1774821864797,"pid":9344,"hostname":"DESKTOP-MMVI6TQ","reqId":"req-10","err":{"type":"Error","message":"Missing or invalid authorization header","stack":"Error: Missing or invalid authorization header\n    at Object.authenticate (C:\\Users\\ASUS\\Desktop\\Modett\\Expense Tracker Application\\Expense Tracker\\apps\\api\\src\\plugins\\auth.ts:70:19)\n    at Object.<anonymous> (C:\\Users\\ASUS\\Desktop\\Modett\\Expense Tracker Application\\Expense Tracker\\modules\\cost-allocation\\infrastructure\\http\\routes\\index.ts:22:23)\n    at hookIterator (C:\\Users\\ASUS\\Desktop\\Modett\\Expense Tracker Application\\Expense Tracker\\node_modules\\.pnpm\\fastify@4.29.1\\node_modules\\fastify\\lib\\hooks.js:405:10)\n    at next (C:\\Users\\ASUS\\Desktop\\Modett\\Expense Tracker Application\\Expense Tracker\\node_modules\\.pnpm\\fastify@4.29.1\\node_modules\\fastify\\lib\\hooks.js:239:18)\n    at handleResolve (C:\\Users\\ASUS\\Desktop\\Modett\\Expense Tracker Application\\Expense Tracker\\node_modules\\.pnpm\\fastify@4.29.1\\node_modules\\fastify\\lib\\hooks.js:250:7)\n    at processTicksAndRejections (node:internal/process/task_queues:105:5)","statusCode":401},"url":"/api/v1/workspaces/0351eb01-7c99-4ad4-8111-6e905c077f54/projects","method":"GET","msg":"Missing or invalid authorization header"}
{"level":30,"time":1774821864798,"pid":9344,"hostname":"DESKTOP-MMVI6TQ","reqId":"req-10","res":{"statusCode":401},"responseTime":1.011299967765808,"msg":"request completed"}
{"level":30,"time":1774821864798,"pid":9344,"hostname":"DESKTOP-MMVI6TQ","reqId":"req-11","req":{"method":"GET","url":"/api/v1/workspaces/0351eb01-7c99-4ad4-8111-6e905c077f54/projects/00000000-0000-0000-0000-000000000001","hostname":"localhost:80","remoteAddress":"127.0.0.1"},"msg":"incoming request"}
{"level":30,"time":1774821864802,"pid":9344,"hostname":"DESKTOP-MMVI6TQ","reqId":"req-o","res":{"statusCode":200},"responseTime":39.305100083351135,"msg":"request completed"}
[90mstdout[2m | modules/cost-allocation/tests/cost-allocation.endpoints.test.ts[2m > [22m[2mCost Allocation Module - Endpoint Tests[2m > [22m[2mProject Endpoints[2m > [22m[2mPOST /api/v1/:workspaceId/projects[2m > [22m[2mÔ£à should create a project[22m[39m
[EventBus] No handlers for event type: ProjectCreated
Create Project: [33m201[39m

[90mstdout[2m | modules/cost-allocation/tests/cost-allocation.endpoints.test.ts[2m > [22m[2mCost Allocation Module - Endpoint Tests[2m > [22m[2mProject Endpoints[2m > [22m[2mPOST /api/v1/:workspaceId/projects[2m > [22m[2mÔØî should fail without auth token[22m[39m
Create Project No Auth: [33m401[39m

[90mstdout[2m | modules/cost-allocation/tests/cost-allocation.endpoints.test.ts[2m > [22m[2mCost Allocation Module - Endpoint Tests[2m > [22m[2mProject Endpoints[2m > [22m[2mPOST /api/v1/:workspaceId/projects[2m > [22m[2mÔØî should fail with missing required fields[22m[39m
Create Project Missing Fields: [33m400[39m

[90mstdout[2m | modules/cost-allocation/tests/cost-allocation.endpoints.test.ts[2m > [22m[2mCost Allocation Module - Endpoint Tests[2m > [22m[2mProject Endpoints[2m > [22m[2mGET /api/v1/:workspaceId/projects[2m > [22m[2mÔ£à should list projects[22m[39m
List Projects: [33m200[39m

[90mstdout[2m | modules/cost-allocation/tests/cost-allocation.endpoints.test.ts[2m > [22m[2mCost Allocation Module - Endpoint Tests[2m > [22m[2mProject Endpoints[2m > [22m[2mGET /api/v1/:workspaceId/projects[2m > [22m[2mÔØî should fail without auth token[22m[39m
List Projects No Auth: [33m401[39m

[90mstdout[2m | modules/policy-controls/tests/policy-controls.endpoints.test.ts[2m > [22m[2mPolicy Controls Module - Endpoint Tests[2m > [22m[2mPolicy Endpoints[2m > [22m[2mPOST /api/v1/:workspaceId/policies/:policyId/activate[2m > [22m[2mÔ£à should activate a policy[22m[39m
[EventBus] No handlers for event type: policy.activated
Activate Policy: [33m200[39m

{"level":30,"time":1774821864807,"pid":9344,"hostname":"DESKTOP-MMVI6TQ","reqId":"req-11","res":{"statusCode":400},"responseTime":8.515599966049194,"msg":"request completed"}
{"level":30,"time":1774821864809,"pid":9344,"hostname":"DESKTOP-MMVI6TQ","reqId":"req-m","res":{"statusCode":201},"responseTime":31.97319996356964,"msg":"request completed"}
{"level":30,"time":1774821864804,"pid":9344,"hostname":"DESKTOP-MMVI6TQ","reqId":"req-p","req":{"method":"GET","url":"/api/v1/workspaces/461aad2e-b059-4d67-90d4-559dbebe5eb3/forecasts/cd9754e0-c32d-4647-9243-0241e1c70d25","hostname":"localhost:80","remoteAddress":"127.0.0.1"},"msg":"incoming request"}
{"level":50,"time":1774821864804,"pid":9344,"hostname":"DESKTOP-MMVI6TQ","reqId":"req-p","err":{"type":"Error","message":"Missing or invalid authorization header","stack":"Error: Missing or invalid authorization header\n    at Object.authenticate (C:\\Users\\ASUS\\Desktop\\Modett\\Expense Tracker Application\\Expense Tracker\\apps\\api\\src\\plugins\\auth.ts:70:19)\n    at Object.<anonymous> (C:\\Users\\ASUS\\Desktop\\Modett\\Expense Tracker Application\\Expense Tracker\\modules\\budget-planning\\infrastructure\\http\\routes\\index.ts:25:23)\n    at hookIterator (C:\\Users\\ASUS\\Desktop\\Modett\\Expense Tracker Application\\Expense Tracker\\node_modules\\.pnpm\\fastify@4.29.1\\node_modules\\fastify\\lib\\hooks.js:405:10)\n    at next (C:\\Users\\ASUS\\Desktop\\Modett\\Expense Tracker Application\\Expense Tracker\\node_modules\\.pnpm\\fastify@4.29.1\\node_modules\\fastify\\lib\\hooks.js:239:18)\n    at handleResolve (C:\\Users\\ASUS\\Desktop\\Modett\\Expense Tracker Application\\Expense Tracker\\node_modules\\.pnpm\\fastify@4.29.1\\node_modules\\fastify\\lib\\hooks.js:250:7)\n    at processTicksAndRejections (node:internal/process/task_queues:105:5)","statusCode":401},"url":"/api/v1/workspaces/461aad2e-b059-4d67-90d4-559dbebe5eb3/forecasts/cd9754e0-c32d-4647-9243-0241e1c70d25","method":"GET","msg":"Missing or invalid authorization header"}
{"level":30,"time":1774821864809,"pid":9344,"hostname":"DESKTOP-MMVI6TQ","reqId":"req-p","res":{"statusCode":401},"responseTime":5.249899983406067,"msg":"request completed"}
{"level":30,"time":1774821864810,"pid":9344,"hostname":"DESKTOP-MMVI6TQ","reqId":"req-q","req":{"method":"DELETE","url":"/api/v1/workspaces/461aad2e-b059-4d67-90d4-559dbebe5eb3/forecasts/cd9754e0-c32d-4647-9243-0241e1c70d25","hostname":"localhost:80","remoteAddress":"127.0.0.1"},"msg":"incoming request"}
{"level":30,"time":1774821864808,"pid":9344,"hostname":"DESKTOP-MMVI6TQ","reqId":"req-12","req":{"method":"GET","url":"/api/v1/workspaces/0351eb01-7c99-4ad4-8111-6e905c077f54/projects/00000000-0000-0000-0000-000000000001","hostname":"localhost:80","remoteAddress":"127.0.0.1"},"msg":"incoming request"}
{"level":50,"time":1774821864809,"pid":9344,"hostname":"DESKTOP-MMVI6TQ","reqId":"req-12","err":{"type":"Error","message":"Missing or invalid authorization header","stack":"Error: Missing or invalid authorization header\n    at Object.authenticate (C:\\Users\\ASUS\\Desktop\\Modett\\Expense Tracker Application\\Expense Tracker\\apps\\api\\src\\plugins\\auth.ts:70:19)\n    at Object.<anonymous> (C:\\Users\\ASUS\\Desktop\\Modett\\Expense Tracker Application\\Expense Tracker\\modules\\cost-allocation\\infrastructure\\http\\routes\\index.ts:22:23)\n    at hookIterator (C:\\Users\\ASUS\\Desktop\\Modett\\Expense Tracker Application\\Expense Tracker\\node_modules\\.pnpm\\fastify@4.29.1\\node_modules\\fastify\\lib\\hooks.js:405:10)\n    at next (C:\\Users\\ASUS\\Desktop\\Modett\\Expense Tracker Application\\Expense Tracker\\node_modules\\.pnpm\\fastify@4.29.1\\node_modules\\fastify\\lib\\hooks.js:239:18)\n    at handleResolve (C:\\Users\\ASUS\\Desktop\\Modett\\Expense Tracker Application\\Expense Tracker\\node_modules\\.pnpm\\fastify@4.29.1\\node_modules\\fastify\\lib\\hooks.js:250:7)\n    at processTicksAndRejections (node:internal/process/task_queues:105:5)","statusCode":401},"url":"/api/v1/workspaces/0351eb01-7c99-4ad4-8111-6e905c077f54/projects/00000000-0000-0000-0000-000000000001","method":"GET","msg":"Missing or invalid authorization header"}
{"level":30,"time":1774821864809,"pid":9344,"hostname":"DESKTOP-MMVI6TQ","reqId":"req-12","res":{"statusCode":401},"responseTime":0.775999903678894,"msg":"request completed"}
{"level":30,"time":1774821864810,"pid":9344,"hostname":"DESKTOP-MMVI6TQ","reqId":"req-13","req":{"method":"PUT","url":"/api/v1/workspaces/0351eb01-7c99-4ad4-8111-6e905c077f54/projects/00000000-0000-0000-0000-000000000001","hostname":"localhost:80","remoteAddress":"127.0.0.1"},"msg":"incoming request"}
[90mstdout[2m | modules/budget-planning/tests/budget-planning.endpoints.test.ts[2m > [22m[2mBudget Planning Module - Endpoint Tests[2m > [22m[2mForecast Endpoints[2m > [22m[2mGET /api/v1/:workspaceId/forecasts/:id[2m > [22m[2mÔ£à should get forecast by ID[22m[39m
Get Forecast: [33m200[39m

[90mstdout[2m | modules/budget-planning/tests/budget-planning.endpoints.test.ts[2m > [22m[2mBudget Planning Module - Endpoint Tests[2m > [22m[2mForecast Endpoints[2m > [22m[2mGET /api/v1/:workspaceId/forecasts/:id[2m > [22m[2mÔØî should fail without auth token[22m[39m
Get Forecast No Auth: [33m401[39m

[90mstdout[2m | modules/cost-allocation/tests/cost-allocation.endpoints.test.ts[2m > [22m[2mCost Allocation Module - Endpoint Tests[2m > [22m[2mProject Endpoints[2m > [22m[2mGET /api/v1/:workspaceId/projects/:projectId[2m > [22m[2mÔ£à should get project by ID[22m[39m
Get Project: [33m400[39m

[90mstdout[2m | modules/cost-allocation/tests/cost-allocation.endpoints.test.ts[2m > [22m[2mCost Allocation Module - Endpoint Tests[2m > [22m[2mProject Endpoints[2m > [22m[2mGET /api/v1/:workspaceId/projects/:projectId[2m > [22m[2mÔØî should fail without auth token[22m[39m
Get Project No Auth: [33m401[39m

{"level":30,"time":1774821864811,"pid":9344,"hostname":"DESKTOP-MMVI6TQ","reqId":"req-n","req":{"method":"POST","url":"/api/v1/workspaces/e7cc14a8-b5ee-4fc5-8226-3bdc876108f8/exemptions","hostname":"localhost:80","remoteAddress":"127.0.0.1"},"msg":"incoming request"}
{"level":50,"time":1774821864816,"pid":9344,"hostname":"DESKTOP-MMVI6TQ","reqId":"req-n","err":{"type":"Error","message":"Missing or invalid authorization header","stack":"Error: Missing or invalid authorization header\n    at Object.authenticate (C:\\Users\\ASUS\\Desktop\\Modett\\Expense Tracker Application\\Expense Tracker\\apps\\api\\src\\plugins\\auth.ts:70:19)\n    at Object.<anonymous> (C:\\Users\\ASUS\\Desktop\\Modett\\Expense Tracker Application\\Expense Tracker\\modules\\policy-controls\\infrastructure\\http\\routes\\index.ts:25:23)\n    at hookIterator (C:\\Users\\ASUS\\Desktop\\Modett\\Expense Tracker Application\\Expense Tracker\\node_modules\\.pnpm\\fastify@4.29.1\\node_modules\\fastify\\lib\\hooks.js:405:10)\n    at next (C:\\Users\\ASUS\\Desktop\\Modett\\Expense Tracker Application\\Expense Tracker\\node_modules\\.pnpm\\fastify@4.29.1\\node_modules\\fastify\\lib\\hooks.js:239:18)\n    at handleResolve (C:\\Users\\ASUS\\Desktop\\Modett\\Expense Tracker Application\\Expense Tracker\\node_modules\\.pnpm\\fastify@4.29.1\\node_modules\\fastify\\lib\\hooks.js:250:7)\n    at processTicksAndRejections (node:internal/process/task_queues:105:5)","statusCode":401},"url":"/api/v1/workspaces/e7cc14a8-b5ee-4fc5-8226-3bdc876108f8/exemptions","method":"POST","msg":"Missing or invalid authorization header"}
{"level":30,"time":1774821864817,"pid":9344,"hostname":"DESKTOP-MMVI6TQ","reqId":"req-n","res":{"statusCode":401},"responseTime":6.764899969100952,"msg":"request completed"}
{"level":30,"time":1774821864820,"pid":9344,"hostname":"DESKTOP-MMVI6TQ","reqId":"req-o","req":{"method":"POST","url":"/api/v1/workspaces/e7cc14a8-b5ee-4fc5-8226-3bdc876108f8/exemptions","hostname":"localhost:80","remoteAddress":"127.0.0.1"},"msg":"incoming request"}
{"level":50,"time":1774821864823,"pid":9344,"hostname":"DESKTOP-MMVI6TQ","reqId":"req-o","err":{"type":"Error","message":"body/reason must NOT have fewer than 10 characters","stack":"Error: body/reason must NOT have fewer than 10 characters\n    at Object.schemaErrorFormatter (C:\\Users\\ASUS\\Desktop\\Modett\\Expense Tracker Application\\Expense Tracker\\apps\\api\\src\\server.ts:35:14)\n    at wrapValidationError (C:\\Users\\ASUS\\Desktop\\Modett\\Expense Tracker Application\\Expense Tracker\\node_modules\\.pnpm\\fastify@4.29.1\\node_modules\\fastify\\lib\\validation.js:249:17)\n    at validate (C:\\Users\\ASUS\\Desktop\\Modett\\Expense Tracker Application\\Expense Tracker\\node_modules\\.pnpm\\fastify@4.29.1\\node_modules\\fastify\\lib\\validation.js:167:16)\n    at preValidationCallback (C:\\Users\\ASUS\\Desktop\\Modett\\Expense Tracker Application\\Expense Tracker\\node_modules\\.pnpm\\fastify@4.29.1\\node_modules\\fastify\\lib\\handleRequest.js:93:25)\n    at next (C:\\Users\\ASUS\\Desktop\\Modett\\Expense Tracker Application\\Expense Tracker\\node_modules\\.pnpm\\fastify@4.29.1\\node_modules\\fastify\\lib\\hooks.js:233:9)\n    at handleResolve (C:\\Users\\ASUS\\Desktop\\Modett\\Expense Tracker Application\\Expense Tracker\\node_modules\\.pnpm\\fastify@4.29.1\\node_modules\\fastify\\lib\\hooks.js:250:7)\n    at processTicksAndRejections (node:internal/process/task_queues:105:5)","statusCode":400,"code":"FST_ERR_VALIDATION","validation":[{"instancePath":"/reason","schemaPath":"#/properties/reason/minLength","keyword":"minLength","params":{"limit":10},"message":"must NOT have fewer than 10 characters"}],"validationContext":"body"},"url":"/api/v1/workspaces/e7cc14a8-b5ee-4fc5-8226-3bdc876108f8/exemptions","method":"POST","msg":"body/reason must NOT have fewer than 10 characters"}
{"level":30,"time":1774821864825,"pid":9344,"hostname":"DESKTOP-MMVI6TQ","reqId":"req-o","res":{"statusCode":400},"responseTime":4.667199969291687,"msg":"request completed"}
{"level":30,"time":1774821864826,"pid":9344,"hostname":"DESKTOP-MMVI6TQ","reqId":"req-p","req":{"method":"POST","url":"/api/v1/workspaces/e7cc14a8-b5ee-4fc5-8226-3bdc876108f8/exemptions","hostname":"localhost:80","remoteAddress":"127.0.0.1"},"msg":"incoming request"}
{"level":30,"time":1774821864828,"pid":9344,"hostname":"DESKTOP-MMVI6TQ","reqId":"req-13","res":{"statusCode":400},"responseTime":17.97670006752014,"msg":"request completed"}
[90mstdout[2m | modules/policy-controls/tests/policy-controls.endpoints.test.ts[2m > [22m[2mPolicy Controls Module - Endpoint Tests[2m > [22m[2mExemption Endpoints[2m > [22m[2mPOST /api/v1/:workspaceId/exemptions[2m > [22m[2mÔ£à should request a policy exemption[22m[39m
[EventBus] No handlers for event type: exemption.requested
Request Exemption: [33m201[39m Exemption requested successfully

[90mstdout[2m | modules/policy-controls/tests/policy-controls.endpoints.test.ts[2m > [22m[2mPolicy Controls Module - Endpoint Tests[2m > [22m[2mExemption Endpoints[2m > [22m[2mPOST /api/v1/:workspaceId/exemptions[2m > [22m[2mÔØî should fail without auth token[22m[39m
Request Exemption No Auth: [33m401[39m

[90mstdout[2m | modules/policy-controls/tests/policy-controls.endpoints.test.ts[2m > [22m[2mPolicy Controls Module - Endpoint Tests[2m > [22m[2mExemption Endpoints[2m > [22m[2mPOST /api/v1/:workspaceId/exemptions[2m > [22m[2mÔØî should fail with short reason[22m[39m
Request Exemption Short Reason: [33m400[39m

{"level":30,"time":1774821864838,"pid":9344,"hostname":"DESKTOP-MMVI6TQ","reqId":"req-p","res":{"statusCode":400},"responseTime":12.602100014686584,"msg":"request completed"}
{"level":30,"time":1774821864833,"pid":9344,"hostname":"DESKTOP-MMVI6TQ","reqId":"req-14","req":{"method":"PUT","url":"/api/v1/workspaces/0351eb01-7c99-4ad4-8111-6e905c077f54/projects/00000000-0000-0000-0000-000000000001","hostname":"localhost:80","remoteAddress":"127.0.0.1"},"msg":"incoming request"}
{"level":50,"time":1774821864833,"pid":9344,"hostname":"DESKTOP-MMVI6TQ","reqId":"req-14","err":{"type":"Error","message":"Missing or invalid authorization header","stack":"Error: Missing or invalid authorization header\n    at Object.authenticate (C:\\Users\\ASUS\\Desktop\\Modett\\Expense Tracker Application\\Expense Tracker\\apps\\api\\src\\plugins\\auth.ts:70:19)\n    at Object.<anonymous> (C:\\Users\\ASUS\\Desktop\\Modett\\Expense Tracker Application\\Expense Tracker\\modules\\cost-allocation\\infrastructure\\http\\routes\\index.ts:22:23)\n    at hookIterator (C:\\Users\\ASUS\\Desktop\\Modett\\Expense Tracker Application\\Expense Tracker\\node_modules\\.pnpm\\fastify@4.29.1\\node_modules\\fastify\\lib\\hooks.js:405:10)\n    at next (C:\\Users\\ASUS\\Desktop\\Modett\\Expense Tracker Application\\Expense Tracker\\node_modules\\.pnpm\\fastify@4.29.1\\node_modules\\fastify\\lib\\hooks.js:239:18)\n    at handleResolve (C:\\Users\\ASUS\\Desktop\\Modett\\Expense Tracker Application\\Expense Tracker\\node_modules\\.pnpm\\fastify@4.29.1\\node_modules\\fastify\\lib\\hooks.js:250:7)\n    at processTicksAndRejections (node:internal/process/task_queues:105:5)","statusCode":401},"url":"/api/v1/workspaces/0351eb01-7c99-4ad4-8111-6e905c077f54/projects/00000000-0000-0000-0000-000000000001","method":"PUT","msg":"Missing or invalid authorization header"}
{"level":30,"time":1774821864835,"pid":9344,"hostname":"DESKTOP-MMVI6TQ","reqId":"req-14","res":{"statusCode":401},"responseTime":1.5494000911712646,"msg":"request completed"}
{"level":30,"time":1774821864836,"pid":9344,"hostname":"DESKTOP-MMVI6TQ","reqId":"req-15","req":{"method":"PATCH","url":"/api/v1/workspaces/0351eb01-7c99-4ad4-8111-6e905c077f54/projects/00000000-0000-0000-0000-000000000001/activate","hostname":"localhost:80","remoteAddress":"127.0.0.1"},"msg":"incoming request"}
[90mstdout[2m | modules/cost-allocation/tests/cost-allocation.endpoints.test.ts[2m > [22m[2mCost Allocation Module - Endpoint Tests[2m > [22m[2mProject Endpoints[2m > [22m[2mPUT /api/v1/:workspaceId/projects/:projectId[2m > [22m[2mÔ£à should update project[22m[39m
Update Project: [33m400[39m

[90mstdout[2m | modules/cost-allocation/tests/cost-allocation.endpoints.test.ts[2m > [22m[2mCost Allocation Module - Endpoint Tests[2m > [22m[2mProject Endpoints[2m > [22m[2mPUT /api/v1/:workspaceId/projects/:projectId[2m > [22m[2mÔØî should fail without auth token[22m[39m
Update Project No Auth: [33m401[39m

{"level":30,"time":1774821864844,"pid":9344,"hostname":"DESKTOP-MMVI6TQ","reqId":"req-q","req":{"method":"GET","url":"/api/v1/workspaces/e7cc14a8-b5ee-4fc5-8226-3bdc876108f8/exemptions","hostname":"localhost:80","remoteAddress":"127.0.0.1"},"msg":"incoming request"}
[90mstdout[2m | modules/policy-controls/tests/policy-controls.endpoints.test.ts[2m > [22m[2mPolicy Controls Module - Endpoint Tests[2m > [22m[2mExemption Endpoints[2m > [22m[2mPOST /api/v1/:workspaceId/exemptions[2m > [22m[2mÔØî should fail with end date before start date[22m[39m
Request Exemption Invalid Dates: [33m400[39m

{"level":30,"time":1774821864849,"pid":9344,"hostname":"DESKTOP-MMVI6TQ","reqId":"req-15","res":{"statusCode":400},"responseTime":12.788400053977966,"msg":"request completed"}
{"level":30,"time":1774821864854,"pid":9344,"hostname":"DESKTOP-MMVI6TQ","reqId":"req-q","res":{"statusCode":204},"responseTime":43.59700000286102,"msg":"request completed"}
{"level":30,"time":1774821864850,"pid":9344,"hostname":"DESKTOP-MMVI6TQ","reqId":"req-16","req":{"method":"PATCH","url":"/api/v1/workspaces/0351eb01-7c99-4ad4-8111-6e905c077f54/projects/00000000-0000-0000-0000-000000000001/activate","hostname":"localhost:80","remoteAddress":"127.0.0.1"},"msg":"incoming request"}
{"level":50,"time":1774821864851,"pid":9344,"hostname":"DESKTOP-MMVI6TQ","reqId":"req-16","err":{"type":"Error","message":"Missing or invalid authorization header","stack":"Error: Missing or invalid authorization header\n    at Object.authenticate (C:\\Users\\ASUS\\Desktop\\Modett\\Expense Tracker Application\\Expense Tracker\\apps\\api\\src\\plugins\\auth.ts:70:19)\n    at Object.<anonymous> (C:\\Users\\ASUS\\Desktop\\Modett\\Expense Tracker Application\\Expense Tracker\\modules\\cost-allocation\\infrastructure\\http\\routes\\index.ts:22:23)\n    at hookIterator (C:\\Users\\ASUS\\Desktop\\Modett\\Expense Tracker Application\\Expense Tracker\\node_modules\\.pnpm\\fastify@4.29.1\\node_modules\\fastify\\lib\\hooks.js:405:10)\n    at next (C:\\Users\\ASUS\\Desktop\\Modett\\Expense Tracker Application\\Expense Tracker\\node_modules\\.pnpm\\fastify@4.29.1\\node_modules\\fastify\\lib\\hooks.js:239:18)\n    at handleResolve (C:\\Users\\ASUS\\Desktop\\Modett\\Expense Tracker Application\\Expense Tracker\\node_modules\\.pnpm\\fastify@4.29.1\\node_modules\\fastify\\lib\\hooks.js:250:7)\n    at processTicksAndRejections (node:internal/process/task_queues:105:5)","statusCode":401},"url":"/api/v1/workspaces/0351eb01-7c99-4ad4-8111-6e905c077f54/projects/00000000-0000-0000-0000-000000000001/activate","method":"PATCH","msg":"Missing or invalid authorization header"}
{"level":30,"time":1774821864851,"pid":9344,"hostname":"DESKTOP-MMVI6TQ","reqId":"req-16","res":{"statusCode":401},"responseTime":0.9841001033782959,"msg":"request completed"}
{"level":30,"time":1774821864853,"pid":9344,"hostname":"DESKTOP-MMVI6TQ","reqId":"req-17","req":{"method":"POST","url":"/api/v1/workspaces/0351eb01-7c99-4ad4-8111-6e905c077f54/projects","hostname":"localhost:80","remoteAddress":"127.0.0.1"},"msg":"incoming request"}
[90mstdout[2m | modules/cost-allocation/tests/cost-allocation.endpoints.test.ts[2m > [22m[2mCost Allocation Module - Endpoint Tests[2m > [22m[2mProject Endpoints[2m > [22m[2mPATCH /api/v1/:workspaceId/projects/:projectId/activate[2m > [22m[2mÔ£à should activate project[22m[39m
Activate Project: [33m400[39m

[90mstdout[2m | modules/cost-allocation/tests/cost-allocation.endpoints.test.ts[2m > [22m[2mCost Allocation Module - Endpoint Tests[2m > [22m[2mProject Endpoints[2m > [22m[2mPATCH /api/v1/:workspaceId/projects/:projectId/activate[2m > [22m[2mÔØî should fail without auth token[22m[39m
Activate Project No Auth: [33m401[39m

{"level":30,"time":1774821864860,"pid":9344,"hostname":"DESKTOP-MMVI6TQ","reqId":"req-q","res":{"statusCode":200},"responseTime":15.68530011177063,"msg":"request completed"}
{"level":30,"time":1774821864861,"pid":9344,"hostname":"DESKTOP-MMVI6TQ","reqId":"req-r","req":{"method":"GET","url":"/api/v1/workspaces/e7cc14a8-b5ee-4fc5-8226-3bdc876108f8/exemptions?status=PENDING","hostname":"localhost:80","remoteAddress":"127.0.0.1"},"msg":"incoming request"}
[90mstdout[2m | modules/policy-controls/tests/policy-controls.endpoints.test.ts[2m > [22m[2mPolicy Controls Module - Endpoint Tests[2m > [22m[2mExemption Endpoints[2m > [22m[2mGET /api/v1/:workspaceId/exemptions[2m > [22m[2mÔ£à should list all exemptions[22m[39m
List Exemptions: [33m200[39m

{"level":30,"time":1774821864856,"pid":9344,"hostname":"DESKTOP-MMVI6TQ","reqId":"req-r","req":{"method":"DELETE","url":"/api/v1/workspaces/461aad2e-b059-4d67-90d4-559dbebe5eb3/forecasts/00000000-0000-4000-8000-000000000001","hostname":"localhost:80","remoteAddress":"127.0.0.1"},"msg":"incoming request"}
{"level":50,"time":1774821864856,"pid":9344,"hostname":"DESKTOP-MMVI6TQ","reqId":"req-r","err":{"type":"Error","message":"Missing or invalid authorization header","stack":"Error: Missing or invalid authorization header\n    at Object.authenticate (C:\\Users\\ASUS\\Desktop\\Modett\\Expense Tracker Application\\Expense Tracker\\apps\\api\\src\\plugins\\auth.ts:70:19)\n    at Object.<anonymous> (C:\\Users\\ASUS\\Desktop\\Modett\\Expense Tracker Application\\Expense Tracker\\modules\\budget-planning\\infrastructure\\http\\routes\\index.ts:25:23)\n    at hookIterator (C:\\Users\\ASUS\\Desktop\\Modett\\Expense Tracker Application\\Expense Tracker\\node_modules\\.pnpm\\fastify@4.29.1\\node_modules\\fastify\\lib\\hooks.js:405:10)\n    at next (C:\\Users\\ASUS\\Desktop\\Modett\\Expense Tracker Application\\Expense Tracker\\node_modules\\.pnpm\\fastify@4.29.1\\node_modules\\fastify\\lib\\hooks.js:239:18)\n    at handleResolve (C:\\Users\\ASUS\\Desktop\\Modett\\Expense Tracker Application\\Expense Tracker\\node_modules\\.pnpm\\fastify@4.29.1\\node_modules\\fastify\\lib\\hooks.js:250:7)\n    at processTicksAndRejections (node:internal/process/task_queues:105:5)","statusCode":401},"url":"/api/v1/workspaces/461aad2e-b059-4d67-90d4-559dbebe5eb3/forecasts/00000000-0000-4000-8000-000000000001","method":"DELETE","msg":"Missing or invalid authorization header"}
{"level":30,"time":1774821864857,"pid":9344,"hostname":"DESKTOP-MMVI6TQ","reqId":"req-r","res":{"statusCode":401},"responseTime":1.0942000150680542,"msg":"request completed"}
{"level":30,"time":1774821864858,"pid":9344,"hostname":"DESKTOP-MMVI6TQ","reqId":"req-s","req":{"method":"POST","url":"/api/v1/workspaces/461aad2e-b059-4d67-90d4-559dbebe5eb3/forecasts/cd9754e0-c32d-4647-9243-0241e1c70d25/items","hostname":"localhost:80","remoteAddress":"127.0.0.1"},"msg":"incoming request"}
[90mstdout[2m | modules/budget-planning/tests/budget-planning.endpoints.test.ts[2m > [22m[2mBudget Planning Module - Endpoint Tests[2m > [22m[2mForecast Endpoints[2m > [22m[2mDELETE /api/v1/:workspaceId/forecasts/:id[2m > [22m[2mÔ£à should delete forecast[22m[39m
Delete Forecast: [33m204[39m

[90mstdout[2m | modules/budget-planning/tests/budget-planning.endpoints.test.ts[2m > [22m[2mBudget Planning Module - Endpoint Tests[2m > [22m[2mForecast Endpoints[2m > [22m[2mDELETE /api/v1/:workspaceId/forecasts/:id[2m > [22m[2mÔØî should fail without auth token[22m[39m
Delete Forecast No Auth: [33m401[39m

{"level":30,"time":1774821864872,"pid":9344,"hostname":"DESKTOP-MMVI6TQ","reqId":"req-17","res":{"statusCode":201},"responseTime":19.475899934768677,"msg":"request completed"}
{"level":30,"time":1774821864872,"pid":9344,"hostname":"DESKTOP-MMVI6TQ","reqId":"req-s","res":{"statusCode":404},"responseTime":13.959999918937683,"msg":"request completed"}
{"level":30,"time":1774821864873,"pid":9344,"hostname":"DESKTOP-MMVI6TQ","reqId":"req-r","res":{"statusCode":200},"responseTime":11.268700003623962,"msg":"request completed"}
{"level":30,"time":1774821864874,"pid":9344,"hostname":"DESKTOP-MMVI6TQ","reqId":"req-s","req":{"method":"GET","url":"/api/v1/workspaces/e7cc14a8-b5ee-4fc5-8226-3bdc876108f8/exemptions?userId=b086ede5-4098-489c-bd7d-f3f0d4e20b80","hostname":"localhost:80","remoteAddress":"127.0.0.1"},"msg":"incoming request"}
{"level":30,"time":1774821864873,"pid":9344,"hostname":"DESKTOP-MMVI6TQ","reqId":"req-18","req":{"method":"DELETE","url":"/api/v1/workspaces/0351eb01-7c99-4ad4-8111-6e905c077f54/projects/00000000-0000-0000-0000-000000000001","hostname":"localhost:80","remoteAddress":"127.0.0.1"},"msg":"incoming request"}
[90mstdout[2m | modules/policy-controls/tests/policy-controls.endpoints.test.ts[2m > [22m[2mPolicy Controls Module - Endpoint Tests[2m > [22m[2mExemption Endpoints[2m > [22m[2mGET /api/v1/:workspaceId/exemptions[2m > [22m[2mÔ£à should filter exemptions by status[22m[39m
List Pending Exemptions: [33m200[39m

[90mstdout[2m | modules/cost-allocation/tests/cost-allocation.endpoints.test.ts[2m > [22m[2mCost Allocation Module - Endpoint Tests[2m > [22m[2mProject Endpoints[2m > [22m[2mDELETE /api/v1/:workspaceId/projects/:projectId[2m > [22m[2mÔ£à should delete project[22m[39m
[EventBus] No handlers for event type: ProjectCreated

{"level":30,"time":1774821864879,"pid":9344,"hostname":"DESKTOP-MMVI6TQ","reqId":"req-18","res":{"statusCode":400},"responseTime":6.392899990081787,"msg":"request completed"}
{"level":30,"time":1774821864882,"pid":9344,"hostname":"DESKTOP-MMVI6TQ","reqId":"req-s","res":{"statusCode":200},"responseTime":8.61459994316101,"msg":"request completed"}
{"level":30,"time":1774821864874,"pid":9344,"hostname":"DESKTOP-MMVI6TQ","reqId":"req-t","req":{"method":"POST","url":"/api/v1/workspaces/461aad2e-b059-4d67-90d4-559dbebe5eb3/forecasts/cd9754e0-c32d-4647-9243-0241e1c70d25/items","hostname":"localhost:80","remoteAddress":"127.0.0.1"},"msg":"incoming request"}
{"level":50,"time":1774821864874,"pid":9344,"hostname":"DESKTOP-MMVI6TQ","reqId":"req-t","err":{"type":"Error","message":"Missing or invalid authorization header","stack":"Error: Missing or invalid authorization header\n    at Object.authenticate (C:\\Users\\ASUS\\Desktop\\Modett\\Expense Tracker Application\\Expense Tracker\\apps\\api\\src\\plugins\\auth.ts:70:19)\n    at Object.<anonymous> (C:\\Users\\ASUS\\Desktop\\Modett\\Expense Tracker Application\\Expense Tracker\\modules\\budget-planning\\infrastructure\\http\\routes\\index.ts:25:23)\n    at hookIterator (C:\\Users\\ASUS\\Desktop\\Modett\\Expense Tracker Application\\Expense Tracker\\node_modules\\.pnpm\\fastify@4.29.1\\node_modules\\fastify\\lib\\hooks.js:405:10)\n    at next (C:\\Users\\ASUS\\Desktop\\Modett\\Expense Tracker Application\\Expense Tracker\\node_modules\\.pnpm\\fastify@4.29.1\\node_modules\\fastify\\lib\\hooks.js:239:18)\n    at handleResolve (C:\\Users\\ASUS\\Desktop\\Modett\\Expense Tracker Application\\Expense Tracker\\node_modules\\.pnpm\\fastify@4.29.1\\node_modules\\fastify\\lib\\hooks.js:250:7)\n    at processTicksAndRejections (node:internal/process/task_queues:105:5)","statusCode":401},"url":"/api/v1/workspaces/461aad2e-b059-4d67-90d4-559dbebe5eb3/forecasts/cd9754e0-c32d-4647-9243-0241e1c70d25/items","method":"POST","msg":"Missing or invalid authorization header"}
{"level":30,"time":1774821864875,"pid":9344,"hostname":"DESKTOP-MMVI6TQ","reqId":"req-t","res":{"statusCode":401},"responseTime":0.7619999647140503,"msg":"request completed"}
{"level":30,"time":1774821864876,"pid":9344,"hostname":"DESKTOP-MMVI6TQ","reqId":"req-u","req":{"method":"POST","url":"/api/v1/workspaces/461aad2e-b059-4d67-90d4-559dbebe5eb3/forecasts/cd9754e0-c32d-4647-9243-0241e1c70d25/items","hostname":"localhost:80","remoteAddress":"127.0.0.1"},"msg":"incoming request"}
{"level":50,"time":1774821864879,"pid":9344,"hostname":"DESKTOP-MMVI6TQ","reqId":"req-u","err":{"type":"Error","message":"body must have required property 'categoryId'","stack":"Error: body must have required property 'categoryId'\n    at Object.schemaErrorFormatter (C:\\Users\\ASUS\\Desktop\\Modett\\Expense Tracker Application\\Expense Tracker\\apps\\api\\src\\server.ts:35:14)\n    at wrapValidationError (C:\\Users\\ASUS\\Desktop\\Modett\\Expense Tracker Application\\Expense Tracker\\node_modules\\.pnpm\\fastify@4.29.1\\node_modules\\fastify\\lib\\validation.js:249:17)\n    at validate (C:\\Users\\ASUS\\Desktop\\Modett\\Expense Tracker Application\\Expense Tracker\\node_modules\\.pnpm\\fastify@4.29.1\\node_modules\\fastify\\lib\\validation.js:167:16)\n    at preValidationCallback (C:\\Users\\ASUS\\Desktop\\Modett\\Expense Tracker Application\\Expense Tracker\\node_modules\\.pnpm\\fastify@4.29.1\\node_modules\\fastify\\lib\\handleRequest.js:93:25)\n    at next (C:\\Users\\ASUS\\Desktop\\Modett\\Expense Tracker Application\\Expense Tracker\\node_modules\\.pnpm\\fastify@4.29.1\\node_modules\\fastify\\lib\\hooks.js:233:9)\n    at handleResolve (C:\\Users\\ASUS\\Desktop\\Modett\\Expense Tracker Application\\Expense Tracker\\node_modules\\.pnpm\\fastify@4.29.1\\node_modules\\fastify\\lib\\hooks.js:250:7)\n    at processTicksAndRejections (node:internal/process/task_queues:105:5)","statusCode":400,"code":"FST_ERR_VALIDATION","validation":[{"instancePath":"","schemaPath":"#/required","keyword":"required","params":{"missingProperty":"categoryId"},"message":"must have required property 'categoryId'"}],"validationContext":"body"},"url":"/api/v1/workspaces/461aad2e-b059-4d67-90d4-559dbebe5eb3/forecasts/cd9754e0-c32d-4647-9243-0241e1c70d25/items","method":"POST","msg":"body must have required property 'categoryId'"}
{"level":30,"time":1774821864879,"pid":9344,"hostname":"DESKTOP-MMVI6TQ","reqId":"req-u","res":{"statusCode":400},"responseTime":3.5167999267578125,"msg":"request completed"}
{"level":30,"time":1774821864881,"pid":9344,"hostname":"DESKTOP-MMVI6TQ","reqId":"req-v","req":{"method":"GET","url":"/api/v1/workspaces/461aad2e-b059-4d67-90d4-559dbebe5eb3/forecasts/cd9754e0-c32d-4647-9243-0241e1c70d25/items","hostname":"localhost:80","remoteAddress":"127.0.0.1"},"msg":"incoming request"}
[90mstdout[2m | modules/budget-planning/tests/budget-planning.endpoints.test.ts[2m > [22m[2mBudget Planning Module - Endpoint Tests[2m > [22m[2mForecast Item Endpoints[2m > [22m[2mPOST /api/v1/:workspaceId/forecasts/:forecastId/items[2m > [22m[2mÔ£à should add forecast item[22m[39m
Add Forecast Item: [33m404[39m

[90mstdout[2m | modules/budget-planning/tests/budget-planning.endpoints.test.ts[2m > [22m[2mBudget Planning Module - Endpoint Tests[2m > [22m[2mForecast Item Endpoints[2m > [22m[2mPOST /api/v1/:workspaceId/forecasts/:forecastId/items[2m > [22m[2mÔØî should fail without auth token[22m[39m
Add Forecast Item No Auth: [33m401[39m

[90mstdout[2m | modules/budget-planning/tests/budget-planning.endpoints.test.ts[2m > [22m[2mBudget Planning Module - Endpoint Tests[2m > [22m[2mForecast Item Endpoints[2m > [22m[2mPOST /api/v1/:workspaceId/forecasts/:forecastId/items[2m > [22m[2mÔØî should fail with missing required fields[22m[39m
Add Forecast Item Missing Fields: [33m400[39m

{"level":30,"time":1774821864880,"pid":9344,"hostname":"DESKTOP-MMVI6TQ","reqId":"req-19","req":{"method":"DELETE","url":"/api/v1/workspaces/0351eb01-7c99-4ad4-8111-6e905c077f54/projects/00000000-0000-0000-0000-000000000001","hostname":"localhost:80","remoteAddress":"127.0.0.1"},"msg":"incoming request"}
{"level":50,"time":1774821864881,"pid":9344,"hostname":"DESKTOP-MMVI6TQ","reqId":"req-19","err":{"type":"Error","message":"Missing or invalid authorization header","stack":"Error: Missing or invalid authorization header\n    at Object.authenticate (C:\\Users\\ASUS\\Desktop\\Modett\\Expense Tracker Application\\Expense Tracker\\apps\\api\\src\\plugins\\auth.ts:70:19)\n    at Object.<anonymous> (C:\\Users\\ASUS\\Desktop\\Modett\\Expense Tracker Application\\Expense Tracker\\modules\\cost-allocation\\infrastructure\\http\\routes\\index.ts:22:23)\n    at hookIterator (C:\\Users\\ASUS\\Desktop\\Modett\\Expense Tracker Application\\Expense Tracker\\node_modules\\.pnpm\\fastify@4.29.1\\node_modules\\fastify\\lib\\hooks.js:405:10)\n    at next (C:\\Users\\ASUS\\Desktop\\Modett\\Expense Tracker Application\\Expense Tracker\\node_modules\\.pnpm\\fastify@4.29.1\\node_modules\\fastify\\lib\\hooks.js:239:18)\n    at handleResolve (C:\\Users\\ASUS\\Desktop\\Modett\\Expense Tracker Application\\Expense Tracker\\node_modules\\.pnpm\\fastify@4.29.1\\node_modules\\fastify\\lib\\hooks.js:250:7)\n    at processTicksAndRejections (node:internal/process/task_queues:105:5)","statusCode":401},"url":"/api/v1/workspaces/0351eb01-7c99-4ad4-8111-6e905c077f54/projects/00000000-0000-0000-0000-000000000001","method":"DELETE","msg":"Missing or invalid authorization header"}
{"level":30,"time":1774821864881,"pid":9344,"hostname":"DESKTOP-MMVI6TQ","reqId":"req-19","res":{"statusCode":401},"responseTime":0.9805999994277954,"msg":"request completed"}
{"level":30,"time":1774821864883,"pid":9344,"hostname":"DESKTOP-MMVI6TQ","reqId":"req-1a","req":{"method":"POST","url":"/api/v1/workspaces/0351eb01-7c99-4ad4-8111-6e905c077f54/expenses/00000000-0000-0000-0000-000000000001/allocations","hostname":"localhost:80","remoteAddress":"127.0.0.1"},"msg":"incoming request"}
{"level":30,"time":1774821864884,"pid":9344,"hostname":"DESKTOP-MMVI6TQ","reqId":"req-t","req":{"method":"GET","url":"/api/v1/workspaces/e7cc14a8-b5ee-4fc5-8226-3bdc876108f8/exemptions/69d981e7-a575-4f0b-8e7d-bfd5a037e468","hostname":"localhost:80","remoteAddress":"127.0.0.1"},"msg":"incoming request"}
[90mstdout[2m | modules/cost-allocation/tests/cost-allocation.endpoints.test.ts[2m > [22m[2mCost Allocation Module - Endpoint Tests[2m > [22m[2mProject Endpoints[2m > [22m[2mDELETE /api/v1/:workspaceId/projects/:projectId[2m > [22m[2mÔ£à should delete project[22m[39m
Delete Project: [33m400[39m

[90mstdout[2m | modules/cost-allocation/tests/cost-allocation.endpoints.test.ts[2m > [22m[2mCost Allocation Module - Endpoint Tests[2m > [22m[2mProject Endpoints[2m > [22m[2mDELETE /api/v1/:workspaceId/projects/:projectId[2m > [22m[2mÔØî should fail without auth token[22m[39m
Delete Project No Auth: [33m401[39m

[90mstdout[2m | modules/policy-controls/tests/policy-controls.endpoints.test.ts[2m > [22m[2mPolicy Controls Module - Endpoint Tests[2m > [22m[2mExemption Endpoints[2m > [22m[2mGET /api/v1/:workspaceId/exemptions[2m > [22m[2mÔ£à should filter exemptions by user[22m[39m
List User Exemptions: [33m200[39m

{"level":30,"time":1774821864890,"pid":9344,"hostname":"DESKTOP-MMVI6TQ","reqId":"req-v","res":{"statusCode":404},"responseTime":9.489400029182434,"msg":"request completed"}
{"level":30,"time":1774821864894,"pid":9344,"hostname":"DESKTOP-MMVI6TQ","reqId":"req-t","res":{"statusCode":200},"responseTime":10.110000014305115,"msg":"request completed"}
{"level":30,"time":1774821864915,"pid":9344,"hostname":"DESKTOP-MMVI6TQ","reqId":"req-u","req":{"method":"GET","url":"/api/v1/workspaces/e7cc14a8-b5ee-4fc5-8226-3bdc876108f8/exemptions/99999999-9999-4999-8999-999999999999","hostname":"localhost:80","remoteAddress":"127.0.0.1"},"msg":"incoming request"}
[90mstdout[2m | modules/policy-controls/tests/policy-controls.endpoints.test.ts[2m > [22m[2mPolicy Controls Module - Endpoint Tests[2m > [22m[2mExemption Endpoints[2m > [22m[2mGET /api/v1/:workspaceId/exemptions/:exemptionId[2m > [22m[2mÔ£à should get exemption by ID[22m[39m
Get Exemption: [33m200[39m

{"level":30,"time":1774821864891,"pid":9344,"hostname":"DESKTOP-MMVI6TQ","reqId":"req-w","req":{"method":"GET","url":"/api/v1/workspaces/461aad2e-b059-4d67-90d4-559dbebe5eb3/forecasts/cd9754e0-c32d-4647-9243-0241e1c70d25/items","hostname":"localhost:80","remoteAddress":"127.0.0.1"},"msg":"incoming request"}
{"level":50,"time":1774821864892,"pid":9344,"hostname":"DESKTOP-MMVI6TQ","reqId":"req-w","err":{"type":"Error","message":"Missing or invalid authorization header","stack":"Error: Missing or invalid authorization header\n    at Object.authenticate (C:\\Users\\ASUS\\Desktop\\Modett\\Expense Tracker Application\\Expense Tracker\\apps\\api\\src\\plugins\\auth.ts:70:19)\n    at Object.<anonymous> (C:\\Users\\ASUS\\Desktop\\Modett\\Expense Tracker Application\\Expense Tracker\\modules\\budget-planning\\infrastructure\\http\\routes\\index.ts:25:23)\n    at hookIterator (C:\\Users\\ASUS\\Desktop\\Modett\\Expense Tracker Application\\Expense Tracker\\node_modules\\.pnpm\\fastify@4.29.1\\node_modules\\fastify\\lib\\hooks.js:405:10)\n    at next (C:\\Users\\ASUS\\Desktop\\Modett\\Expense Tracker Application\\Expense Tracker\\node_modules\\.pnpm\\fastify@4.29.1\\node_modules\\fastify\\lib\\hooks.js:239:18)\n    at handleResolve (C:\\Users\\ASUS\\Desktop\\Modett\\Expense Tracker Application\\Expense Tracker\\node_modules\\.pnpm\\fastify@4.29.1\\node_modules\\fastify\\lib\\hooks.js:250:7)\n    at processTicksAndRejections (node:internal/process/task_queues:105:5)","statusCode":401},"url":"/api/v1/workspaces/461aad2e-b059-4d67-90d4-559dbebe5eb3/forecasts/cd9754e0-c32d-4647-9243-0241e1c70d25/items","method":"GET","msg":"Missing or invalid authorization header"}
{"level":30,"time":1774821864892,"pid":9344,"hostname":"DESKTOP-MMVI6TQ","reqId":"req-w","res":{"statusCode":401},"responseTime":0.9996000528335571,"msg":"request completed"}
{"level":30,"time":1774821864894,"pid":9344,"hostname":"DESKTOP-MMVI6TQ","reqId":"req-x","req":{"method":"DELETE","url":"/api/v1/workspaces/461aad2e-b059-4d67-90d4-559dbebe5eb3/forecast-items/00000000-0000-4000-8000-000000000001","hostname":"localhost:80","remoteAddress":"127.0.0.1"},"msg":"incoming request"}
{"level":30,"time":1774821864938,"pid":9344,"hostname":"DESKTOP-MMVI6TQ","reqId":"req-1a","res":{"statusCode":404},"responseTime":55.16159999370575,"msg":"request completed"}
{"level":30,"time":1774821864945,"pid":9344,"hostname":"DESKTOP-MMVI6TQ","reqId":"req-u","res":{"statusCode":404},"responseTime":29.336899995803833,"msg":"request completed"}
[90mstdout[2m | modules/budget-planning/tests/budget-planning.endpoints.test.ts[2m > [22m[2mBudget Planning Module - Endpoint Tests[2m > [22m[2mForecast Item Endpoints[2m > [22m[2mGET /api/v1/:workspaceId/forecasts/:forecastId/items[2m > [22m[2mÔ£à should list forecast items[22m[39m
List Forecast Items: [33m404[39m

[90mstdout[2m | modules/budget-planning/tests/budget-planning.endpoints.test.ts[2m > [22m[2mBudget Planning Module - Endpoint Tests[2m > [22m[2mForecast Item Endpoints[2m > [22m[2mGET /api/v1/:workspaceId/forecasts/:forecastId/items[2m > [22m[2mÔØî should fail without auth token[22m[39m
List Forecast Items No Auth: [33m401[39m

{"level":30,"time":1774821864951,"pid":9344,"hostname":"DESKTOP-MMVI6TQ","reqId":"req-x","res":{"statusCode":404},"responseTime":56.251700043678284,"msg":"request completed"}
[90mstdout[2m | modules/cost-allocation/tests/cost-allocation.endpoints.test.ts[2m > [22m[2mCost Allocation Module - Endpoint Tests[2m > [22m[2mExpense Allocation Endpoints[2m > [22m[2mPOST /api/v1/:workspaceId/expenses/:expenseId/allocations[2m > [22m[2mÔ£à should allocate expense[22m[39m
Allocate Expense: [33m404[39m

[90mstdout[2m | modules/cost-allocation/tests/cost-allocation.endpoints.test.ts[2m > [22m[2mCost Allocation Module - Endpoint Tests[2m > [22m[2mExpense Allocation Endpoints[2m > [22m[2mPOST /api/v1/:workspaceId/expenses/:expenseId/allocations[2m > [22m[2mÔØî should fail without auth token[22m[39m
Allocate Expense No Auth: [33m401[39m

[90mstdout[2m | modules/cost-allocation/tests/cost-allocation.endpoints.test.ts[2m > [22m[2mCost Allocation Module - Endpoint Tests[2m > [22m[2mExpense Allocation Endpoints[2m > [22m[2mPOST /api/v1/:workspaceId/expenses/:expenseId/allocations[2m > [22m[2mÔØî should fail with empty allocations[22m[39m
Allocate Expense Empty: [33m400[39m

{"level":30,"time":1774821864939,"pid":9344,"hostname":"DESKTOP-MMVI6TQ","reqId":"req-1b","req":{"method":"POST","url":"/api/v1/workspaces/0351eb01-7c99-4ad4-8111-6e905c077f54/expenses/00000000-0000-0000-0000-000000000001/allocations","hostname":"localhost:80","remoteAddress":"127.0.0.1"},"msg":"incoming request"}
{"level":50,"time":1774821864939,"pid":9344,"hostname":"DESKTOP-MMVI6TQ","reqId":"req-1b","err":{"type":"Error","message":"Missing or invalid authorization header","stack":"Error: Missing or invalid authorization header\n    at Object.authenticate (C:\\Users\\ASUS\\Desktop\\Modett\\Expense Tracker Application\\Expense Tracker\\apps\\api\\src\\plugins\\auth.ts:70:19)\n    at Object.<anonymous> (C:\\Users\\ASUS\\Desktop\\Modett\\Expense Tracker Application\\Expense Tracker\\modules\\cost-allocation\\infrastructure\\http\\routes\\index.ts:22:23)\n    at hookIterator (C:\\Users\\ASUS\\Desktop\\Modett\\Expense Tracker Application\\Expense Tracker\\node_modules\\.pnpm\\fastify@4.29.1\\node_modules\\fastify\\lib\\hooks.js:405:10)\n    at next (C:\\Users\\ASUS\\Desktop\\Modett\\Expense Tracker Application\\Expense Tracker\\node_modules\\.pnpm\\fastify@4.29.1\\node_modules\\fastify\\lib\\hooks.js:239:18)\n    at handleResolve (C:\\Users\\ASUS\\Desktop\\Modett\\Expense Tracker Application\\Expense Tracker\\node_modules\\.pnpm\\fastify@4.29.1\\node_modules\\fastify\\lib\\hooks.js:250:7)\n    at processTicksAndRejections (node:internal/process/task_queues:105:5)","statusCode":401},"url":"/api/v1/workspaces/0351eb01-7c99-4ad4-8111-6e905c077f54/expenses/00000000-0000-0000-0000-000000000001/allocations","method":"POST","msg":"Missing or invalid authorization header"}
{"level":30,"time":1774821864940,"pid":9344,"hostname":"DESKTOP-MMVI6TQ","reqId":"req-1b","res":{"statusCode":401},"responseTime":1.0210000276565552,"msg":"request completed"}
{"level":30,"time":1774821864941,"pid":9344,"hostname":"DESKTOP-MMVI6TQ","reqId":"req-1c","req":{"method":"POST","url":"/api/v1/workspaces/0351eb01-7c99-4ad4-8111-6e905c077f54/expenses/00000000-0000-0000-0000-000000000001/allocations","hostname":"localhost:80","remoteAddress":"127.0.0.1"},"msg":"incoming request"}
{"level":50,"time":1774821864947,"pid":9344,"hostname":"DESKTOP-MMVI6TQ","reqId":"req-1c","err":{"type":"Error","message":"body/allocations must NOT have fewer than 1 items","stack":"Error: body/allocations must NOT have fewer than 1 items\n    at Object.schemaErrorFormatter (C:\\Users\\ASUS\\Desktop\\Modett\\Expense Tracker Application\\Expense Tracker\\apps\\api\\src\\server.ts:35:14)\n    at wrapValidationError (C:\\Users\\ASUS\\Desktop\\Modett\\Expense Tracker Application\\Expense Tracker\\node_modules\\.pnpm\\fastify@4.29.1\\node_modules\\fastify\\lib\\validation.js:249:17)\n    at validate (C:\\Users\\ASUS\\Desktop\\Modett\\Expense Tracker Application\\Expense Tracker\\node_modules\\.pnpm\\fastify@4.29.1\\node_modules\\fastify\\lib\\validation.js:167:16)\n    at preValidationCallback (C:\\Users\\ASUS\\Desktop\\Modett\\Expense Tracker Application\\Expense Tracker\\node_modules\\.pnpm\\fastify@4.29.1\\node_modules\\fastify\\lib\\handleRequest.js:93:25)\n    at next (C:\\Users\\ASUS\\Desktop\\Modett\\Expense Tracker Application\\Expense Tracker\\node_modules\\.pnpm\\fastify@4.29.1\\node_modules\\fastify\\lib\\hooks.js:233:9)\n    at handleResolve (C:\\Users\\ASUS\\Desktop\\Modett\\Expense Tracker Application\\Expense Tracker\\node_modules\\.pnpm\\fastify@4.29.1\\node_modules\\fastify\\lib\\hooks.js:250:7)\n    at processTicksAndRejections (node:internal/process/task_queues:105:5)","statusCode":400,"code":"FST_ERR_VALIDATION","validation":[{"instancePath":"/allocations","schemaPath":"#/properties/allocations/minItems","keyword":"minItems","params":{"limit":1},"message":"must NOT have fewer than 1 items"}],"validationContext":"body"},"url":"/api/v1/workspaces/0351eb01-7c99-4ad4-8111-6e905c077f54/expenses/00000000-0000-0000-0000-000000000001/allocations","method":"POST","msg":"body/allocations must NOT have fewer than 1 items"}
{"level":30,"time":1774821864949,"pid":9344,"hostname":"DESKTOP-MMVI6TQ","reqId":"req-1c","res":{"statusCode":400},"responseTime":7.2763999700546265,"msg":"request completed"}
{"level":30,"time":1774821864950,"pid":9344,"hostname":"DESKTOP-MMVI6TQ","reqId":"req-1d","req":{"method":"GET","url":"/api/v1/workspaces/0351eb01-7c99-4ad4-8111-6e905c077f54/expenses/00000000-0000-0000-0000-000000000001/allocations","hostname":"localhost:80","remoteAddress":"127.0.0.1"},"msg":"incoming request"}
{"level":30,"time":1774821864950,"pid":9344,"hostname":"DESKTOP-MMVI6TQ","reqId":"req-v","req":{"method":"GET","url":"/api/v1/workspaces/e7cc14a8-b5ee-4fc5-8226-3bdc876108f8/exemptions/active?userId=b086ede5-4098-489c-bd7d-f3f0d4e20b80&policyId=ed479349-d85f-4e26-8242-6bd1ec53dac5","hostname":"localhost:80","remoteAddress":"127.0.0.1"},"msg":"incoming request"}
{"level":30,"time":1774821864952,"pid":9344,"hostname":"DESKTOP-MMVI6TQ","reqId":"req-y","req":{"method":"DELETE","url":"/api/v1/workspaces/461aad2e-b059-4d67-90d4-559dbebe5eb3/forecast-items/00000000-0000-4000-8000-000000000001","hostname":"localhost:80","remoteAddress":"127.0.0.1"},"msg":"incoming request"}
{"level":50,"time":1774821864952,"pid":9344,"hostname":"DESKTOP-MMVI6TQ","reqId":"req-y","err":{"type":"Error","message":"Missing or invalid authorization header","stack":"Error: Missing or invalid authorization header\n    at Object.authenticate (C:\\Users\\ASUS\\Desktop\\Modett\\Expense Tracker Application\\Expense Tracker\\apps\\api\\src\\plugins\\auth.ts:70:19)\n    at Object.<anonymous> (C:\\Users\\ASUS\\Desktop\\Modett\\Expense Tracker Application\\Expense Tracker\\modules\\budget-planning\\infrastructure\\http\\routes\\index.ts:25:23)\n    at hookIterator (C:\\Users\\ASUS\\Desktop\\Modett\\Expense Tracker Application\\Expense Tracker\\node_modules\\.pnpm\\fastify@4.29.1\\node_modules\\fastify\\lib\\hooks.js:405:10)\n    at next (C:\\Users\\ASUS\\Desktop\\Modett\\Expense Tracker Application\\Expense Tracker\\node_modules\\.pnpm\\fastify@4.29.1\\node_modules\\fastify\\lib\\hooks.js:239:18)\n    at handleResolve (C:\\Users\\ASUS\\Desktop\\Modett\\Expense Tracker Application\\Expense Tracker\\node_modules\\.pnpm\\fastify@4.29.1\\node_modules\\fastify\\lib\\hooks.js:250:7)\n    at processTicksAndRejections (node:internal/process/task_queues:105:5)","statusCode":401},"url":"/api/v1/workspaces/461aad2e-b059-4d67-90d4-559dbebe5eb3/forecast-items/00000000-0000-4000-8000-000000000001","method":"DELETE","msg":"Missing or invalid authorization header"}
{"level":30,"time":1774821864953,"pid":9344,"hostname":"DESKTOP-MMVI6TQ","reqId":"req-y","res":{"statusCode":401},"responseTime":0.8657000064849854,"msg":"request completed"}
{"level":30,"time":1774821864956,"pid":9344,"hostname":"DESKTOP-MMVI6TQ","reqId":"req-z","req":{"method":"POST","url":"/api/v1/workspaces/461aad2e-b059-4d67-90d4-559dbebe5eb3/budget-plans/1d2ac790-bed9-4fde-81fe-ff65bf9e9295/scenarios","hostname":"localhost:80","remoteAddress":"127.0.0.1"},"msg":"incoming request"}
[90mstdout[2m | modules/policy-controls/tests/policy-controls.endpoints.test.ts[2m > [22m[2mPolicy Controls Module - Endpoint Tests[2m > [22m[2mExemption Endpoints[2m > [22m[2mGET /api/v1/:workspaceId/exemptions/:exemptionId[2m > [22m[2mÔØî should fail with non-existent exemption ID[22m[39m
Get Non-existent Exemption: [33m404[39m

[90mstdout[2m | modules/budget-planning/tests/budget-planning.endpoints.test.ts[2m > [22m[2mBudget Planning Module - Endpoint Tests[2m > [22m[2mForecast Item Endpoints[2m > [22m[2mDELETE /api/v1/:workspaceId/forecast-items/:itemId[2m > [22m[2mÔ£à should delete forecast item[22m[39m
Delete Forecast Item: [33m404[39m

[90mstdout[2m | modules/budget-planning/tests/budget-planning.endpoints.test.ts[2m > [22m[2mBudget Planning Module - Endpoint Tests[2m > [22m[2mForecast Item Endpoints[2m > [22m[2mDELETE /api/v1/:workspaceId/forecast-items/:itemId[2m > [22m[2mÔØî should fail without auth token[22m[39m
Delete Forecast Item No Auth: [33m401[39m

{"level":30,"time":1774821864965,"pid":9344,"hostname":"DESKTOP-MMVI6TQ","reqId":"req-1d","res":{"statusCode":200},"responseTime":15.233500003814697,"msg":"request completed"}
{"level":30,"time":1774821864967,"pid":9344,"hostname":"DESKTOP-MMVI6TQ","reqId":"req-v","res":{"statusCode":200},"responseTime":16.60989999771118,"msg":"request completed"}
[90mstdout[2m | modules/cost-allocation/tests/cost-allocation.endpoints.test.ts[2m > [22m[2mCost Allocation Module - Endpoint Tests[2m > [22m[2mExpense Allocation Endpoints[2m > [22m[2mGET /api/v1/:workspaceId/expenses/:expenseId/allocations[2m > [22m[2mÔ£à should get expense allocations[22m[39m
Get Expense Allocations: [33m200[39m

[90mstdout[2m | modules/cost-allocation/tests/cost-allocation.endpoints.test.ts[2m > [22m[2mCost Allocation Module - Endpoint Tests[2m > [22m[2mExpense Allocation Endpoints[2m > [22m[2mGET /api/v1/:workspaceId/expenses/:expenseId/allocations[2m > [22m[2mÔØî should fail without auth token[22m[39m
Get Expense Allocations No Auth: [33m401[39m

[90mstdout[2m | modules/policy-controls/tests/policy-controls.endpoints.test.ts[2m > [22m[2mPolicy Controls Module - Endpoint Tests[2m > [22m[2mExemption Endpoints[2m > [22m[2mGET /api/v1/:workspaceId/exemptions/active[2m > [22m[2mÔ£à should check for active exemption (none exists yet)[22m[39m
Check Active Exemption: [33m200[39m

{"level":30,"time":1774821864968,"pid":9344,"hostname":"DESKTOP-MMVI6TQ","reqId":"req-w","req":{"method":"GET","url":"/api/v1/workspaces/e7cc14a8-b5ee-4fc5-8226-3bdc876108f8/exemptions/active","hostname":"localhost:80","remoteAddress":"127.0.0.1"},"msg":"incoming request"}
{"level":50,"time":1774821864970,"pid":9344,"hostname":"DESKTOP-MMVI6TQ","reqId":"req-w","err":{"type":"Error","message":"querystring must have required property 'userId'","stack":"Error: querystring must have required property 'userId'\n    at Object.schemaErrorFormatter (C:\\Users\\ASUS\\Desktop\\Modett\\Expense Tracker Application\\Expense Tracker\\apps\\api\\src\\server.ts:35:14)\n    at wrapValidationError (C:\\Users\\ASUS\\Desktop\\Modett\\Expense Tracker Application\\Expense Tracker\\node_modules\\.pnpm\\fastify@4.29.1\\node_modules\\fastify\\lib\\validation.js:249:17)\n    at validate (C:\\Users\\ASUS\\Desktop\\Modett\\Expense Tracker Application\\Expense Tracker\\node_modules\\.pnpm\\fastify@4.29.1\\node_modules\\fastify\\lib\\validation.js:178:16)\n    at preValidationCallback (C:\\Users\\ASUS\\Desktop\\Modett\\Expense Tracker Application\\Expense Tracker\\node_modules\\.pnpm\\fastify@4.29.1\\node_modules\\fastify\\lib\\handleRequest.js:93:25)\n    at next (C:\\Users\\ASUS\\Desktop\\Modett\\Expense Tracker Application\\Expense Tracker\\node_modules\\.pnpm\\fastify@4.29.1\\node_modules\\fastify\\lib\\hooks.js:233:9)\n    at handleResolve (C:\\Users\\ASUS\\Desktop\\Modett\\Expense Tracker Application\\Expense Tracker\\node_modules\\.pnpm\\fastify@4.29.1\\node_modules\\fastify\\lib\\hooks.js:250:7)\n    at processTicksAndRejections (node:internal/process/task_queues:105:5)","statusCode":400,"code":"FST_ERR_VALIDATION","validation":[{"instancePath":"","schemaPath":"#/required","keyword":"required","params":{"missingProperty":"userId"},"message":"must have required property 'userId'"}],"validationContext":"querystring"},"url":"/api/v1/workspaces/e7cc14a8-b5ee-4fc5-8226-3bdc876108f8/exemptions/active","method":"GET","msg":"querystring must have required property 'userId'"}
{"level":30,"time":1774821864971,"pid":9344,"hostname":"DESKTOP-MMVI6TQ","reqId":"req-w","res":{"statusCode":400},"responseTime":2.6828999519348145,"msg":"request completed"}
{"level":30,"time":1774821864972,"pid":9344,"hostname":"DESKTOP-MMVI6TQ","reqId":"req-x","req":{"method":"POST","url":"/api/v1/workspaces/e7cc14a8-b5ee-4fc5-8226-3bdc876108f8/exemptions","hostname":"localhost:80","remoteAddress":"127.0.0.1"},"msg":"incoming request"}
[90mstdout[2m | modules/policy-controls/tests/policy-controls.endpoints.test.ts[2m > [22m[2mPolicy Controls Module - Endpoint Tests[2m > [22m[2mExemption Endpoints[2m > [22m[2mGET /api/v1/:workspaceId/exemptions/active[2m > [22m[2mÔØî should fail without required query params[22m[39m
Check Active Exemption No Params: [33m400[39m

{"level":30,"time":1774821864976,"pid":9344,"hostname":"DESKTOP-MMVI6TQ","reqId":"req-z","res":{"statusCode":201},"responseTime":19.482200026512146,"msg":"request completed"}
{"level":30,"time":1774821864966,"pid":9344,"hostname":"DESKTOP-MMVI6TQ","reqId":"req-1e","req":{"method":"GET","url":"/api/v1/workspaces/0351eb01-7c99-4ad4-8111-6e905c077f54/expenses/00000000-0000-0000-0000-000000000001/allocations","hostname":"localhost:80","remoteAddress":"127.0.0.1"},"msg":"incoming request"}
{"level":50,"time":1774821864966,"pid":9344,"hostname":"DESKTOP-MMVI6TQ","reqId":"req-1e","err":{"type":"Error","message":"Missing or invalid authorization header","stack":"Error: Missing or invalid authorization header\n    at Object.authenticate (C:\\Users\\ASUS\\Desktop\\Modett\\Expense Tracker Application\\Expense Tracker\\apps\\api\\src\\plugins\\auth.ts:70:19)\n    at Object.<anonymous> (C:\\Users\\ASUS\\Desktop\\Modett\\Expense Tracker Application\\Expense Tracker\\modules\\cost-allocation\\infrastructure\\http\\routes\\index.ts:22:23)\n    at hookIterator (C:\\Users\\ASUS\\Desktop\\Modett\\Expense Tracker Application\\Expense Tracker\\node_modules\\.pnpm\\fastify@4.29.1\\node_modules\\fastify\\lib\\hooks.js:405:10)\n    at next (C:\\Users\\ASUS\\Desktop\\Modett\\Expense Tracker Application\\Expense Tracker\\node_modules\\.pnpm\\fastify@4.29.1\\node_modules\\fastify\\lib\\hooks.js:239:18)\n    at handleResolve (C:\\Users\\ASUS\\Desktop\\Modett\\Expense Tracker Application\\Expense Tracker\\node_modules\\.pnpm\\fastify@4.29.1\\node_modules\\fastify\\lib\\hooks.js:250:7)\n    at processTicksAndRejections (node:internal/process/task_queues:105:5)","statusCode":401},"url":"/api/v1/workspaces/0351eb01-7c99-4ad4-8111-6e905c077f54/expenses/00000000-0000-0000-0000-000000000001/allocations","method":"GET","msg":"Missing or invalid authorization header"}
{"level":30,"time":1774821864967,"pid":9344,"hostname":"DESKTOP-MMVI6TQ","reqId":"req-1e","res":{"statusCode":401},"responseTime":1.218400001525879,"msg":"request completed"}
{"level":30,"time":1774821864969,"pid":9344,"hostname":"DESKTOP-MMVI6TQ","reqId":"req-1f","req":{"method":"DELETE","url":"/api/v1/workspaces/0351eb01-7c99-4ad4-8111-6e905c077f54/expenses/00000000-0000-0000-0000-000000000001/allocations","hostname":"localhost:80","remoteAddress":"127.0.0.1"},"msg":"incoming request"}
{"level":30,"time":1774821864990,"pid":9344,"hostname":"DESKTOP-MMVI6TQ","reqId":"req-1f","res":{"statusCode":404},"responseTime":20.65400004386902,"msg":"request completed"}
[90mstdout[2m | modules/budget-planning/tests/budget-planning.endpoints.test.ts[2m > [22m[2mBudget Planning Module - Endpoint Tests[2m > [22m[2mScenario Endpoints[2m > [22m[2mPOST /api/v1/:workspaceId/budget-plans/:planId/scenarios[2m > [22m[2mÔ£à should create a scenario[22m[39m
[EventBus] No handlers for event type: ScenarioCreated
Create Scenario: [33m201[39m

[90mstdout[2m | modules/budget-planning/tests/budget-planning.endpoints.test.ts[2m > [22m[2mBudget Planning Module - Endpoint Tests[2m > [22m[2mScenario Endpoints[2m > [22m[2mPOST /api/v1/:workspaceId/budget-plans/:planId/scenarios[2m > [22m[2mÔØî should fail without auth token[22m[39m
Create Scenario No Auth: [33m401[39m

[90mstdout[2m | modules/budget-planning/tests/budget-planning.endpoints.test.ts[2m > [22m[2mBudget Planning Module - Endpoint Tests[2m > [22m[2mScenario Endpoints[2m > [22m[2mPOST /api/v1/:workspaceId/budget-plans/:planId/scenarios[2m > [22m[2mÔØî should fail with missing required fields[22m[39m
Create Scenario Missing Fields: [33m400[39m

{"level":30,"time":1774821864977,"pid":9344,"hostname":"DESKTOP-MMVI6TQ","reqId":"req-10","req":{"method":"POST","url":"/api/v1/workspaces/461aad2e-b059-4d67-90d4-559dbebe5eb3/budget-plans/1d2ac790-bed9-4fde-81fe-ff65bf9e9295/scenarios","hostname":"localhost:80","remoteAddress":"127.0.0.1"},"msg":"incoming request"}
{"level":50,"time":1774821864977,"pid":9344,"hostname":"DESKTOP-MMVI6TQ","reqId":"req-10","err":{"type":"Error","message":"Missing or invalid authorization header","stack":"Error: Missing or invalid authorization header\n    at Object.authenticate (C:\\Users\\ASUS\\Desktop\\Modett\\Expense Tracker Application\\Expense Tracker\\apps\\api\\src\\plugins\\auth.ts:70:19)\n    at Object.<anonymous> (C:\\Users\\ASUS\\Desktop\\Modett\\Expense Tracker Application\\Expense Tracker\\modules\\budget-planning\\infrastructure\\http\\routes\\index.ts:25:23)\n    at hookIterator (C:\\Users\\ASUS\\Desktop\\Modett\\Expense Tracker Application\\Expense Tracker\\node_modules\\.pnpm\\fastify@4.29.1\\node_modules\\fastify\\lib\\hooks.js:405:10)\n    at next (C:\\Users\\ASUS\\Desktop\\Modett\\Expense Tracker Application\\Expense Tracker\\node_modules\\.pnpm\\fastify@4.29.1\\node_modules\\fastify\\lib\\hooks.js:239:18)\n    at handleResolve (C:\\Users\\ASUS\\Desktop\\Modett\\Expense Tracker Application\\Expense Tracker\\node_modules\\.pnpm\\fastify@4.29.1\\node_modules\\fastify\\lib\\hooks.js:250:7)\n    at processTicksAndRejections (node:internal/process/task_queues:105:5)","statusCode":401},"url":"/api/v1/workspaces/461aad2e-b059-4d67-90d4-559dbebe5eb3/budget-plans/1d2ac790-bed9-4fde-81fe-ff65bf9e9295/scenarios","method":"POST","msg":"Missing or invalid authorization header"}
{"level":30,"time":1774821864981,"pid":9344,"hostname":"DESKTOP-MMVI6TQ","reqId":"req-10","res":{"statusCode":401},"responseTime":3.86489999294281,"msg":"request completed"}
{"level":30,"time":1774821864983,"pid":9344,"hostname":"DESKTOP-MMVI6TQ","reqId":"req-11","req":{"method":"POST","url":"/api/v1/workspaces/461aad2e-b059-4d67-90d4-559dbebe5eb3/budget-plans/1d2ac790-bed9-4fde-81fe-ff65bf9e9295/scenarios","hostname":"localhost:80","remoteAddress":"127.0.0.1"},"msg":"incoming request"}
{"level":50,"time":1774821864985,"pid":9344,"hostname":"DESKTOP-MMVI6TQ","reqId":"req-11","err":{"type":"Error","message":"body must have required property 'name'","stack":"Error: body must have required property 'name'\n    at Object.schemaErrorFormatter (C:\\Users\\ASUS\\Desktop\\Modett\\Expense Tracker Application\\Expense Tracker\\apps\\api\\src\\server.ts:35:14)\n    at wrapValidationError (C:\\Users\\ASUS\\Desktop\\Modett\\Expense Tracker Application\\Expense Tracker\\node_modules\\.pnpm\\fastify@4.29.1\\node_modules\\fastify\\lib\\validation.js:249:17)\n    at validate (C:\\Users\\ASUS\\Desktop\\Modett\\Expense Tracker Application\\Expense Tracker\\node_modules\\.pnpm\\fastify@4.29.1\\node_modules\\fastify\\lib\\validation.js:167:16)\n    at preValidationCallback (C:\\Users\\ASUS\\Desktop\\Modett\\Expense Tracker Application\\Expense Tracker\\node_modules\\.pnpm\\fastify@4.29.1\\node_modules\\fastify\\lib\\handleRequest.js:93:25)\n    at next (C:\\Users\\ASUS\\Desktop\\Modett\\Expense Tracker Application\\Expense Tracker\\node_modules\\.pnpm\\fastify@4.29.1\\node_modules\\fastify\\lib\\hooks.js:233:9)\n    at handleResolve (C:\\Users\\ASUS\\Desktop\\Modett\\Expense Tracker Application\\Expense Tracker\\node_modules\\.pnpm\\fastify@4.29.1\\node_modules\\fastify\\lib\\hooks.js:250:7)\n    at processTicksAndRejections (node:internal/process/task_queues:105:5)","statusCode":400,"code":"FST_ERR_VALIDATION","validation":[{"instancePath":"","schemaPath":"#/required","keyword":"required","params":{"missingProperty":"name"},"message":"must have required property 'name'"}],"validationContext":"body"},"url":"/api/v1/workspaces/461aad2e-b059-4d67-90d4-559dbebe5eb3/budget-plans/1d2ac790-bed9-4fde-81fe-ff65bf9e9295/scenarios","method":"POST","msg":"body must have required property 'name'"}
{"level":30,"time":1774821864986,"pid":9344,"hostname":"DESKTOP-MMVI6TQ","reqId":"req-11","res":{"statusCode":400},"responseTime":2.9371999502182007,"msg":"request completed"}
{"level":30,"time":1774821864987,"pid":9344,"hostname":"DESKTOP-MMVI6TQ","reqId":"req-12","req":{"method":"GET","url":"/api/v1/workspaces/461aad2e-b059-4d67-90d4-559dbebe5eb3/budget-plans/1d2ac790-bed9-4fde-81fe-ff65bf9e9295/scenarios","hostname":"localhost:80","remoteAddress":"127.0.0.1"},"msg":"incoming request"}
{"level":30,"time":1774821864993,"pid":9344,"hostname":"DESKTOP-MMVI6TQ","reqId":"req-x","res":{"statusCode":201},"responseTime":20.793699979782104,"msg":"request completed"}
[90mstdout[2m | modules/policy-controls/tests/policy-controls.endpoints.test.ts[2m > [22m[2mPolicy Controls Module - Endpoint Tests[2m > [22m[2mExemption Endpoints[2m > [22m[2mPOST /api/v1/:workspaceId/exemptions/:exemptionId/reject[2m > [22m[2mÔ£à should reject an exemption[22m[39m
[EventBus] No handlers for event type: exemption.requested

{"level":30,"time":1774821864991,"pid":9344,"hostname":"DESKTOP-MMVI6TQ","reqId":"req-1g","req":{"method":"DELETE","url":"/api/v1/workspaces/0351eb01-7c99-4ad4-8111-6e905c077f54/expenses/00000000-0000-0000-0000-000000000001/allocations","hostname":"localhost:80","remoteAddress":"127.0.0.1"},"msg":"incoming request"}
{"level":50,"time":1774821864992,"pid":9344,"hostname":"DESKTOP-MMVI6TQ","reqId":"req-1g","err":{"type":"Error","message":"Missing or invalid authorization header","stack":"Error: Missing or invalid authorization header\n    at Object.authenticate (C:\\Users\\ASUS\\Desktop\\Modett\\Expense Tracker Application\\Expense Tracker\\apps\\api\\src\\plugins\\auth.ts:70:19)\n    at Object.<anonymous> (C:\\Users\\ASUS\\Desktop\\Modett\\Expense Tracker Application\\Expense Tracker\\modules\\cost-allocation\\infrastructure\\http\\routes\\index.ts:22:23)\n    at hookIterator (C:\\Users\\ASUS\\Desktop\\Modett\\Expense Tracker Application\\Expense Tracker\\node_modules\\.pnpm\\fastify@4.29.1\\node_modules\\fastify\\lib\\hooks.js:405:10)\n    at next (C:\\Users\\ASUS\\Desktop\\Modett\\Expense Tracker Application\\Expense Tracker\\node_modules\\.pnpm\\fastify@4.29.1\\node_modules\\fastify\\lib\\hooks.js:239:18)\n    at handleResolve (C:\\Users\\ASUS\\Desktop\\Modett\\Expense Tracker Application\\Expense Tracker\\node_modules\\.pnpm\\fastify@4.29.1\\node_modules\\fastify\\lib\\hooks.js:250:7)\n    at processTicksAndRejections (node:internal/process/task_queues:105:5)","statusCode":401},"url":"/api/v1/workspaces/0351eb01-7c99-4ad4-8111-6e905c077f54/expenses/00000000-0000-0000-0000-000000000001/allocations","method":"DELETE","msg":"Missing or invalid authorization header"}
{"level":30,"time":1774821864992,"pid":9344,"hostname":"DESKTOP-MMVI6TQ","reqId":"req-1g","res":{"statusCode":401},"responseTime":0.8858999013900757,"msg":"request completed"}
{"level":30,"time":1774821864993,"pid":9344,"hostname":"DESKTOP-MMVI6TQ","reqId":"req-1h","req":{"method":"GET","url":"/api/v1/workspaces/0351eb01-7c99-4ad4-8111-6e905c077f54/allocations/summary","hostname":"localhost:80","remoteAddress":"127.0.0.1"},"msg":"incoming request"}
[90mstdout[2m | modules/cost-allocation/tests/cost-allocation.endpoints.test.ts[2m > [22m[2mCost Allocation Module - Endpoint Tests[2m > [22m[2mExpense Allocation Endpoints[2m > [22m[2mDELETE /api/v1/:workspaceId/expenses/:expenseId/allocations[2m > [22m[2mÔ£à should delete expense allocations[22m[39m
Delete Expense Allocations: [33m404[39m

[90mstdout[2m | modules/cost-allocation/tests/cost-allocation.endpoints.test.ts[2m > [22m[2mCost Allocation Module - Endpoint Tests[2m > [22m[2mExpense Allocation Endpoints[2m > [22m[2mDELETE /api/v1/:workspaceId/expenses/:expenseId/allocations[2m > [22m[2mÔØî should fail without auth token[22m[39m
Delete Expense Allocations No Auth: [33m401[39m

{"level":30,"time":1774821864994,"pid":9344,"hostname":"DESKTOP-MMVI6TQ","reqId":"req-y","req":{"method":"POST","url":"/api/v1/workspaces/e7cc14a8-b5ee-4fc5-8226-3bdc876108f8/exemptions/b652d980-503c-4fb8-874a-c6760e2475b0/reject","hostname":"localhost:80","remoteAddress":"127.0.0.1"},"msg":"incoming request"}
{"level":30,"time":1774821865009,"pid":9344,"hostname":"DESKTOP-MMVI6TQ","reqId":"req-12","res":{"statusCode":200},"responseTime":22.332799911499023,"msg":"request completed"}
{"level":30,"time":1774821865010,"pid":9344,"hostname":"DESKTOP-MMVI6TQ","reqId":"req-y","res":{"statusCode":200},"responseTime":16.10290002822876,"msg":"request completed"}
[90mstdout[2m | modules/budget-planning/tests/budget-planning.endpoints.test.ts[2m > [22m[2mBudget Planning Module - Endpoint Tests[2m > [22m[2mScenario Endpoints[2m > [22m[2mGET /api/v1/:workspaceId/budget-plans/:planId/scenarios[2m > [22m[2mÔ£à should list scenarios for a plan[22m[39m
List Scenarios: [33m200[39m

[90mstdout[2m | modules/budget-planning/tests/budget-planning.endpoints.test.ts[2m > [22m[2mBudget Planning Module - Endpoint Tests[2m > [22m[2mScenario Endpoints[2m > [22m[2mGET /api/v1/:workspaceId/budget-plans/:planId/scenarios[2m > [22m[2mÔØî should fail without auth token[22m[39m
List Scenarios No Auth: [33m401[39m

{"level":30,"time":1774821865016,"pid":9344,"hostname":"DESKTOP-MMVI6TQ","reqId":"req-z","req":{"method":"POST","url":"/api/v1/workspaces/e7cc14a8-b5ee-4fc5-8226-3bdc876108f8/exemptions/69d981e7-a575-4f0b-8e7d-bfd5a037e468/approve","hostname":"localhost:80","remoteAddress":"127.0.0.1"},"msg":"incoming request"}
[90mstdout[2m | modules/policy-controls/tests/policy-controls.endpoints.test.ts[2m > [22m[2mPolicy Controls Module - Endpoint Tests[2m > [22m[2mExemption Endpoints[2m > [22m[2mPOST /api/v1/:workspaceId/exemptions/:exemptionId/reject[2m > [22m[2mÔ£à should reject an exemption[22m[39m
[EventBus] No handlers for event type: exemption.rejected
Reject Exemption: [33m200[39m

{"level":30,"time":1774821865011,"pid":9344,"hostname":"DESKTOP-MMVI6TQ","reqId":"req-13","req":{"method":"GET","url":"/api/v1/workspaces/461aad2e-b059-4d67-90d4-559dbebe5eb3/budget-plans/1d2ac790-bed9-4fde-81fe-ff65bf9e9295/scenarios","hostname":"localhost:80","remoteAddress":"127.0.0.1"},"msg":"incoming request"}
{"level":50,"time":1774821865013,"pid":9344,"hostname":"DESKTOP-MMVI6TQ","reqId":"req-13","err":{"type":"Error","message":"Missing or invalid authorization header","stack":"Error: Missing or invalid authorization header\n    at Object.authenticate (C:\\Users\\ASUS\\Desktop\\Modett\\Expense Tracker Application\\Expense Tracker\\apps\\api\\src\\plugins\\auth.ts:70:19)\n    at Object.<anonymous> (C:\\Users\\ASUS\\Desktop\\Modett\\Expense Tracker Application\\Expense Tracker\\modules\\budget-planning\\infrastructure\\http\\routes\\index.ts:25:23)\n    at hookIterator (C:\\Users\\ASUS\\Desktop\\Modett\\Expense Tracker Application\\Expense Tracker\\node_modules\\.pnpm\\fastify@4.29.1\\node_modules\\fastify\\lib\\hooks.js:405:10)\n    at next (C:\\Users\\ASUS\\Desktop\\Modett\\Expense Tracker Application\\Expense Tracker\\node_modules\\.pnpm\\fastify@4.29.1\\node_modules\\fastify\\lib\\hooks.js:239:18)\n    at handleResolve (C:\\Users\\ASUS\\Desktop\\Modett\\Expense Tracker Application\\Expense Tracker\\node_modules\\.pnpm\\fastify@4.29.1\\node_modules\\fastify\\lib\\hooks.js:250:7)\n    at processTicksAndRejections (node:internal/process/task_queues:105:5)","statusCode":401},"url":"/api/v1/workspaces/461aad2e-b059-4d67-90d4-559dbebe5eb3/budget-plans/1d2ac790-bed9-4fde-81fe-ff65bf9e9295/scenarios","method":"GET","msg":"Missing or invalid authorization header"}
{"level":30,"time":1774821865017,"pid":9344,"hostname":"DESKTOP-MMVI6TQ","reqId":"req-13","res":{"statusCode":401},"responseTime":5.1632000207901,"msg":"request completed"}
{"level":30,"time":1774821865018,"pid":9344,"hostname":"DESKTOP-MMVI6TQ","reqId":"req-14","req":{"method":"GET","url":"/api/v1/workspaces/461aad2e-b059-4d67-90d4-559dbebe5eb3/scenarios/32d01e04-bd0c-4c3a-bac1-deba7ab3ea3d","hostname":"localhost:80","remoteAddress":"127.0.0.1"},"msg":"incoming request"}
{"level":30,"time":1774821865041,"pid":9344,"hostname":"DESKTOP-MMVI6TQ","reqId":"req-z","res":{"statusCode":200},"responseTime":25.043099999427795,"msg":"request completed"}
[90mstdout[2m | modules/policy-controls/tests/policy-controls.endpoints.test.ts[2m > [22m[2mPolicy Controls Module - Endpoint Tests[2m > [22m[2mExemption Endpoints[2m > [22m[2mPOST /api/v1/:workspaceId/exemptions/:exemptionId/approve[2m > [22m[2mÔ£à should approve an exemption[22m[39m
[EventBus] No handlers for event type: exemption.approved
Approve Exemption: [33m200[39m Exemption approved successfully

{"level":30,"time":1774821865068,"pid":9344,"hostname":"DESKTOP-MMVI6TQ","reqId":"req-10","req":{"method":"GET","url":"/api/v1/workspaces/e7cc14a8-b5ee-4fc5-8226-3bdc876108f8/violations","hostname":"localhost:80","remoteAddress":"127.0.0.1"},"msg":"incoming request"}
{"level":30,"time":1774821865088,"pid":9344,"hostname":"DESKTOP-MMVI6TQ","reqId":"req-10","res":{"statusCode":200},"responseTime":19.88039994239807,"msg":"request completed"}
{"level":30,"time":1774821865092,"pid":9344,"hostname":"DESKTOP-MMVI6TQ","reqId":"req-14","res":{"statusCode":200},"responseTime":73.89619994163513,"msg":"request completed"}
{"level":30,"time":1774821865090,"pid":9344,"hostname":"DESKTOP-MMVI6TQ","reqId":"req-11","req":{"method":"GET","url":"/api/v1/workspaces/e7cc14a8-b5ee-4fc5-8226-3bdc876108f8/violations?status=PENDING","hostname":"localhost:80","remoteAddress":"127.0.0.1"},"msg":"incoming request"}
{"level":30,"time":1774821865093,"pid":9344,"hostname":"DESKTOP-MMVI6TQ","reqId":"req-15","req":{"method":"GET","url":"/api/v1/workspaces/461aad2e-b059-4d67-90d4-559dbebe5eb3/scenarios/32d01e04-bd0c-4c3a-bac1-deba7ab3ea3d","hostname":"localhost:80","remoteAddress":"127.0.0.1"},"msg":"incoming request"}
{"level":50,"time":1774821865094,"pid":9344,"hostname":"DESKTOP-MMVI6TQ","reqId":"req-15","err":{"type":"Error","message":"Missing or invalid authorization header","stack":"Error: Missing or invalid authorization header\n    at Object.authenticate (C:\\Users\\ASUS\\Desktop\\Modett\\Expense Tracker Application\\Expense Tracker\\apps\\api\\src\\plugins\\auth.ts:70:19)\n    at Object.<anonymous> (C:\\Users\\ASUS\\Desktop\\Modett\\Expense Tracker Application\\Expense Tracker\\modules\\budget-planning\\infrastructure\\http\\routes\\index.ts:25:23)\n    at hookIterator (C:\\Users\\ASUS\\Desktop\\Modett\\Expense Tracker Application\\Expense Tracker\\node_modules\\.pnpm\\fastify@4.29.1\\node_modules\\fastify\\lib\\hooks.js:405:10)\n    at next (C:\\Users\\ASUS\\Desktop\\Modett\\Expense Tracker Application\\Expense Tracker\\node_modules\\.pnpm\\fastify@4.29.1\\node_modules\\fastify\\lib\\hooks.js:239:18)\n    at handleResolve (C:\\Users\\ASUS\\Desktop\\Modett\\Expense Tracker Application\\Expense Tracker\\node_modules\\.pnpm\\fastify@4.29.1\\node_modules\\fastify\\lib\\hooks.js:250:7)\n    at processTicksAndRejections (node:internal/process/task_queues:105:5)","statusCode":401},"url":"/api/v1/workspaces/461aad2e-b059-4d67-90d4-559dbebe5eb3/scenarios/32d01e04-bd0c-4c3a-bac1-deba7ab3ea3d","method":"GET","msg":"Missing or invalid authorization header"}
{"level":30,"time":1774821865095,"pid":9344,"hostname":"DESKTOP-MMVI6TQ","reqId":"req-15","res":{"statusCode":401},"responseTime":1.3752000331878662,"msg":"request completed"}
{"level":30,"time":1774821865099,"pid":9344,"hostname":"DESKTOP-MMVI6TQ","reqId":"req-16","req":{"method":"DELETE","url":"/api/v1/workspaces/461aad2e-b059-4d67-90d4-559dbebe5eb3/scenarios/32d01e04-bd0c-4c3a-bac1-deba7ab3ea3d","hostname":"localhost:80","remoteAddress":"127.0.0.1"},"msg":"incoming request"}
[90mstdout[2m | modules/policy-controls/tests/policy-controls.endpoints.test.ts[2m > [22m[2mPolicy Controls Module - Endpoint Tests[2m > [22m[2mViolation Endpoints[2m > [22m[2mGET /api/v1/:workspaceId/violations[2m > [22m[2mÔ£à should list violations (empty initially)[22m[39m
List Violations: [33m200[39m

[90mstdout[2m | modules/budget-planning/tests/budget-planning.endpoints.test.ts[2m > [22m[2mBudget Planning Module - Endpoint Tests[2m > [22m[2mScenario Endpoints[2m > [22m[2mGET /api/v1/:workspaceId/scenarios/:id[2m > [22m[2mÔ£à should get scenario by ID[22m[39m
Get Scenario: [33m200[39m

[90mstdout[2m | modules/budget-planning/tests/budget-planning.endpoints.test.ts[2m > [22m[2mBudget Planning Module - Endpoint Tests[2m > [22m[2mScenario Endpoints[2m > [22m[2mGET /api/v1/:workspaceId/scenarios/:id[2m > [22m[2mÔØî should fail without auth token[22m[39m
Get Scenario No Auth: [33m401[39m

{"level":30,"time":1774821865111,"pid":9344,"hostname":"DESKTOP-MMVI6TQ","reqId":"req-11","res":{"statusCode":200},"responseTime":20.88010001182556,"msg":"request completed"}
{"level":30,"time":1774821865114,"pid":9344,"hostname":"DESKTOP-MMVI6TQ","reqId":"req-1h","res":{"statusCode":200},"responseTime":120.40170001983643,"msg":"request completed"}
{"level":30,"time":1774821865115,"pid":9344,"hostname":"DESKTOP-MMVI6TQ","reqId":"req-1i","req":{"method":"GET","url":"/api/v1/workspaces/0351eb01-7c99-4ad4-8111-6e905c077f54/allocations/summary","hostname":"localhost:80","remoteAddress":"127.0.0.1"},"msg":"incoming request"}
{"level":50,"time":1774821865116,"pid":9344,"hostname":"DESKTOP-MMVI6TQ","reqId":"req-1i","err":{"type":"Error","message":"Missing or invalid authorization header","stack":"Error: Missing or invalid authorization header\n    at Object.authenticate (C:\\Users\\ASUS\\Desktop\\Modett\\Expense Tracker Application\\Expense Tracker\\apps\\api\\src\\plugins\\auth.ts:70:19)\n    at Object.<anonymous> (C:\\Users\\ASUS\\Desktop\\Modett\\Expense Tracker Application\\Expense Tracker\\modules\\cost-allocation\\infrastructure\\http\\routes\\index.ts:22:23)\n    at hookIterator (C:\\Users\\ASUS\\Desktop\\Modett\\Expense Tracker Application\\Expense Tracker\\node_modules\\.pnpm\\fastify@4.29.1\\node_modules\\fastify\\lib\\hooks.js:405:10)\n    at next (C:\\Users\\ASUS\\Desktop\\Modett\\Expense Tracker Application\\Expense Tracker\\node_modules\\.pnpm\\fastify@4.29.1\\node_modules\\fastify\\lib\\hooks.js:239:18)\n    at handleResolve (C:\\Users\\ASUS\\Desktop\\Modett\\Expense Tracker Application\\Expense Tracker\\node_modules\\.pnpm\\fastify@4.29.1\\node_modules\\fastify\\lib\\hooks.js:250:7)\n    at processTicksAndRejections (node:internal/process/task_queues:105:5)","statusCode":401},"url":"/api/v1/workspaces/0351eb01-7c99-4ad4-8111-6e905c077f54/allocations/summary","method":"GET","msg":"Missing or invalid authorization header"}
{"level":30,"time":1774821865116,"pid":9344,"hostname":"DESKTOP-MMVI6TQ","reqId":"req-1i","res":{"statusCode":401},"responseTime":0.9627000093460083,"msg":"request completed"}
{"level":30,"time":1774821865113,"pid":9344,"hostname":"DESKTOP-MMVI6TQ","reqId":"req-12","req":{"method":"GET","url":"/api/v1/workspaces/e7cc14a8-b5ee-4fc5-8226-3bdc876108f8/violations","hostname":"localhost:80","remoteAddress":"127.0.0.1"},"msg":"incoming request"}
{"level":50,"time":1774821865114,"pid":9344,"hostname":"DESKTOP-MMVI6TQ","reqId":"req-12","err":{"type":"Error","message":"Missing or invalid authorization header","stack":"Error: Missing or invalid authorization header\n    at Object.authenticate (C:\\Users\\ASUS\\Desktop\\Modett\\Expense Tracker Application\\Expense Tracker\\apps\\api\\src\\plugins\\auth.ts:70:19)\n    at Object.<anonymous> (C:\\Users\\ASUS\\Desktop\\Modett\\Expense Tracker Application\\Expense Tracker\\modules\\policy-controls\\infrastructure\\http\\routes\\index.ts:25:23)\n    at hookIterator (C:\\Users\\ASUS\\Desktop\\Modett\\Expense Tracker Application\\Expense Tracker\\node_modules\\.pnpm\\fastify@4.29.1\\node_modules\\fastify\\lib\\hooks.js:405:10)\n    at next (C:\\Users\\ASUS\\Desktop\\Modett\\Expense Tracker Application\\Expense Tracker\\node_modules\\.pnpm\\fastify@4.29.1\\node_modules\\fastify\\lib\\hooks.js:239:18)\n    at handleResolve (C:\\Users\\ASUS\\Desktop\\Modett\\Expense Tracker Application\\Expense Tracker\\node_modules\\.pnpm\\fastify@4.29.1\\node_modules\\fastify\\lib\\hooks.js:250:7)\n    at processTicksAndRejections (node:internal/process/task_queues:105:5)","statusCode":401},"url":"/api/v1/workspaces/e7cc14a8-b5ee-4fc5-8226-3bdc876108f8/violations","method":"GET","msg":"Missing or invalid authorization header"}
{"level":30,"time":1774821865115,"pid":9344,"hostname":"DESKTOP-MMVI6TQ","reqId":"req-12","res":{"statusCode":401},"responseTime":1.7522000074386597,"msg":"request completed"}
{"level":30,"time":1774821865116,"pid":9344,"hostname":"DESKTOP-MMVI6TQ","reqId":"req-13","req":{"method":"GET","url":"/api/v1/workspaces/e7cc14a8-b5ee-4fc5-8226-3bdc876108f8/violations/stats","hostname":"localhost:80","remoteAddress":"127.0.0.1"},"msg":"incoming request"}
[90mstdout[2m | modules/cost-allocation/tests/cost-allocation.endpoints.test.ts[2m > [22m[2mCost Allocation Module - Endpoint Tests[2m > [22m[2mExpense Allocation Endpoints[2m > [22m[2mGET /api/v1/:workspaceId/allocations/summary[2m > [22m[2mÔ£à should get allocation summary[22m[39m
Get Allocation Summary: [33m200[39m

[90mstdout[2m | modules/cost-allocation/tests/cost-allocation.endpoints.test.ts[2m > [22m[2mCost Allocation Module - Endpoint Tests[2m > [22m[2mExpense Allocation Endpoints[2m > [22m[2mGET /api/v1/:workspaceId/allocations/summary[2m > [22m[2mÔØî should fail without auth token[22m[39m
Get Allocation Summary No Auth: [33m401[39m

[90mstdout[2m | modules/cost-allocation/tests/cost-allocation.endpoints.test.ts[2m > [22m[2mCost Allocation Module - Endpoint Tests[2m > [22m[2m­ƒôè Endpoint Summary Report[2m > [22m[2mshould print endpoint summary[22m[39m

============================================================
COST ALLOCATION MODULE - ENDPOINT TEST SUMMARY
============================================================

­ƒÅó Department Endpoints:
    POST   /:wsId/departments                    - Create
    GET    /:wsId/departments                    - List
    GET    /:wsId/departments/:id                - Get by ID
    PUT    /:wsId/departments/:id                - Update
    PATCH  /:wsId/departments/:id/activate       - Activate
    DELETE /:wsId/departments/:id                - Delete

­ƒÆ░ Cost Center Endpoints:
    POST   /:wsId/cost-centers                   - Create
    GET    /:wsId/cost-centers                   - List
    GET    /:wsId/cost-centers/:id               - Get by ID
    PUT    /:wsId/cost-centers/:id               - Update
    PATCH  /:wsId/cost-centers/:id/activate      - Activate
    DELETE /:wsId/cost-centers/:id               - Delete

­ƒôü Project Endpoints:
    POST   /:wsId/projects                       - Create
    GET    /:wsId/projects                       - List
    GET    /:wsId/projects/:id                   - Get by ID
    PUT    /:wsId/projects/:id                   - Update
    PATCH  /:wsId/projects/:id/activate          - Activate
    DELETE /:wsId/projects/:id                   - Delete

­ƒôè Expense Allocation Endpoints:
    POST   /:wsId/expenses/:expId/allocations    - Allocate
    GET    /:wsId/expenses/:expId/allocations    - Get
    DELETE /:wsId/expenses/:expId/allocations    - Delete
    GET    /:wsId/allocations/summary            - Summary

============================================================
Test User: cost-allocation-test-1774821859575@example.com
Test Workspace ID: 0351eb01-7c99-4ad4-8111-6e905c077f54
Test Department ID: N/A
Test Cost Center ID: N/A
Test Project ID: N/A
============================================================
      

[90mstdout[2m | modules/policy-controls/tests/policy-controls.endpoints.test.ts[2m > [22m[2mPolicy Controls Module - Endpoint Tests[2m > [22m[2mViolation Endpoints[2m > [22m[2mGET /api/v1/:workspaceId/violations[2m > [22m[2mÔ£à should filter violations by status[22m[39m
List Pending Violations: [33m200[39m

[90mstdout[2m | modules/policy-controls/tests/policy-controls.endpoints.test.ts[2m > [22m[2mPolicy Controls Module - Endpoint Tests[2m > [22m[2mViolation Endpoints[2m > [22m[2mGET /api/v1/:workspaceId/violations[2m > [22m[2mÔØî should fail without auth token[22m[39m
List Violations No Auth: [33m401[39m

{"level":30,"time":1774821865125,"pid":9344,"hostname":"DESKTOP-MMVI6TQ","reqId":"req-16","res":{"statusCode":204},"responseTime":25.967599987983704,"msg":"request completed"}
{"level":30,"time":1774821865130,"pid":9344,"hostname":"DESKTOP-MMVI6TQ","reqId":"req-13","res":{"statusCode":200},"responseTime":13.347999930381775,"msg":"request completed"}
{"level":30,"time":1774821865126,"pid":9344,"hostname":"DESKTOP-MMVI6TQ","reqId":"req-17","req":{"method":"DELETE","url":"/api/v1/workspaces/461aad2e-b059-4d67-90d4-559dbebe5eb3/scenarios/00000000-0000-4000-8000-000000000001","hostname":"localhost:80","remoteAddress":"127.0.0.1"},"msg":"incoming request"}
{"level":50,"time":1774821865126,"pid":9344,"hostname":"DESKTOP-MMVI6TQ","reqId":"req-17","err":{"type":"Error","message":"Missing or invalid authorization header","stack":"Error: Missing or invalid authorization header\n    at Object.authenticate (C:\\Users\\ASUS\\Desktop\\Modett\\Expense Tracker Application\\Expense Tracker\\apps\\api\\src\\plugins\\auth.ts:70:19)\n    at Object.<anonymous> (C:\\Users\\ASUS\\Desktop\\Modett\\Expense Tracker Application\\Expense Tracker\\modules\\budget-planning\\infrastructure\\http\\routes\\index.ts:25:23)\n    at hookIterator (C:\\Users\\ASUS\\Desktop\\Modett\\Expense Tracker Application\\Expense Tracker\\node_modules\\.pnpm\\fastify@4.29.1\\node_modules\\fastify\\lib\\hooks.js:405:10)\n    at next (C:\\Users\\ASUS\\Desktop\\Modett\\Expense Tracker Application\\Expense Tracker\\node_modules\\.pnpm\\fastify@4.29.1\\node_modules\\fastify\\lib\\hooks.js:239:18)\n    at handleResolve (C:\\Users\\ASUS\\Desktop\\Modett\\Expense Tracker Application\\Expense Tracker\\node_modules\\.pnpm\\fastify@4.29.1\\node_modules\\fastify\\lib\\hooks.js:250:7)\n    at processTicksAndRejections (node:internal/process/task_queues:105:5)","statusCode":401},"url":"/api/v1/workspaces/461aad2e-b059-4d67-90d4-559dbebe5eb3/scenarios/00000000-0000-4000-8000-000000000001","method":"DELETE","msg":"Missing or invalid authorization header"}
{"level":30,"time":1774821865128,"pid":9344,"hostname":"DESKTOP-MMVI6TQ","reqId":"req-17","res":{"statusCode":401},"responseTime":1.5546000003814697,"msg":"request completed"}
{"level":30,"time":1774821865131,"pid":9344,"hostname":"DESKTOP-MMVI6TQ","reqId":"req-14","req":{"method":"GET","url":"/api/v1/workspaces/e7cc14a8-b5ee-4fc5-8226-3bdc876108f8/violations/stats","hostname":"localhost:80","remoteAddress":"127.0.0.1"},"msg":"incoming request"}
{"level":50,"time":1774821865132,"pid":9344,"hostname":"DESKTOP-MMVI6TQ","reqId":"req-14","err":{"type":"Error","message":"Missing or invalid authorization header","stack":"Error: Missing or invalid authorization header\n    at Object.authenticate (C:\\Users\\ASUS\\Desktop\\Modett\\Expense Tracker Application\\Expense Tracker\\apps\\api\\src\\plugins\\auth.ts:70:19)\n    at Object.<anonymous> (C:\\Users\\ASUS\\Desktop\\Modett\\Expense Tracker Application\\Expense Tracker\\modules\\policy-controls\\infrastructure\\http\\routes\\index.ts:25:23)\n    at hookIterator (C:\\Users\\ASUS\\Desktop\\Modett\\Expense Tracker Application\\Expense Tracker\\node_modules\\.pnpm\\fastify@4.29.1\\node_modules\\fastify\\lib\\hooks.js:405:10)\n    at next (C:\\Users\\ASUS\\Desktop\\Modett\\Expense Tracker Application\\Expense Tracker\\node_modules\\.pnpm\\fastify@4.29.1\\node_modules\\fastify\\lib\\hooks.js:239:18)\n    at handleResolve (C:\\Users\\ASUS\\Desktop\\Modett\\Expense Tracker Application\\Expense Tracker\\node_modules\\.pnpm\\fastify@4.29.1\\node_modules\\fastify\\lib\\hooks.js:250:7)\n    at processTicksAndRejections (node:internal/process/task_queues:105:5)","statusCode":401},"url":"/api/v1/workspaces/e7cc14a8-b5ee-4fc5-8226-3bdc876108f8/violations/stats","method":"GET","msg":"Missing or invalid authorization header"}
{"level":30,"time":1774821865133,"pid":9344,"hostname":"DESKTOP-MMVI6TQ","reqId":"req-14","res":{"statusCode":401},"responseTime":1.3664000034332275,"msg":"request completed"}
{"level":30,"time":1774821865134,"pid":9344,"hostname":"DESKTOP-MMVI6TQ","reqId":"req-15","req":{"method":"GET","url":"/api/v1/workspaces/e7cc14a8-b5ee-4fc5-8226-3bdc876108f8/violations/99999999-9999-4999-8999-999999999999","hostname":"localhost:80","remoteAddress":"127.0.0.1"},"msg":"incoming request"}
{"level":30,"time":1774821865138,"pid":9344,"hostname":"DESKTOP-MMVI6TQ","msg":"Database connection closed"}
{"level":30,"time":1774821865142,"pid":9344,"hostname":"DESKTOP-MMVI6TQ","msg":"Database connection closed"}
[90mstdout[2m | modules/budget-planning/tests/budget-planning.endpoints.test.ts[2m > [22m[2mBudget Planning Module - Endpoint Tests[2m > [22m[2mScenario Endpoints[2m > [22m[2mDELETE /api/v1/:workspaceId/scenarios/:id[2m > [22m[2mÔØî should fail without auth token[22m[39m
Delete Scenario No Auth: [33m401[39m

[90mstdout[2m | modules/budget-planning/tests/budget-planning.endpoints.test.ts[2m > [22m[2mBudget Planning Module - Endpoint Tests[2m > [22m[2m­ƒôè Endpoint Summary Report[2m > [22m[2mshould print endpoint summary[22m[39m

============================================================
BUDGET PLANNING MODULE - ENDPOINT TEST SUMMARY
============================================================

­ƒôï Budget Plan Endpoints:
    POST   /:wsId/budget-plans                   - Create
    GET    /:wsId/budget-plans                   - List (with status filter)
    GET    /:wsId/budget-plans/:id               - Get by ID
    PATCH  /:wsId/budget-plans/:id               - Update
    PATCH  /:wsId/budget-plans/:id/activate      - Activate
    DELETE /:wsId/budget-plans/:id               - Delete

­ƒôê Forecast Endpoints:
    POST   /:wsId/budget-plans/:planId/forecasts - Create
    GET    /:wsId/budget-plans/:planId/forecasts - List
    GET    /:wsId/forecasts/:id                  - Get by ID
    DELETE /:wsId/forecasts/:id                  - Delete

­ƒôè Forecast Item Endpoints:
    POST   /:wsId/forecasts/:forecastId/items    - Add Item
    GET    /:wsId/forecasts/:forecastId/items    - List Items
    DELETE /:wsId/forecast-items/:itemId         - Delete Item

­ƒÄ» Scenario Endpoints:
    POST   /:wsId/budget-plans/:planId/scenarios - Create
    GET    /:wsId/budget-plans/:planId/scenarios - List
    GET    /:wsId/scenarios/:id                  - Get by ID
    DELETE /:wsId/scenarios/:id                  - Delete

============================================================
Test User: budget-planning-test-1774821859569@example.com
Test Workspace ID: 461aad2e-b059-4d67-90d4-559dbebe5eb3
Test Budget Plan ID: 1d2ac790-bed9-4fde-81fe-ff65bf9e9295
Test Forecast ID: cd9754e0-c32d-4647-9243-0241e1c70d25
Test Scenario ID: 32d01e04-bd0c-4c3a-bac1-deba7ab3ea3d
============================================================
      

[90mstdout[2m | modules/policy-controls/tests/policy-controls.endpoints.test.ts[2m > [22m[2mPolicy Controls Module - Endpoint Tests[2m > [22m[2mViolation Endpoints[2m > [22m[2mGET /api/v1/:workspaceId/violations/stats[2m > [22m[2mÔ£à should get violation statistics[22m[39m
Get Violation Stats: [33m200[39m

[90mstdout[2m | modules/policy-controls/tests/policy-controls.endpoints.test.ts[2m > [22m[2mPolicy Controls Module - Endpoint Tests[2m > [22m[2mViolation Endpoints[2m > [22m[2mGET /api/v1/:workspaceId/violations/stats[2m > [22m[2mÔØî should fail without auth token[22m[39m
Get Stats No Auth: [33m401[39m

{"level":30,"time":1774821865157,"pid":9344,"hostname":"DESKTOP-MMVI6TQ","reqId":"req-15","res":{"statusCode":404},"responseTime":23.086600065231323,"msg":"request completed"}
 [32mÔ£ô[39m modules/cost-allocation/tests/cost-allocation.endpoints.test.ts [2m ([22m[2m49 tests[22m[2m)[22m[33m 5547[2mms[22m[39m
 [32mÔ£ô[39m modules/budget-planning/tests/budget-planning.endpoints.test.ts [2m ([22m[2m40 tests[22m[2m)[22m[33m 5552[2mms[22m[39m
{"level":30,"time":1774821865158,"pid":9344,"hostname":"DESKTOP-MMVI6TQ","reqId":"req-16","req":{"method":"GET","url":"/api/v1/workspaces/e7cc14a8-b5ee-4fc5-8226-3bdc876108f8/violations/invalid-uuid","hostname":"localhost:80","remoteAddress":"127.0.0.1"},"msg":"incoming request"}
{"level":30,"time":1774821865162,"pid":9344,"hostname":"DESKTOP-MMVI6TQ","reqId":"req-16","res":{"statusCode":400},"responseTime":3.1161999702453613,"msg":"request completed"}
{"level":30,"time":1774821865165,"pid":9344,"hostname":"DESKTOP-MMVI6TQ","reqId":"req-17","req":{"method":"POST","url":"/api/v1/workspaces/e7cc14a8-b5ee-4fc5-8226-3bdc876108f8/violations/99999999-9999-4999-8999-999999999999/acknowledge","hostname":"localhost:80","remoteAddress":"127.0.0.1"},"msg":"incoming request"}
[90mstdout[2m | modules/policy-controls/tests/policy-controls.endpoints.test.ts[2m > [22m[2mPolicy Controls Module - Endpoint Tests[2m > [22m[2mViolation Endpoints[2m > [22m[2mGET /api/v1/:workspaceId/violations/:violationId[2m > [22m[2mÔØî should fail with non-existent violation ID[22m[39m
Get Non-existent Violation: [33m404[39m

[90mstdout[2m | modules/policy-controls/tests/policy-controls.endpoints.test.ts[2m > [22m[2mPolicy Controls Module - Endpoint Tests[2m > [22m[2mViolation Endpoints[2m > [22m[2mGET /api/v1/:workspaceId/violations/:violationId[2m > [22m[2mÔØî should fail with invalid UUID format[22m[39m
Get Violation Invalid UUID: [33m400[39m

{"level":30,"time":1774821865172,"pid":9344,"hostname":"DESKTOP-MMVI6TQ","reqId":"req-17","res":{"statusCode":404},"responseTime":7.509700059890747,"msg":"request completed"}
{"level":30,"time":1774821865175,"pid":9344,"hostname":"DESKTOP-MMVI6TQ","reqId":"req-18","req":{"method":"POST","url":"/api/v1/workspaces/e7cc14a8-b5ee-4fc5-8226-3bdc876108f8/violations/99999999-9999-4999-8999-999999999999/resolve","hostname":"localhost:80","remoteAddress":"127.0.0.1"},"msg":"incoming request"}
[90mstdout[2m | modules/policy-controls/tests/policy-controls.endpoints.test.ts[2m > [22m[2mPolicy Controls Module - Endpoint Tests[2m > [22m[2mViolation Endpoints[2m > [22m[2mViolation Actions (require existing violation)[2m > [22m[2mÔØî should fail to acknowledge non-existent violation[22m[39m
Acknowledge Non-existent: [33m404[39m

{"level":30,"time":1774821865193,"pid":9344,"hostname":"DESKTOP-MMVI6TQ","reqId":"req-18","res":{"statusCode":404},"responseTime":18.52079999446869,"msg":"request completed"}
{"level":30,"time":1774821865198,"pid":9344,"hostname":"DESKTOP-MMVI6TQ","reqId":"req-19","req":{"method":"POST","url":"/api/v1/workspaces/e7cc14a8-b5ee-4fc5-8226-3bdc876108f8/violations/99999999-9999-4999-8999-999999999999/override","hostname":"localhost:80","remoteAddress":"127.0.0.1"},"msg":"incoming request"}
[90mstdout[2m | modules/policy-controls/tests/policy-controls.endpoints.test.ts[2m > [22m[2mPolicy Controls Module - Endpoint Tests[2m > [22m[2mViolation Endpoints[2m > [22m[2mViolation Actions (require existing violation)[2m > [22m[2mÔØî should fail to resolve non-existent violation[22m[39m
Resolve Non-existent: [33m404[39m

{"level":30,"time":1774821865212,"pid":9344,"hostname":"DESKTOP-MMVI6TQ","reqId":"req-19","res":{"statusCode":404},"responseTime":14.251000046730042,"msg":"request completed"}
{"level":30,"time":1774821865214,"pid":9344,"hostname":"DESKTOP-MMVI6TQ","reqId":"req-1a","req":{"method":"POST","url":"/api/v1/workspaces/e7cc14a8-b5ee-4fc5-8226-3bdc876108f8/policies","hostname":"localhost:80","remoteAddress":"127.0.0.1"},"msg":"incoming request"}
[90mstdout[2m | modules/policy-controls/tests/policy-controls.endpoints.test.ts[2m > [22m[2mPolicy Controls Module - Endpoint Tests[2m > [22m[2mViolation Endpoints[2m > [22m[2mViolation Actions (require existing violation)[2m > [22m[2mÔØî should fail to override non-existent violation[22m[39m
Override Non-existent: [33m404[39m

{"level":30,"time":1774821865254,"pid":9344,"hostname":"DESKTOP-MMVI6TQ","reqId":"req-1a","res":{"statusCode":201},"responseTime":40.28810000419617,"msg":"request completed"}
{"level":30,"time":1774821865257,"pid":9344,"hostname":"DESKTOP-MMVI6TQ","reqId":"req-1b","req":{"method":"DELETE","url":"/api/v1/workspaces/e7cc14a8-b5ee-4fc5-8226-3bdc876108f8/policies/b41d0963-3c2b-490b-a7b5-63b2e29396a9","hostname":"localhost:80","remoteAddress":"127.0.0.1"},"msg":"incoming request"}
{"level":50,"time":1774821865259,"pid":9344,"hostname":"DESKTOP-MMVI6TQ","reqId":"req-1b","err":{"type":"Error","message":"Missing or invalid authorization header","stack":"Error: Missing or invalid authorization header\n    at Object.authenticate (C:\\Users\\ASUS\\Desktop\\Modett\\Expense Tracker Application\\Expense Tracker\\apps\\api\\src\\plugins\\auth.ts:70:19)\n    at Object.<anonymous> (C:\\Users\\ASUS\\Desktop\\Modett\\Expense Tracker Application\\Expense Tracker\\modules\\policy-controls\\infrastructure\\http\\routes\\index.ts:25:23)\n    at hookIterator (C:\\Users\\ASUS\\Desktop\\Modett\\Expense Tracker Application\\Expense Tracker\\node_modules\\.pnpm\\fastify@4.29.1\\node_modules\\fastify\\lib\\hooks.js:405:10)\n    at next (C:\\Users\\ASUS\\Desktop\\Modett\\Expense Tracker Application\\Expense Tracker\\node_modules\\.pnpm\\fastify@4.29.1\\node_modules\\fastify\\lib\\hooks.js:239:18)\n    at handleResolve (C:\\Users\\ASUS\\Desktop\\Modett\\Expense Tracker Application\\Expense Tracker\\node_modules\\.pnpm\\fastify@4.29.1\\node_modules\\fastify\\lib\\hooks.js:250:7)\n    at processTicksAndRejections (node:internal/process/task_queues:105:5)","statusCode":401},"url":"/api/v1/workspaces/e7cc14a8-b5ee-4fc5-8226-3bdc876108f8/policies/b41d0963-3c2b-490b-a7b5-63b2e29396a9","method":"DELETE","msg":"Missing or invalid authorization header"}
{"level":30,"time":1774821865261,"pid":9344,"hostname":"DESKTOP-MMVI6TQ","reqId":"req-1b","res":{"statusCode":401},"responseTime":3.7218000888824463,"msg":"request completed"}
{"level":30,"time":1774821865266,"pid":9344,"hostname":"DESKTOP-MMVI6TQ","reqId":"req-1c","req":{"method":"DELETE","url":"/api/v1/workspaces/e7cc14a8-b5ee-4fc5-8226-3bdc876108f8/policies/99999999-9999-4999-8999-999999999999","hostname":"localhost:80","remoteAddress":"127.0.0.1"},"msg":"incoming request"}
[90mstdout[2m | modules/policy-controls/tests/policy-controls.endpoints.test.ts[2m > [22m[2mPolicy Controls Module - Endpoint Tests[2m > [22m[2mPolicy Deletion[2m > [22m[2mDELETE /api/v1/:workspaceId/policies/:policyId[22m[39m
[EventBus] No handlers for event type: policy.created

[90mstdout[2m | modules/policy-controls/tests/policy-controls.endpoints.test.ts[2m > [22m[2mPolicy Controls Module - Endpoint Tests[2m > [22m[2mPolicy Deletion[2m > [22m[2mDELETE /api/v1/:workspaceId/policies/:policyId[2m > [22m[2mÔØî should fail without auth token[22m[39m
Delete Policy No Auth: [33m401[39m

{"level":30,"time":1774821865287,"pid":9344,"hostname":"DESKTOP-MMVI6TQ","reqId":"req-1c","res":{"statusCode":404},"responseTime":21.55109989643097,"msg":"request completed"}
{"level":30,"time":1774821865291,"pid":9344,"hostname":"DESKTOP-MMVI6TQ","reqId":"req-1d","req":{"method":"DELETE","url":"/api/v1/workspaces/e7cc14a8-b5ee-4fc5-8226-3bdc876108f8/policies/b41d0963-3c2b-490b-a7b5-63b2e29396a9","hostname":"localhost:80","remoteAddress":"127.0.0.1"},"msg":"incoming request"}
[90mstdout[2m | modules/policy-controls/tests/policy-controls.endpoints.test.ts[2m > [22m[2mPolicy Controls Module - Endpoint Tests[2m > [22m[2mPolicy Deletion[2m > [22m[2mDELETE /api/v1/:workspaceId/policies/:policyId[2m > [22m[2mÔØî should fail with non-existent policy ID[22m[39m
Delete Non-existent Policy: [33m404[39m

{"level":30,"time":1774821865327,"pid":9344,"hostname":"DESKTOP-MMVI6TQ","reqId":"req-1d","res":{"statusCode":204},"responseTime":35.440500020980835,"msg":"request completed"}
{"level":30,"time":1774821865335,"pid":9344,"hostname":"DESKTOP-MMVI6TQ","reqId":"req-1e","req":{"method":"GET","url":"/api/v1/workspaces/e7cc14a8-b5ee-4fc5-8226-3bdc876108f8/policies/b41d0963-3c2b-490b-a7b5-63b2e29396a9","hostname":"localhost:80","remoteAddress":"127.0.0.1"},"msg":"incoming request"}
[90mstdout[2m | modules/policy-controls/tests/policy-controls.endpoints.test.ts[2m > [22m[2mPolicy Controls Module - Endpoint Tests[2m > [22m[2mPolicy Deletion[2m > [22m[2mDELETE /api/v1/:workspaceId/policies/:policyId[2m > [22m[2mÔ£à should delete a policy[22m[39m
Delete Policy: [33m204[39m

{"level":30,"time":1774821865353,"pid":9344,"hostname":"DESKTOP-MMVI6TQ","reqId":"req-1e","res":{"statusCode":404},"responseTime":18.408900022506714,"msg":"request completed"}
[90mstdout[2m | modules/policy-controls/tests/policy-controls.endpoints.test.ts[2m > [22m[2mPolicy Controls Module - Endpoint Tests[2m > [22m[2mPolicy Deletion[2m > [22m[2mDELETE /api/v1/:workspaceId/policies/:policyId[2m > [22m[2mÔØî should fail to get deleted policy[22m[39m
Get Deleted Policy: [33m404[39m

{"level":30,"time":1774821865385,"pid":9344,"hostname":"DESKTOP-MMVI6TQ","msg":"Database connection closed"}
 [32mÔ£ô[39m modules/policy-controls/tests/policy-controls.endpoints.test.ts [2m ([22m[2m45 tests[22m[2m)[22m[33m 5808[2mms[22m[39m
 [32mÔ£ô[39m modules/event-outbox/tests/outbox-event.entity.test.ts [2m ([22m[2m14 tests[22m[2m)[22m[90m 23[2mms[22m[39m
 [32mÔ£ô[39m modules/audit-compliance/tests/audit-compliance.routes.test.ts [2m ([22m[2m51 tests[22m[2m)[22m[33m 2806[2mms[22m[39m
{"level":30,"time":1774821869276,"pid":9344,"hostname":"DESKTOP-MMVI6TQ","msg":"Security plugins registered (CORS, Helmet, Rate Limit)"}
{"level":30,"time":1774821869402,"pid":9344,"hostname":"DESKTOP-MMVI6TQ","msg":"Security plugins registered (CORS, Helmet, Rate Limit)"}
{"level":30,"time":1774821869278,"pid":9344,"hostname":"DESKTOP-MMVI6TQ","msg":"Database client registered"}
{"level":30,"time":1774821869279,"pid":9344,"hostname":"DESKTOP-MMVI6TQ","msg":"Authentication plugin registered"}
{"level":30,"time":1774821869279,"pid":9344,"hostname":"DESKTOP-MMVI6TQ","msg":"Error handler plugin registered"}
{"level":30,"time":1774821869403,"pid":9344,"hostname":"DESKTOP-MMVI6TQ","msg":"Database client registered"}
{"level":30,"time":1774821869404,"pid":9344,"hostname":"DESKTOP-MMVI6TQ","msg":"Authentication plugin registered"}
{"level":30,"time":1774821869405,"pid":9344,"hostname":"DESKTOP-MMVI6TQ","msg":"Error handler plugin registered"}
{"level":30,"time":1774821869610,"pid":9344,"hostname":"DESKTOP-MMVI6TQ","msg":"Ô£ô DI Container initialized"}
{"level":30,"time":1774821869755,"pid":9344,"hostname":"DESKTOP-MMVI6TQ","msg":"Ô£ô DI Container initialized"}
{"level":30,"time":1774821869934,"pid":9344,"hostname":"DESKTOP-MMVI6TQ","msg":"Security plugins registered (CORS, Helmet, Rate Limit)"}
{"level":30,"time":1774821869936,"pid":9344,"hostname":"DESKTOP-MMVI6TQ","msg":"Database client registered"}
{"level":30,"time":1774821869936,"pid":9344,"hostname":"DESKTOP-MMVI6TQ","msg":"Authentication plugin registered"}
{"level":30,"time":1774821869937,"pid":9344,"hostname":"DESKTOP-MMVI6TQ","msg":"Error handler plugin registered"}
node.exe : [90mstderr[2m | modules/audit-complia
nce/tests/audit.service.test.ts[2m > 
[22m[2mAuditService[2m > 
[22m[2mcreateAuditLog[2m > [22m[2mshould 
propagate repository errors[22m[39m
At C:\Users\ASUS\AppData\Roaming\npm\pnpm.ps1:24 
char:5
+     & "node$exe"  
"$basedir/node_modules/pnpm/bin/pnpm.cjs" $args
+     ~~~~~~~~~~~~~~~~~~~~~~~~~~~~~~~~~~~~~~~~~~~~
~~~~~~~~~~~~~~~~~
    + CategoryInfo          : NotSpecified: 
([90m    stderr[2m...rrors[22m[39m:String) 
[], Remot    eException
    + FullyQualifiedErrorId : NativeCommandError
 
[AuditService] AUDIT_FAILURE: Failed to create 
audit log (failure #1): DB Error

 [32mÔ£ô[39m modules/audit-compliance/tests/audit.service.test.ts [2m ([22m[2m8 tests[22m[2m)[22m[90m 42[2mms[22m[39m
{"level":30,"time":1774821870338,"pid":9344,"hostname":"DESKTOP-MMVI6TQ","msg":"Ô£ô DI Container initialized"}
{"level":30,"time":1774821869611,"pid":9344,"hostname":"DESKTOP-MMVI6TQ","msg":"Registering modules..."}
{"level":30,"time":1774821869636,"pid":9344,"hostname":"DESKTOP-MMVI6TQ","msg":"Ô£ô Identity-Workspace module registered"}
{"level":30,"time":1774821869669,"pid":9344,"hostname":"DESKTOP-MMVI6TQ","msg":"Ô£ô Expense-Ledger module registered"}
{"level":30,"time":1774821869686,"pid":9344,"hostname":"DESKTOP-MMVI6TQ","msg":"Ô£ô Budget Management module registered"}
{"level":30,"time":1774821869704,"pid":9344,"hostname":"DESKTOP-MMVI6TQ","msg":"Ô£ô Receipt Vault module registered"}
{"level":30,"time":1774821869733,"pid":9344,"hostname":"DESKTOP-MMVI6TQ","msg":"Ô£ô Notification Dispatch module registered"}
{"level":30,"time":1774821869754,"pid":9344,"hostname":"DESKTOP-MMVI6TQ","msg":"Ô£ô Cost Allocation module registered"}
{"level":30,"time":1774821869771,"pid":9344,"hostname":"DESKTOP-MMVI6TQ","msg":"Ô£ô Categorization Rules module registered"}
{"level":30,"time":1774821869785,"pid":9344,"hostname":"DESKTOP-MMVI6TQ","msg":"Ô£ô Budget Planning module registered"}
{"level":30,"time":1774821869793,"pid":9344,"hostname":"DESKTOP-MMVI6TQ","msg":"Ô£ô Audit Compliance module registered"}
{"level":30,"time":1774821869824,"pid":9344,"hostname":"DESKTOP-MMVI6TQ","msg":"Ô£ô Bank Feed Sync module registered"}
{"level":30,"time":1774821869844,"pid":9344,"hostname":"DESKTOP-MMVI6TQ","msg":"Ô£ô Event Outbox module registered"}
{"level":30,"time":1774821869844,"pid":9344,"hostname":"DESKTOP-MMVI6TQ","msg":"All modules registered successfully"}
{"level":30,"time":1774821870938,"pid":9344,"hostname":"DESKTOP-MMVI6TQ","reqId":"req-1","req":{"method":"POST","url":"/api/v1/auth/register","hostname":"localhost:80","remoteAddress":"127.0.0.1"},"msg":"incoming request"}
[90mstdout[2m | modules/bank-feed-sync/tests/bank-feed-sync.endpoints.test.ts[2m > [22m[2mBank Feed Sync Module - Endpoint Tests[22m[39m
[Container] Notification Event Handlers registered

{"level":30,"time":1774821871560,"pid":9344,"hostname":"DESKTOP-MMVI6TQ","reqId":"req-1","res":{"statusCode":201},"responseTime":621.6640000343323,"msg":"request completed"}
{"level":30,"time":1774821871562,"pid":9344,"hostname":"DESKTOP-MMVI6TQ","reqId":"req-2","req":{"method":"POST","url":"/api/v1/auth/login","hostname":"localhost:80","remoteAddress":"127.0.0.1"},"msg":"incoming request"}
[90mstdout[2m | modules/bank-feed-sync/tests/bank-feed-sync.endpoints.test.ts[2m > [22m[2mBank Feed Sync Module - Endpoint Tests[22m[39m
[Notification] UserCreated event for bank-sync-test-1774821869219@example.com - skipping in-app notification (no workspace context)
[AuditEventListener] Skipping system-level event without workspaceId: UserCreated
Setup - Register: [33m201[39m

{"level":30,"time":1774821869756,"pid":9344,"hostname":"DESKTOP-MMVI6TQ","msg":"Registering modules..."}
{"level":30,"time":1774821869801,"pid":9344,"hostname":"DESKTOP-MMVI6TQ","msg":"Ô£ô Identity-Workspace module registered"}
{"level":30,"time":1774821869843,"pid":9344,"hostname":"DESKTOP-MMVI6TQ","msg":"Ô£ô Expense-Ledger module registered"}
{"level":30,"time":1774821869855,"pid":9344,"hostname":"DESKTOP-MMVI6TQ","msg":"Ô£ô Budget Management module registered"}
{"level":30,"time":1774821869871,"pid":9344,"hostname":"DESKTOP-MMVI6TQ","msg":"Ô£ô Receipt Vault module registered"}
{"level":30,"time":1774821869900,"pid":9344,"hostname":"DESKTOP-MMVI6TQ","msg":"Ô£ô Notification Dispatch module registered"}
{"level":30,"time":1774821869939,"pid":9344,"hostname":"DESKTOP-MMVI6TQ","msg":"Ô£ô Cost Allocation module registered"}
{"level":30,"time":1774821869963,"pid":9344,"hostname":"DESKTOP-MMVI6TQ","msg":"Ô£ô Categorization Rules module registered"}
{"level":30,"time":1774821870000,"pid":9344,"hostname":"DESKTOP-MMVI6TQ","msg":"Ô£ô Budget Planning module registered"}
{"level":30,"time":1774821870008,"pid":9344,"hostname":"DESKTOP-MMVI6TQ","msg":"Ô£ô Audit Compliance module registered"}
{"level":30,"time":1774821870119,"pid":9344,"hostname":"DESKTOP-MMVI6TQ","msg":"Ô£ô Bank Feed Sync module registered"}
{"level":30,"time":1774821870136,"pid":9344,"hostname":"DESKTOP-MMVI6TQ","msg":"Ô£ô Event Outbox module registered"}
{"level":30,"time":1774821870136,"pid":9344,"hostname":"DESKTOP-MMVI6TQ","msg":"All modules registered successfully"}
{"level":30,"time":1774821871585,"pid":9344,"hostname":"DESKTOP-MMVI6TQ","reqId":"req-1","req":{"method":"POST","url":"/api/v1/auth/register","hostname":"localhost:80","remoteAddress":"127.0.0.1"},"msg":"incoming request"}
[90mstdout[2m | modules/identity-workspace/tests/identity-workspace.endpoints.test.ts[2m > [22m[2mIdentity Workspace Module - Endpoint Tests[22m[39m
[Container] Notification Event Handlers registered

{"level":30,"time":1774821870339,"pid":9344,"hostname":"DESKTOP-MMVI6TQ","msg":"Registering modules..."}
{"level":30,"time":1774821870378,"pid":9344,"hostname":"DESKTOP-MMVI6TQ","msg":"Ô£ô Identity-Workspace module registered"}
{"level":30,"time":1774821870423,"pid":9344,"hostname":"DESKTOP-MMVI6TQ","msg":"Ô£ô Expense-Ledger module registered"}
{"level":30,"time":1774821870442,"pid":9344,"hostname":"DESKTOP-MMVI6TQ","msg":"Ô£ô Budget Management module registered"}
{"level":30,"time":1774821870464,"pid":9344,"hostname":"DESKTOP-MMVI6TQ","msg":"Ô£ô Receipt Vault module registered"}
{"level":30,"time":1774821870493,"pid":9344,"hostname":"DESKTOP-MMVI6TQ","msg":"Ô£ô Notification Dispatch module registered"}
{"level":30,"time":1774821870510,"pid":9344,"hostname":"DESKTOP-MMVI6TQ","msg":"Ô£ô Cost Allocation module registered"}
{"level":30,"time":1774821870529,"pid":9344,"hostname":"DESKTOP-MMVI6TQ","msg":"Ô£ô Categorization Rules module registered"}
{"level":30,"time":1774821870548,"pid":9344,"hostname":"DESKTOP-MMVI6TQ","msg":"Ô£ô Budget Planning module registered"}
{"level":30,"time":1774821870555,"pid":9344,"hostname":"DESKTOP-MMVI6TQ","msg":"Ô£ô Audit Compliance module registered"}
{"level":30,"time":1774821870592,"pid":9344,"hostname":"DESKTOP-MMVI6TQ","msg":"Ô£ô Bank Feed Sync module registered"}
{"level":30,"time":1774821870609,"pid":9344,"hostname":"DESKTOP-MMVI6TQ","msg":"Ô£ô Event Outbox module registered"}
{"level":30,"time":1774821870609,"pid":9344,"hostname":"DESKTOP-MMVI6TQ","msg":"All modules registered successfully"}
{"level":30,"time":1774821871648,"pid":9344,"hostname":"DESKTOP-MMVI6TQ","reqId":"req-1","req":{"method":"POST","url":"/api/v1/auth/register","hostname":"localhost:80","remoteAddress":"127.0.0.1"},"msg":"incoming request"}
[90mstdout[2m | modules/event-outbox/tests/event-outbox.endpoints.test.ts[2m > [22m[2mEvent Outbox Module - Endpoint Tests[22m[39m
[Container] Notification Event Handlers registered

{"level":30,"time":1774821871753,"pid":9344,"hostname":"DESKTOP-MMVI6TQ","reqId":"req-2","res":{"statusCode":200},"responseTime":190.79839992523193,"msg":"request completed"}
{"level":30,"time":1774821871753,"pid":9344,"hostname":"DESKTOP-MMVI6TQ","reqId":"req-3","req":{"method":"POST","url":"/api/v1/workspaces","hostname":"localhost:80","remoteAddress":"127.0.0.1"},"msg":"incoming request"}
{"level":30,"time":1774821871770,"pid":9344,"hostname":"DESKTOP-MMVI6TQ","msg":"Security plugins registered (CORS, Helmet, Rate Limit)"}
[90mstdout[2m | modules/bank-feed-sync/tests/bank-feed-sync.endpoints.test.ts[2m > [22m[2mBank Feed Sync Module - Endpoint Tests[22m[39m
[EventBus] No handlers for event type: audit.log_created

{"level":30,"time":1774821871799,"pid":9344,"hostname":"DESKTOP-MMVI6TQ","reqId":"req-3","res":{"statusCode":201},"responseTime":45.39620006084442,"msg":"request completed"}
{"level":30,"time":1774821871802,"pid":9344,"hostname":"DESKTOP-MMVI6TQ","reqId":"req-4","req":{"method":"POST","url":"/api/v1/workspaces/e3965c5c-afc4-405b-9fa0-a2ccbaf2b32e/bank-feed-sync/connections","hostname":"localhost:80","remoteAddress":"127.0.0.1"},"msg":"incoming request"}
[90mstdout[2m | modules/bank-feed-sync/tests/bank-feed-sync.endpoints.test.ts[2m > [22m[2mBank Feed Sync Module - Endpoint Tests[22m[39m
[EventBus] No handlers for event type: audit.log_created
Setup - Create Workspace: [33m201[39m

(node:9344) [FSTDEP017] DeprecationWarning: You 
are accessing the deprecated "request.routerPath" 
property. Use "request.routeOptions.url" instead. 
Property "req.routerPath" will be removed in 
`fastify@5`.
(Use `node --trace-deprecation ...` to show where 
the warning was created)
 [32mÔ£ô[39m modules/identity-workspace/tests/workspace-invitation.service.unit.test.ts [2m ([22m[2m7 tests[22m[2m)[22m[90m 29[2mms[22m[39m
{"level":30,"time":1774821871852,"pid":9344,"hostname":"DESKTOP-MMVI6TQ","reqId":"req-4","res":{"statusCode":201},"responseTime":49.40399992465973,"msg":"request completed"}
{"level":30,"time":1774821871857,"pid":9344,"hostname":"DESKTOP-MMVI6TQ","reqId":"req-5","req":{"method":"POST","url":"/api/v1/workspaces/e3965c5c-afc4-405b-9fa0-a2ccbaf2b32e/bank-feed-sync/connections","hostname":"localhost:80","remoteAddress":"127.0.0.1"},"msg":"incoming request"}
{"level":50,"time":1774821871864,"pid":9344,"hostname":"DESKTOP-MMVI6TQ","reqId":"req-5","err":{"type":"Error","message":"body must have required property 'institutionName'","stack":"Error: body must have required property 'institutionName'\n    at Object.schemaErrorFormatter (C:\\Users\\ASUS\\Desktop\\Modett\\Expense Tracker Application\\Expense Tracker\\apps\\api\\src\\server.ts:35:14)\n    at wrapValidationError (C:\\Users\\ASUS\\Desktop\\Modett\\Expense Tracker Application\\Expense Tracker\\node_modules\\.pnpm\\fastify@4.29.1\\node_modules\\fastify\\lib\\validation.js:249:17)\n    at validate (C:\\Users\\ASUS\\Desktop\\Modett\\Expense Tracker Application\\Expense Tracker\\node_modules\\.pnpm\\fastify@4.29.1\\node_modules\\fastify\\lib\\validation.js:167:16)\n    at preValidationCallback (C:\\Users\\ASUS\\Desktop\\Modett\\Expense Tracker Application\\Expense Tracker\\node_modules\\.pnpm\\fastify@4.29.1\\node_modules\\fastify\\lib\\handleRequest.js:93:25)\n    at next (C:\\Users\\ASUS\\Desktop\\Modett\\Expense Tracker Application\\Expense Tracker\\node_modules\\.pnpm\\fastify@4.29.1\\node_modules\\fastify\\lib\\hooks.js:233:9)\n    at handleResolve (C:\\Users\\ASUS\\Desktop\\Modett\\Expense Tracker Application\\Expense Tracker\\node_modules\\.pnpm\\fastify@4.29.1\\node_modules\\fastify\\lib\\hooks.js:250:7)\n    at processTicksAndRejections (node:internal/process/task_queues:105:5)","statusCode":400,"code":"FST_ERR_VALIDATION","validation":[{"instancePath":"","schemaPath":"#/required","keyword":"required","params":{"missingProperty":"institutionName"},"message":"must have required property 'institutionName'"}],"validationContext":"body"},"url":"/api/v1/workspaces/e3965c5c-afc4-405b-9fa0-a2ccbaf2b32e/bank-feed-sync/connections","method":"POST","msg":"body must have required property 'institutionName'"}
{"level":30,"time":1774821871873,"pid":9344,"hostname":"DESKTOP-MMVI6TQ","reqId":"req-5","res":{"statusCode":400},"responseTime":15.940000057220459,"msg":"request completed"}
{"level":30,"time":1774821871874,"pid":9344,"hostname":"DESKTOP-MMVI6TQ","reqId":"req-6","req":{"method":"POST","url":"/api/v1/workspaces/e3965c5c-afc4-405b-9fa0-a2ccbaf2b32e/bank-feed-sync/connections","hostname":"localhost:80","remoteAddress":"127.0.0.1"},"msg":"incoming request"}
{"level":50,"time":1774821871875,"pid":9344,"hostname":"DESKTOP-MMVI6TQ","reqId":"req-6","err":{"type":"Error","message":"Missing or invalid authorization header","stack":"Error: Missing or invalid authorization header\n    at Object.authenticate (C:\\Users\\ASUS\\Desktop\\Modett\\Expense Tracker Application\\Expense Tracker\\apps\\api\\src\\plugins\\auth.ts:70:19)\n    at Object.<anonymous> (C:\\Users\\ASUS\\Desktop\\Modett\\Expense Tracker Application\\Expense Tracker\\modules\\bank-feed-sync\\infrastructure\\http\\routes\\index.ts:25:23)\n    at hookIterator (C:\\Users\\ASUS\\Desktop\\Modett\\Expense Tracker Application\\Expense Tracker\\node_modules\\.pnpm\\fastify@4.29.1\\node_modules\\fastify\\lib\\hooks.js:405:10)\n    at next (C:\\Users\\ASUS\\Desktop\\Modett\\Expense Tracker Application\\Expense Tracker\\node_modules\\.pnpm\\fastify@4.29.1\\node_modules\\fastify\\lib\\hooks.js:239:18)\n    at handleResolve (C:\\Users\\ASUS\\Desktop\\Modett\\Expense Tracker Application\\Expense Tracker\\node_modules\\.pnpm\\fastify@4.29.1\\node_modules\\fastify\\lib\\hooks.js:250:7)\n    at processTicksAndRejections (node:internal/process/task_queues:105:5)","statusCode":401},"url":"/api/v1/workspaces/e3965c5c-afc4-405b-9fa0-a2ccbaf2b32e/bank-feed-sync/connections","method":"POST","msg":"Missing or invalid authorization header"}
{"level":30,"time":1774821871878,"pid":9344,"hostname":"DESKTOP-MMVI6TQ","reqId":"req-6","res":{"statusCode":401},"responseTime":3.359100103378296,"msg":"request completed"}
{"level":30,"time":1774821871879,"pid":9344,"hostname":"DESKTOP-MMVI6TQ","reqId":"req-7","req":{"method":"GET","url":"/api/v1/workspaces/e3965c5c-afc4-405b-9fa0-a2ccbaf2b32e/bank-feed-sync/connections","hostname":"localhost:80","remoteAddress":"127.0.0.1"},"msg":"incoming request"}
[90mstdout[2m | modules/bank-feed-sync/tests/bank-feed-sync.endpoints.test.ts[2m > [22m[2mBank Feed Sync Module - Endpoint Tests[2m > [22m[2mBank Connection Endpoints[2m > [22m[2mPOST /api/v1/bank-feed/[2m > [22m[2mÔ£à should create a bank connection[22m[39m
[EventBus] No handlers for event type: BankConnectionCreated
[EventBus] No handlers for event type: BankConnectionActivated
Create Bank Connection: [33m201[39m Bank connection created successfully

{"level":30,"time":1774821871771,"pid":9344,"hostname":"DESKTOP-MMVI6TQ","msg":"Database client registered"}
{"level":30,"time":1774821871772,"pid":9344,"hostname":"DESKTOP-MMVI6TQ","msg":"Authentication plugin registered"}
{"level":30,"time":1774821871773,"pid":9344,"hostname":"DESKTOP-MMVI6TQ","msg":"Error handler plugin registered"}
{"level":30,"time":1774821871957,"pid":9344,"hostname":"DESKTOP-MMVI6TQ","msg":"Security plugins registered (CORS, Helmet, Rate Limit)"}
{"level":30,"time":1774821871963,"pid":9344,"hostname":"DESKTOP-MMVI6TQ","reqId":"req-1","res":{"statusCode":201},"responseTime":376.28719997406006,"msg":"request completed"}
{"level":30,"time":1774821871965,"pid":9344,"hostname":"DESKTOP-MMVI6TQ","reqId":"req-7","res":{"statusCode":200},"responseTime":85.2496999502182,"msg":"request completed"}
{"level":30,"time":1774821871967,"pid":9344,"hostname":"DESKTOP-MMVI6TQ","reqId":"req-8","req":{"method":"GET","url":"/api/v1/workspaces/e3965c5c-afc4-405b-9fa0-a2ccbaf2b32e/bank-feed-sync/connections/b27b1fda-f760-44cb-baed-c4e1f98e036a","hostname":"localhost:80","remoteAddress":"127.0.0.1"},"msg":"incoming request"}
[90mstdout[2m | modules/bank-feed-sync/tests/bank-feed-sync.endpoints.test.ts[2m > [22m[2mBank Feed Sync Module - Endpoint Tests[2m > [22m[2mBank Connection Endpoints[2m > [22m[2mGET /api/v1/bank-feed/[2m > [22m[2mÔ£à should get all bank connections[22m[39m
Get All Connections: [33m200[39m

{"level":30,"time":1774821871968,"pid":9344,"hostname":"DESKTOP-MMVI6TQ","reqId":"req-2","req":{"method":"POST","url":"/api/v1/auth/register","hostname":"localhost:80","remoteAddress":"127.0.0.1"},"msg":"incoming request"}
[90mstdout[2m | modules/identity-workspace/tests/identity-workspace.endpoints.test.ts[2m > [22m[2mIdentity Workspace Module - Endpoint Tests[2m > [22m[2mAuthentication Endpoints[2m > [22m[2mPOST /auth/register[2m > [22m[2mÔ£à should register a new user successfully[22m[39m
[Notification] UserCreated event for test-endpoints-1774821869342-843005@example.com - skipping in-app notification (no workspace context)
[AuditEventListener] Skipping system-level event without workspaceId: UserCreated
Register Response: [33m201[39m User registered successfully

{"level":30,"time":1774821871986,"pid":9344,"hostname":"DESKTOP-MMVI6TQ","reqId":"req-8","res":{"statusCode":200},"responseTime":19.133899927139282,"msg":"request completed"}
{"level":30,"time":1774821871989,"pid":9344,"hostname":"DESKTOP-MMVI6TQ","reqId":"req-9","req":{"method":"GET","url":"/api/v1/workspaces/e3965c5c-afc4-405b-9fa0-a2ccbaf2b32e/bank-feed-sync/connections/735ed559-8347-450a-8632-8b4ff80f62a8","hostname":"localhost:80","remoteAddress":"127.0.0.1"},"msg":"incoming request"}
[90mstdout[2m | modules/bank-feed-sync/tests/bank-feed-sync.endpoints.test.ts[2m > [22m[2mBank Feed Sync Module - Endpoint Tests[2m > [22m[2mBank Connection Endpoints[2m > [22m[2mGET /api/v1/bank-feed/:connectionId[2m > [22m[2mÔ£à should get a specific bank connection[22m[39m
Get Connection: [33m200[39m

{"level":30,"time":1774821872007,"pid":9344,"hostname":"DESKTOP-MMVI6TQ","reqId":"req-1","res":{"statusCode":201},"responseTime":358.3546999692917,"msg":"request completed"}
{"level":30,"time":1774821872011,"pid":9344,"hostname":"DESKTOP-MMVI6TQ","reqId":"req-9","res":{"statusCode":404},"responseTime":21.538399934768677,"msg":"request completed"}
{"level":30,"time":1774821872008,"pid":9344,"hostname":"DESKTOP-MMVI6TQ","reqId":"req-2","req":{"method":"POST","url":"/api/v1/auth/login","hostname":"localhost:80","remoteAddress":"127.0.0.1"},"msg":"incoming request"}
[90mstdout[2m | modules/event-outbox/tests/event-outbox.endpoints.test.ts[2m > [22m[2mEvent Outbox Module - Endpoint Tests[22m[39m
[Notification] UserCreated event for event-outbox-test-1774821869879@example.com - skipping in-app notification (no workspace context)
[AuditEventListener] Skipping system-level event without workspaceId: UserCreated
Setup - Register: [33m201[39m

{"level":30,"time":1774821872015,"pid":9344,"hostname":"DESKTOP-MMVI6TQ","reqId":"req-a","req":{"method":"PUT","url":"/api/v1/workspaces/e3965c5c-afc4-405b-9fa0-a2ccbaf2b32e/bank-feed-sync/connections/b27b1fda-f760-44cb-baed-c4e1f98e036a/token","hostname":"localhost:80","remoteAddress":"127.0.0.1"},"msg":"incoming request"}
{"level":30,"time":1774821872033,"pid":9344,"hostname":"DESKTOP-MMVI6TQ","reqId":"req-a","res":{"statusCode":200},"responseTime":18.268200039863586,"msg":"request completed"}
{"level":30,"time":1774821872035,"pid":9344,"hostname":"DESKTOP-MMVI6TQ","reqId":"req-b","req":{"method":"PUT","url":"/api/v1/workspaces/e3965c5c-afc4-405b-9fa0-a2ccbaf2b32e/bank-feed-sync/connections/invalid-id/token","hostname":"localhost:80","remoteAddress":"127.0.0.1"},"msg":"incoming request"}
{"level":30,"time":1774821872040,"pid":9344,"hostname":"DESKTOP-MMVI6TQ","reqId":"req-b","res":{"statusCode":400},"responseTime":4.6930999755859375,"msg":"request completed"}
{"level":30,"time":1774821872041,"pid":9344,"hostname":"DESKTOP-MMVI6TQ","reqId":"req-c","req":{"method":"PUT","url":"/api/v1/workspaces/e3965c5c-afc4-405b-9fa0-a2ccbaf2b32e/bank-feed-sync/connections/b27b1fda-f760-44cb-baed-c4e1f98e036a/disconnect","hostname":"localhost:80","remoteAddress":"127.0.0.1"},"msg":"incoming request"}
[90mstdout[2m | modules/bank-feed-sync/tests/bank-feed-sync.endpoints.test.ts[2m > [22m[2mBank Feed Sync Module - Endpoint Tests[2m > [22m[2mBank Connection Endpoints[2m > [22m[2mPUT /api/v1/bank-feed/:connectionId/token[2m > [22m[2mÔ£à should update connection access token[22m[39m
[EventBus] No handlers for event type: BankConnectionTokenUpdated
Update Token: [33m200[39m {
  success: [33mtrue[39m,
  statusCode: [33m200[39m,
  message: [32m'Connection token updated successfully'[39m,
  data: {
    id: [32m'b27b1fda-f760-44cb-baed-c4e1f98e036a'[39m,
    workspaceId: [32m'e3965c5c-afc4-405b-9fa0-a2ccbaf2b32e'[39m,
    userId: [32m'25ddeac2-69a0-4b39-9a3e-b1a782020692'[39m,
    institutionId: [32m'test_bank_001'[39m,
    institutionName: [32m'Test Bank'[39m,
    accountId: [32m'acc_12345'[39m,
    accountName: [32m'Test Checking Account'[39m,
    accountType: [32m'CHECKING'[39m,
    accountMask: [32m'****1234'[39m,
    currency: [32m'USD'[39m,
    status: [32m'CONNECTED'[39m,
    tokenExpiresAt: [32m'2026-06-27T22:04:32.013Z'[39m,
    createdAt: [32m'2026-03-29T22:04:31.828Z'[39m,
    updatedAt: [32m'2026-03-29T22:04:32.025Z'[39m
  }
}

{"level":30,"time":1774821872052,"pid":9344,"hostname":"DESKTOP-MMVI6TQ","reqId":"req-c","res":{"statusCode":200},"responseTime":10.962900042533875,"msg":"request completed"}
{"level":30,"time":1774821872054,"pid":9344,"hostname":"DESKTOP-MMVI6TQ","reqId":"req-d","req":{"method":"DELETE","url":"/api/v1/workspaces/e3965c5c-afc4-405b-9fa0-a2ccbaf2b32e/bank-feed-sync/connections/b27b1fda-f760-44cb-baed-c4e1f98e036a","hostname":"localhost:80","remoteAddress":"127.0.0.1"},"msg":"incoming request"}
[90mstdout[2m | modules/bank-feed-sync/tests/bank-feed-sync.endpoints.test.ts[2m > [22m[2mBank Feed Sync Module - Endpoint Tests[2m > [22m[2mBank Connection Endpoints[2m > [22m[2mPUT /api/v1/bank-feed/:connectionId/disconnect[2m > [22m[2mÔ£à should disconnect a bank connection[22m[39m
[EventBus] No handlers for event type: BankConnectionDisconnected
Disconnect Connection: [33m200[39m

{"level":30,"time":1774821872075,"pid":9344,"hostname":"DESKTOP-MMVI6TQ","reqId":"req-d","res":{"statusCode":204},"responseTime":20.95579993724823,"msg":"request completed"}
{"level":30,"time":1774821872076,"pid":9344,"hostname":"DESKTOP-MMVI6TQ","reqId":"req-e","req":{"method":"DELETE","url":"/api/v1/workspaces/e3965c5c-afc4-405b-9fa0-a2ccbaf2b32e/bank-feed-sync/connections/3d346af2-6b39-4de3-b07a-29273d87d4b1","hostname":"localhost:80","remoteAddress":"127.0.0.1"},"msg":"incoming request"}
[90mstdout[2m | modules/bank-feed-sync/tests/bank-feed-sync.endpoints.test.ts[2m > [22m[2mBank Feed Sync Module - Endpoint Tests[2m > [22m[2mBank Connection Endpoints[2m > [22m[2mDELETE /api/v1/bank-feed/:connectionId[2m > [22m[2mÔ£à should delete a bank connection[22m[39m
Delete Connection: [33m204[39m

{"level":30,"time":1774821872088,"pid":9344,"hostname":"DESKTOP-MMVI6TQ","reqId":"req-e","res":{"statusCode":404},"responseTime":11.404899954795837,"msg":"request completed"}
{"level":30,"time":1774821872089,"pid":9344,"hostname":"DESKTOP-MMVI6TQ","reqId":"req-f","req":{"method":"POST","url":"/api/v1/workspaces/e3965c5c-afc4-405b-9fa0-a2ccbaf2b32e/bank-feed-sync/connections","hostname":"localhost:80","remoteAddress":"127.0.0.1"},"msg":"incoming request"}
{"level":30,"time":1774821872105,"pid":9344,"hostname":"DESKTOP-MMVI6TQ","reqId":"req-f","res":{"statusCode":201},"responseTime":16.171500086784363,"msg":"request completed"}
{"level":30,"time":1774821872106,"pid":9344,"hostname":"DESKTOP-MMVI6TQ","reqId":"req-g","req":{"method":"POST","url":"/api/v1/workspaces/e3965c5c-afc4-405b-9fa0-a2ccbaf2b32e/bank-feed-sync/connections/379c7729-7562-4618-a5e2-aa3e7e30c57a/sync","hostname":"localhost:80","remoteAddress":"127.0.0.1"},"msg":"incoming request"}
[90mstdout[2m | modules/bank-feed-sync/tests/bank-feed-sync.endpoints.test.ts[2m > [22m[2mBank Feed Sync Module - Endpoint Tests[2m > [22m[2mTransaction Sync Endpoints[22m[39m
[EventBus] No handlers for event type: BankConnectionCreated
[EventBus] No handlers for event type: BankConnectionActivated

{"level":30,"time":1774821872122,"pid":9344,"hostname":"DESKTOP-MMVI6TQ","msg":"Ô£ô DI Container initialized"}
{"level":30,"time":1774821871958,"pid":9344,"hostname":"DESKTOP-MMVI6TQ","msg":"Database client registered"}
{"level":30,"time":1774821871959,"pid":9344,"hostname":"DESKTOP-MMVI6TQ","msg":"Authentication plugin registered"}
{"level":30,"time":1774821871960,"pid":9344,"hostname":"DESKTOP-MMVI6TQ","msg":"Error handler plugin registered"}
{"level":30,"time":1774821872149,"pid":9344,"hostname":"DESKTOP-MMVI6TQ","reqId":"req-2","res":{"statusCode":409},"responseTime":180.70130002498627,"msg":"request completed"}
[90mstdout[2m | modules/bank-feed-sync/tests/bank-feed-sync.endpoints.test.ts[2m > [22m[2mBank Feed Sync Module - Endpoint Tests[2m > [22m[2mTransaction Sync Endpoints[2m > [22m[2mPOST /api/v1/bank-feed/:connectionId/sync[2m > [22m[2mÔ£à should trigger transaction sync for a connection[22m[39m
[EventBus] No handlers for event type: SyncSessionStarted

[90mstdout[2m | modules/bank-feed-sync/tests/bank-feed-sync.endpoints.test.ts[2m > [22m[2mBank Feed Sync Module - Endpoint Tests[2m > [22m[2mTransaction Sync Endpoints[2m > [22m[2mPOST /api/v1/bank-feed/:connectionId/sync[2m > [22m[2mÔ£à should trigger transaction sync for a connection[22m[39m
[EventBus] No handlers for event type: SyncSessionCompleted

{"level":30,"time":1774821872157,"pid":9344,"hostname":"DESKTOP-MMVI6TQ","reqId":"req-g","res":{"statusCode":202},"responseTime":50.8092999458313,"msg":"request completed"}
{"level":30,"time":1774821872158,"pid":9344,"hostname":"DESKTOP-MMVI6TQ","reqId":"req-h","req":{"method":"POST","url":"/api/v1/workspaces/e3965c5c-afc4-405b-9fa0-a2ccbaf2b32e/bank-feed-sync/connections/3a7ad403-6a3a-41d0-9c7e-f25696afa8d6/sync","hostname":"localhost:80","remoteAddress":"127.0.0.1"},"msg":"incoming request"}
[90mstdout[2m | modules/bank-feed-sync/tests/bank-feed-sync.endpoints.test.ts[2m > [22m[2mBank Feed Sync Module - Endpoint Tests[2m > [22m[2mTransaction Sync Endpoints[2m > [22m[2mPOST /api/v1/bank-feed/:connectionId/sync[2m > [22m[2mÔ£à should trigger transaction sync for a connection[22m[39m
[EventBus] No handlers for event type: BankConnectionSynced
Trigger Sync: [33m202[39m

{"level":30,"time":1774821872165,"pid":9344,"hostname":"DESKTOP-MMVI6TQ","reqId":"req-h","res":{"statusCode":404},"responseTime":6.897199988365173,"msg":"request completed"}
{"level":30,"time":1774821872151,"pid":9344,"hostname":"DESKTOP-MMVI6TQ","reqId":"req-3","req":{"method":"POST","url":"/api/v1/auth/register","hostname":"localhost:80","remoteAddress":"127.0.0.1"},"msg":"incoming request"}
{"level":50,"time":1774821872155,"pid":9344,"hostname":"DESKTOP-MMVI6TQ","reqId":"req-3","err":{"type":"Error","message":"body/email must match format \"email\"","stack":"Error: body/email must match format \"email\"\n    at Object.schemaErrorFormatter (C:\\Users\\ASUS\\Desktop\\Modett\\Expense Tracker Application\\Expense Tracker\\apps\\api\\src\\server.ts:35:14)\n    at wrapValidationError (C:\\Users\\ASUS\\Desktop\\Modett\\Expense Tracker Application\\Expense Tracker\\node_modules\\.pnpm\\fastify@4.29.1\\node_modules\\fastify\\lib\\validation.js:249:17)\n    at validate (C:\\Users\\ASUS\\Desktop\\Modett\\Expense Tracker Application\\Expense Tracker\\node_modules\\.pnpm\\fastify@4.29.1\\node_modules\\fastify\\lib\\validation.js:167:16)\n    at preValidationCallback (C:\\Users\\ASUS\\Desktop\\Modett\\Expense Tracker Application\\Expense Tracker\\node_modules\\.pnpm\\fastify@4.29.1\\node_modules\\fastify\\lib\\handleRequest.js:93:25)\n    at handler (C:\\Users\\ASUS\\Desktop\\Modett\\Expense Tracker Application\\Expense Tracker\\node_modules\\.pnpm\\fastify@4.29.1\\node_modules\\fastify\\lib\\handleRequest.js:77:7)\n    at C:\\Users\\ASUS\\Desktop\\Modett\\Expense Tracker Application\\Expense Tracker\\node_modules\\.pnpm\\fastify@4.29.1\\node_modules\\fastify\\lib\\contentTypeParser.js:199:9\n    at AsyncResource.runInAsyncScope (node:async_hooks:214:14)\n    at done (C:\\Users\\ASUS\\Desktop\\Modett\\Expense Tracker Application\\Expense Tracker\\node_modules\\.pnpm\\fastify@4.29.1\\node_modules\\fastify\\lib\\contentTypeParser.js:192:14)\n    at Parser.defaultJsonParser [as fn] (C:\\Users\\ASUS\\Desktop\\Modett\\Expense Tracker Application\\Expense Tracker\\node_modules\\.pnpm\\fastify@4.29.1\\node_modules\\fastify\\lib\\contentTypeParser.js:304:5)\n    at Request.onEnd (C:\\Users\\ASUS\\Desktop\\Modett\\Expense Tracker Application\\Expense Tracker\\node_modules\\.pnpm\\fastify@4.29.1\\node_modules\\fastify\\lib\\contentTypeParser.js:283:27)","statusCode":400,"code":"FST_ERR_VALIDATION","validation":[{"instancePath":"/email","schemaPath":"#/properties/email/format","keyword":"format","params":{"format":"email"},"message":"must match format \"email\""}],"validationContext":"body"},"url":"/api/v1/auth/register","method":"POST","msg":"body/email must match format \"email\""}
{"level":30,"time":1774821872166,"pid":9344,"hostname":"DESKTOP-MMVI6TQ","reqId":"req-3","res":{"statusCode":400},"responseTime":14.788300037384033,"msg":"request completed"}
{"level":30,"time":1774821872168,"pid":9344,"hostname":"DESKTOP-MMVI6TQ","reqId":"req-4","req":{"method":"POST","url":"/api/v1/auth/register","hostname":"localhost:80","remoteAddress":"127.0.0.1"},"msg":"incoming request"}
{"level":30,"time":1774821872167,"pid":9344,"hostname":"DESKTOP-MMVI6TQ","reqId":"req-i","req":{"method":"GET","url":"/api/v1/workspaces/e3965c5c-afc4-405b-9fa0-a2ccbaf2b32e/bank-feed-sync/connections/379c7729-7562-4618-a5e2-aa3e7e30c57a/sync/history?limit=10","hostname":"localhost:80","remoteAddress":"127.0.0.1"},"msg":"incoming request"}
[90mstdout[2m | modules/identity-workspace/tests/identity-workspace.endpoints.test.ts[2m > [22m[2mIdentity Workspace Module - Endpoint Tests[2m > [22m[2mAuthentication Endpoints[2m > [22m[2mPOST /auth/register[2m > [22m[2mÔØî should fail with duplicate email[22m[39m
Duplicate Register: [33m409[39m

[90mstdout[2m | modules/identity-workspace/tests/identity-workspace.endpoints.test.ts[2m > [22m[2mIdentity Workspace Module - Endpoint Tests[2m > [22m[2mAuthentication Endpoints[2m > [22m[2mPOST /auth/register[2m > [22m[2mÔØî should fail with invalid email format[22m[39m
Invalid Email: [33m400[39m

{"level":50,"time":1774821872171,"pid":9344,"hostname":"DESKTOP-MMVI6TQ","reqId":"req-4","err":{"type":"Error","message":"body/password must NOT have fewer than 8 characters","stack":"Error: body/password must NOT have fewer than 8 characters\n    at Object.schemaErrorFormatter (C:\\Users\\ASUS\\Desktop\\Modett\\Expense Tracker Application\\Expense Tracker\\apps\\api\\src\\server.ts:35:14)\n    at wrapValidationError (C:\\Users\\ASUS\\Desktop\\Modett\\Expense Tracker Application\\Expense Tracker\\node_modules\\.pnpm\\fastify@4.29.1\\node_modules\\fastify\\lib\\validation.js:249:17)\n    at validate (C:\\Users\\ASUS\\Desktop\\Modett\\Expense Tracker Application\\Expense Tracker\\node_modules\\.pnpm\\fastify@4.29.1\\node_modules\\fastify\\lib\\validation.js:167:16)\n    at preValidationCallback (C:\\Users\\ASUS\\Desktop\\Modett\\Expense Tracker Application\\Expense Tracker\\node_modules\\.pnpm\\fastify@4.29.1\\node_modules\\fastify\\lib\\handleRequest.js:93:25)\n    at handler (C:\\Users\\ASUS\\Desktop\\Modett\\Expense Tracker Application\\Expense Tracker\\node_modules\\.pnpm\\fastify@4.29.1\\node_modules\\fastify\\lib\\handleRequest.js:77:7)\n    at C:\\Users\\ASUS\\Desktop\\Modett\\Expense Tracker Application\\Expense Tracker\\node_modules\\.pnpm\\fastify@4.29.1\\node_modules\\fastify\\lib\\contentTypeParser.js:199:9\n    at AsyncResource.runInAsyncScope (node:async_hooks:214:14)\n    at done (C:\\Users\\ASUS\\Desktop\\Modett\\Expense Tracker Application\\Expense Tracker\\node_modules\\.pnpm\\fastify@4.29.1\\node_modules\\fastify\\lib\\contentTypeParser.js:192:14)\n    at Parser.defaultJsonParser [as fn] (C:\\Users\\ASUS\\Desktop\\Modett\\Expense Tracker Application\\Expense Tracker\\node_modules\\.pnpm\\fastify@4.29.1\\node_modules\\fastify\\lib\\contentTypeParser.js:304:5)\n    at Request.onEnd (C:\\Users\\ASUS\\Desktop\\Modett\\Expense Tracker Application\\Expense Tracker\\node_modules\\.pnpm\\fastify@4.29.1\\node_modules\\fastify\\lib\\contentTypeParser.js:283:27)","statusCode":400,"code":"FST_ERR_VALIDATION","validation":[{"instancePath":"/password","schemaPath":"#/properties/password/minLength","keyword":"minLength","params":{"limit":8},"message":"must NOT have fewer than 8 characters"}],"validationContext":"body"},"url":"/api/v1/auth/register","method":"POST","msg":"body/password must NOT have fewer than 8 characters"}
{"level":30,"time":1774821872172,"pid":9344,"hostname":"DESKTOP-MMVI6TQ","reqId":"req-4","res":{"statusCode":400},"responseTime":3.7626999616622925,"msg":"request completed"}
{"level":30,"time":1774821872182,"pid":9344,"hostname":"DESKTOP-MMVI6TQ","reqId":"req-5","req":{"method":"POST","url":"/api/v1/auth/login","hostname":"localhost:80","remoteAddress":"127.0.0.1"},"msg":"incoming request"}
[90mstdout[2m | modules/identity-workspace/tests/identity-workspace.endpoints.test.ts[2m > [22m[2mIdentity Workspace Module - Endpoint Tests[2m > [22m[2mAuthentication Endpoints[2m > [22m[2mPOST /auth/register[2m > [22m[2mÔØî should fail with short password[22m[39m
Short Password: [33m400[39m

{"level":30,"time":1774821872188,"pid":9344,"hostname":"DESKTOP-MMVI6TQ","reqId":"req-i","res":{"statusCode":200},"responseTime":20.340800046920776,"msg":"request completed"}
{"level":30,"time":1774821872189,"pid":9344,"hostname":"DESKTOP-MMVI6TQ","reqId":"req-j","req":{"method":"GET","url":"/api/v1/workspaces/e3965c5c-afc4-405b-9fa0-a2ccbaf2b32e/bank-feed-sync/sync/939e6d3a-5f6f-49b6-a93b-d245b0bb9d72","hostname":"localhost:80","remoteAddress":"127.0.0.1"},"msg":"incoming request"}
{"level":30,"time":1774821872195,"pid":9344,"hostname":"DESKTOP-MMVI6TQ","reqId":"req-2","res":{"statusCode":200},"responseTime":186.2583999633789,"msg":"request completed"}
{"level":30,"time":1774821872198,"pid":9344,"hostname":"DESKTOP-MMVI6TQ","reqId":"req-j","res":{"statusCode":200},"responseTime":8.362599968910217,"msg":"request completed"}
[90mstdout[2m | modules/bank-feed-sync/tests/bank-feed-sync.endpoints.test.ts[2m > [22m[2mBank Feed Sync Module - Endpoint Tests[2m > [22m[2mTransaction Sync Endpoints[2m > [22m[2mGET /api/v1/bank-feed/:connectionId/sync/history[2m > [22m[2mÔ£à should get sync history for a connection[22m[39m
Get Sync History: [33m200[39m

{"level":30,"time":1774821872199,"pid":9344,"hostname":"DESKTOP-MMVI6TQ","reqId":"req-k","req":{"method":"GET","url":"/api/v1/workspaces/e3965c5c-afc4-405b-9fa0-a2ccbaf2b32e/bank-feed-sync/sync/active","hostname":"localhost:80","remoteAddress":"127.0.0.1"},"msg":"incoming request"}
{"level":30,"time":1774821872196,"pid":9344,"hostname":"DESKTOP-MMVI6TQ","reqId":"req-3","req":{"method":"POST","url":"/api/v1/workspaces","hostname":"localhost:80","remoteAddress":"127.0.0.1"},"msg":"incoming request"}
[90mstdout[2m | modules/bank-feed-sync/tests/bank-feed-sync.endpoints.test.ts[2m > [22m[2mBank Feed Sync Module - Endpoint Tests[2m > [22m[2mTransaction Sync Endpoints[2m > [22m[2mGET /api/v1/bank-feed/sync/:sessionId[2m > [22m[2mÔ£à should get a specific sync session[22m[39m
Get Sync Session: [33m200[39m

[90mstdout[2m | modules/event-outbox/tests/event-outbox.endpoints.test.ts[2m > [22m[2mEvent Outbox Module - Endpoint Tests[22m[39m
Setup - Login fallback: [33m200[39m

{"level":30,"time":1774821872208,"pid":9344,"hostname":"DESKTOP-MMVI6TQ","reqId":"req-k","res":{"statusCode":200},"responseTime":9.055000066757202,"msg":"request completed"}
{"level":30,"time":1774821872209,"pid":9344,"hostname":"DESKTOP-MMVI6TQ","reqId":"req-l","req":{"method":"POST","url":"/api/v1/workspaces/e3965c5c-afc4-405b-9fa0-a2ccbaf2b32e/bank-feed-sync/connections","hostname":"localhost:80","remoteAddress":"127.0.0.1"},"msg":"incoming request"}
[90mstdout[2m | modules/bank-feed-sync/tests/bank-feed-sync.endpoints.test.ts[2m > [22m[2mBank Feed Sync Module - Endpoint Tests[2m > [22m[2mTransaction Sync Endpoints[2m > [22m[2mGET /api/v1/bank-feed/sync/active[2m > [22m[2mÔ£à should get all active sync sessions[22m[39m
Get Active Syncs: [33m200[39m

{"level":30,"time":1774821872223,"pid":9344,"hostname":"DESKTOP-MMVI6TQ","reqId":"req-l","res":{"statusCode":201},"responseTime":13.160899996757507,"msg":"request completed"}
[90mstdout[2m | modules/bank-feed-sync/tests/bank-feed-sync.endpoints.test.ts[2m > [22m[2mBank Feed Sync Module - Endpoint Tests[2m > [22m[2mBank Transaction Endpoints[22m[39m
[EventBus] No handlers for event type: BankConnectionCreated
[EventBus] No handlers for event type: BankConnectionActivated

[90mstdout[2m | modules/event-outbox/tests/event-outbox.endpoints.test.ts[2m > [22m[2mEvent Outbox Module - Endpoint Tests[22m[39m
[EventBus] No handlers for event type: audit.log_created

{"level":30,"time":1774821872240,"pid":9344,"hostname":"DESKTOP-MMVI6TQ","reqId":"req-3","res":{"statusCode":201},"responseTime":44.29860007762909,"msg":"request completed"}
{"level":30,"time":1774821872244,"pid":9344,"hostname":"DESKTOP-MMVI6TQ","reqId":"req-4","req":{"method":"POST","url":"/api/v1/workspaces/2a1c92b5-348a-462a-a377-c9e78f153c05/event-outbox/events","hostname":"localhost:80","remoteAddress":"127.0.0.1"},"msg":"incoming request"}
[90mstdout[2m | modules/event-outbox/tests/event-outbox.endpoints.test.ts[2m > [22m[2mEvent Outbox Module - Endpoint Tests[22m[39m
[EventBus] No handlers for event type: audit.log_created
Setup - Create Workspace: [33m201[39m

{"level":30,"time":1774821872283,"pid":9344,"hostname":"DESKTOP-MMVI6TQ","reqId":"req-4","res":{"statusCode":201},"responseTime":38.680999994277954,"msg":"request completed"}
{"level":30,"time":1774821872288,"pid":9344,"hostname":"DESKTOP-MMVI6TQ","reqId":"req-5","req":{"method":"POST","url":"/api/v1/workspaces/2a1c92b5-348a-462a-a377-c9e78f153c05/event-outbox/events","hostname":"localhost:80","remoteAddress":"127.0.0.1"},"msg":"incoming request"}
{"level":50,"time":1774821872290,"pid":9344,"hostname":"DESKTOP-MMVI6TQ","reqId":"req-5","err":{"type":"Error","message":"Missing or invalid authorization header","stack":"Error: Missing or invalid authorization header\n    at Object.authenticate (C:\\Users\\ASUS\\Desktop\\Modett\\Expense Tracker Application\\Expense Tracker\\apps\\api\\src\\plugins\\auth.ts:70:19)\n    at Object.<anonymous> (C:\\Users\\ASUS\\Desktop\\Modett\\Expense Tracker Application\\Expense Tracker\\modules\\event-outbox\\infrastructure\\http\\routes\\index.ts:19:23)\n    at hookIterator (C:\\Users\\ASUS\\Desktop\\Modett\\Expense Tracker Application\\Expense Tracker\\node_modules\\.pnpm\\fastify@4.29.1\\node_modules\\fastify\\lib\\hooks.js:405:10)\n    at next (C:\\Users\\ASUS\\Desktop\\Modett\\Expense Tracker Application\\Expense Tracker\\node_modules\\.pnpm\\fastify@4.29.1\\node_modules\\fastify\\lib\\hooks.js:239:18)\n    at handleResolve (C:\\Users\\ASUS\\Desktop\\Modett\\Expense Tracker Application\\Expense Tracker\\node_modules\\.pnpm\\fastify@4.29.1\\node_modules\\fastify\\lib\\hooks.js:250:7)\n    at processTicksAndRejections (node:internal/process/task_queues:105:5)","statusCode":401},"url":"/api/v1/workspaces/2a1c92b5-348a-462a-a377-c9e78f153c05/event-outbox/events","method":"POST","msg":"Missing or invalid authorization header"}
{"level":30,"time":1774821872298,"pid":9344,"hostname":"DESKTOP-MMVI6TQ","reqId":"req-5","res":{"statusCode":401},"responseTime":10.156800031661987,"msg":"request completed"}
{"level":30,"time":1774821872300,"pid":9344,"hostname":"DESKTOP-MMVI6TQ","reqId":"req-6","req":{"method":"POST","url":"/api/v1/workspaces/2a1c92b5-348a-462a-a377-c9e78f153c05/event-outbox/events","hostname":"localhost:80","remoteAddress":"127.0.0.1"},"msg":"incoming request"}
{"level":50,"time":1774821872303,"pid":9344,"hostname":"DESKTOP-MMVI6TQ","reqId":"req-6","err":{"type":"Error","message":"body/aggregateId must match format \"uuid\"","stack":"Error: body/aggregateId must match format \"uuid\"\n    at Object.schemaErrorFormatter (C:\\Users\\ASUS\\Desktop\\Modett\\Expense Tracker Application\\Expense Tracker\\apps\\api\\src\\server.ts:35:14)\n    at wrapValidationError (C:\\Users\\ASUS\\Desktop\\Modett\\Expense Tracker Application\\Expense Tracker\\node_modules\\.pnpm\\fastify@4.29.1\\node_modules\\fastify\\lib\\validation.js:249:17)\n    at validate (C:\\Users\\ASUS\\Desktop\\Modett\\Expense Tracker Application\\Expense Tracker\\node_modules\\.pnpm\\fastify@4.29.1\\node_modules\\fastify\\lib\\validation.js:167:16)\n    at preValidationCallback (C:\\Users\\ASUS\\Desktop\\Modett\\Expense Tracker Application\\Expense Tracker\\node_modules\\.pnpm\\fastify@4.29.1\\node_modules\\fastify\\lib\\handleRequest.js:93:25)\n    at next (C:\\Users\\ASUS\\Desktop\\Modett\\Expense Tracker Application\\Expense Tracker\\node_modules\\.pnpm\\fastify@4.29.1\\node_modules\\fastify\\lib\\hooks.js:233:9)\n    at handleResolve (C:\\Users\\ASUS\\Desktop\\Modett\\Expense Tracker Application\\Expense Tracker\\node_modules\\.pnpm\\fastify@4.29.1\\node_modules\\fastify\\lib\\hooks.js:250:7)\n    at processTicksAndRejections (node:internal/process/task_queues:105:5)","statusCode":400,"code":"FST_ERR_VALIDATION","validation":[{"instancePath":"/aggregateId","schemaPath":"#/properties/aggregateId/format","keyword":"format","params":{"format":"uuid"},"message":"must match format \"uuid\""}],"validationContext":"body"},"url":"/api/v1/workspaces/2a1c92b5-348a-462a-a377-c9e78f153c05/event-outbox/events","method":"POST","msg":"body/aggregateId must match format \"uuid\""}
{"level":30,"time":1774821872306,"pid":9344,"hostname":"DESKTOP-MMVI6TQ","reqId":"req-6","res":{"statusCode":400},"responseTime":6.311699986457825,"msg":"request completed"}
{"level":30,"time":1774821872308,"pid":9344,"hostname":"DESKTOP-MMVI6TQ","reqId":"req-7","req":{"method":"POST","url":"/api/v1/workspaces/2a1c92b5-348a-462a-a377-c9e78f153c05/event-outbox/events","hostname":"localhost:80","remoteAddress":"127.0.0.1"},"msg":"incoming request"}
[90mstdout[2m | modules/event-outbox/tests/event-outbox.endpoints.test.ts[2m > [22m[2mEvent Outbox Module - Endpoint Tests[2m > [22m[2mOutbox Event Endpoints[2m > [22m[2mPOST /:workspaceId/event-outbox/events[2m > [22m[2mÔ£à should store an outbox event[22m[39m
Store Event: [33m201[39m

{"level":50,"time":1774821872311,"pid":9344,"hostname":"DESKTOP-MMVI6TQ","reqId":"req-7","err":{"type":"Error","message":"body must have required property 'aggregateId'","stack":"Error: body must have required property 'aggregateId'\n    at Object.schemaErrorFormatter (C:\\Users\\ASUS\\Desktop\\Modett\\Expense Tracker Application\\Expense Tracker\\apps\\api\\src\\server.ts:35:14)\n    at wrapValidationError (C:\\Users\\ASUS\\Desktop\\Modett\\Expense Tracker Application\\Expense Tracker\\node_modules\\.pnpm\\fastify@4.29.1\\node_modules\\fastify\\lib\\validation.js:249:17)\n    at validate (C:\\Users\\ASUS\\Desktop\\Modett\\Expense Tracker Application\\Expense Tracker\\node_modules\\.pnpm\\fastify@4.29.1\\node_modules\\fastify\\lib\\validation.js:167:16)\n    at preValidationCallback (C:\\Users\\ASUS\\Desktop\\Modett\\Expense Tracker Application\\Expense Tracker\\node_modules\\.pnpm\\fastify@4.29.1\\node_modules\\fastify\\lib\\handleRequest.js:93:25)\n    at next (C:\\Users\\ASUS\\Desktop\\Modett\\Expense Tracker Application\\Expense Tracker\\node_modules\\.pnpm\\fastify@4.29.1\\node_modules\\fastify\\lib\\hooks.js:233:9)\n    at handleResolve (C:\\Users\\ASUS\\Desktop\\Modett\\Expense Tracker Application\\Expense Tracker\\node_modules\\.pnpm\\fastify@4.29.1\\node_modules\\fastify\\lib\\hooks.js:250:7)\n    at processTicksAndRejections (node:internal/process/task_queues:105:5)","statusCode":400,"code":"FST_ERR_VALIDATION","validation":[{"instancePath":"","schemaPath":"#/required","keyword":"required","params":{"missingProperty":"aggregateId"},"message":"must have required property 'aggregateId'"}],"validationContext":"body"},"url":"/api/v1/workspaces/2a1c92b5-348a-462a-a377-c9e78f153c05/event-outbox/events","method":"POST","msg":"body must have required property 'aggregateId'"}
{"level":30,"time":1774821872312,"pid":9344,"hostname":"DESKTOP-MMVI6TQ","reqId":"req-7","res":{"statusCode":400},"responseTime":3.833299994468689,"msg":"request completed"}
{"level":30,"time":1774821872314,"pid":9344,"hostname":"DESKTOP-MMVI6TQ","reqId":"req-8","req":{"method":"GET","url":"/api/v1/workspaces/2a1c92b5-348a-462a-a377-c9e78f153c05/event-outbox/events/pending","hostname":"localhost:80","remoteAddress":"127.0.0.1"},"msg":"incoming request"}
{"level":30,"time":1774821872330,"pid":9344,"hostname":"DESKTOP-MMVI6TQ","reqId":"req-m","req":{"method":"GET","url":"/api/v1/workspaces/e3965c5c-afc4-405b-9fa0-a2ccbaf2b32e/bank-feed-sync/transactions/pending","hostname":"localhost:80","remoteAddress":"127.0.0.1"},"msg":"incoming request"}
{"level":30,"time":1774821872336,"pid":9344,"hostname":"DESKTOP-MMVI6TQ","msg":"Ô£ô DI Container initialized"}
{"level":30,"time":1774821872343,"pid":9344,"hostname":"DESKTOP-MMVI6TQ","reqId":"req-m","res":{"statusCode":200},"responseTime":13.051999926567078,"msg":"request completed"}
{"level":30,"time":1774821872345,"pid":9344,"hostname":"DESKTOP-MMVI6TQ","reqId":"req-n","req":{"method":"GET","url":"/api/v1/workspaces/e3965c5c-afc4-405b-9fa0-a2ccbaf2b32e/bank-feed-sync/transactions/pending?connectionId=9982509a-4789-4bfb-bfe9-59ffd853fa1a","hostname":"localhost:80","remoteAddress":"127.0.0.1"},"msg":"incoming request"}
{"level":30,"time":1774821872352,"pid":9344,"hostname":"DESKTOP-MMVI6TQ","reqId":"req-n","res":{"statusCode":200},"responseTime":6.995499968528748,"msg":"request completed"}
{"level":30,"time":1774821872353,"pid":9344,"hostname":"DESKTOP-MMVI6TQ","reqId":"req-o","req":{"method":"GET","url":"/api/v1/workspaces/e3965c5c-afc4-405b-9fa0-a2ccbaf2b32e/bank-feed-sync/transactions/5200a73a-6890-4bf5-ada7-134f51998f4e","hostname":"localhost:80","remoteAddress":"127.0.0.1"},"msg":"incoming request"}
{"level":30,"time":1774821872361,"pid":9344,"hostname":"DESKTOP-MMVI6TQ","reqId":"req-o","res":{"statusCode":200},"responseTime":8.318699955940247,"msg":"request completed"}
[90mstdout[2m | modules/bank-feed-sync/tests/bank-feed-sync.endpoints.test.ts[2m > [22m[2mBank Feed Sync Module - Endpoint Tests[2m > [22m[2mBank Transaction Endpoints[2m > [22m[2mGET /api/v1/bank-feed/transactions/pending[2m > [22m[2mÔ£à should get pending transactions[22m[39m
Get Pending Transactions: [33m200[39m

[90mstdout[2m | modules/bank-feed-sync/tests/bank-feed-sync.endpoints.test.ts[2m > [22m[2mBank Feed Sync Module - Endpoint Tests[2m > [22m[2mBank Transaction Endpoints[2m > [22m[2mGET /api/v1/bank-feed/transactions/pending[2m > [22m[2mÔ£à should filter pending transactions by connection[22m[39m
Get Pending by Connection: [33m200[39m

{"level":30,"time":1774821872362,"pid":9344,"hostname":"DESKTOP-MMVI6TQ","reqId":"req-p","req":{"method":"GET","url":"/api/v1/workspaces/e3965c5c-afc4-405b-9fa0-a2ccbaf2b32e/bank-feed-sync/transactions/8d46fb1c-b016-4690-a120-29681190b0e6","hostname":"localhost:80","remoteAddress":"127.0.0.1"},"msg":"incoming request"}
{"level":30,"time":1774821872369,"pid":9344,"hostname":"DESKTOP-MMVI6TQ","reqId":"req-p","res":{"statusCode":404},"responseTime":6.440699934959412,"msg":"request completed"}
[90mstdout[2m | modules/bank-feed-sync/tests/bank-feed-sync.endpoints.test.ts[2m > [22m[2mBank Feed Sync Module - Endpoint Tests[2m > [22m[2mBank Transaction Endpoints[2m > [22m[2mGET /api/v1/bank-feed/transactions/:transactionId[2m > [22m[2mÔ£à should get a specific transaction[22m[39m
Get Transaction: [33m200[39m

{"level":30,"time":1774821872370,"pid":9344,"hostname":"DESKTOP-MMVI6TQ","reqId":"req-q","req":{"method":"PUT","url":"/api/v1/workspaces/e3965c5c-afc4-405b-9fa0-a2ccbaf2b32e/bank-feed-sync/transactions/5200a73a-6890-4bf5-ada7-134f51998f4e/process","hostname":"localhost:80","remoteAddress":"127.0.0.1"},"msg":"incoming request"}
{"level":30,"time":1774821872383,"pid":9344,"hostname":"DESKTOP-MMVI6TQ","reqId":"req-5","res":{"statusCode":200},"responseTime":200.91850006580353,"msg":"request completed"}
{"level":30,"time":1774821872384,"pid":9344,"hostname":"DESKTOP-MMVI6TQ","reqId":"req-6","req":{"method":"POST","url":"/api/v1/auth/login","hostname":"localhost:80","remoteAddress":"127.0.0.1"},"msg":"incoming request"}
[90mstdout[2m | modules/identity-workspace/tests/identity-workspace.endpoints.test.ts[2m > [22m[2mIdentity Workspace Module - Endpoint Tests[2m > [22m[2mAuthentication Endpoints[2m > [22m[2mPOST /auth/login[2m > [22m[2mÔ£à should login with valid credentials[22m[39m
Login Response: [33m200[39m Login successful

{"level":30,"time":1774821872388,"pid":9344,"hostname":"DESKTOP-MMVI6TQ","reqId":"req-q","res":{"statusCode":200},"responseTime":17.872699975967407,"msg":"request completed"}
[90mstdout[2m | modules/bank-feed-sync/tests/bank-feed-sync.endpoints.test.ts[2m > [22m[2mBank Feed Sync Module - Endpoint Tests[2m > [22m[2mBank Transaction Endpoints[2m > [22m[2mPUT /api/v1/bank-feed/transactions/:transactionId/process[2m > [22m[2mÔ£à should mark transaction as imported[22m[39m
[EventBus] No handlers for event type: BankTransactionImported
Process Transaction (import): [33m200[39m

{"level":30,"time":1774821872401,"pid":9344,"hostname":"DESKTOP-MMVI6TQ","reqId":"req-r","req":{"method":"PUT","url":"/api/v1/workspaces/e3965c5c-afc4-405b-9fa0-a2ccbaf2b32e/bank-feed-sync/transactions/7465fd85-eb71-421d-aa51-7be1050ec734/process","hostname":"localhost:80","remoteAddress":"127.0.0.1"},"msg":"incoming request"}
{"level":30,"time":1774821872431,"pid":9344,"hostname":"DESKTOP-MMVI6TQ","reqId":"req-8","res":{"statusCode":200},"responseTime":116.47350001335144,"msg":"request completed"}
{"level":30,"time":1774821872433,"pid":9344,"hostname":"DESKTOP-MMVI6TQ","reqId":"req-r","res":{"statusCode":200},"responseTime":31.772300004959106,"msg":"request completed"}
{"level":30,"time":1774821872435,"pid":9344,"hostname":"DESKTOP-MMVI6TQ","reqId":"req-s","req":{"method":"PUT","url":"/api/v1/workspaces/e3965c5c-afc4-405b-9fa0-a2ccbaf2b32e/bank-feed-sync/transactions/5200a73a-6890-4bf5-ada7-134f51998f4e/process","hostname":"localhost:80","remoteAddress":"127.0.0.1"},"msg":"incoming request"}
{"level":50,"time":1774821872437,"pid":9344,"hostname":"DESKTOP-MMVI6TQ","reqId":"req-s","err":{"type":"Error","message":"body/action must be equal to one of the allowed values","stack":"Error: body/action must be equal to one of the allowed values\n    at Object.schemaErrorFormatter (C:\\Users\\ASUS\\Desktop\\Modett\\Expense Tracker Application\\Expense Tracker\\apps\\api\\src\\server.ts:35:14)\n    at wrapValidationError (C:\\Users\\ASUS\\Desktop\\Modett\\Expense Tracker Application\\Expense Tracker\\node_modules\\.pnpm\\fastify@4.29.1\\node_modules\\fastify\\lib\\validation.js:249:17)\n    at validate (C:\\Users\\ASUS\\Desktop\\Modett\\Expense Tracker Application\\Expense Tracker\\node_modules\\.pnpm\\fastify@4.29.1\\node_modules\\fastify\\lib\\validation.js:167:16)\n    at preValidationCallback (C:\\Users\\ASUS\\Desktop\\Modett\\Expense Tracker Application\\Expense Tracker\\node_modules\\.pnpm\\fastify@4.29.1\\node_modules\\fastify\\lib\\handleRequest.js:93:25)\n    at next (C:\\Users\\ASUS\\Desktop\\Modett\\Expense Tracker Application\\Expense Tracker\\node_modules\\.pnpm\\fastify@4.29.1\\node_modules\\fastify\\lib\\hooks.js:233:9)\n    at handleResolve (C:\\Users\\ASUS\\Desktop\\Modett\\Expense Tracker Application\\Expense Tracker\\node_modules\\.pnpm\\fastify@4.29.1\\node_modules\\fastify\\lib\\hooks.js:250:7)\n    at processTicksAndRejections (node:internal/process/task_queues:105:5)","statusCode":400,"code":"FST_ERR_VALIDATION","validation":[{"instancePath":"/action","schemaPath":"#/properties/action/enum","keyword":"enum","params":{"allowedValues":["import","match","ignore"]},"message":"must be equal to one of the allowed values"}],"validationContext":"body"},"url":"/api/v1/workspaces/e3965c5c-afc4-405b-9fa0-a2ccbaf2b32e/bank-feed-sync/transactions/5200a73a-6890-4bf5-ada7-134f51998f4e/process","method":"PUT","msg":"body/action must be equal to one of the allowed values"}
{"level":30,"time":1774821872439,"pid":9344,"hostname":"DESKTOP-MMVI6TQ","reqId":"req-s","res":{"statusCode":400},"responseTime":3.9472999572753906,"msg":"request completed"}
{"level":30,"time":1774821872440,"pid":9344,"hostname":"DESKTOP-MMVI6TQ","reqId":"req-t","req":{"method":"GET","url":"/api/v1/workspaces/e3965c5c-afc4-405b-9fa0-a2ccbaf2b32e/bank-feed-sync/transactions/connection/9982509a-4789-4bfb-bfe9-59ffd853fa1a","hostname":"localhost:80","remoteAddress":"127.0.0.1"},"msg":"incoming request"}
[90mstdout[2m | modules/bank-feed-sync/tests/bank-feed-sync.endpoints.test.ts[2m > [22m[2mBank Feed Sync Module - Endpoint Tests[2m > [22m[2mBank Transaction Endpoints[2m > [22m[2mPUT /api/v1/bank-feed/transactions/:transactionId/process[2m > [22m[2mÔ£à should mark transaction as ignored[22m[39m
[EventBus] No handlers for event type: BankTransactionIgnored
Process Transaction (ignore): [33m200[39m

{"level":30,"time":1774821872433,"pid":9344,"hostname":"DESKTOP-MMVI6TQ","reqId":"req-9","req":{"method":"GET","url":"/api/v1/workspaces/2a1c92b5-348a-462a-a377-c9e78f153c05/event-outbox/events/pending","hostname":"localhost:80","remoteAddress":"127.0.0.1"},"msg":"incoming request"}
{"level":50,"time":1774821872435,"pid":9344,"hostname":"DESKTOP-MMVI6TQ","reqId":"req-9","err":{"type":"Error","message":"Missing or invalid authorization header","stack":"Error: Missing or invalid authorization header\n    at Object.authenticate (C:\\Users\\ASUS\\Desktop\\Modett\\Expense Tracker Application\\Expense Tracker\\apps\\api\\src\\plugins\\auth.ts:70:19)\n    at Object.<anonymous> (C:\\Users\\ASUS\\Desktop\\Modett\\Expense Tracker Application\\Expense Tracker\\modules\\event-outbox\\infrastructure\\http\\routes\\index.ts:19:23)\n    at hookIterator (C:\\Users\\ASUS\\Desktop\\Modett\\Expense Tracker Application\\Expense Tracker\\node_modules\\.pnpm\\fastify@4.29.1\\node_modules\\fastify\\lib\\hooks.js:405:10)\n    at next (C:\\Users\\ASUS\\Desktop\\Modett\\Expense Tracker Application\\Expense Tracker\\node_modules\\.pnpm\\fastify@4.29.1\\node_modules\\fastify\\lib\\hooks.js:239:18)\n    at handleResolve (C:\\Users\\ASUS\\Desktop\\Modett\\Expense Tracker Application\\Expense Tracker\\node_modules\\.pnpm\\fastify@4.29.1\\node_modules\\fastify\\lib\\hooks.js:250:7)\n    at processTicksAndRejections (node:internal/process/task_queues:105:5)","statusCode":401},"url":"/api/v1/workspaces/2a1c92b5-348a-462a-a377-c9e78f153c05/event-outbox/events/pending","method":"GET","msg":"Missing or invalid authorization header"}
{"level":30,"time":1774821872436,"pid":9344,"hostname":"DESKTOP-MMVI6TQ","reqId":"req-9","res":{"statusCode":401},"responseTime":2.913599967956543,"msg":"request completed"}
{"level":30,"time":1774821872439,"pid":9344,"hostname":"DESKTOP-MMVI6TQ","reqId":"req-a","req":{"method":"GET","url":"/api/v1/workspaces/2a1c92b5-348a-462a-a377-c9e78f153c05/event-outbox/events/failed","hostname":"localhost:80","remoteAddress":"127.0.0.1"},"msg":"incoming request"}
[90mstdout[2m | modules/event-outbox/tests/event-outbox.endpoints.test.ts[2m > [22m[2mEvent Outbox Module - Endpoint Tests[2m > [22m[2mOutbox Event Endpoints[2m > [22m[2mGET /:workspaceId/event-outbox/events/pending[2m > [22m[2mÔ£à should get pending events[22m[39m
Get Pending Events: [33m200[39m

{"level":30,"time":1774821872461,"pid":9344,"hostname":"DESKTOP-MMVI6TQ","reqId":"req-a","res":{"statusCode":200},"responseTime":21.873800039291382,"msg":"request completed"}
{"level":30,"time":1774821872462,"pid":9344,"hostname":"DESKTOP-MMVI6TQ","reqId":"req-t","res":{"statusCode":200},"responseTime":22.005499958992004,"msg":"request completed"}
[90mstdout[2m | modules/bank-feed-sync/tests/bank-feed-sync.endpoints.test.ts[2m > [22m[2mBank Feed Sync Module - Endpoint Tests[2m > [22m[2mBank Transaction Endpoints[2m > [22m[2mGET /api/v1/bank-feed/transactions/connection/:connectionId[2m > [22m[2mÔ£à should get all transactions for a connection[22m[39m
Get Transactions by Connection: [33m200[39m

[90mstdout[2m | modules/event-outbox/tests/event-outbox.endpoints.test.ts[2m > [22m[2mEvent Outbox Module - Endpoint Tests[2m > [22m[2mOutbox Event Endpoints[2m > [22m[2mGET /:workspaceId/event-outbox/events/failed[2m > [22m[2mÔ£à should get failed events[22m[39m
Get Failed Events: [33m200[39m

{"level":30,"time":1774821872462,"pid":9344,"hostname":"DESKTOP-MMVI6TQ","reqId":"req-b","req":{"method":"POST","url":"/api/v1/workspaces/2a1c92b5-348a-462a-a377-c9e78f153c05/event-outbox/events/8fe82282-9a57-4354-8c86-b4e77b10171d/process","hostname":"localhost:80","remoteAddress":"127.0.0.1"},"msg":"incoming request"}
[90mstdout[2m | modules/event-outbox/tests/event-outbox.endpoints.test.ts[2m > [22m[2mEvent Outbox Module - Endpoint Tests[2m > [22m[2mOutbox Event Endpoints[2m > [22m[2mPOST /:workspaceId/event-outbox/events/:eventId/process[2m > [22m[2mÔ£à should process a specific event[22m[39m
[AuditEventListener] Skipping system-level event without workspaceId: expense.created

{"level":30,"time":1774821872483,"pid":9344,"hostname":"DESKTOP-MMVI6TQ","reqId":"req-b","res":{"statusCode":200},"responseTime":20.868000030517578,"msg":"request completed"}
[90mstdout[2m | modules/event-outbox/tests/event-outbox.endpoints.test.ts[2m > [22m[2mEvent Outbox Module - Endpoint Tests[2m > [22m[2mOutbox Event Endpoints[2m > [22m[2mPOST /:workspaceId/event-outbox/events/:eventId/process[2m > [22m[2mÔ£à should process a specific event[22m[39m
Process Event: [33m200[39m

{"level":30,"time":1774821872502,"pid":9344,"hostname":"DESKTOP-MMVI6TQ","msg":"Database connection closed"}
 [32mÔ£ô[39m modules/bank-feed-sync/tests/bank-feed-sync.endpoints.test.ts [2m ([22m[2m24 tests[22m[2m)[22m[33m 3271[2mms[22m[39m
{"level":30,"time":1774821872586,"pid":9344,"hostname":"DESKTOP-MMVI6TQ","reqId":"req-6","res":{"statusCode":401},"responseTime":201.84700000286102,"msg":"request completed"}
{"level":30,"time":1774821872593,"pid":9344,"hostname":"DESKTOP-MMVI6TQ","reqId":"req-7","req":{"method":"POST","url":"/api/v1/auth/login","hostname":"localhost:80","remoteAddress":"127.0.0.1"},"msg":"incoming request"}
[90mstdout[2m | modules/identity-workspace/tests/identity-workspace.endpoints.test.ts[2m > [22m[2mIdentity Workspace Module - Endpoint Tests[2m > [22m[2mAuthentication Endpoints[2m > [22m[2mPOST /auth/login[2m > [22m[2mÔØî should fail with wrong password[22m[39m
Wrong Password: [33m401[39m

{"level":30,"time":1774821872597,"pid":9344,"hostname":"DESKTOP-MMVI6TQ","reqId":"req-c","req":{"method":"POST","url":"/api/v1/workspaces/2a1c92b5-348a-462a-a377-c9e78f153c05/event-outbox/events/8fe82282-9a57-4354-8c86-b4e77b10171d/retry","hostname":"localhost:80","remoteAddress":"127.0.0.1"},"msg":"incoming request"}
{"level":30,"time":1774821872598,"pid":9344,"hostname":"DESKTOP-MMVI6TQ","reqId":"req-7","res":{"statusCode":401},"responseTime":4.3424999713897705,"msg":"request completed"}
{"level":30,"time":1774821872600,"pid":9344,"hostname":"DESKTOP-MMVI6TQ","reqId":"req-8","req":{"method":"GET","url":"/api/v1/auth/me","hostname":"localhost:80","remoteAddress":"127.0.0.1"},"msg":"incoming request"}
[90mstdout[2m | modules/identity-workspace/tests/identity-workspace.endpoints.test.ts[2m > [22m[2mIdentity Workspace Module - Endpoint Tests[2m > [22m[2mAuthentication Endpoints[2m > [22m[2mPOST /auth/login[2m > [22m[2mÔØî should fail with non-existent email[22m[39m
Non-existent Email: [33m401[39m

{"level":30,"time":1774821872610,"pid":9344,"hostname":"DESKTOP-MMVI6TQ","reqId":"req-8","res":{"statusCode":200},"responseTime":9.836699962615967,"msg":"request completed"}
{"level":30,"time":1774821872621,"pid":9344,"hostname":"DESKTOP-MMVI6TQ","reqId":"req-c","res":{"statusCode":200},"responseTime":23.247700095176697,"msg":"request completed"}
{"level":30,"time":1774821872623,"pid":9344,"hostname":"DESKTOP-MMVI6TQ","reqId":"req-d","req":{"method":"POST","url":"/api/v1/workspaces/2a1c92b5-348a-462a-a377-c9e78f153c05/event-outbox/events/retry-all","hostname":"localhost:80","remoteAddress":"127.0.0.1"},"msg":"incoming request"}
[90mstdout[2m | modules/event-outbox/tests/event-outbox.endpoints.test.ts[2m > [22m[2mEvent Outbox Module - Endpoint Tests[2m > [22m[2mOutbox Event Endpoints[2m > [22m[2mPOST /:workspaceId/event-outbox/events/:eventId/retry[2m > [22m[2mÔ£à should queue an event for retry[22m[39m
Retry Event: [33m200[39m

{"level":30,"time":1774821872613,"pid":9344,"hostname":"DESKTOP-MMVI6TQ","reqId":"req-9","req":{"method":"GET","url":"/api/v1/auth/me","hostname":"localhost:80","remoteAddress":"127.0.0.1"},"msg":"incoming request"}
{"level":50,"time":1774821872615,"pid":9344,"hostname":"DESKTOP-MMVI6TQ","reqId":"req-9","err":{"type":"Error","message":"Missing or invalid authorization header","stack":"Error: Missing or invalid authorization header\n    at Object.authenticate (C:\\Users\\ASUS\\Desktop\\Modett\\Expense Tracker Application\\Expense Tracker\\apps\\api\\src\\plugins\\auth.ts:70:19)\n    at Object.<anonymous> (C:\\Users\\ASUS\\Desktop\\Modett\\Expense Tracker Application\\Expense Tracker\\modules\\identity-workspace\\infrastructure\\http\\routes\\auth.routes.ts:113:21)\n    at hookIterator (C:\\Users\\ASUS\\Desktop\\Modett\\Expense Tracker Application\\Expense Tracker\\node_modules\\.pnpm\\fastify@4.29.1\\node_modules\\fastify\\lib\\hooks.js:405:10)\n    at next (C:\\Users\\ASUS\\Desktop\\Modett\\Expense Tracker Application\\Expense Tracker\\node_modules\\.pnpm\\fastify@4.29.1\\node_modules\\fastify\\lib\\hooks.js:239:18)\n    at handleResolve (C:\\Users\\ASUS\\Desktop\\Modett\\Expense Tracker Application\\Expense Tracker\\node_modules\\.pnpm\\fastify@4.29.1\\node_modules\\fastify\\lib\\hooks.js:250:7)\n    at processTicksAndRejections (node:internal/process/task_queues:105:5)","statusCode":401},"url":"/api/v1/auth/me","method":"GET","msg":"Missing or invalid authorization header"}
{"level":30,"time":1774821872619,"pid":9344,"hostname":"DESKTOP-MMVI6TQ","reqId":"req-9","res":{"statusCode":401},"responseTime":5.697800040245056,"msg":"request completed"}
{"level":30,"time":1774821872622,"pid":9344,"hostname":"DESKTOP-MMVI6TQ","reqId":"req-a","req":{"method":"GET","url":"/api/v1/auth/me","hostname":"localhost:80","remoteAddress":"127.0.0.1"},"msg":"incoming request"}
{"level":50,"time":1774821872623,"pid":9344,"hostname":"DESKTOP-MMVI6TQ","reqId":"req-a","err":{"type":"Error","message":"jwt malformed","stack":"Error: jwt malformed\n    at Object.authenticate (C:\\Users\\ASUS\\Desktop\\Modett\\Expense Tracker Application\\Expense Tracker\\apps\\api\\src\\plugins\\auth.ts:70:19)\n    at Object.<anonymous> (C:\\Users\\ASUS\\Desktop\\Modett\\Expense Tracker Application\\Expense Tracker\\modules\\identity-workspace\\infrastructure\\http\\routes\\auth.routes.ts:113:21)\n    at hookIterator (C:\\Users\\ASUS\\Desktop\\Modett\\Expense Tracker Application\\Expense Tracker\\node_modules\\.pnpm\\fastify@4.29.1\\node_modules\\fastify\\lib\\hooks.js:405:10)\n    at next (C:\\Users\\ASUS\\Desktop\\Modett\\Expense Tracker Application\\Expense Tracker\\node_modules\\.pnpm\\fastify@4.29.1\\node_modules\\fastify\\lib\\hooks.js:239:18)\n    at handleResolve (C:\\Users\\ASUS\\Desktop\\Modett\\Expense Tracker Application\\Expense Tracker\\node_modules\\.pnpm\\fastify@4.29.1\\node_modules\\fastify\\lib\\hooks.js:250:7)\n    at processTicksAndRejections (node:internal/process/task_queues:105:5)","statusCode":401},"url":"/api/v1/auth/me","method":"GET","msg":"jwt malformed"}
{"level":30,"time":1774821872624,"pid":9344,"hostname":"DESKTOP-MMVI6TQ","reqId":"req-a","res":{"statusCode":401},"responseTime":1.9413000345230103,"msg":"request completed"}
{"level":30,"time":1774821872626,"pid":9344,"hostname":"DESKTOP-MMVI6TQ","reqId":"req-b","req":{"method":"POST","url":"/api/v1/workspaces","hostname":"localhost:80","remoteAddress":"127.0.0.1"},"msg":"incoming request"}
[90mstdout[2m | modules/identity-workspace/tests/identity-workspace.endpoints.test.ts[2m > [22m[2mIdentity Workspace Module - Endpoint Tests[2m > [22m[2mAuthentication Endpoints[2m > [22m[2mGET /auth/me[2m > [22m[2mÔ£à should get current user with valid token[22m[39m
Get Me Response: [33m200[39m

{"level":30,"time":1774821872638,"pid":9344,"hostname":"DESKTOP-MMVI6TQ","reqId":"req-d","res":{"statusCode":200},"responseTime":15.398400068283081,"msg":"request completed"}
[90mstdout[2m | modules/identity-workspace/tests/identity-workspace.endpoints.test.ts[2m > [22m[2mIdentity Workspace Module - Endpoint Tests[2m > [22m[2mAuthentication Endpoints[2m > [22m[2mGET /auth/me[2m > [22m[2mÔØî should fail without auth token[22m[39m
No Token: [33m401[39m

[90mstdout[2m | modules/identity-workspace/tests/identity-workspace.endpoints.test.ts[2m > [22m[2mIdentity Workspace Module - Endpoint Tests[2m > [22m[2mAuthentication Endpoints[2m > [22m[2mGET /auth/me[2m > [22m[2mÔØî should fail with invalid token[22m[39m
Invalid Token: [33m401[39m

{"level":30,"time":1774821872641,"pid":9344,"hostname":"DESKTOP-MMVI6TQ","reqId":"req-e","req":{"method":"DELETE","url":"/api/v1/workspaces/2a1c92b5-348a-462a-a377-c9e78f153c05/event-outbox/events/processed?retentionDays=0","hostname":"localhost:80","remoteAddress":"127.0.0.1"},"msg":"incoming request"}
[90mstdout[2m | modules/event-outbox/tests/event-outbox.endpoints.test.ts[2m > [22m[2mEvent Outbox Module - Endpoint Tests[2m > [22m[2mOutbox Event Endpoints[2m > [22m[2mPOST /:workspaceId/event-outbox/events/retry-all[2m > [22m[2mÔ£à should queue all failed events for retry[22m[39m
Retry All Failed Events: [33m200[39m

{"level":30,"time":1774821872650,"pid":9344,"hostname":"DESKTOP-MMVI6TQ","reqId":"req-e","res":{"statusCode":204},"responseTime":9.09249997138977,"msg":"request completed"}
[90mstdout[2m | modules/identity-workspace/tests/identity-workspace.endpoints.test.ts[2m > [22m[2mIdentity Workspace Module - Endpoint Tests[2m > [22m[2mWorkspace Endpoints[2m > [22m[2mPOST /workspaces[2m > [22m[2mÔ£à should create a workspace[22m[39m
[EventBus] No handlers for event type: audit.log_created

{"level":30,"time":1774821872651,"pid":9344,"hostname":"DESKTOP-MMVI6TQ","reqId":"req-f","req":{"method":"GET","url":"/api/v1/workspaces/2a1c92b5-348a-462a-a377-c9e78f153c05/event-outbox/events/dead-letter/count","hostname":"localhost:80","remoteAddress":"127.0.0.1"},"msg":"incoming request"}
[90mstdout[2m | modules/event-outbox/tests/event-outbox.endpoints.test.ts[2m > [22m[2mEvent Outbox Module - Endpoint Tests[2m > [22m[2mOutbox Event Endpoints[2m > [22m[2mDELETE /:workspaceId/event-outbox/events/processed[2m > [22m[2mÔ£à should cleanup processed events[22m[39m
Cleanup Processed Events: [33m204[39m

{"level":30,"time":1774821872658,"pid":9344,"hostname":"DESKTOP-MMVI6TQ","reqId":"req-f","res":{"statusCode":200},"responseTime":6.991699934005737,"msg":"request completed"}
{"level":30,"time":1774821872662,"pid":9344,"hostname":"DESKTOP-MMVI6TQ","reqId":"req-b","res":{"statusCode":201},"responseTime":35.84759998321533,"msg":"request completed"}
[90mstdout[2m | modules/event-outbox/tests/event-outbox.endpoints.test.ts[2m > [22m[2mEvent Outbox Module - Endpoint Tests[2m > [22m[2mOutbox Event Endpoints[2m > [22m[2mGET /:workspaceId/event-outbox/events/dead-letter/count[2m > [22m[2mÔ£à should get dead letter count[22m[39m
Get Dead Letter Count: [33m200[39m

{"level":30,"time":1774821872660,"pid":9344,"hostname":"DESKTOP-MMVI6TQ","reqId":"req-g","req":{"method":"GET","url":"/api/v1/workspaces/00000000-0000-0000-0000-000000000000/event-outbox/events/pending","hostname":"localhost:80","remoteAddress":"127.0.0.1"},"msg":"incoming request"}
{"level":30,"time":1774821872663,"pid":9344,"hostname":"DESKTOP-MMVI6TQ","reqId":"req-g","res":{"statusCode":400},"responseTime":3.4174000024795532,"msg":"request completed"}
{"level":30,"time":1774821872664,"pid":9344,"hostname":"DESKTOP-MMVI6TQ","reqId":"req-c","req":{"method":"POST","url":"/api/v1/workspaces","hostname":"localhost:80","remoteAddress":"127.0.0.1"},"msg":"incoming request"}
{"level":50,"time":1774821872665,"pid":9344,"hostname":"DESKTOP-MMVI6TQ","reqId":"req-c","err":{"type":"Error","message":"Missing or invalid authorization header","stack":"Error: Missing or invalid authorization header\n    at Object.authenticate (C:\\Users\\ASUS\\Desktop\\Modett\\Expense Tracker Application\\Expense Tracker\\apps\\api\\src\\plugins\\auth.ts:70:19)\n    at Object.<anonymous> (C:\\Users\\ASUS\\Desktop\\Modett\\Expense Tracker Application\\Expense Tracker\\modules\\identity-workspace\\infrastructure\\http\\routes\\index.ts:32:25)\n    at hookIterator (C:\\Users\\ASUS\\Desktop\\Modett\\Expense Tracker Application\\Expense Tracker\\node_modules\\.pnpm\\fastify@4.29.1\\node_modules\\fastify\\lib\\hooks.js:405:10)\n    at next (C:\\Users\\ASUS\\Desktop\\Modett\\Expense Tracker Application\\Expense Tracker\\node_modules\\.pnpm\\fastify@4.29.1\\node_modules\\fastify\\lib\\hooks.js:239:18)\n    at handleResolve (C:\\Users\\ASUS\\Desktop\\Modett\\Expense Tracker Application\\Expense Tracker\\node_modules\\.pnpm\\fastify@4.29.1\\node_modules\\fastify\\lib\\hooks.js:250:7)\n    at processTicksAndRejections (node:internal/process/task_queues:105:5)","statusCode":401},"url":"/api/v1/workspaces","method":"POST","msg":"Missing or invalid authorization header"}
{"level":30,"time":1774821872669,"pid":9344,"hostname":"DESKTOP-MMVI6TQ","reqId":"req-c","res":{"statusCode":401},"responseTime":4.014800071716309,"msg":"request completed"}
{"level":30,"time":1774821872670,"pid":9344,"hostname":"DESKTOP-MMVI6TQ","reqId":"req-d","req":{"method":"POST","url":"/api/v1/workspaces","hostname":"localhost:80","remoteAddress":"127.0.0.1"},"msg":"incoming request"}
{"level":50,"time":1774821872676,"pid":9344,"hostname":"DESKTOP-MMVI6TQ","reqId":"req-d","err":{"type":"Error","message":"body/name must NOT have fewer than 1 characters","stack":"Error: body/name must NOT have fewer than 1 characters\n    at Object.schemaErrorFormatter (C:\\Users\\ASUS\\Desktop\\Modett\\Expense Tracker Application\\Expense Tracker\\apps\\api\\src\\server.ts:35:14)\n    at wrapValidationError (C:\\Users\\ASUS\\Desktop\\Modett\\Expense Tracker Application\\Expense Tracker\\node_modules\\.pnpm\\fastify@4.29.1\\node_modules\\fastify\\lib\\validation.js:249:17)\n    at validate (C:\\Users\\ASUS\\Desktop\\Modett\\Expense Tracker Application\\Expense Tracker\\node_modules\\.pnpm\\fastify@4.29.1\\node_modules\\fastify\\lib\\validation.js:167:16)\n    at preValidationCallback (C:\\Users\\ASUS\\Desktop\\Modett\\Expense Tracker Application\\Expense Tracker\\node_modules\\.pnpm\\fastify@4.29.1\\node_modules\\fastify\\lib\\handleRequest.js:93:25)\n    at handler (C:\\Users\\ASUS\\Desktop\\Modett\\Expense Tracker Application\\Expense Tracker\\node_modules\\.pnpm\\fastify@4.29.1\\node_modules\\fastify\\lib\\handleRequest.js:77:7)\n    at C:\\Users\\ASUS\\Desktop\\Modett\\Expense Tracker Application\\Expense Tracker\\node_modules\\.pnpm\\fastify@4.29.1\\node_modules\\fastify\\lib\\contentTypeParser.js:199:9\n    at AsyncResource.runInAsyncScope (node:async_hooks:214:14)\n    at done (C:\\Users\\ASUS\\Desktop\\Modett\\Expense Tracker Application\\Expense Tracker\\node_modules\\.pnpm\\fastify@4.29.1\\node_modules\\fastify\\lib\\contentTypeParser.js:192:14)\n    at Parser.defaultJsonParser [as fn] (C:\\Users\\ASUS\\Desktop\\Modett\\Expense Tracker Application\\Expense Tracker\\node_modules\\.pnpm\\fastify@4.29.1\\node_modules\\fastify\\lib\\contentTypeParser.js:304:5)\n    at Request.onEnd (C:\\Users\\ASUS\\Desktop\\Modett\\Expense Tracker Application\\Expense Tracker\\node_modules\\.pnpm\\fastify@4.29.1\\node_modules\\fastify\\lib\\contentTypeParser.js:283:27)","statusCode":400,"code":"FST_ERR_VALIDATION","validation":[{"instancePath":"/name","schemaPath":"#/properties/name/minLength","keyword":"minLength","params":{"limit":1},"message":"must NOT have fewer than 1 characters"}],"validationContext":"body"},"url":"/api/v1/workspaces","method":"POST","msg":"body/name must NOT have fewer than 1 characters"}
{"level":30,"time":1774821872677,"pid":9344,"hostname":"DESKTOP-MMVI6TQ","reqId":"req-d","res":{"statusCode":400},"responseTime":6.4679999351501465,"msg":"request completed"}
{"level":30,"time":1774821872679,"pid":9344,"hostname":"DESKTOP-MMVI6TQ","reqId":"req-e","req":{"method":"GET","url":"/api/v1/workspaces","hostname":"localhost:80","remoteAddress":"127.0.0.1"},"msg":"incoming request"}
{"level":30,"time":1774821872692,"pid":9344,"hostname":"DESKTOP-MMVI6TQ","msg":"Database connection closed"}
[90mstdout[2m | modules/identity-workspace/tests/identity-workspace.endpoints.test.ts[2m > [22m[2mIdentity Workspace Module - Endpoint Tests[2m > [22m[2mWorkspace Endpoints[2m > [22m[2mPOST /workspaces[2m > [22m[2mÔ£à should create a workspace[22m[39m
[EventBus] No handlers for event type: audit.log_created
Create Workspace: [33m201[39m Workspace created successfully [90mundefined[39m

[90mstdout[2m | modules/identity-workspace/tests/identity-workspace.endpoints.test.ts[2m > [22m[2mIdentity Workspace Module - Endpoint Tests[2m > [22m[2mWorkspace Endpoints[2m > [22m[2mPOST /workspaces[2m > [22m[2mÔØî should fail without auth token[22m[39m
Create Workspace No Auth: [33m401[39m

[90mstdout[2m | modules/identity-workspace/tests/identity-workspace.endpoints.test.ts[2m > [22m[2mIdentity Workspace Module - Endpoint Tests[2m > [22m[2mWorkspace Endpoints[2m > [22m[2mPOST /workspaces[2m > [22m[2mÔØî should fail with empty name[22m[39m
Empty Workspace Name: [33m400[39m

 [32mÔ£ô[39m modules/event-outbox/tests/event-outbox.endpoints.test.ts [2m ([22m[2m13 tests[22m[2m)[22m[33m 2804[2mms[22m[39m
{"level":30,"time":1774821872797,"pid":9344,"hostname":"DESKTOP-MMVI6TQ","reqId":"req-e","res":{"statusCode":200},"responseTime":117.91240000724792,"msg":"request completed"}
[90mstdout[2m | modules/identity-workspace/tests/identity-workspace.endpoints.test.ts[2m > [22m[2mIdentity Workspace Module - Endpoint Tests[2m > [22m[2mWorkspace Endpoints[2m > [22m[2mGET /workspaces[2m > [22m[2mÔ£à should list user workspaces[22m[39m
List Workspaces: [33m200[39m

[90mstdout[2m | modules/identity-workspace/tests/identity-workspace.endpoints.test.ts[2m > [22m[2mIdentity Workspace Module - Endpoint Tests[2m > [22m[2mWorkspace Endpoints[2m > [22m[2mGET /workspaces[2m > [22m[2mÔØî should fail without auth token[22m[39m
List Workspaces No Auth: [33m401[39m

{"level":30,"time":1774821872799,"pid":9344,"hostname":"DESKTOP-MMVI6TQ","reqId":"req-f","req":{"method":"GET","url":"/api/v1/workspaces","hostname":"localhost:80","remoteAddress":"127.0.0.1"},"msg":"incoming request"}
{"level":50,"time":1774821872799,"pid":9344,"hostname":"DESKTOP-MMVI6TQ","reqId":"req-f","err":{"type":"Error","message":"Missing or invalid authorization header","stack":"Error: Missing or invalid authorization header\n    at Object.authenticate (C:\\Users\\ASUS\\Desktop\\Modett\\Expense Tracker Application\\Expense Tracker\\apps\\api\\src\\plugins\\auth.ts:70:19)\n    at Object.<anonymous> (C:\\Users\\ASUS\\Desktop\\Modett\\Expense Tracker Application\\Expense Tracker\\modules\\identity-workspace\\infrastructure\\http\\routes\\index.ts:32:25)\n    at hookIterator (C:\\Users\\ASUS\\Desktop\\Modett\\Expense Tracker Application\\Expense Tracker\\node_modules\\.pnpm\\fastify@4.29.1\\node_modules\\fastify\\lib\\hooks.js:405:10)\n    at next (C:\\Users\\ASUS\\Desktop\\Modett\\Expense Tracker Application\\Expense Tracker\\node_modules\\.pnpm\\fastify@4.29.1\\node_modules\\fastify\\lib\\hooks.js:239:18)\n    at handleResolve (C:\\Users\\ASUS\\Desktop\\Modett\\Expense Tracker Application\\Expense Tracker\\node_modules\\.pnpm\\fastify@4.29.1\\node_modules\\fastify\\lib\\hooks.js:250:7)\n    at processTicksAndRejections (node:internal/process/task_queues:105:5)","statusCode":401},"url":"/api/v1/workspaces","method":"GET","msg":"Missing or invalid authorization header"}
{"level":30,"time":1774821872800,"pid":9344,"hostname":"DESKTOP-MMVI6TQ","reqId":"req-f","res":{"statusCode":401},"responseTime":1.3357999324798584,"msg":"request completed"}
{"level":30,"time":1774821872802,"pid":9344,"hostname":"DESKTOP-MMVI6TQ","reqId":"req-g","req":{"method":"GET","url":"/api/v1/workspaces/4b0c5521-c499-4d1d-b495-ff6b404da3c2","hostname":"localhost:80","remoteAddress":"127.0.0.1"},"msg":"incoming request"}
{"level":30,"time":1774821872816,"pid":9344,"hostname":"DESKTOP-MMVI6TQ","reqId":"req-g","res":{"statusCode":200},"responseTime":14.441700100898743,"msg":"request completed"}
{"level":30,"time":1774821872817,"pid":9344,"hostname":"DESKTOP-MMVI6TQ","reqId":"req-h","req":{"method":"GET","url":"/api/v1/workspaces/00000000-0000-0000-0000-000000000000","hostname":"localhost:80","remoteAddress":"127.0.0.1"},"msg":"incoming request"}
{"level":50,"time":1774821872821,"pid":9344,"hostname":"DESKTOP-MMVI6TQ","reqId":"req-h","err":{"type":"InvalidUuidError","message":"Invalid WorkspaceId format: 00000000-0000-0000-0000-000000000000","stack":"InvalidUuidError: Invalid WorkspaceId format: 00000000-0000-0000-0000-000000000000\n    at new UuidId (C:\\Users\\ASUS\\Desktop\\Modett\\Expense Tracker Application\\Expense Tracker\\apps\\api\\src\\shared\\domain\\value-objects\\uuid-id.base.ts:20:13)\n    at new WorkspaceId (C:\\Users\\ASUS\\Desktop\\Modett\\Expense Tracker Application\\Expense Tracker\\modules\\identity-workspace\\domain\\value-objects\\workspace-id.vo.ts:6:5)\n    at Function.fromString (C:\\Users\\ASUS\\Desktop\\Modett\\Expense Tracker Application\\Expense Tracker\\modules\\identity-workspace\\domain\\value-objects\\workspace-id.vo.ts:14:12)\n    at C:\\Users\\ASUS\\Desktop\\Modett\\Expense Tracker Application\\Expense Tracker\\modules\\identity-workspace\\application\\services\\workspace-membership.service.ts:129:43\n    at InMemoryCacheService.getOrSet (C:\\Users\\ASUS\\Desktop\\Modett\\Expense Tracker Application\\Expense Tracker\\apps\\api\\src\\shared\\infrastructure\\cache\\cache.service.ts:148:25)\n    at processTicksAndRejections (node:internal/process/task_queues:105:5)\n    at WorkspaceMembershipService.isMember (C:\\Users\\ASUS\\Desktop\\Modett\\Expense Tracker Application\\Expense Tracker\\modules\\identity-workspace\\application\\services\\workspace-membership.service.ts:125:12)\n    at WorkspaceAuthHelper.verifyMembership (C:\\Users\\ASUS\\Desktop\\Modett\\Expense Tracker Application\\Expense Tracker\\modules\\identity-workspace\\infrastructure\\http\\middleware\\workspace-auth.helper.ts:16:22)\n    at WorkspaceController.getWorkspace (C:\\Users\\ASUS\\Desktop\\Modett\\Expense Tracker Application\\Expense Tracker\\modules\\identity-workspace\\infrastructure\\http\\controllers\\workspace.controller.ts:55:22)","statusCode":400,"code":"INVALID_UUID_FORMAT","name":"InvalidUuidError"},"url":"/api/v1/workspaces/00000000-0000-0000-0000-000000000000","method":"GET","msg":"Invalid WorkspaceId format: 00000000-0000-0000-0000-000000000000"}
{"level":30,"time":1774821872826,"pid":9344,"hostname":"DESKTOP-MMVI6TQ","reqId":"req-h","res":{"statusCode":400},"responseTime":8.080299973487854,"msg":"request completed"}
{"level":30,"time":1774821872829,"pid":9344,"hostname":"DESKTOP-MMVI6TQ","reqId":"req-i","req":{"method":"PATCH","url":"/api/v1/workspaces/4b0c5521-c499-4d1d-b495-ff6b404da3c2","hostname":"localhost:80","remoteAddress":"127.0.0.1"},"msg":"incoming request"}
[90mstdout[2m | modules/identity-workspace/tests/identity-workspace.endpoints.test.ts[2m > [22m[2mIdentity Workspace Module - Endpoint Tests[2m > [22m[2mWorkspace Endpoints[2m > [22m[2mGET /workspaces/:id[2m > [22m[2mÔ£à should get workspace by ID[22m[39m
Get Workspace: [33m200[39m

[90mstdout[2m | modules/identity-workspace/tests/identity-workspace.endpoints.test.ts[2m > [22m[2mIdentity Workspace Module - Endpoint Tests[2m > [22m[2mWorkspace Endpoints[2m > [22m[2mGET /workspaces/:id[2m > [22m[2mÔØî should fail with non-existent workspace ID[22m[39m
Non-existent Workspace: [33m400[39m

{"level":30,"time":1774821872850,"pid":9344,"hostname":"DESKTOP-MMVI6TQ","reqId":"req-i","res":{"statusCode":200},"responseTime":21.11210000514984,"msg":"request completed"}
{"level":30,"time":1774821872852,"pid":9344,"hostname":"DESKTOP-MMVI6TQ","reqId":"req-j","req":{"method":"PATCH","url":"/api/v1/workspaces/4b0c5521-c499-4d1d-b495-ff6b404da3c2","hostname":"localhost:80","remoteAddress":"127.0.0.1"},"msg":"incoming request"}
{"level":50,"time":1774821872853,"pid":9344,"hostname":"DESKTOP-MMVI6TQ","reqId":"req-j","err":{"type":"Error","message":"Missing or invalid authorization header","stack":"Error: Missing or invalid authorization header\n    at Object.authenticate (C:\\Users\\ASUS\\Desktop\\Modett\\Expense Tracker Application\\Expense Tracker\\apps\\api\\src\\plugins\\auth.ts:70:19)\n    at Object.<anonymous> (C:\\Users\\ASUS\\Desktop\\Modett\\Expense Tracker Application\\Expense Tracker\\modules\\identity-workspace\\infrastructure\\http\\routes\\index.ts:32:25)\n    at hookIterator (C:\\Users\\ASUS\\Desktop\\Modett\\Expense Tracker Application\\Expense Tracker\\node_modules\\.pnpm\\fastify@4.29.1\\node_modules\\fastify\\lib\\hooks.js:405:10)\n    at next (C:\\Users\\ASUS\\Desktop\\Modett\\Expense Tracker Application\\Expense Tracker\\node_modules\\.pnpm\\fastify@4.29.1\\node_modules\\fastify\\lib\\hooks.js:239:18)\n    at handleResolve (C:\\Users\\ASUS\\Desktop\\Modett\\Expense Tracker Application\\Expense Tracker\\node_modules\\.pnpm\\fastify@4.29.1\\node_modules\\fastify\\lib\\hooks.js:250:7)\n    at processTicksAndRejections (node:internal/process/task_queues:105:5)","statusCode":401},"url":"/api/v1/workspaces/4b0c5521-c499-4d1d-b495-ff6b404da3c2","method":"PATCH","msg":"Missing or invalid authorization header"}
{"level":30,"time":1774821872854,"pid":9344,"hostname":"DESKTOP-MMVI6TQ","reqId":"req-j","res":{"statusCode":401},"responseTime":1.3026999235153198,"msg":"request completed"}
{"level":30,"time":1774821872857,"pid":9344,"hostname":"DESKTOP-MMVI6TQ","reqId":"req-k","req":{"method":"DELETE","url":"/api/v1/workspaces/4b0c5521-c499-4d1d-b495-ff6b404da3c2","hostname":"localhost:80","remoteAddress":"127.0.0.1"},"msg":"incoming request"}
{"level":50,"time":1774821872857,"pid":9344,"hostname":"DESKTOP-MMVI6TQ","reqId":"req-k","err":{"type":"Error","message":"Missing or invalid authorization header","stack":"Error: Missing or invalid authorization header\n    at Object.authenticate (C:\\Users\\ASUS\\Desktop\\Modett\\Expense Tracker Application\\Expense Tracker\\apps\\api\\src\\plugins\\auth.ts:70:19)\n    at Object.<anonymous> (C:\\Users\\ASUS\\Desktop\\Modett\\Expense Tracker Application\\Expense Tracker\\modules\\identity-workspace\\infrastructure\\http\\routes\\index.ts:32:25)\n    at hookIterator (C:\\Users\\ASUS\\Desktop\\Modett\\Expense Tracker Application\\Expense Tracker\\node_modules\\.pnpm\\fastify@4.29.1\\node_modules\\fastify\\lib\\hooks.js:405:10)\n    at next (C:\\Users\\ASUS\\Desktop\\Modett\\Expense Tracker Application\\Expense Tracker\\node_modules\\.pnpm\\fastify@4.29.1\\node_modules\\fastify\\lib\\hooks.js:239:18)\n    at handleResolve (C:\\Users\\ASUS\\Desktop\\Modett\\Expense Tracker Application\\Expense Tracker\\node_modules\\.pnpm\\fastify@4.29.1\\node_modules\\fastify\\lib\\hooks.js:250:7)\n    at processTicksAndRejections (node:internal/process/task_queues:105:5)","statusCode":401},"url":"/api/v1/workspaces/4b0c5521-c499-4d1d-b495-ff6b404da3c2","method":"DELETE","msg":"Missing or invalid authorization header"}
{"level":30,"time":1774821872858,"pid":9344,"hostname":"DESKTOP-MMVI6TQ","reqId":"req-k","res":{"statusCode":401},"responseTime":1.23580002784729,"msg":"request completed"}
{"level":30,"time":1774821872859,"pid":9344,"hostname":"DESKTOP-MMVI6TQ","reqId":"req-l","req":{"method":"POST","url":"/api/v1/workspaces","hostname":"localhost:80","remoteAddress":"127.0.0.1"},"msg":"incoming request"}
[90mstdout[2m | modules/identity-workspace/tests/identity-workspace.endpoints.test.ts[2m > [22m[2mIdentity Workspace Module - Endpoint Tests[2m > [22m[2mWorkspace Endpoints[2m > [22m[2mPATCH /workspaces/:id[2m > [22m[2mÔ£à should update workspace[22m[39m
[EventBus] No handlers for event type: WorkspaceRenamed
Update Workspace: [33m200[39m

[90mstdout[2m | modules/identity-workspace/tests/identity-workspace.endpoints.test.ts[2m > [22m[2mIdentity Workspace Module - Endpoint Tests[2m > [22m[2mWorkspace Endpoints[2m > [22m[2mPATCH /workspaces/:id[2m > [22m[2mÔØî should fail without auth token[22m[39m
Update Workspace No Auth: [33m401[39m

[90mstdout[2m | modules/identity-workspace/tests/identity-workspace.endpoints.test.ts[2m > [22m[2mIdentity Workspace Module - Endpoint Tests[2m > [22m[2mWorkspace Endpoints[2m > [22m[2mDELETE /workspaces/:id[2m > [22m[2mÔØî should fail without auth token[22m[39m
Delete Workspace No Auth: [33m401[39m

[90mstdout[2m | modules/identity-workspace/tests/identity-workspace.endpoints.test.ts[2m > [22m[2mIdentity Workspace Module - Endpoint Tests[2m > [22m[2mWorkspace Endpoints[2m > [22m[2mDELETE /workspaces/:id[2m > [22m[2mÔ£à should delete a workspace[22m[39m
[EventBus] No handlers for event type: audit.log_created

{"level":30,"time":1774821872891,"pid":9344,"hostname":"DESKTOP-MMVI6TQ","reqId":"req-l","res":{"statusCode":201},"responseTime":31.66700005531311,"msg":"request completed"}
{"level":30,"time":1774821872891,"pid":9344,"hostname":"DESKTOP-MMVI6TQ","reqId":"req-m","req":{"method":"DELETE","url":"/api/v1/workspaces/3bf2f295-10b2-46f2-9f0f-148ddbc3be5c","hostname":"localhost:80","remoteAddress":"127.0.0.1"},"msg":"incoming request"}
[90mstdout[2m | modules/identity-workspace/tests/identity-workspace.endpoints.test.ts[2m > [22m[2mIdentity Workspace Module - Endpoint Tests[2m > [22m[2mWorkspace Endpoints[2m > [22m[2mDELETE /workspaces/:id[2m > [22m[2mÔ£à should delete a workspace[22m[39m
[EventBus] No handlers for event type: audit.log_created

{"level":30,"time":1774821872909,"pid":9344,"hostname":"DESKTOP-MMVI6TQ","reqId":"req-m","res":{"statusCode":204},"responseTime":17.449699997901917,"msg":"request completed"}
{"level":30,"time":1774821872910,"pid":9344,"hostname":"DESKTOP-MMVI6TQ","reqId":"req-n","req":{"method":"GET","url":"/api/v1/workspaces/4b0c5521-c499-4d1d-b495-ff6b404da3c2/members","hostname":"localhost:80","remoteAddress":"127.0.0.1"},"msg":"incoming request"}
[90mstdout[2m | modules/identity-workspace/tests/identity-workspace.endpoints.test.ts[2m > [22m[2mIdentity Workspace Module - Endpoint Tests[2m > [22m[2mWorkspace Endpoints[2m > [22m[2mDELETE /workspaces/:id[2m > [22m[2mÔ£à should delete a workspace[22m[39m
Delete Workspace: [33m204[39m

 [32mÔ£ô[39m apps/api/test/security/authorization.spec.ts [2m ([22m[2m5 tests[22m[2m)[22m[90m 14[2mms[22m[39m
{"level":30,"time":1774821872921,"pid":9344,"hostname":"DESKTOP-MMVI6TQ","reqId":"req-n","res":{"statusCode":200},"responseTime":10.804499983787537,"msg":"request completed"}
{"level":30,"time":1774821872923,"pid":9344,"hostname":"DESKTOP-MMVI6TQ","reqId":"req-o","req":{"method":"GET","url":"/api/v1/workspaces/4b0c5521-c499-4d1d-b495-ff6b404da3c2/members","hostname":"localhost:80","remoteAddress":"127.0.0.1"},"msg":"incoming request"}
{"level":50,"time":1774821872924,"pid":9344,"hostname":"DESKTOP-MMVI6TQ","reqId":"req-o","err":{"type":"Error","message":"Missing or invalid authorization header","stack":"Error: Missing or invalid authorization header\n    at Object.authenticate (C:\\Users\\ASUS\\Desktop\\Modett\\Expense Tracker Application\\Expense Tracker\\apps\\api\\src\\plugins\\auth.ts:70:19)\n    at Object.<anonymous> (C:\\Users\\ASUS\\Desktop\\Modett\\Expense Tracker Application\\Expense Tracker\\modules\\identity-workspace\\infrastructure\\http\\routes\\index.ts:32:25)\n    at hookIterator (C:\\Users\\ASUS\\Desktop\\Modett\\Expense Tracker Application\\Expense Tracker\\node_modules\\.pnpm\\fastify@4.29.1\\node_modules\\fastify\\lib\\hooks.js:405:10)\n    at next (C:\\Users\\ASUS\\Desktop\\Modett\\Expense Tracker Application\\Expense Tracker\\node_modules\\.pnpm\\fastify@4.29.1\\node_modules\\fastify\\lib\\hooks.js:239:18)\n    at handleResolve (C:\\Users\\ASUS\\Desktop\\Modett\\Expense Tracker Application\\Expense Tracker\\node_modules\\.pnpm\\fastify@4.29.1\\node_modules\\fastify\\lib\\hooks.js:250:7)\n    at processTicksAndRejections (node:internal/process/task_queues:105:5)","statusCode":401},"url":"/api/v1/workspaces/4b0c5521-c499-4d1d-b495-ff6b404da3c2/members","method":"GET","msg":"Missing or invalid authorization header"}
{"level":30,"time":1774821872924,"pid":9344,"hostname":"DESKTOP-MMVI6TQ","reqId":"req-o","res":{"statusCode":401},"responseTime":1.1406000852584839,"msg":"request completed"}
{"level":30,"time":1774821872926,"pid":9344,"hostname":"DESKTOP-MMVI6TQ","reqId":"req-p","req":{"method":"PATCH","url":"/api/v1/workspaces/4b0c5521-c499-4d1d-b495-ff6b404da3c2/members/f797504f-8298-4a00-b84b-2ffb5e6fb3b6/role","hostname":"localhost:80","remoteAddress":"127.0.0.1"},"msg":"incoming request"}
{"level":50,"time":1774821872926,"pid":9344,"hostname":"DESKTOP-MMVI6TQ","reqId":"req-p","err":{"type":"Error","message":"Missing or invalid authorization header","stack":"Error: Missing or invalid authorization header\n    at Object.authenticate (C:\\Users\\ASUS\\Desktop\\Modett\\Expense Tracker Application\\Expense Tracker\\apps\\api\\src\\plugins\\auth.ts:70:19)\n    at Object.<anonymous> (C:\\Users\\ASUS\\Desktop\\Modett\\Expense Tracker Application\\Expense Tracker\\modules\\identity-workspace\\infrastructure\\http\\routes\\index.ts:32:25)\n    at hookIterator (C:\\Users\\ASUS\\Desktop\\Modett\\Expense Tracker Application\\Expense Tracker\\node_modules\\.pnpm\\fastify@4.29.1\\node_modules\\fastify\\lib\\hooks.js:405:10)\n    at next (C:\\Users\\ASUS\\Desktop\\Modett\\Expense Tracker Application\\Expense Tracker\\node_modules\\.pnpm\\fastify@4.29.1\\node_modules\\fastify\\lib\\hooks.js:239:18)\n    at handleResolve (C:\\Users\\ASUS\\Desktop\\Modett\\Expense Tracker Application\\Expense Tracker\\node_modules\\.pnpm\\fastify@4.29.1\\node_modules\\fastify\\lib\\hooks.js:250:7)\n    at processTicksAndRejections (node:internal/process/task_queues:105:5)","statusCode":401},"url":"/api/v1/workspaces/4b0c5521-c499-4d1d-b495-ff6b404da3c2/members/f797504f-8298-4a00-b84b-2ffb5e6fb3b6/role","method":"PATCH","msg":"Missing or invalid authorization header"}
{"level":30,"time":1774821872927,"pid":9344,"hostname":"DESKTOP-MMVI6TQ","reqId":"req-p","res":{"statusCode":401},"responseTime":1.153499960899353,"msg":"request completed"}
{"level":30,"time":1774821872928,"pid":9344,"hostname":"DESKTOP-MMVI6TQ","reqId":"req-q","req":{"method":"PATCH","url":"/api/v1/workspaces/4b0c5521-c499-4d1d-b495-ff6b404da3c2/members/f797504f-8298-4a00-b84b-2ffb5e6fb3b6/role","hostname":"localhost:80","remoteAddress":"127.0.0.1"},"msg":"incoming request"}
{"level":50,"time":1774821872931,"pid":9344,"hostname":"DESKTOP-MMVI6TQ","reqId":"req-q","err":{"type":"Error","message":"body/role must be equal to one of the allowed values","stack":"Error: body/role must be equal to one of the allowed values\n    at Object.schemaErrorFormatter (C:\\Users\\ASUS\\Desktop\\Modett\\Expense Tracker Application\\Expense Tracker\\apps\\api\\src\\server.ts:35:14)\n    at wrapValidationError (C:\\Users\\ASUS\\Desktop\\Modett\\Expense Tracker Application\\Expense Tracker\\node_modules\\.pnpm\\fastify@4.29.1\\node_modules\\fastify\\lib\\validation.js:249:17)\n    at validate (C:\\Users\\ASUS\\Desktop\\Modett\\Expense Tracker Application\\Expense Tracker\\node_modules\\.pnpm\\fastify@4.29.1\\node_modules\\fastify\\lib\\validation.js:167:16)\n    at preValidationCallback (C:\\Users\\ASUS\\Desktop\\Modett\\Expense Tracker Application\\Expense Tracker\\node_modules\\.pnpm\\fastify@4.29.1\\node_modules\\fastify\\lib\\handleRequest.js:93:25)\n    at next (C:\\Users\\ASUS\\Desktop\\Modett\\Expense Tracker Application\\Expense Tracker\\node_modules\\.pnpm\\fastify@4.29.1\\node_modules\\fastify\\lib\\hooks.js:233:9)\n    at handleResolve (C:\\Users\\ASUS\\Desktop\\Modett\\Expense Tracker Application\\Expense Tracker\\node_modules\\.pnpm\\fastify@4.29.1\\node_modules\\fastify\\lib\\hooks.js:250:7)\n    at processTicksAndRejections (node:internal/process/task_queues:105:5)","statusCode":400,"code":"FST_ERR_VALIDATION","validation":[{"instancePath":"/role","schemaPath":"#/properties/role/enum","keyword":"enum","params":{"allowedValues":["admin","member","viewer"]},"message":"must be equal to one of the allowed values"}],"validationContext":"body"},"url":"/api/v1/workspaces/4b0c5521-c499-4d1d-b495-ff6b404da3c2/members/f797504f-8298-4a00-b84b-2ffb5e6fb3b6/role","method":"PATCH","msg":"body/role must be equal to one of the allowed values"}
{"level":30,"time":1774821872932,"pid":9344,"hostname":"DESKTOP-MMVI6TQ","reqId":"req-q","res":{"statusCode":400},"responseTime":4.222200036048889,"msg":"request completed"}
{"level":30,"time":1774821872936,"pid":9344,"hostname":"DESKTOP-MMVI6TQ","reqId":"req-r","req":{"method":"DELETE","url":"/api/v1/workspaces/4b0c5521-c499-4d1d-b495-ff6b404da3c2/members/f797504f-8298-4a00-b84b-2ffb5e6fb3b6","hostname":"localhost:80","remoteAddress":"127.0.0.1"},"msg":"incoming request"}
{"level":50,"time":1774821872937,"pid":9344,"hostname":"DESKTOP-MMVI6TQ","reqId":"req-r","err":{"type":"Error","message":"Missing or invalid authorization header","stack":"Error: Missing or invalid authorization header\n    at Object.authenticate (C:\\Users\\ASUS\\Desktop\\Modett\\Expense Tracker Application\\Expense Tracker\\apps\\api\\src\\plugins\\auth.ts:70:19)\n    at Object.<anonymous> (C:\\Users\\ASUS\\Desktop\\Modett\\Expense Tracker Application\\Expense Tracker\\modules\\identity-workspace\\infrastructure\\http\\routes\\index.ts:32:25)\n    at hookIterator (C:\\Users\\ASUS\\Desktop\\Modett\\Expense Tracker Application\\Expense Tracker\\node_modules\\.pnpm\\fastify@4.29.1\\node_modules\\fastify\\lib\\hooks.js:405:10)\n    at next (C:\\Users\\ASUS\\Desktop\\Modett\\Expense Tracker Application\\Expense Tracker\\node_modules\\.pnpm\\fastify@4.29.1\\node_modules\\fastify\\lib\\hooks.js:239:18)\n    at handleResolve (C:\\Users\\ASUS\\Desktop\\Modett\\Expense Tracker Application\\Expense Tracker\\node_modules\\.pnpm\\fastify@4.29.1\\node_modules\\fastify\\lib\\hooks.js:250:7)\n    at processTicksAndRejections (node:internal/process/task_queues:105:5)","statusCode":401},"url":"/api/v1/workspaces/4b0c5521-c499-4d1d-b495-ff6b404da3c2/members/f797504f-8298-4a00-b84b-2ffb5e6fb3b6","method":"DELETE","msg":"Missing or invalid authorization header"}
{"level":30,"time":1774821872937,"pid":9344,"hostname":"DESKTOP-MMVI6TQ","reqId":"req-r","res":{"statusCode":401},"responseTime":1.7257000207901,"msg":"request completed"}
{"level":30,"time":1774821872941,"pid":9344,"hostname":"DESKTOP-MMVI6TQ","reqId":"req-s","req":{"method":"POST","url":"/api/v1/workspaces/4b0c5521-c499-4d1d-b495-ff6b404da3c2/invitations","hostname":"localhost:80","remoteAddress":"127.0.0.1"},"msg":"incoming request"}
[90mstdout[2m | modules/identity-workspace/tests/identity-workspace.endpoints.test.ts[2m > [22m[2mIdentity Workspace Module - Endpoint Tests[2m > [22m[2mMember Endpoints[2m > [22m[2mGET /workspaces/:workspaceId/members[2m > [22m[2mÔ£à should list workspace members[22m[39m
List Members: [33m200[39m

[90mstdout[2m | modules/identity-workspace/tests/identity-workspace.endpoints.test.ts[2m > [22m[2mIdentity Workspace Module - Endpoint Tests[2m > [22m[2mMember Endpoints[2m > [22m[2mGET /workspaces/:workspaceId/members[2m > [22m[2mÔØî should fail without auth token[22m[39m
List Members No Auth: [33m401[39m

[90mstdout[2m | modules/identity-workspace/tests/identity-workspace.endpoints.test.ts[2m > [22m[2mIdentity Workspace Module - Endpoint Tests[2m > [22m[2mMember Endpoints[2m > [22m[2mPATCH /workspaces/:workspaceId/members/:userId/role[2m > [22m[2mÔØî should fail without auth token[22m[39m
Change Role No Auth: [33m401[39m

[90mstdout[2m | modules/identity-workspace/tests/identity-workspace.endpoints.test.ts[2m > [22m[2mIdentity Workspace Module - Endpoint Tests[2m > [22m[2mMember Endpoints[2m > [22m[2mPATCH /workspaces/:workspaceId/members/:userId/role[2m > [22m[2mÔØî should fail with invalid role[22m[39m
Invalid Role: [33m400[39m

[90mstdout[2m | modules/identity-workspace/tests/identity-workspace.endpoints.test.ts[2m > [22m[2mIdentity Workspace Module - Endpoint Tests[2m > [22m[2mMember Endpoints[2m > [22m[2mDELETE /workspaces/:workspaceId/members/:userId[2m > [22m[2mÔØî should fail without auth token[22m[39m
Remove Member No Auth: [33m401[39m

{"level":30,"time":1774821872972,"pid":9344,"hostname":"DESKTOP-MMVI6TQ","reqId":"req-s","res":{"statusCode":201},"responseTime":30.1771000623703,"msg":"request completed"}
{"level":30,"time":1774821872973,"pid":9344,"hostname":"DESKTOP-MMVI6TQ","reqId":"req-t","req":{"method":"POST","url":"/api/v1/workspaces/4b0c5521-c499-4d1d-b495-ff6b404da3c2/invitations","hostname":"localhost:80","remoteAddress":"127.0.0.1"},"msg":"incoming request"}
{"level":50,"time":1774821872973,"pid":9344,"hostname":"DESKTOP-MMVI6TQ","reqId":"req-t","err":{"type":"Error","message":"Missing or invalid authorization header","stack":"Error: Missing or invalid authorization header\n    at Object.authenticate (C:\\Users\\ASUS\\Desktop\\Modett\\Expense Tracker Application\\Expense Tracker\\apps\\api\\src\\plugins\\auth.ts:70:19)\n    at Object.<anonymous> (C:\\Users\\ASUS\\Desktop\\Modett\\Expense Tracker Application\\Expense Tracker\\modules\\identity-workspace\\infrastructure\\http\\routes\\invitation.routes.ts:89:21)\n    at hookIterator (C:\\Users\\ASUS\\Desktop\\Modett\\Expense Tracker Application\\Expense Tracker\\node_modules\\.pnpm\\fastify@4.29.1\\node_modules\\fastify\\lib\\hooks.js:405:10)\n    at next (C:\\Users\\ASUS\\Desktop\\Modett\\Expense Tracker Application\\Expense Tracker\\node_modules\\.pnpm\\fastify@4.29.1\\node_modules\\fastify\\lib\\hooks.js:239:18)\n    at handleResolve (C:\\Users\\ASUS\\Desktop\\Modett\\Expense Tracker Application\\Expense Tracker\\node_modules\\.pnpm\\fastify@4.29.1\\node_modules\\fastify\\lib\\hooks.js:250:7)\n    at processTicksAndRejections (node:internal/process/task_queues:105:5)","statusCode":401},"url":"/api/v1/workspaces/4b0c5521-c499-4d1d-b495-ff6b404da3c2/invitations","method":"POST","msg":"Missing or invalid authorization header"}
{"level":30,"time":1774821872983,"pid":9344,"hostname":"DESKTOP-MMVI6TQ","reqId":"req-t","res":{"statusCode":401},"responseTime":9.5135999917984,"msg":"request completed"}
{"level":30,"time":1774821872984,"pid":9344,"hostname":"DESKTOP-MMVI6TQ","reqId":"req-u","req":{"method":"POST","url":"/api/v1/workspaces/4b0c5521-c499-4d1d-b495-ff6b404da3c2/invitations","hostname":"localhost:80","remoteAddress":"127.0.0.1"},"msg":"incoming request"}
{"level":50,"time":1774821872987,"pid":9344,"hostname":"DESKTOP-MMVI6TQ","reqId":"req-u","err":{"type":"Error","message":"body/email must match format \"email\"","stack":"Error: body/email must match format \"email\"\n    at Object.schemaErrorFormatter (C:\\Users\\ASUS\\Desktop\\Modett\\Expense Tracker Application\\Expense Tracker\\apps\\api\\src\\server.ts:35:14)\n    at wrapValidationError (C:\\Users\\ASUS\\Desktop\\Modett\\Expense Tracker Application\\Expense Tracker\\node_modules\\.pnpm\\fastify@4.29.1\\node_modules\\fastify\\lib\\validation.js:249:17)\n    at validate (C:\\Users\\ASUS\\Desktop\\Modett\\Expense Tracker Application\\Expense Tracker\\node_modules\\.pnpm\\fastify@4.29.1\\node_modules\\fastify\\lib\\validation.js:167:16)\n    at preValidationCallback (C:\\Users\\ASUS\\Desktop\\Modett\\Expense Tracker Application\\Expense Tracker\\node_modules\\.pnpm\\fastify@4.29.1\\node_modules\\fastify\\lib\\handleRequest.js:93:25)\n    at next (C:\\Users\\ASUS\\Desktop\\Modett\\Expense Tracker Application\\Expense Tracker\\node_modules\\.pnpm\\fastify@4.29.1\\node_modules\\fastify\\lib\\hooks.js:233:9)\n    at handleResolve (C:\\Users\\ASUS\\Desktop\\Modett\\Expense Tracker Application\\Expense Tracker\\node_modules\\.pnpm\\fastify@4.29.1\\node_modules\\fastify\\lib\\hooks.js:250:7)\n    at processTicksAndRejections (node:internal/process/task_queues:105:5)","statusCode":400,"code":"FST_ERR_VALIDATION","validation":[{"instancePath":"/email","schemaPath":"#/properties/email/format","keyword":"format","params":{"format":"email"},"message":"must match format \"email\""}],"validationContext":"body"},"url":"/api/v1/workspaces/4b0c5521-c499-4d1d-b495-ff6b404da3c2/invitations","method":"POST","msg":"body/email must match format \"email\""}
{"level":30,"time":1774821872987,"pid":9344,"hostname":"DESKTOP-MMVI6TQ","reqId":"req-u","res":{"statusCode":400},"responseTime":3.5091999769210815,"msg":"request completed"}
{"level":30,"time":1774821872988,"pid":9344,"hostname":"DESKTOP-MMVI6TQ","reqId":"req-v","req":{"method":"POST","url":"/api/v1/workspaces/4b0c5521-c499-4d1d-b495-ff6b404da3c2/invitations","hostname":"localhost:80","remoteAddress":"127.0.0.1"},"msg":"incoming request"}
[90mstdout[2m | modules/identity-workspace/tests/identity-workspace.endpoints.test.ts[2m > [22m[2mIdentity Workspace Module - Endpoint Tests[2m > [22m[2mInvitation Endpoints[2m > [22m[2mPOST /workspaces/:workspaceId/invitations[2m > [22m[2mÔ£à should create an invitation[22m[39m
[EventBus] No handlers for event type: InvitationCreated
Create Invitation: [33m201[39m Invitation created successfully

[90mstdout[2m | modules/identity-workspace/tests/identity-workspace.endpoints.test.ts[2m > [22m[2mIdentity Workspace Module - Endpoint Tests[2m > [22m[2mInvitation Endpoints[2m > [22m[2mPOST /workspaces/:workspaceId/invitations[2m > [22m[2mÔØî should fail without auth token[22m[39m
Create Invitation No Auth: [33m401[39m

[90mstdout[2m | modules/identity-workspace/tests/identity-workspace.endpoints.test.ts[2m > [22m[2mIdentity Workspace Module - Endpoint Tests[2m > [22m[2mInvitation Endpoints[2m > [22m[2mPOST /workspaces/:workspaceId/invitations[2m > [22m[2mÔØî should fail with invalid email format[22m[39m
Invalid Email Invitation: [33m400[39m

[90mstdout[2m | modules/identity-workspace/tests/identity-workspace.endpoints.test.ts[2m > [22m[2mIdentity Workspace Module - Endpoint Tests[2m > [22m[2mInvitation Endpoints[2m > [22m[2mPOST /workspaces/:workspaceId/invitations[2m > [22m[2mÔØî should fail with invalid role[22m[39m
Invalid Role Invitation: [33m400[39m

{"level":50,"time":1774821872992,"pid":9344,"hostname":"DESKTOP-MMVI6TQ","reqId":"req-v","err":{"type":"Error","message":"body/role must be equal to one of the allowed values","stack":"Error: body/role must be equal to one of the allowed values\n    at Object.schemaErrorFormatter (C:\\Users\\ASUS\\Desktop\\Modett\\Expense Tracker Application\\Expense Tracker\\apps\\api\\src\\server.ts:35:14)\n    at wrapValidationError (C:\\Users\\ASUS\\Desktop\\Modett\\Expense Tracker Application\\Expense Tracker\\node_modules\\.pnpm\\fastify@4.29.1\\node_modules\\fastify\\lib\\validation.js:249:17)\n    at validate (C:\\Users\\ASUS\\Desktop\\Modett\\Expense Tracker Application\\Expense Tracker\\node_modules\\.pnpm\\fastify@4.29.1\\node_modules\\fastify\\lib\\validation.js:167:16)\n    at preValidationCallback (C:\\Users\\ASUS\\Desktop\\Modett\\Expense Tracker Application\\Expense Tracker\\node_modules\\.pnpm\\fastify@4.29.1\\node_modules\\fastify\\lib\\handleRequest.js:93:25)\n    at next (C:\\Users\\ASUS\\Desktop\\Modett\\Expense Tracker Application\\Expense Tracker\\node_modules\\.pnpm\\fastify@4.29.1\\node_modules\\fastify\\lib\\hooks.js:233:9)\n    at handleResolve (C:\\Users\\ASUS\\Desktop\\Modett\\Expense Tracker Application\\Expense Tracker\\node_modules\\.pnpm\\fastify@4.29.1\\node_modules\\fastify\\lib\\hooks.js:250:7)\n    at processTicksAndRejections (node:internal/process/task_queues:105:5)","statusCode":400,"code":"FST_ERR_VALIDATION","validation":[{"instancePath":"/role","schemaPath":"#/properties/role/enum","keyword":"enum","params":{"allowedValues":["admin","member","viewer"]},"message":"must be equal to one of the allowed values"}],"validationContext":"body"},"url":"/api/v1/workspaces/4b0c5521-c499-4d1d-b495-ff6b404da3c2/invitations","method":"POST","msg":"body/role must be equal to one of the allowed values"}
{"level":30,"time":1774821872993,"pid":9344,"hostname":"DESKTOP-MMVI6TQ","reqId":"req-v","res":{"statusCode":400},"responseTime":4.89900004863739,"msg":"request completed"}
{"level":30,"time":1774821872996,"pid":9344,"hostname":"DESKTOP-MMVI6TQ","reqId":"req-w","req":{"method":"GET","url":"/api/v1/invitations/1f33a33fef705d3251651a86d2c90383ee251f53de5fc3f60f6c749690f5b34b","hostname":"localhost:80","remoteAddress":"127.0.0.1"},"msg":"incoming request"}
{"level":30,"time":1774821873022,"pid":9344,"hostname":"DESKTOP-MMVI6TQ","reqId":"req-w","res":{"statusCode":200},"responseTime":25.829100012779236,"msg":"request completed"}
{"level":30,"time":1774821873023,"pid":9344,"hostname":"DESKTOP-MMVI6TQ","reqId":"req-x","req":{"method":"GET","url":"/api/v1/invitations/invalid-token-12345","hostname":"localhost:80","remoteAddress":"127.0.0.1"},"msg":"incoming request"}
[90mstdout[2m | modules/identity-workspace/tests/identity-workspace.endpoints.test.ts[2m > [22m[2mIdentity Workspace Module - Endpoint Tests[2m > [22m[2mInvitation Endpoints[2m > [22m[2mGET /invitations/:token[2m > [22m[2mÔ£à should get invitation by token (public)[22m[39m
Get Invitation: [33m200[39m

{"level":30,"time":1774821873034,"pid":9344,"hostname":"DESKTOP-MMVI6TQ","reqId":"req-x","res":{"statusCode":404},"responseTime":10.764900088310242,"msg":"request completed"}
{"level":30,"time":1774821873035,"pid":9344,"hostname":"DESKTOP-MMVI6TQ","reqId":"req-y","req":{"method":"GET","url":"/api/v1/workspaces/4b0c5521-c499-4d1d-b495-ff6b404da3c2/invitations","hostname":"localhost:80","remoteAddress":"127.0.0.1"},"msg":"incoming request"}
[90mstdout[2m | modules/identity-workspace/tests/identity-workspace.endpoints.test.ts[2m > [22m[2mIdentity Workspace Module - Endpoint Tests[2m > [22m[2mInvitation Endpoints[2m > [22m[2mGET /invitations/:token[2m > [22m[2mÔØî should fail with invalid token[22m[39m
Invalid Invitation Token: [33m404[39m

{"level":30,"time":1774821873066,"pid":9344,"hostname":"DESKTOP-MMVI6TQ","reqId":"req-y","res":{"statusCode":200},"responseTime":30.822800040245056,"msg":"request completed"}
{"level":30,"time":1774821873067,"pid":9344,"hostname":"DESKTOP-MMVI6TQ","reqId":"req-z","req":{"method":"GET","url":"/api/v1/workspaces/4b0c5521-c499-4d1d-b495-ff6b404da3c2/invitations","hostname":"localhost:80","remoteAddress":"127.0.0.1"},"msg":"incoming request"}
{"level":50,"time":1774821873067,"pid":9344,"hostname":"DESKTOP-MMVI6TQ","reqId":"req-z","err":{"type":"Error","message":"Missing or invalid authorization header","stack":"Error: Missing or invalid authorization header\n    at Object.authenticate (C:\\Users\\ASUS\\Desktop\\Modett\\Expense Tracker Application\\Expense Tracker\\apps\\api\\src\\plugins\\auth.ts:70:19)\n    at Object.<anonymous> (C:\\Users\\ASUS\\Desktop\\Modett\\Expense Tracker Application\\Expense Tracker\\modules\\identity-workspace\\infrastructure\\http\\routes\\invitation.routes.ts:89:21)\n    at hookIterator (C:\\Users\\ASUS\\Desktop\\Modett\\Expense Tracker Application\\Expense Tracker\\node_modules\\.pnpm\\fastify@4.29.1\\node_modules\\fastify\\lib\\hooks.js:405:10)\n    at next (C:\\Users\\ASUS\\Desktop\\Modett\\Expense Tracker Application\\Expense Tracker\\node_modules\\.pnpm\\fastify@4.29.1\\node_modules\\fastify\\lib\\hooks.js:239:18)\n    at handleResolve (C:\\Users\\ASUS\\Desktop\\Modett\\Expense Tracker Application\\Expense Tracker\\node_modules\\.pnpm\\fastify@4.29.1\\node_modules\\fastify\\lib\\hooks.js:250:7)\n    at processTicksAndRejections (node:internal/process/task_queues:105:5)","statusCode":401},"url":"/api/v1/workspaces/4b0c5521-c499-4d1d-b495-ff6b404da3c2/invitations","method":"GET","msg":"Missing or invalid authorization header"}
{"level":30,"time":1774821873068,"pid":9344,"hostname":"DESKTOP-MMVI6TQ","reqId":"req-z","res":{"statusCode":401},"responseTime":1.0432000160217285,"msg":"request completed"}
{"level":30,"time":1774821873069,"pid":9344,"hostname":"DESKTOP-MMVI6TQ","reqId":"req-10","req":{"method":"POST","url":"/api/v1/invitations/1f33a33fef705d3251651a86d2c90383ee251f53de5fc3f60f6c749690f5b34b/accept","hostname":"localhost:80","remoteAddress":"127.0.0.1"},"msg":"incoming request"}
{"level":50,"time":1774821873070,"pid":9344,"hostname":"DESKTOP-MMVI6TQ","reqId":"req-10","err":{"type":"Error","message":"Missing or invalid authorization header","stack":"Error: Missing or invalid authorization header\n    at Object.authenticate (C:\\Users\\ASUS\\Desktop\\Modett\\Expense Tracker Application\\Expense Tracker\\apps\\api\\src\\plugins\\auth.ts:70:19)\n    at Object.<anonymous> (C:\\Users\\ASUS\\Desktop\\Modett\\Expense Tracker Application\\Expense Tracker\\modules\\identity-workspace\\infrastructure\\http\\routes\\invitation.routes.ts:89:21)\n    at hookIterator (C:\\Users\\ASUS\\Desktop\\Modett\\Expense Tracker Application\\Expense Tracker\\node_modules\\.pnpm\\fastify@4.29.1\\node_modules\\fastify\\lib\\hooks.js:405:10)\n    at next (C:\\Users\\ASUS\\Desktop\\Modett\\Expense Tracker Application\\Expense Tracker\\node_modules\\.pnpm\\fastify@4.29.1\\node_modules\\fastify\\lib\\hooks.js:239:18)\n    at handleResolve (C:\\Users\\ASUS\\Desktop\\Modett\\Expense Tracker Application\\Expense Tracker\\node_modules\\.pnpm\\fastify@4.29.1\\node_modules\\fastify\\lib\\hooks.js:250:7)\n    at processTicksAndRejections (node:internal/process/task_queues:105:5)","statusCode":401},"url":"/api/v1/invitations/1f33a33fef705d3251651a86d2c90383ee251f53de5fc3f60f6c749690f5b34b/accept","method":"POST","msg":"Missing or invalid authorization header"}
{"level":30,"time":1774821873072,"pid":9344,"hostname":"DESKTOP-MMVI6TQ","reqId":"req-10","res":{"statusCode":401},"responseTime":2.9364999532699585,"msg":"request completed"}
{"level":30,"time":1774821873073,"pid":9344,"hostname":"DESKTOP-MMVI6TQ","reqId":"req-11","req":{"method":"DELETE","url":"/api/v1/workspaces/4b0c5521-c499-4d1d-b495-ff6b404da3c2/invitations/00000000-0000-0000-0000-000000000000","hostname":"localhost:80","remoteAddress":"127.0.0.1"},"msg":"incoming request"}
{"level":50,"time":1774821873074,"pid":9344,"hostname":"DESKTOP-MMVI6TQ","reqId":"req-11","err":{"type":"Error","message":"Missing or invalid authorization header","stack":"Error: Missing or invalid authorization header\n    at Object.authenticate (C:\\Users\\ASUS\\Desktop\\Modett\\Expense Tracker Application\\Expense Tracker\\apps\\api\\src\\plugins\\auth.ts:70:19)\n    at Object.<anonymous> (C:\\Users\\ASUS\\Desktop\\Modett\\Expense Tracker Application\\Expense Tracker\\modules\\identity-workspace\\infrastructure\\http\\routes\\invitation.routes.ts:89:21)\n    at hookIterator (C:\\Users\\ASUS\\Desktop\\Modett\\Expense Tracker Application\\Expense Tracker\\node_modules\\.pnpm\\fastify@4.29.1\\node_modules\\fastify\\lib\\hooks.js:405:10)\n    at next (C:\\Users\\ASUS\\Desktop\\Modett\\Expense Tracker Application\\Expense Tracker\\node_modules\\.pnpm\\fastify@4.29.1\\node_modules\\fastify\\lib\\hooks.js:239:18)\n    at handleResolve (C:\\Users\\ASUS\\Desktop\\Modett\\Expense Tracker Application\\Expense Tracker\\node_modules\\.pnpm\\fastify@4.29.1\\node_modules\\fastify\\lib\\hooks.js:250:7)\n    at processTicksAndRejections (node:internal/process/task_queues:105:5)","statusCode":401},"url":"/api/v1/workspaces/4b0c5521-c499-4d1d-b495-ff6b404da3c2/invitations/00000000-0000-0000-0000-000000000000","method":"DELETE","msg":"Missing or invalid authorization header"}
{"level":30,"time":1774821873076,"pid":9344,"hostname":"DESKTOP-MMVI6TQ","reqId":"req-11","res":{"statusCode":401},"responseTime":2.4642999172210693,"msg":"request completed"}
{"level":30,"time":1774821873077,"pid":9344,"hostname":"DESKTOP-MMVI6TQ","reqId":"req-12","req":{"method":"GET","url":"/api/v1/workspaces/4b0c5521-c499-4d1d-b495-ff6b404da3c2/invitations","hostname":"localhost:80","remoteAddress":"127.0.0.1"},"msg":"incoming request"}
[90mstdout[2m | modules/identity-workspace/tests/identity-workspace.endpoints.test.ts[2m > [22m[2mIdentity Workspace Module - Endpoint Tests[2m > [22m[2mInvitation Endpoints[2m > [22m[2mGET /workspaces/:workspaceId/invitations[2m > [22m[2mÔ£à should list workspace invitations[22m[39m
List Invitations: [33m200[39m

[90mstdout[2m | modules/identity-workspace/tests/identity-workspace.endpoints.test.ts[2m > [22m[2mIdentity Workspace Module - Endpoint Tests[2m > [22m[2mInvitation Endpoints[2m > [22m[2mGET /workspaces/:workspaceId/invitations[2m > [22m[2mÔØî should fail without auth token[22m[39m
List Invitations No Auth: [33m401[39m

[90mstdout[2m | modules/identity-workspace/tests/identity-workspace.endpoints.test.ts[2m > [22m[2mIdentity Workspace Module - Endpoint Tests[2m > [22m[2mInvitation Endpoints[2m > [22m[2mPOST /invitations/:token/accept[2m > [22m[2mÔØî should fail without auth token[22m[39m
Accept Invitation No Auth: [33m401[39m

[90mstdout[2m | modules/identity-workspace/tests/identity-workspace.endpoints.test.ts[2m > [22m[2mIdentity Workspace Module - Endpoint Tests[2m > [22m[2mInvitation Endpoints[2m > [22m[2mDELETE /workspaces/:workspaceId/invitations/:invitationId[2m > [22m[2mÔØî should fail without auth token[22m[39m
Cancel Invitation No Auth: [33m401[39m

{"level":30,"time":1774821873091,"pid":9344,"hostname":"DESKTOP-MMVI6TQ","reqId":"req-12","res":{"statusCode":200},"responseTime":14.476400017738342,"msg":"request completed"}
{"level":30,"time":1774821873092,"pid":9344,"hostname":"DESKTOP-MMVI6TQ","reqId":"req-13","req":{"method":"DELETE","url":"/api/v1/workspaces/4b0c5521-c499-4d1d-b495-ff6b404da3c2/invitations/6ca1242c-87a0-4a41-9785-649a1d7542fe","hostname":"localhost:80","remoteAddress":"127.0.0.1"},"msg":"incoming request"}
{"level":30,"time":1774821873106,"pid":9344,"hostname":"DESKTOP-MMVI6TQ","reqId":"req-13","res":{"statusCode":204},"responseTime":13.823200106620789,"msg":"request completed"}
[90mstdout[2m | modules/identity-workspace/tests/identity-workspace.endpoints.test.ts[2m > [22m[2mIdentity Workspace Module - Endpoint Tests[2m > [22m[2mInvitation Endpoints[2m > [22m[2mDELETE /workspaces/:workspaceId/invitations/:invitationId[2m > [22m[2mÔ£à should cancel an invitation[22m[39m
Cancel Invitation: [33m204[39m

[90mstdout[2m | modules/identity-workspace/tests/identity-workspace.endpoints.test.ts[2m > [22m[2mIdentity Workspace Module - Endpoint Tests[2m > [22m[2m­ƒôè Endpoint Summary Report[2m > [22m[2mshould print endpoint summary[22m[39m


================================================
   IDENTITY WORKSPACE MODULE - ENDPOINT SUMMARY  
================================================

AUTHENTICATION ENDPOINTS:
  POST   /auth/register     - Register User
  POST   /auth/login        - Login User
  GET    /auth/me           - Get Current User

WORKSPACE ENDPOINTS:
  POST   /workspaces        - Create Workspace
  GET    /workspaces        - List User Workspaces
  GET    /workspaces/:id    - Get Workspace
  PATCH  /workspaces/:id    - Update Workspace
  DELETE /workspaces/:id    - Delete Workspace

MEMBER ENDPOINTS:
  GET    /workspaces/:id/members           - List Members
  DELETE /workspaces/:id/members/:userId   - Remove Member
  PATCH  /workspaces/:id/members/:userId/role - Change Role

INVITATION ENDPOINTS:
  POST   /workspaces/:id/invitations       - Create Invitation
  GET    /workspaces/:id/invitations       - List Invitations
  GET    /invitations/:token               - Get Invitation (Public)
  POST   /invitations/:token/accept        - Accept Invitation
  DELETE /workspaces/:id/invitations/:invId - Cancel Invitation

================================================
   TOTAL: 16 ENDPOINTS TESTED                    
================================================

{"level":30,"time":1774821873143,"pid":9344,"hostname":"DESKTOP-MMVI6TQ","msg":"Database connection closed"}
 [32mÔ£ô[39m modules/identity-workspace/tests/identity-workspace.endpoints.test.ts [2m ([22m[2m38 tests[22m[2m)[22m[33m 3789[2mms[22m[39m
{"level":30,"time":1774821872123,"pid":9344,"hostname":"DESKTOP-MMVI6TQ","msg":"Registering modules..."}
{"level":30,"time":1774821872144,"pid":9344,"hostname":"DESKTOP-MMVI6TQ","msg":"Ô£ô Identity-Workspace module registered"}
{"level":30,"time":1774821872168,"pid":9344,"hostname":"DESKTOP-MMVI6TQ","msg":"Ô£ô Expense-Ledger module registered"}
{"level":30,"time":1774821872184,"pid":9344,"hostname":"DESKTOP-MMVI6TQ","msg":"Ô£ô Budget Management module registered"}
{"level":30,"time":1774821872199,"pid":9344,"hostname":"DESKTOP-MMVI6TQ","msg":"Ô£ô Receipt Vault module registered"}
{"level":30,"time":1774821872225,"pid":9344,"hostname":"DESKTOP-MMVI6TQ","msg":"Ô£ô Notification Dispatch module registered"}
{"level":30,"time":1774821872243,"pid":9344,"hostname":"DESKTOP-MMVI6TQ","msg":"Ô£ô Cost Allocation module registered"}
{"level":30,"time":1774821872263,"pid":9344,"hostname":"DESKTOP-MMVI6TQ","msg":"Ô£ô Categorization Rules module registered"}
{"level":30,"time":1774821872277,"pid":9344,"hostname":"DESKTOP-MMVI6TQ","msg":"Ô£ô Budget Planning module registered"}
{"level":30,"time":1774821872295,"pid":9344,"hostname":"DESKTOP-MMVI6TQ","msg":"Ô£ô Audit Compliance module registered"}
{"level":30,"time":1774821872348,"pid":9344,"hostname":"DESKTOP-MMVI6TQ","msg":"Ô£ô Bank Feed Sync module registered"}
{"level":30,"time":1774821872357,"pid":9344,"hostname":"DESKTOP-MMVI6TQ","msg":"Ô£ô Event Outbox module registered"}
{"level":30,"time":1774821872357,"pid":9344,"hostname":"DESKTOP-MMVI6TQ","msg":"All modules registered successfully"}
{"level":30,"time":1774821873550,"pid":9344,"hostname":"DESKTOP-MMVI6TQ","reqId":"req-1","req":{"method":"POST","url":"/api/v1/auth/register","hostname":"localhost:80","remoteAddress":"127.0.0.1"},"msg":"incoming request"}
[90mstdout[2m | modules/identity-workspace/tests/auth.test.ts[2m > [22m[2mIdentity-Workspace Module - Authentication[22m[39m
[Container] Notification Event Handlers registered

 [32mÔ£ô[39m modules/categorization-rules/tests/category-rule.service.test.ts [2m ([22m[2m5 tests[22m[2m)[22m[90m 18[2mms[22m[39m
{"level":30,"time":1774821873663,"pid":9344,"hostname":"DESKTOP-MMVI6TQ","msg":"Security plugins registered (CORS, Helmet, Rate Limit)"}
[90mstdout[2m | modules/budget-management/tests/budget.service.integration.test.ts[2m > [22m[2mBudgetService Integration[22m[39m
[Container] Notification Event Handlers registered

{"level":30,"time":1774821872337,"pid":9344,"hostname":"DESKTOP-MMVI6TQ","msg":"Registering modules..."}
{"level":30,"time":1774821872375,"pid":9344,"hostname":"DESKTOP-MMVI6TQ","msg":"Ô£ô Identity-Workspace module registered"}
{"level":30,"time":1774821872407,"pid":9344,"hostname":"DESKTOP-MMVI6TQ","msg":"Ô£ô Expense-Ledger module registered"}
{"level":30,"time":1774821872420,"pid":9344,"hostname":"DESKTOP-MMVI6TQ","msg":"Ô£ô Budget Management module registered"}
{"level":30,"time":1774821872452,"pid":9344,"hostname":"DESKTOP-MMVI6TQ","msg":"Ô£ô Receipt Vault module registered"}
{"level":30,"time":1774821872490,"pid":9344,"hostname":"DESKTOP-MMVI6TQ","msg":"Ô£ô Notification Dispatch module registered"}
{"level":30,"time":1774821872510,"pid":9344,"hostname":"DESKTOP-MMVI6TQ","msg":"Ô£ô Cost Allocation module registered"}
{"level":30,"time":1774821872533,"pid":9344,"hostname":"DESKTOP-MMVI6TQ","msg":"Ô£ô Categorization Rules module registered"}
{"level":30,"time":1774821872552,"pid":9344,"hostname":"DESKTOP-MMVI6TQ","msg":"Ô£ô Budget Planning module registered"}
{"level":30,"time":1774821872563,"pid":9344,"hostname":"DESKTOP-MMVI6TQ","msg":"Ô£ô Audit Compliance module registered"}
{"level":30,"time":1774821872607,"pid":9344,"hostname":"DESKTOP-MMVI6TQ","msg":"Ô£ô Bank Feed Sync module registered"}
{"level":30,"time":1774821872619,"pid":9344,"hostname":"DESKTOP-MMVI6TQ","msg":"Ô£ô Event Outbox module registered"}
{"level":30,"time":1774821872619,"pid":9344,"hostname":"DESKTOP-MMVI6TQ","msg":"All modules registered successfully"}
{"level":30,"time":1774821873804,"pid":9344,"hostname":"DESKTOP-MMVI6TQ","reqId":"req-1","req":{"method":"POST","url":"/api/v1/auth/register","hostname":"localhost:80","remoteAddress":"127.0.0.1"},"msg":"incoming request"}
{"level":30,"time":1774821873665,"pid":9344,"hostname":"DESKTOP-MMVI6TQ","msg":"Database client registered"}
{"level":30,"time":1774821873665,"pid":9344,"hostname":"DESKTOP-MMVI6TQ","msg":"Authentication plugin registered"}
{"level":30,"time":1774821873666,"pid":9344,"hostname":"DESKTOP-MMVI6TQ","msg":"Error handler plugin registered"}
{"level":30,"time":1774821873946,"pid":9344,"hostname":"DESKTOP-MMVI6TQ","reqId":"req-1","res":{"statusCode":201},"responseTime":395.7809000015259,"msg":"request completed"}
{"level":30,"time":1774821873951,"pid":9344,"hostname":"DESKTOP-MMVI6TQ","reqId":"req-2","req":{"method":"POST","url":"/api/v1/auth/register","hostname":"localhost:80","remoteAddress":"127.0.0.1"},"msg":"incoming request"}
[90mstdout[2m | modules/identity-workspace/tests/auth.test.ts[2m > [22m[2mIdentity-Workspace Module - Authentication[2m > [22m[2mPOST /auth/register[2m > [22m[2mshould register a new user successfully[22m[39m
[Notification] UserCreated event for testuser@example.com - skipping in-app notification (no workspace context)
[AuditEventListener] Skipping system-level event without workspaceId: UserCreated

{"level":30,"time":1774821874216,"pid":9344,"hostname":"DESKTOP-MMVI6TQ","reqId":"req-1","res":{"statusCode":201},"responseTime":412.00249993801117,"msg":"request completed"}
{"level":30,"time":1774821874219,"pid":9344,"hostname":"DESKTOP-MMVI6TQ","msg":"Ô£ô DI Container initialized"}
{"level":30,"time":1774821874218,"pid":9344,"hostname":"DESKTOP-MMVI6TQ","reqId":"req-2","req":{"method":"POST","url":"/api/v1/auth/login","hostname":"localhost:80","remoteAddress":"127.0.0.1"},"msg":"incoming request"}
{"level":30,"time":1774821874229,"pid":9344,"hostname":"DESKTOP-MMVI6TQ","reqId":"req-2","res":{"statusCode":409},"responseTime":277.8738000392914,"msg":"request completed"}
[90mstdout[2m | modules/budget-management/tests/budget.service.integration.test.ts[2m > [22m[2mBudgetService Integration[22m[39m
[Notification] UserCreated event for budget_test_1774821872621@example.com - skipping in-app notification (no workspace context)
[AuditEventListener] Skipping system-level event without workspaceId: UserCreated

{"level":30,"time":1774821874231,"pid":9344,"hostname":"DESKTOP-MMVI6TQ","reqId":"req-3","req":{"method":"POST","url":"/api/v1/auth/register","hostname":"localhost:80","remoteAddress":"127.0.0.1"},"msg":"incoming request"}
{"level":50,"time":1774821874240,"pid":9344,"hostname":"DESKTOP-MMVI6TQ","reqId":"req-3","err":{"type":"Error","message":"body must have required property 'email'","stack":"Error: body must have required property 'email'\n    at Object.schemaErrorFormatter (C:\\Users\\ASUS\\Desktop\\Modett\\Expense Tracker Application\\Expense Tracker\\apps\\api\\src\\server.ts:35:14)\n    at wrapValidationError (C:\\Users\\ASUS\\Desktop\\Modett\\Expense Tracker Application\\Expense Tracker\\node_modules\\.pnpm\\fastify@4.29.1\\node_modules\\fastify\\lib\\validation.js:249:17)\n    at validate (C:\\Users\\ASUS\\Desktop\\Modett\\Expense Tracker Application\\Expense Tracker\\node_modules\\.pnpm\\fastify@4.29.1\\node_modules\\fastify\\lib\\validation.js:167:16)\n    at preValidationCallback (C:\\Users\\ASUS\\Desktop\\Modett\\Expense Tracker Application\\Expense Tracker\\node_modules\\.pnpm\\fastify@4.29.1\\node_modules\\fastify\\lib\\handleRequest.js:93:25)\n    at handler (C:\\Users\\ASUS\\Desktop\\Modett\\Expense Tracker Application\\Expense Tracker\\node_modules\\.pnpm\\fastify@4.29.1\\node_modules\\fastify\\lib\\handleRequest.js:77:7)\n    at C:\\Users\\ASUS\\Desktop\\Modett\\Expense Tracker Application\\Expense Tracker\\node_modules\\.pnpm\\fastify@4.29.1\\node_modules\\fastify\\lib\\contentTypeParser.js:199:9\n    at AsyncResource.runInAsyncScope (node:async_hooks:214:14)\n    at done (C:\\Users\\ASUS\\Desktop\\Modett\\Expense Tracker Application\\Expense Tracker\\node_modules\\.pnpm\\fastify@4.29.1\\node_modules\\fastify\\lib\\contentTypeParser.js:192:14)\n    at Parser.defaultJsonParser [as fn] (C:\\Users\\ASUS\\Desktop\\Modett\\Expense Tracker Application\\Expense Tracker\\node_modules\\.pnpm\\fastify@4.29.1\\node_modules\\fastify\\lib\\contentTypeParser.js:304:5)\n    at Request.onEnd (C:\\Users\\ASUS\\Desktop\\Modett\\Expense Tracker Application\\Expense Tracker\\node_modules\\.pnpm\\fastify@4.29.1\\node_modules\\fastify\\lib\\contentTypeParser.js:283:27)","statusCode":400,"code":"FST_ERR_VALIDATION","validation":[{"instancePath":"","schemaPath":"#/required","keyword":"required","params":{"missingProperty":"email"},"message":"must have required property 'email'"}],"validationContext":"body"},"url":"/api/v1/auth/register","method":"POST","msg":"body must have required property 'email'"}
{"level":30,"time":1774821874253,"pid":9344,"hostname":"DESKTOP-MMVI6TQ","reqId":"req-3","res":{"statusCode":400},"responseTime":14.835999965667725,"msg":"request completed"}
{"level":30,"time":1774821874255,"pid":9344,"hostname":"DESKTOP-MMVI6TQ","reqId":"req-4","req":{"method":"POST","url":"/api/v1/auth/register","hostname":"localhost:80","remoteAddress":"127.0.0.1"},"msg":"incoming request"}
{"level":50,"time":1774821874256,"pid":9344,"hostname":"DESKTOP-MMVI6TQ","reqId":"req-4","err":{"type":"Error","message":"body/password must NOT have fewer than 8 characters","stack":"Error: body/password must NOT have fewer than 8 characters\n    at Object.schemaErrorFormatter (C:\\Users\\ASUS\\Desktop\\Modett\\Expense Tracker Application\\Expense Tracker\\apps\\api\\src\\server.ts:35:14)\n    at wrapValidationError (C:\\Users\\ASUS\\Desktop\\Modett\\Expense Tracker Application\\Expense Tracker\\node_modules\\.pnpm\\fastify@4.29.1\\node_modules\\fastify\\lib\\validation.js:249:17)\n    at validate (C:\\Users\\ASUS\\Desktop\\Modett\\Expense Tracker Application\\Expense Tracker\\node_modules\\.pnpm\\fastify@4.29.1\\node_modules\\fastify\\lib\\validation.js:167:16)\n    at preValidationCallback (C:\\Users\\ASUS\\Desktop\\Modett\\Expense Tracker Application\\Expense Tracker\\node_modules\\.pnpm\\fastify@4.29.1\\node_modules\\fastify\\lib\\handleRequest.js:93:25)\n    at handler (C:\\Users\\ASUS\\Desktop\\Modett\\Expense Tracker Application\\Expense Tracker\\node_modules\\.pnpm\\fastify@4.29.1\\node_modules\\fastify\\lib\\handleRequest.js:77:7)\n    at C:\\Users\\ASUS\\Desktop\\Modett\\Expense Tracker Application\\Expense Tracker\\node_modules\\.pnpm\\fastify@4.29.1\\node_modules\\fastify\\lib\\contentTypeParser.js:199:9\n    at AsyncResource.runInAsyncScope (node:async_hooks:214:14)\n    at done (C:\\Users\\ASUS\\Desktop\\Modett\\Expense Tracker Application\\Expense Tracker\\node_modules\\.pnpm\\fastify@4.29.1\\node_modules\\fastify\\lib\\contentTypeParser.js:192:14)\n    at Parser.defaultJsonParser [as fn] (C:\\Users\\ASUS\\Desktop\\Modett\\Expense Tracker Application\\Expense Tracker\\node_modules\\.pnpm\\fastify@4.29.1\\node_modules\\fastify\\lib\\contentTypeParser.js:304:5)\n    at Request.onEnd (C:\\Users\\ASUS\\Desktop\\Modett\\Expense Tracker Application\\Expense Tracker\\node_modules\\.pnpm\\fastify@4.29.1\\node_modules\\fastify\\lib\\contentTypeParser.js:283:27)","statusCode":400,"code":"FST_ERR_VALIDATION","validation":[{"instancePath":"/password","schemaPath":"#/properties/password/minLength","keyword":"minLength","params":{"limit":8},"message":"must NOT have fewer than 8 characters"}],"validationContext":"body"},"url":"/api/v1/auth/register","method":"POST","msg":"body/password must NOT have fewer than 8 characters"}
{"level":30,"time":1774821874258,"pid":9344,"hostname":"DESKTOP-MMVI6TQ","reqId":"req-4","res":{"statusCode":400},"responseTime":3.361699938774109,"msg":"request completed"}
{"level":30,"time":1774821874260,"pid":9344,"hostname":"DESKTOP-MMVI6TQ","reqId":"req-5","req":{"method":"POST","url":"/api/v1/auth/register","hostname":"localhost:80","remoteAddress":"127.0.0.1"},"msg":"incoming request"}
{"level":50,"time":1774821874262,"pid":9344,"hostname":"DESKTOP-MMVI6TQ","reqId":"req-5","err":{"type":"Error","message":"body/email must match format \"email\"","stack":"Error: body/email must match format \"email\"\n    at Object.schemaErrorFormatter (C:\\Users\\ASUS\\Desktop\\Modett\\Expense Tracker Application\\Expense Tracker\\apps\\api\\src\\server.ts:35:14)\n    at wrapValidationError (C:\\Users\\ASUS\\Desktop\\Modett\\Expense Tracker Application\\Expense Tracker\\node_modules\\.pnpm\\fastify@4.29.1\\node_modules\\fastify\\lib\\validation.js:249:17)\n    at validate (C:\\Users\\ASUS\\Desktop\\Modett\\Expense Tracker Application\\Expense Tracker\\node_modules\\.pnpm\\fastify@4.29.1\\node_modules\\fastify\\lib\\validation.js:167:16)\n    at preValidationCallback (C:\\Users\\ASUS\\Desktop\\Modett\\Expense Tracker Application\\Expense Tracker\\node_modules\\.pnpm\\fastify@4.29.1\\node_modules\\fastify\\lib\\handleRequest.js:93:25)\n    at handler (C:\\Users\\ASUS\\Desktop\\Modett\\Expense Tracker Application\\Expense Tracker\\node_modules\\.pnpm\\fastify@4.29.1\\node_modules\\fastify\\lib\\handleRequest.js:77:7)\n    at C:\\Users\\ASUS\\Desktop\\Modett\\Expense Tracker Application\\Expense Tracker\\node_modules\\.pnpm\\fastify@4.29.1\\node_modules\\fastify\\lib\\contentTypeParser.js:199:9\n    at AsyncResource.runInAsyncScope (node:async_hooks:214:14)\n    at done (C:\\Users\\ASUS\\Desktop\\Modett\\Expense Tracker Application\\Expense Tracker\\node_modules\\.pnpm\\fastify@4.29.1\\node_modules\\fastify\\lib\\contentTypeParser.js:192:14)\n    at Parser.defaultJsonParser [as fn] (C:\\Users\\ASUS\\Desktop\\Modett\\Expense Tracker Application\\Expense Tracker\\node_modules\\.pnpm\\fastify@4.29.1\\node_modules\\fastify\\lib\\contentTypeParser.js:304:5)\n    at Request.onEnd (C:\\Users\\ASUS\\Desktop\\Modett\\Expense Tracker Application\\Expense Tracker\\node_modules\\.pnpm\\fastify@4.29.1\\node_modules\\fastify\\lib\\contentTypeParser.js:283:27)","statusCode":400,"code":"FST_ERR_VALIDATION","validation":[{"instancePath":"/email","schemaPath":"#/properties/email/format","keyword":"format","params":{"format":"email"},"message":"must match format \"email\""}],"validationContext":"body"},"url":"/api/v1/auth/register","method":"POST","msg":"body/email must match format \"email\""}
{"level":30,"time":1774821874263,"pid":9344,"hostname":"DESKTOP-MMVI6TQ","reqId":"req-5","res":{"statusCode":400},"responseTime":3.300399899482727,"msg":"request completed"}
{"level":30,"time":1774821874266,"pid":9344,"hostname":"DESKTOP-MMVI6TQ","reqId":"req-6","req":{"method":"POST","url":"/api/v1/auth/login","hostname":"localhost:80","remoteAddress":"127.0.0.1"},"msg":"incoming request"}
 [32mÔ£ô[39m modules/approval-workflow/tests/commands.unit.test.ts [2m ([22m[2m7 tests[22m[2m)[22m[90m 50[2mms[22m[39m
{"level":30,"time":1774821874469,"pid":9344,"hostname":"DESKTOP-MMVI6TQ","reqId":"req-2","res":{"statusCode":200},"responseTime":251.10980010032654,"msg":"request completed"}
{"level":30,"time":1774821874470,"pid":9344,"hostname":"DESKTOP-MMVI6TQ","reqId":"req-3","req":{"method":"POST","url":"/api/v1/workspaces","hostname":"localhost:80","remoteAddress":"127.0.0.1"},"msg":"incoming request"}
[90mstdout[2m | modules/budget-management/tests/budget.service.integration.test.ts[2m > [22m[2mBudgetService Integration[22m[39m
[EventBus] No handlers for event type: audit.log_created

{"level":30,"time":1774821874529,"pid":9344,"hostname":"DESKTOP-MMVI6TQ","reqId":"req-3","res":{"statusCode":201},"responseTime":59.10010004043579,"msg":"request completed"}
{"level":30,"time":1774821874550,"pid":9344,"hostname":"DESKTOP-MMVI6TQ","reqId":"req-6","res":{"statusCode":200},"responseTime":284.4485000371933,"msg":"request completed"}
[90mstdout[2m | modules/budget-management/tests/budget.service.integration.test.ts[2m > [22m[2mBudgetService Integration[22m[39m
[EventBus] No handlers for event type: audit.log_created

{"level":30,"time":1774821874532,"pid":9344,"hostname":"DESKTOP-MMVI6TQ","reqId":"req-4","req":{"method":"POST","url":"/api/v1/workspaces/908cfc1f-73c0-4af8-a1fb-72000cc64d7b/budgets","hostname":"localhost:80","remoteAddress":"127.0.0.1"},"msg":"incoming request"}
{"level":30,"time":1774821874571,"pid":9344,"hostname":"DESKTOP-MMVI6TQ","reqId":"req-7","req":{"method":"POST","url":"/api/v1/auth/login","hostname":"localhost:80","remoteAddress":"127.0.0.1"},"msg":"incoming request"}
{"level":30,"time":1774821874605,"pid":9344,"hostname":"DESKTOP-MMVI6TQ","reqId":"req-4","res":{"statusCode":201},"responseTime":72.85660004615784,"msg":"request completed"}
{"level":30,"time":1774821874613,"pid":9344,"hostname":"DESKTOP-MMVI6TQ","reqId":"req-5","req":{"method":"POST","url":"/api/v1/workspaces/908cfc1f-73c0-4af8-a1fb-72000cc64d7b/budgets","hostname":"localhost:80","remoteAddress":"127.0.0.1"},"msg":"incoming request"}
{"level":30,"time":1774821874624,"pid":9344,"hostname":"DESKTOP-MMVI6TQ","reqId":"req-5","res":{"statusCode":409},"responseTime":10.827200055122375,"msg":"request completed"}
{"level":30,"time":1774821874626,"pid":9344,"hostname":"DESKTOP-MMVI6TQ","reqId":"req-6","req":{"method":"POST","url":"/api/v1/workspaces/908cfc1f-73c0-4af8-a1fb-72000cc64d7b/budgets","hostname":"localhost:80","remoteAddress":"127.0.0.1"},"msg":"incoming request"}
{"level":50,"time":1774821874630,"pid":9344,"hostname":"DESKTOP-MMVI6TQ","reqId":"req-6","err":{"type":"Error","message":"body/totalAmount must be >= 0","stack":"Error: body/totalAmount must be >= 0\n    at Object.schemaErrorFormatter (C:\\Users\\ASUS\\Desktop\\Modett\\Expense Tracker Application\\Expense Tracker\\apps\\api\\src\\server.ts:35:14)\n    at wrapValidationError (C:\\Users\\ASUS\\Desktop\\Modett\\Expense Tracker Application\\Expense Tracker\\node_modules\\.pnpm\\fastify@4.29.1\\node_modules\\fastify\\lib\\validation.js:249:17)\n    at validate (C:\\Users\\ASUS\\Desktop\\Modett\\Expense Tracker Application\\Expense Tracker\\node_modules\\.pnpm\\fastify@4.29.1\\node_modules\\fastify\\lib\\validation.js:167:16)\n    at preValidationCallback (C:\\Users\\ASUS\\Desktop\\Modett\\Expense Tracker Application\\Expense Tracker\\node_modules\\.pnpm\\fastify@4.29.1\\node_modules\\fastify\\lib\\handleRequest.js:93:25)\n    at next (C:\\Users\\ASUS\\Desktop\\Modett\\Expense Tracker Application\\Expense Tracker\\node_modules\\.pnpm\\fastify@4.29.1\\node_modules\\fastify\\lib\\hooks.js:233:9)\n    at handleResolve (C:\\Users\\ASUS\\Desktop\\Modett\\Expense Tracker Application\\Expense Tracker\\node_modules\\.pnpm\\fastify@4.29.1\\node_modules\\fastify\\lib\\hooks.js:250:7)\n    at processTicksAndRejections (node:internal/process/task_queues:105:5)","statusCode":400,"code":"FST_ERR_VALIDATION","validation":[{"instancePath":"/totalAmount","schemaPath":"#/properties/totalAmount/minimum","keyword":"minimum","params":{"comparison":">=","limit":0},"message":"must be >= 0"}],"validationContext":"body"},"url":"/api/v1/workspaces/908cfc1f-73c0-4af8-a1fb-72000cc64d7b/budgets","method":"POST","msg":"body/totalAmount must be >= 0"}
{"level":30,"time":1774821874639,"pid":9344,"hostname":"DESKTOP-MMVI6TQ","reqId":"req-6","res":{"statusCode":400},"responseTime":12.974699974060059,"msg":"request completed"}
{"level":30,"time":1774821874640,"pid":9344,"hostname":"DESKTOP-MMVI6TQ","reqId":"req-7","req":{"method":"POST","url":"/api/v1/workspaces/908cfc1f-73c0-4af8-a1fb-72000cc64d7b/budgets","hostname":"localhost:80","remoteAddress":"127.0.0.1"},"msg":"incoming request"}
 [32mÔ£ô[39m modules/budget-management/tests/budget.service.test.ts [2m ([22m[2m5 tests[22m[2m)[22m[90m 33[2mms[22m[39m
{"level":30,"time":1774821874654,"pid":9344,"hostname":"DESKTOP-MMVI6TQ","reqId":"req-7","res":{"statusCode":201},"responseTime":13.530900001525879,"msg":"request completed"}
{"level":30,"time":1774821874654,"pid":9344,"hostname":"DESKTOP-MMVI6TQ","reqId":"req-8","req":{"method":"PATCH","url":"/api/v1/workspaces/908cfc1f-73c0-4af8-a1fb-72000cc64d7b/budgets/93f3f699-386d-45f4-bd93-def67c3cb911","hostname":"localhost:80","remoteAddress":"127.0.0.1"},"msg":"incoming request"}
{"level":30,"time":1774821874704,"pid":9344,"hostname":"DESKTOP-MMVI6TQ","reqId":"req-8","res":{"statusCode":200},"responseTime":49.0867999792099,"msg":"request completed"}
[90mstdout[2m | modules/budget-management/tests/budget.service.integration.test.ts[2m > [22m[2mBudgetService Integration[2m > [22m[2mshould update budget amount[22m[39m
[EventBus] No handlers for event type: audit.log_created

{"level":30,"time":1774821874707,"pid":9344,"hostname":"DESKTOP-MMVI6TQ","reqId":"req-9","req":{"method":"POST","url":"/api/v1/workspaces/908cfc1f-73c0-4af8-a1fb-72000cc64d7b/budgets","hostname":"localhost:80","remoteAddress":"127.0.0.1"},"msg":"incoming request"}
{"level":30,"time":1774821874748,"pid":9344,"hostname":"DESKTOP-MMVI6TQ","reqId":"req-9","res":{"statusCode":201},"responseTime":40.18239998817444,"msg":"request completed"}
{"level":30,"time":1774821874749,"pid":9344,"hostname":"DESKTOP-MMVI6TQ","reqId":"req-a","req":{"method":"PATCH","url":"/api/v1/workspaces/908cfc1f-73c0-4af8-a1fb-72000cc64d7b/budgets/85e8185b-34eb-47a6-8367-bc95e75d6bfa","hostname":"localhost:80","remoteAddress":"127.0.0.1"},"msg":"incoming request"}
{"level":50,"time":1774821874753,"pid":9344,"hostname":"DESKTOP-MMVI6TQ","reqId":"req-a","err":{"type":"Error","message":"body/totalAmount must be >= 0","stack":"Error: body/totalAmount must be >= 0\n    at Object.schemaErrorFormatter (C:\\Users\\ASUS\\Desktop\\Modett\\Expense Tracker Application\\Expense Tracker\\apps\\api\\src\\server.ts:35:14)\n    at wrapValidationError (C:\\Users\\ASUS\\Desktop\\Modett\\Expense Tracker Application\\Expense Tracker\\node_modules\\.pnpm\\fastify@4.29.1\\node_modules\\fastify\\lib\\validation.js:249:17)\n    at validate (C:\\Users\\ASUS\\Desktop\\Modett\\Expense Tracker Application\\Expense Tracker\\node_modules\\.pnpm\\fastify@4.29.1\\node_modules\\fastify\\lib\\validation.js:167:16)\n    at preValidationCallback (C:\\Users\\ASUS\\Desktop\\Modett\\Expense Tracker Application\\Expense Tracker\\node_modules\\.pnpm\\fastify@4.29.1\\node_modules\\fastify\\lib\\handleRequest.js:93:25)\n    at next (C:\\Users\\ASUS\\Desktop\\Modett\\Expense Tracker Application\\Expense Tracker\\node_modules\\.pnpm\\fastify@4.29.1\\node_modules\\fastify\\lib\\hooks.js:233:9)\n    at handleResolve (C:\\Users\\ASUS\\Desktop\\Modett\\Expense Tracker Application\\Expense Tracker\\node_modules\\.pnpm\\fastify@4.29.1\\node_modules\\fastify\\lib\\hooks.js:250:7)\n    at processTicksAndRejections (node:internal/process/task_queues:105:5)","statusCode":400,"code":"FST_ERR_VALIDATION","validation":[{"instancePath":"/totalAmount","schemaPath":"#/properties/totalAmount/minimum","keyword":"minimum","params":{"comparison":">=","limit":0},"message":"must be >= 0"}],"validationContext":"body"},"url":"/api/v1/workspaces/908cfc1f-73c0-4af8-a1fb-72000cc64d7b/budgets/85e8185b-34eb-47a6-8367-bc95e75d6bfa","method":"PATCH","msg":"body/totalAmount must be >= 0"}
{"level":30,"time":1774821874754,"pid":9344,"hostname":"DESKTOP-MMVI6TQ","reqId":"req-a","res":{"statusCode":400},"responseTime":4.777199983596802,"msg":"request completed"}
{"level":30,"time":1774821874755,"pid":9344,"hostname":"DESKTOP-MMVI6TQ","reqId":"req-b","req":{"method":"POST","url":"/api/v1/workspaces/908cfc1f-73c0-4af8-a1fb-72000cc64d7b/budgets","hostname":"localhost:80","remoteAddress":"127.0.0.1"},"msg":"incoming request"}
{"level":30,"time":1774821874785,"pid":9344,"hostname":"DESKTOP-MMVI6TQ","reqId":"req-b","res":{"statusCode":201},"responseTime":29.780699968338013,"msg":"request completed"}
{"level":30,"time":1774821874787,"pid":9344,"hostname":"DESKTOP-MMVI6TQ","reqId":"req-7","res":{"statusCode":401},"responseTime":216.207200050354,"msg":"request completed"}
{"level":30,"time":1774821874786,"pid":9344,"hostname":"DESKTOP-MMVI6TQ","reqId":"req-c","req":{"method":"DELETE","url":"/api/v1/workspaces/908cfc1f-73c0-4af8-a1fb-72000cc64d7b/budgets/65eddebb-8bec-4b18-804e-e5acd58b581e","hostname":"localhost:80","remoteAddress":"127.0.0.1"},"msg":"incoming request"}
{"level":30,"time":1774821874790,"pid":9344,"hostname":"DESKTOP-MMVI6TQ","reqId":"req-8","req":{"method":"POST","url":"/api/v1/auth/login","hostname":"localhost:80","remoteAddress":"127.0.0.1"},"msg":"incoming request"}
{"level":30,"time":1774821874796,"pid":9344,"hostname":"DESKTOP-MMVI6TQ","reqId":"req-8","res":{"statusCode":401},"responseTime":6.677999973297119,"msg":"request completed"}
{"level":30,"time":1774821874800,"pid":9344,"hostname":"DESKTOP-MMVI6TQ","reqId":"req-9","req":{"method":"POST","url":"/api/v1/auth/login","hostname":"localhost:80","remoteAddress":"127.0.0.1"},"msg":"incoming request"}
{"level":50,"time":1774821874804,"pid":9344,"hostname":"DESKTOP-MMVI6TQ","reqId":"req-9","err":{"type":"Error","message":"body must have required property 'email'","stack":"Error: body must have required property 'email'\n    at Object.schemaErrorFormatter (C:\\Users\\ASUS\\Desktop\\Modett\\Expense Tracker Application\\Expense Tracker\\apps\\api\\src\\server.ts:35:14)\n    at wrapValidationError (C:\\Users\\ASUS\\Desktop\\Modett\\Expense Tracker Application\\Expense Tracker\\node_modules\\.pnpm\\fastify@4.29.1\\node_modules\\fastify\\lib\\validation.js:249:17)\n    at validate (C:\\Users\\ASUS\\Desktop\\Modett\\Expense Tracker Application\\Expense Tracker\\node_modules\\.pnpm\\fastify@4.29.1\\node_modules\\fastify\\lib\\validation.js:167:16)\n    at preValidationCallback (C:\\Users\\ASUS\\Desktop\\Modett\\Expense Tracker Application\\Expense Tracker\\node_modules\\.pnpm\\fastify@4.29.1\\node_modules\\fastify\\lib\\handleRequest.js:93:25)\n    at handler (C:\\Users\\ASUS\\Desktop\\Modett\\Expense Tracker Application\\Expense Tracker\\node_modules\\.pnpm\\fastify@4.29.1\\node_modules\\fastify\\lib\\handleRequest.js:77:7)\n    at C:\\Users\\ASUS\\Desktop\\Modett\\Expense Tracker Application\\Expense Tracker\\node_modules\\.pnpm\\fastify@4.29.1\\node_modules\\fastify\\lib\\contentTypeParser.js:199:9\n    at AsyncResource.runInAsyncScope (node:async_hooks:214:14)\n    at done (C:\\Users\\ASUS\\Desktop\\Modett\\Expense Tracker Application\\Expense Tracker\\node_modules\\.pnpm\\fastify@4.29.1\\node_modules\\fastify\\lib\\contentTypeParser.js:192:14)\n    at Parser.defaultJsonParser [as fn] (C:\\Users\\ASUS\\Desktop\\Modett\\Expense Tracker Application\\Expense Tracker\\node_modules\\.pnpm\\fastify@4.29.1\\node_modules\\fastify\\lib\\contentTypeParser.js:304:5)\n    at Request.onEnd (C:\\Users\\ASUS\\Desktop\\Modett\\Expense Tracker Application\\Expense Tracker\\node_modules\\.pnpm\\fastify@4.29.1\\node_modules\\fastify\\lib\\contentTypeParser.js:283:27)","statusCode":400,"code":"FST_ERR_VALIDATION","validation":[{"instancePath":"","schemaPath":"#/required","keyword":"required","params":{"missingProperty":"email"},"message":"must have required property 'email'"}],"validationContext":"body"},"url":"/api/v1/auth/login","method":"POST","msg":"body must have required property 'email'"}
{"level":30,"time":1774821874806,"pid":9344,"hostname":"DESKTOP-MMVI6TQ","reqId":"req-9","res":{"statusCode":400},"responseTime":5.960000038146973,"msg":"request completed"}
{"level":30,"time":1774821874808,"pid":9344,"hostname":"DESKTOP-MMVI6TQ","reqId":"req-a","req":{"method":"POST","url":"/api/v1/auth/login","hostname":"localhost:80","remoteAddress":"127.0.0.1"},"msg":"incoming request"}
{"level":30,"time":1774821874809,"pid":9344,"hostname":"DESKTOP-MMVI6TQ","reqId":"req-c","res":{"statusCode":204},"responseTime":23.190099954605103,"msg":"request completed"}
{"level":30,"time":1774821874810,"pid":9344,"hostname":"DESKTOP-MMVI6TQ","reqId":"req-d","req":{"method":"GET","url":"/api/v1/workspaces/908cfc1f-73c0-4af8-a1fb-72000cc64d7b/budgets/65eddebb-8bec-4b18-804e-e5acd58b581e","hostname":"localhost:80","remoteAddress":"127.0.0.1"},"msg":"incoming request"}
{"level":50,"time":1774821874809,"pid":9344,"hostname":"DESKTOP-MMVI6TQ","reqId":"req-a","err":{"type":"Error","message":"body must have required property 'password'","stack":"Error: body must have required property 'password'\n    at Object.schemaErrorFormatter (C:\\Users\\ASUS\\Desktop\\Modett\\Expense Tracker Application\\Expense Tracker\\apps\\api\\src\\server.ts:35:14)\n    at wrapValidationError (C:\\Users\\ASUS\\Desktop\\Modett\\Expense Tracker Application\\Expense Tracker\\node_modules\\.pnpm\\fastify@4.29.1\\node_modules\\fastify\\lib\\validation.js:249:17)\n    at validate (C:\\Users\\ASUS\\Desktop\\Modett\\Expense Tracker Application\\Expense Tracker\\node_modules\\.pnpm\\fastify@4.29.1\\node_modules\\fastify\\lib\\validation.js:167:16)\n    at preValidationCallback (C:\\Users\\ASUS\\Desktop\\Modett\\Expense Tracker Application\\Expense Tracker\\node_modules\\.pnpm\\fastify@4.29.1\\node_modules\\fastify\\lib\\handleRequest.js:93:25)\n    at handler (C:\\Users\\ASUS\\Desktop\\Modett\\Expense Tracker Application\\Expense Tracker\\node_modules\\.pnpm\\fastify@4.29.1\\node_modules\\fastify\\lib\\handleRequest.js:77:7)\n    at C:\\Users\\ASUS\\Desktop\\Modett\\Expense Tracker Application\\Expense Tracker\\node_modules\\.pnpm\\fastify@4.29.1\\node_modules\\fastify\\lib\\contentTypeParser.js:199:9\n    at AsyncResource.runInAsyncScope (node:async_hooks:214:14)\n    at done (C:\\Users\\ASUS\\Desktop\\Modett\\Expense Tracker Application\\Expense Tracker\\node_modules\\.pnpm\\fastify@4.29.1\\node_modules\\fastify\\lib\\contentTypeParser.js:192:14)\n    at Parser.defaultJsonParser [as fn] (C:\\Users\\ASUS\\Desktop\\Modett\\Expense Tracker Application\\Expense Tracker\\node_modules\\.pnpm\\fastify@4.29.1\\node_modules\\fastify\\lib\\contentTypeParser.js:304:5)\n    at Request.onEnd (C:\\Users\\ASUS\\Desktop\\Modett\\Expense Tracker Application\\Expense Tracker\\node_modules\\.pnpm\\fastify@4.29.1\\node_modules\\fastify\\lib\\contentTypeParser.js:283:27)","statusCode":400,"code":"FST_ERR_VALIDATION","validation":[{"instancePath":"","schemaPath":"#/required","keyword":"required","params":{"missingProperty":"password"},"message":"must have required property 'password'"}],"validationContext":"body"},"url":"/api/v1/auth/login","method":"POST","msg":"body must have required property 'password'"}
{"level":30,"time":1774821874811,"pid":9344,"hostname":"DESKTOP-MMVI6TQ","reqId":"req-a","res":{"statusCode":400},"responseTime":2.4537999629974365,"msg":"request completed"}
{"level":30,"time":1774821874813,"pid":9344,"hostname":"DESKTOP-MMVI6TQ","reqId":"req-b","req":{"method":"GET","url":"/api/v1/auth/me","hostname":"localhost:80","remoteAddress":"127.0.0.1"},"msg":"incoming request"}
{"level":30,"time":1774821874824,"pid":9344,"hostname":"DESKTOP-MMVI6TQ","reqId":"req-d","res":{"statusCode":404},"responseTime":14.067300081253052,"msg":"request completed"}
{"level":30,"time":1774821874826,"pid":9344,"hostname":"DESKTOP-MMVI6TQ","reqId":"req-e","req":{"method":"GET","url":"/api/v1/workspaces/908cfc1f-73c0-4af8-a1fb-72000cc64d7b/budgets","hostname":"localhost:80","remoteAddress":"127.0.0.1"},"msg":"incoming request"}
{"level":30,"time":1774821874827,"pid":9344,"hostname":"DESKTOP-MMVI6TQ","reqId":"req-b","res":{"statusCode":200},"responseTime":14.242599964141846,"msg":"request completed"}
{"level":30,"time":1774821874832,"pid":9344,"hostname":"DESKTOP-MMVI6TQ","reqId":"req-c","req":{"method":"GET","url":"/api/v1/auth/me","hostname":"localhost:80","remoteAddress":"127.0.0.1"},"msg":"incoming request"}
{"level":50,"time":1774821874833,"pid":9344,"hostname":"DESKTOP-MMVI6TQ","reqId":"req-c","err":{"type":"Error","message":"Missing or invalid authorization header","stack":"Error: Missing or invalid authorization header\n    at Object.authenticate (C:\\Users\\ASUS\\Desktop\\Modett\\Expense Tracker Application\\Expense Tracker\\apps\\api\\src\\plugins\\auth.ts:70:19)\n    at Object.<anonymous> (C:\\Users\\ASUS\\Desktop\\Modett\\Expense Tracker Application\\Expense Tracker\\modules\\identity-workspace\\infrastructure\\http\\routes\\auth.routes.ts:113:21)\n    at hookIterator (C:\\Users\\ASUS\\Desktop\\Modett\\Expense Tracker Application\\Expense Tracker\\node_modules\\.pnpm\\fastify@4.29.1\\node_modules\\fastify\\lib\\hooks.js:405:10)\n    at next (C:\\Users\\ASUS\\Desktop\\Modett\\Expense Tracker Application\\Expense Tracker\\node_modules\\.pnpm\\fastify@4.29.1\\node_modules\\fastify\\lib\\hooks.js:239:18)\n    at handleResolve (C:\\Users\\ASUS\\Desktop\\Modett\\Expense Tracker Application\\Expense Tracker\\node_modules\\.pnpm\\fastify@4.29.1\\node_modules\\fastify\\lib\\hooks.js:250:7)\n    at processTicksAndRejections (node:internal/process/task_queues:105:5)","statusCode":401},"url":"/api/v1/auth/me","method":"GET","msg":"Missing or invalid authorization header"}
{"level":30,"time":1774821874841,"pid":9344,"hostname":"DESKTOP-MMVI6TQ","reqId":"req-c","res":{"statusCode":401},"responseTime":6.9948999881744385,"msg":"request completed"}
{"level":30,"time":1774821874843,"pid":9344,"hostname":"DESKTOP-MMVI6TQ","reqId":"req-d","req":{"method":"GET","url":"/api/v1/auth/me","hostname":"localhost:80","remoteAddress":"127.0.0.1"},"msg":"incoming request"}
{"level":50,"time":1774821874843,"pid":9344,"hostname":"DESKTOP-MMVI6TQ","reqId":"req-d","err":{"type":"Error","message":"jwt malformed","stack":"Error: jwt malformed\n    at Object.authenticate (C:\\Users\\ASUS\\Desktop\\Modett\\Expense Tracker Application\\Expense Tracker\\apps\\api\\src\\plugins\\auth.ts:70:19)\n    at Object.<anonymous> (C:\\Users\\ASUS\\Desktop\\Modett\\Expense Tracker Application\\Expense Tracker\\modules\\identity-workspace\\infrastructure\\http\\routes\\auth.routes.ts:113:21)\n    at hookIterator (C:\\Users\\ASUS\\Desktop\\Modett\\Expense Tracker Application\\Expense Tracker\\node_modules\\.pnpm\\fastify@4.29.1\\node_modules\\fastify\\lib\\hooks.js:405:10)\n    at next (C:\\Users\\ASUS\\Desktop\\Modett\\Expense Tracker Application\\Expense Tracker\\node_modules\\.pnpm\\fastify@4.29.1\\node_modules\\fastify\\lib\\hooks.js:239:18)\n    at handleResolve (C:\\Users\\ASUS\\Desktop\\Modett\\Expense Tracker Application\\Expense Tracker\\node_modules\\.pnpm\\fastify@4.29.1\\node_modules\\fastify\\lib\\hooks.js:250:7)\n    at processTicksAndRejections (node:internal/process/task_queues:105:5)","statusCode":401},"url":"/api/v1/auth/me","method":"GET","msg":"jwt malformed"}
{"level":30,"time":1774821874845,"pid":9344,"hostname":"DESKTOP-MMVI6TQ","reqId":"req-d","res":{"statusCode":401},"responseTime":1.8675999641418457,"msg":"request completed"}
{"level":30,"time":1774821874846,"pid":9344,"hostname":"DESKTOP-MMVI6TQ","reqId":"req-e","req":{"method":"GET","url":"/api/v1/auth/me","hostname":"localhost:80","remoteAddress":"127.0.0.1"},"msg":"incoming request"}
{"level":50,"time":1774821874846,"pid":9344,"hostname":"DESKTOP-MMVI6TQ","reqId":"req-e","err":{"type":"Error","message":"Missing or invalid authorization header","stack":"Error: Missing or invalid authorization header\n    at Object.authenticate (C:\\Users\\ASUS\\Desktop\\Modett\\Expense Tracker Application\\Expense Tracker\\apps\\api\\src\\plugins\\auth.ts:70:19)\n    at Object.<anonymous> (C:\\Users\\ASUS\\Desktop\\Modett\\Expense Tracker Application\\Expense Tracker\\modules\\identity-workspace\\infrastructure\\http\\routes\\auth.routes.ts:113:21)\n    at hookIterator (C:\\Users\\ASUS\\Desktop\\Modett\\Expense Tracker Application\\Expense Tracker\\node_modules\\.pnpm\\fastify@4.29.1\\node_modules\\fastify\\lib\\hooks.js:405:10)\n    at next (C:\\Users\\ASUS\\Desktop\\Modett\\Expense Tracker Application\\Expense Tracker\\node_modules\\.pnpm\\fastify@4.29.1\\node_modules\\fastify\\lib\\hooks.js:239:18)\n    at handleResolve (C:\\Users\\ASUS\\Desktop\\Modett\\Expense Tracker Application\\Expense Tracker\\node_modules\\.pnpm\\fastify@4.29.1\\node_modules\\fastify\\lib\\hooks.js:250:7)\n    at processTicksAndRejections (node:internal/process/task_queues:105:5)","statusCode":401},"url":"/api/v1/auth/me","method":"GET","msg":"Missing or invalid authorization header"}
{"level":30,"time":1774821874849,"pid":9344,"hostname":"DESKTOP-MMVI6TQ","reqId":"req-e","res":{"statusCode":401},"responseTime":2.8698999881744385,"msg":"request completed"}
{"level":30,"time":1774821874850,"pid":9344,"hostname":"DESKTOP-MMVI6TQ","reqId":"req-f","req":{"method":"GET","url":"/health","hostname":"localhost:80","remoteAddress":"127.0.0.1"},"msg":"incoming request"}
{"level":30,"time":1774821874854,"pid":9344,"hostname":"DESKTOP-MMVI6TQ","reqId":"req-f","res":{"statusCode":200},"responseTime":0.9634000062942505,"msg":"request completed"}
{"level":30,"time":1774821874887,"pid":9344,"hostname":"DESKTOP-MMVI6TQ","msg":"Database connection closed"}
 [32mÔ£ô[39m modules/identity-workspace/tests/auth.test.ts [2m ([22m[2m15 tests[22m[2m)[22m[33m 3162[2mms[22m[39m
{"level":30,"time":1774821874932,"pid":9344,"hostname":"DESKTOP-MMVI6TQ","reqId":"req-e","res":{"statusCode":200},"responseTime":106.24619996547699,"msg":"request completed"}
{"level":30,"time":1774821874934,"pid":9344,"hostname":"DESKTOP-MMVI6TQ","reqId":"req-f","req":{"method":"POST","url":"/api/v1/workspaces/908cfc1f-73c0-4af8-a1fb-72000cc64d7b/budgets","hostname":"localhost:80","remoteAddress":"127.0.0.1"},"msg":"incoming request"}
{"level":30,"time":1774821874957,"pid":9344,"hostname":"DESKTOP-MMVI6TQ","reqId":"req-f","res":{"statusCode":201},"responseTime":22.625399947166443,"msg":"request completed"}
{"level":30,"time":1774821874958,"pid":9344,"hostname":"DESKTOP-MMVI6TQ","reqId":"req-g","req":{"method":"GET","url":"/api/v1/workspaces/908cfc1f-73c0-4af8-a1fb-72000cc64d7b/budgets/fde19c31-ebcb-4bdc-9c19-7277d057d3a9","hostname":"localhost:80","remoteAddress":"127.0.0.1"},"msg":"incoming request"}
{"level":30,"time":1774821874968,"pid":9344,"hostname":"DESKTOP-MMVI6TQ","reqId":"req-g","res":{"statusCode":200},"responseTime":9.778199911117554,"msg":"request completed"}
{"level":30,"time":1774821875009,"pid":9344,"hostname":"DESKTOP-MMVI6TQ","msg":"Database connection closed"}
 [32mÔ£ô[39m modules/budget-management/tests/budget.service.integration.test.ts [2m ([22m[2m8 tests[22m[2m)[22m[33m 3096[2mms[22m[39m
 [32mÔ£ô[39m modules/categorization-rules/tests/rule-condition.unit.test.ts [2m ([22m[2m10 tests[22m[2m)[22m[90m 29[2mms[22m[39m
[90mstdout[2m | modules/expense-ledger/tests/zod-validation.endpoints.test.ts[2m > [22m[2mExpense Ledger - Extended Validation Tests[22m[39m
[Container] Notification Event Handlers registered

{"level":30,"time":1774821874220,"pid":9344,"hostname":"DESKTOP-MMVI6TQ","msg":"Registering modules..."}
{"level":30,"time":1774821874249,"pid":9344,"hostname":"DESKTOP-MMVI6TQ","msg":"Ô£ô Identity-Workspace module registered"}
{"level":30,"time":1774821874283,"pid":9344,"hostname":"DESKTOP-MMVI6TQ","msg":"Ô£ô Expense-Ledger module registered"}
{"level":30,"time":1774821874296,"pid":9344,"hostname":"DESKTOP-MMVI6TQ","msg":"Ô£ô Budget Management module registered"}
{"level":30,"time":1774821874318,"pid":9344,"hostname":"DESKTOP-MMVI6TQ","msg":"Ô£ô Receipt Vault module registered"}
{"level":30,"time":1774821874360,"pid":9344,"hostname":"DESKTOP-MMVI6TQ","msg":"Ô£ô Notification Dispatch module registered"}
{"level":30,"time":1774821874404,"pid":9344,"hostname":"DESKTOP-MMVI6TQ","msg":"Ô£ô Cost Allocation module registered"}
{"level":30,"time":1774821874421,"pid":9344,"hostname":"DESKTOP-MMVI6TQ","msg":"Ô£ô Categorization Rules module registered"}
{"level":30,"time":1774821874457,"pid":9344,"hostname":"DESKTOP-MMVI6TQ","msg":"Ô£ô Budget Planning module registered"}
{"level":30,"time":1774821874465,"pid":9344,"hostname":"DESKTOP-MMVI6TQ","msg":"Ô£ô Audit Compliance module registered"}
{"level":30,"time":1774821874538,"pid":9344,"hostname":"DESKTOP-MMVI6TQ","msg":"Ô£ô Bank Feed Sync module registered"}
{"level":30,"time":1774821874566,"pid":9344,"hostname":"DESKTOP-MMVI6TQ","msg":"Ô£ô Event Outbox module registered"}
{"level":30,"time":1774821874566,"pid":9344,"hostname":"DESKTOP-MMVI6TQ","msg":"All modules registered successfully"}
{"level":30,"time":1774821875949,"pid":9344,"hostname":"DESKTOP-MMVI6TQ","reqId":"req-1","req":{"method":"POST","url":"/api/v1/auth/register","hostname":"localhost:80","remoteAddress":"127.0.0.1"},"msg":"incoming request"}
 [32mÔ£ô[39m modules/identity-workspace/tests/member.controller.unit.test.ts [2m ([22m[2m2 tests[22m[2m)[22m[90m 16[2mms[22m[39m
 [32mÔ£ô[39m modules/budget-management/tests/budget.entity.test.ts [2m ([22m[2m10 tests[22m[2m)[22m[90m 23[2mms[22m[39m
 [32mÔ£ô[39m modules/receipt-vault/tests/receipt.service.test.ts [2m ([22m[2m2 tests[22m[2m)[22m[90m 17[2mms[22m[39m
{"level":30,"time":1774821876481,"pid":9344,"hostname":"DESKTOP-MMVI6TQ","reqId":"req-1","res":{"statusCode":201},"responseTime":532.0546000003815,"msg":"request completed"}
{"level":30,"time":1774821876489,"pid":9344,"hostname":"DESKTOP-MMVI6TQ","reqId":"req-2","req":{"method":"POST","url":"/api/v1/auth/login","hostname":"localhost:80","remoteAddress":"127.0.0.1"},"msg":"incoming request"}
[90mstdout[2m | modules/expense-ledger/tests/zod-validation.endpoints.test.ts[2m > [22m[2mExpense Ledger - Extended Validation Tests[22m[39m
[Notification] UserCreated event for ext-test-1774821875866@example.com - skipping in-app notification (no workspace context)
[AuditEventListener] Skipping system-level event without workspaceId: UserCreated

{"level":30,"time":1774821876768,"pid":9344,"hostname":"DESKTOP-MMVI6TQ","reqId":"req-2","res":{"statusCode":200},"responseTime":278.4794000387192,"msg":"request completed"}
{"level":30,"time":1774821876770,"pid":9344,"hostname":"DESKTOP-MMVI6TQ","reqId":"req-3","req":{"method":"POST","url":"/api/v1/workspaces","hostname":"localhost:80","remoteAddress":"127.0.0.1"},"msg":"incoming request"}
[90mstdout[2m | modules/expense-ledger/tests/zod-validation.endpoints.test.ts[2m > [22m[2mExpense Ledger - Extended Validation Tests[22m[39m
[EventBus] No handlers for event type: audit.log_created

{"level":30,"time":1774821876815,"pid":9344,"hostname":"DESKTOP-MMVI6TQ","reqId":"req-3","res":{"statusCode":201},"responseTime":44.9478999376297,"msg":"request completed"}
[90mstdout[2m | modules/expense-ledger/tests/zod-validation.endpoints.test.ts[2m > [22m[2mExpense Ledger - Extended Validation Tests[22m[39m
[EventBus] No handlers for event type: audit.log_created

{"level":30,"time":1774821876817,"pid":9344,"hostname":"DESKTOP-MMVI6TQ","reqId":"req-4","req":{"method":"POST","url":"/api/v1/workspaces/234557e3-7986-4a22-8f5e-e3eeb5c35201/expenses","hostname":"localhost:80","remoteAddress":"127.0.0.1"},"msg":"incoming request"}
{"level":30,"time":1774821876852,"pid":9344,"hostname":"DESKTOP-MMVI6TQ","reqId":"req-4","res":{"statusCode":201},"responseTime":35.07679998874664,"msg":"request completed"}
[90mstdout[2m | modules/expense-ledger/tests/zod-validation.endpoints.test.ts[2m > [22m[2mExpense Ledger - Extended Validation Tests[22m[39m
[EventBus] No handlers for event type: audit.log_created

[90mstdout[2m | modules/expense-ledger/tests/zod-validation.endpoints.test.ts[2m > [22m[2mExpense Ledger - Extended Validation Tests[2m > [22m[2mExpense Split Endpoints[2m > [22m[2mshould fail to create split with invalid payload (Zod)[22m[39m
Split Invalid Payload Status: [33m400[39m
Split Invalid Payload Body: {"success":false,"statusCode":400,"error":"VALIDATION_ERROR","message":"body must have required property 'splitType'"}

{"level":30,"time":1774821876856,"pid":9344,"hostname":"DESKTOP-MMVI6TQ","reqId":"req-5","req":{"method":"POST","url":"/api/v1/workspaces/234557e3-7986-4a22-8f5e-e3eeb5c35201/expenses/335ffdf7-aa7d-42ad-8928-35e42174b925/splits","hostname":"localhost:80","remoteAddress":"127.0.0.1"},"msg":"incoming request"}
{"level":50,"time":1774821876862,"pid":9344,"hostname":"DESKTOP-MMVI6TQ","reqId":"req-5","err":{"type":"Error","message":"body must have required property 'splitType'","stack":"Error: body must have required property 'splitType'\n    at Object.schemaErrorFormatter (C:\\Users\\ASUS\\Desktop\\Modett\\Expense Tracker Application\\Expense Tracker\\apps\\api\\src\\server.ts:35:14)\n    at wrapValidationError (C:\\Users\\ASUS\\Desktop\\Modett\\Expense Tracker Application\\Expense Tracker\\node_modules\\.pnpm\\fastify@4.29.1\\node_modules\\fastify\\lib\\validation.js:249:17)\n    at validate (C:\\Users\\ASUS\\Desktop\\Modett\\Expense Tracker Application\\Expense Tracker\\node_modules\\.pnpm\\fastify@4.29.1\\node_modules\\fastify\\lib\\validation.js:167:16)\n    at preValidationCallback (C:\\Users\\ASUS\\Desktop\\Modett\\Expense Tracker Application\\Expense Tracker\\node_modules\\.pnpm\\fastify@4.29.1\\node_modules\\fastify\\lib\\handleRequest.js:93:25)\n    at next (C:\\Users\\ASUS\\Desktop\\Modett\\Expense Tracker Application\\Expense Tracker\\node_modules\\.pnpm\\fastify@4.29.1\\node_modules\\fastify\\lib\\hooks.js:233:9)\n    at handleResolve (C:\\Users\\ASUS\\Desktop\\Modett\\Expense Tracker Application\\Expense Tracker\\node_modules\\.pnpm\\fastify@4.29.1\\node_modules\\fastify\\lib\\hooks.js:250:7)\n    at processTicksAndRejections (node:internal/process/task_queues:105:5)","statusCode":400,"code":"FST_ERR_VALIDATION","validation":[{"instancePath":"","schemaPath":"#/required","keyword":"required","params":{"missingProperty":"splitType"},"message":"must have required property 'splitType'"}],"validationContext":"body"},"url":"/api/v1/workspaces/234557e3-7986-4a22-8f5e-e3eeb5c35201/expenses/335ffdf7-aa7d-42ad-8928-35e42174b925/splits","method":"POST","msg":"body must have required property 'splitType'"}
{"level":30,"time":1774821876875,"pid":9344,"hostname":"DESKTOP-MMVI6TQ","reqId":"req-5","res":{"statusCode":400},"responseTime":18.68560004234314,"msg":"request completed"}
{"level":30,"time":1774821876879,"pid":9344,"hostname":"DESKTOP-MMVI6TQ","reqId":"req-6","req":{"method":"POST","url":"/api/v1/workspaces/234557e3-7986-4a22-8f5e-e3eeb5c35201/expenses/335ffdf7-aa7d-42ad-8928-35e42174b925/splits","hostname":"localhost:80","remoteAddress":"127.0.0.1"},"msg":"incoming request"}
{"level":30,"time":1774821876968,"pid":9344,"hostname":"DESKTOP-MMVI6TQ","reqId":"req-6","res":{"statusCode":201},"responseTime":88.9601000547409,"msg":"request completed"}
{"level":30,"time":1774821876971,"pid":9344,"hostname":"DESKTOP-MMVI6TQ","reqId":"req-7","req":{"method":"POST","url":"/api/v1/workspaces/234557e3-7986-4a22-8f5e-e3eeb5c35201/recurring","hostname":"localhost:80","remoteAddress":"127.0.0.1"},"msg":"incoming request"}
{"level":50,"time":1774821876977,"pid":9344,"hostname":"DESKTOP-MMVI6TQ","reqId":"req-7","err":{"type":"Error","message":"body must have required property 'startDate'","stack":"Error: body must have required property 'startDate'\n    at Object.schemaErrorFormatter (C:\\Users\\ASUS\\Desktop\\Modett\\Expense Tracker Application\\Expense Tracker\\apps\\api\\src\\server.ts:35:14)\n    at wrapValidationError (C:\\Users\\ASUS\\Desktop\\Modett\\Expense Tracker Application\\Expense Tracker\\node_modules\\.pnpm\\fastify@4.29.1\\node_modules\\fastify\\lib\\validation.js:249:17)\n    at validate (C:\\Users\\ASUS\\Desktop\\Modett\\Expense Tracker Application\\Expense Tracker\\node_modules\\.pnpm\\fastify@4.29.1\\node_modules\\fastify\\lib\\validation.js:167:16)\n    at preValidationCallback (C:\\Users\\ASUS\\Desktop\\Modett\\Expense Tracker Application\\Expense Tracker\\node_modules\\.pnpm\\fastify@4.29.1\\node_modules\\fastify\\lib\\handleRequest.js:93:25)\n    at next (C:\\Users\\ASUS\\Desktop\\Modett\\Expense Tracker Application\\Expense Tracker\\node_modules\\.pnpm\\fastify@4.29.1\\node_modules\\fastify\\lib\\hooks.js:233:9)\n    at handleResolve (C:\\Users\\ASUS\\Desktop\\Modett\\Expense Tracker Application\\Expense Tracker\\node_modules\\.pnpm\\fastify@4.29.1\\node_modules\\fastify\\lib\\hooks.js:250:7)\n    at processTicksAndRejections (node:internal/process/task_queues:105:5)","statusCode":400,"code":"FST_ERR_VALIDATION","validation":[{"instancePath":"","schemaPath":"#/required","keyword":"required","params":{"missingProperty":"startDate"},"message":"must have required property 'startDate'"}],"validationContext":"body"},"url":"/api/v1/workspaces/234557e3-7986-4a22-8f5e-e3eeb5c35201/recurring","method":"POST","msg":"body must have required property 'startDate'"}
{"level":30,"time":1774821876978,"pid":9344,"hostname":"DESKTOP-MMVI6TQ","reqId":"req-7","res":{"statusCode":400},"responseTime":7.366700053215027,"msg":"request completed"}
{"level":30,"time":1774821876980,"pid":9344,"hostname":"DESKTOP-MMVI6TQ","reqId":"req-8","req":{"method":"POST","url":"/api/v1/workspaces/234557e3-7986-4a22-8f5e-e3eeb5c35201/recurring","hostname":"localhost:80","remoteAddress":"127.0.0.1"},"msg":"incoming request"}
{"level":30,"time":1774821877037,"pid":9344,"hostname":"DESKTOP-MMVI6TQ","reqId":"req-8","res":{"statusCode":201},"responseTime":56.69249999523163,"msg":"request completed"}
{"level":30,"time":1774821877057,"pid":9344,"hostname":"DESKTOP-MMVI6TQ","msg":"Database connection closed"}
 [32mÔ£ô[39m modules/expense-ledger/tests/zod-validation.endpoints.test.ts [2m ([22m[2m4 tests[22m[2m)[22m[33m 3448[2mms[22m[39m
 [32mÔ£ô[39m modules/budget-planning/tests/budget-plan.entity.test.ts [2m ([22m[2m7 tests[22m[2m)[22m[90m 20[2mms[22m[39m
 [32mÔ£ô[39m modules/notification-dispatch/tests/notification.service.unit.test.ts [2m ([22m[2m1 test[22m[2m)[22m[90m 13[2mms[22m[39m
 [32mÔ£ô[39m modules/expense-ledger/tests/recurring-expense.service.unit.test.ts [2m ([22m[2m2 tests[22m[2m)[22m[90m 27[2mms[22m[39m
 [32mÔ£ô[39m modules/cost-allocation/tests/allocation-management.service.test.ts [2m ([22m[2m3 tests[22m[2m)[22m[90m 22[2mms[22m[39m
 [32mÔ£ô[39m modules/budget-management/tests/budget-period.test.ts [2m ([22m[2m7 tests[22m[2m)[22m[90m 15[2mms[22m[39m
 [32mÔ£ô[39m modules/cost-allocation/tests/expense-allocation.entity.test.ts [2m ([22m[2m5 tests[22m[2m)[22m[90m 11[2mms[22m[39m
 [32mÔ£ô[39m modules/receipt-vault/tests/receipt.entity.test.ts [2m ([22m[2m7 tests[22m[2m)[22m[90m 19[2mms[22m[39m
{"level":30,"time":1774821879193,"pid":9344,"hostname":"DESKTOP-MMVI6TQ","msg":"Security plugins registered (CORS, Helmet, Rate Limit)"}
 [32mÔ£ô[39m modules/event-outbox/tests/outbox-event-id.test.ts [2m ([22m[2m8 tests[22m[2m)[22m[90m 14[2mms[22m[39m
{"level":30,"time":1774821879195,"pid":9344,"hostname":"DESKTOP-MMVI6TQ","msg":"Database client registered"}
{"level":30,"time":1774821879196,"pid":9344,"hostname":"DESKTOP-MMVI6TQ","msg":"Authentication plugin registered"}
{"level":30,"time":1774821879196,"pid":9344,"hostname":"DESKTOP-MMVI6TQ","msg":"Error handler plugin registered"}
 [32mÔ£ô[39m modules/budget-planning/tests/forecast.logic.test.ts [2m ([22m[2m6 tests[22m[2m)[22m[90m 16[2mms[22m[39m
{"level":30,"time":1774821879545,"pid":9344,"hostname":"DESKTOP-MMVI6TQ","msg":"Ô£ô DI Container initialized"}
 [32mÔ£ô[39m modules/budget-planning/tests/scenario.entity.test.ts [2m ([22m[2m3 tests[22m[2m)[22m[90m 13[2mms[22m[39m
 [32mÔ£ô[39m modules/expense-ledger/tests/expense.service.unit.test.ts [2m ([22m[2m1 test[22m[2m)[22m[90m 17[2mms[22m[39m
{"level":30,"time":1774821880164,"pid":9344,"hostname":"DESKTOP-MMVI6TQ","msg":"Security plugins registered (CORS, Helmet, Rate Limit)"}
{"level":30,"time":1774821880165,"pid":9344,"hostname":"DESKTOP-MMVI6TQ","msg":"Database client registered"}
{"level":30,"time":1774821880166,"pid":9344,"hostname":"DESKTOP-MMVI6TQ","msg":"Authentication plugin registered"}
{"level":30,"time":1774821880167,"pid":9344,"hostname":"DESKTOP-MMVI6TQ","msg":"Error handler plugin registered"}
 [32mÔ£ô[39m modules/expense-ledger/tests/expense.entity.unit.test.ts [2m ([22m[2m2 tests[22m[2m)[22m[90m 12[2mms[22m[39m
{"level":30,"time":1774821880554,"pid":9344,"hostname":"DESKTOP-MMVI6TQ","msg":"Ô£ô DI Container initialized"}
 [32mÔ£ô[39m modules/budget-management/tests/budget-id.test.ts [2m ([22m[2m4 tests[22m[2m)[22m[90m 12[2mms[22m[39m
[90mstdout[2m | modules/identity-workspace/tests/member.controller.test.ts[2m > [22m[2mIdentity-Workspace Module - Member Controller[22m[39m
[Container] Notification Event Handlers registered

{"level":30,"time":1774821879546,"pid":9344,"hostname":"DESKTOP-MMVI6TQ","msg":"Registering modules..."}
{"level":30,"time":1774821879573,"pid":9344,"hostname":"DESKTOP-MMVI6TQ","msg":"Ô£ô Identity-Workspace module registered"}
{"level":30,"time":1774821879608,"pid":9344,"hostname":"DESKTOP-MMVI6TQ","msg":"Ô£ô Expense-Ledger module registered"}
{"level":30,"time":1774821879621,"pid":9344,"hostname":"DESKTOP-MMVI6TQ","msg":"Ô£ô Budget Management module registered"}
{"level":30,"time":1774821879635,"pid":9344,"hostname":"DESKTOP-MMVI6TQ","msg":"Ô£ô Receipt Vault module registered"}
{"level":30,"time":1774821879668,"pid":9344,"hostname":"DESKTOP-MMVI6TQ","msg":"Ô£ô Notification Dispatch module registered"}
{"level":30,"time":1774821879685,"pid":9344,"hostname":"DESKTOP-MMVI6TQ","msg":"Ô£ô Cost Allocation module registered"}
{"level":30,"time":1774821879701,"pid":9344,"hostname":"DESKTOP-MMVI6TQ","msg":"Ô£ô Categorization Rules module registered"}
{"level":30,"time":1774821879728,"pid":9344,"hostname":"DESKTOP-MMVI6TQ","msg":"Ô£ô Budget Planning module registered"}
{"level":30,"time":1774821879741,"pid":9344,"hostname":"DESKTOP-MMVI6TQ","msg":"Ô£ô Audit Compliance module registered"}
{"level":30,"time":1774821879780,"pid":9344,"hostname":"DESKTOP-MMVI6TQ","msg":"Ô£ô Bank Feed Sync module registered"}
{"level":30,"time":1774821879792,"pid":9344,"hostname":"DESKTOP-MMVI6TQ","msg":"Ô£ô Event Outbox module registered"}
{"level":30,"time":1774821879792,"pid":9344,"hostname":"DESKTOP-MMVI6TQ","msg":"All modules registered successfully"}
{"level":30,"time":1774821880864,"pid":9344,"hostname":"DESKTOP-MMVI6TQ","reqId":"req-1","req":{"method":"POST","url":"/api/v1/auth/register","hostname":"localhost:80","remoteAddress":"127.0.0.1"},"msg":"incoming request"}
{"level":30,"time":1774821881196,"pid":9344,"hostname":"DESKTOP-MMVI6TQ","reqId":"req-1","res":{"statusCode":201},"responseTime":330.8066999912262,"msg":"request completed"}
{"level":30,"time":1774821881197,"pid":9344,"hostname":"DESKTOP-MMVI6TQ","reqId":"req-2","req":{"method":"POST","url":"/api/v1/auth/login","hostname":"localhost:80","remoteAddress":"127.0.0.1"},"msg":"incoming request"}
[90mstdout[2m | modules/identity-workspace/tests/member.controller.test.ts[2m > [22m[2mIdentity-Workspace Module - Member Controller[2m > [22m[2mshould setup owner and workspace[22m[39m
[Notification] UserCreated event for owner_1774821879127-846084@test.com - skipping in-app notification (no workspace context)
[AuditEventListener] Skipping system-level event without workspaceId: UserCreated

{"level":30,"time":1774821881352,"pid":9344,"hostname":"DESKTOP-MMVI6TQ","reqId":"req-2","res":{"statusCode":200},"responseTime":155.39489996433258,"msg":"request completed"}
{"level":30,"time":1774821881353,"pid":9344,"hostname":"DESKTOP-MMVI6TQ","reqId":"req-3","req":{"method":"POST","url":"/api/v1/workspaces","hostname":"localhost:80","remoteAddress":"127.0.0.1"},"msg":"incoming request"}
[90mstdout[2m | modules/identity-workspace/tests/member.controller.test.ts[2m > [22m[2mIdentity-Workspace Module - Member Controller[2m > [22m[2mshould setup owner and workspace[22m[39m
[EventBus] No handlers for event type: audit.log_created

{"level":30,"time":1774821881385,"pid":9344,"hostname":"DESKTOP-MMVI6TQ","reqId":"req-3","res":{"statusCode":201},"responseTime":32.284899950027466,"msg":"request completed"}
[90mstdout[2m | modules/identity-workspace/tests/member.controller.test.ts[2m > [22m[2mIdentity-Workspace Module - Member Controller[2m > [22m[2mshould setup owner and workspace[22m[39m
[EventBus] No handlers for event type: audit.log_created

{"level":30,"time":1774821881389,"pid":9344,"hostname":"DESKTOP-MMVI6TQ","reqId":"req-4","req":{"method":"POST","url":"/api/v1/auth/register","hostname":"localhost:80","remoteAddress":"127.0.0.1"},"msg":"incoming request"}
{"level":30,"time":1774821881534,"pid":9344,"hostname":"DESKTOP-MMVI6TQ","reqId":"req-4","res":{"statusCode":201},"responseTime":145.57619988918304,"msg":"request completed"}
{"level":30,"time":1774821881535,"pid":9344,"hostname":"DESKTOP-MMVI6TQ","reqId":"req-5","req":{"method":"POST","url":"/api/v1/auth/login","hostname":"localhost:80","remoteAddress":"127.0.0.1"},"msg":"incoming request"}
[90mstdout[2m | modules/identity-workspace/tests/member.controller.test.ts[2m > [22m[2mIdentity-Workspace Module - Member Controller[2m > [22m[2mshould setup member to be added[22m[39m
[Notification] UserCreated event for member_1774821879127-846084@test.com - skipping in-app notification (no workspace context)
[AuditEventListener] Skipping system-level event without workspaceId: UserCreated

[90mstdout[2m | modules/expense-ledger/tests/expense.service.test.ts[2m > [22m[2mExpense-Ledger Module - Expense Service[22m[39m
[Container] Notification Event Handlers registered

{"level":30,"time":1774821880555,"pid":9344,"hostname":"DESKTOP-MMVI6TQ","msg":"Registering modules..."}
{"level":30,"time":1774821880586,"pid":9344,"hostname":"DESKTOP-MMVI6TQ","msg":"Ô£ô Identity-Workspace module registered"}
{"level":30,"time":1774821880620,"pid":9344,"hostname":"DESKTOP-MMVI6TQ","msg":"Ô£ô Expense-Ledger module registered"}
{"level":30,"time":1774821880636,"pid":9344,"hostname":"DESKTOP-MMVI6TQ","msg":"Ô£ô Budget Management module registered"}
{"level":30,"time":1774821880652,"pid":9344,"hostname":"DESKTOP-MMVI6TQ","msg":"Ô£ô Receipt Vault module registered"}
{"level":30,"time":1774821880681,"pid":9344,"hostname":"DESKTOP-MMVI6TQ","msg":"Ô£ô Notification Dispatch module registered"}
{"level":30,"time":1774821880696,"pid":9344,"hostname":"DESKTOP-MMVI6TQ","msg":"Ô£ô Cost Allocation module registered"}
{"level":30,"time":1774821880712,"pid":9344,"hostname":"DESKTOP-MMVI6TQ","msg":"Ô£ô Categorization Rules module registered"}
{"level":30,"time":1774821880728,"pid":9344,"hostname":"DESKTOP-MMVI6TQ","msg":"Ô£ô Budget Planning module registered"}
{"level":30,"time":1774821880736,"pid":9344,"hostname":"DESKTOP-MMVI6TQ","msg":"Ô£ô Audit Compliance module registered"}
{"level":30,"time":1774821880780,"pid":9344,"hostname":"DESKTOP-MMVI6TQ","msg":"Ô£ô Bank Feed Sync module registered"}
{"level":30,"time":1774821880789,"pid":9344,"hostname":"DESKTOP-MMVI6TQ","msg":"Ô£ô Event Outbox module registered"}
{"level":30,"time":1774821880789,"pid":9344,"hostname":"DESKTOP-MMVI6TQ","msg":"All modules registered successfully"}
{"level":30,"time":1774821881690,"pid":9344,"hostname":"DESKTOP-MMVI6TQ","reqId":"req-1","req":{"method":"POST","url":"/api/v1/auth/register","hostname":"localhost:80","remoteAddress":"127.0.0.1"},"msg":"incoming request"}
{"level":30,"time":1774821881771,"pid":9344,"hostname":"DESKTOP-MMVI6TQ","reqId":"req-5","res":{"statusCode":200},"responseTime":235.24489998817444,"msg":"request completed"}
{"level":30,"time":1774821881788,"pid":9344,"hostname":"DESKTOP-MMVI6TQ","reqId":"req-6","req":{"method":"POST","url":"/api/v1/workspaces/6d2eac06-0636-4553-a36f-ab5feddcf55e/invitations","hostname":"localhost:80","remoteAddress":"127.0.0.1"},"msg":"incoming request"}
{"level":50,"time":1774821881791,"pid":9344,"hostname":"DESKTOP-MMVI6TQ","reqId":"req-6","err":{"type":"Error","message":"Missing or invalid authorization header","stack":"Error: Missing or invalid authorization header\n    at Object.authenticate (C:\\Users\\ASUS\\Desktop\\Modett\\Expense Tracker Application\\Expense Tracker\\apps\\api\\src\\plugins\\auth.ts:70:19)\n    at Object.<anonymous> (C:\\Users\\ASUS\\Desktop\\Modett\\Expense Tracker Application\\Expense Tracker\\modules\\identity-workspace\\infrastructure\\http\\routes\\invitation.routes.ts:89:21)\n    at hookIterator (C:\\Users\\ASUS\\Desktop\\Modett\\Expense Tracker Application\\Expense Tracker\\node_modules\\.pnpm\\fastify@4.29.1\\node_modules\\fastify\\lib\\hooks.js:405:10)\n    at next (C:\\Users\\ASUS\\Desktop\\Modett\\Expense Tracker Application\\Expense Tracker\\node_modules\\.pnpm\\fastify@4.29.1\\node_modules\\fastify\\lib\\hooks.js:239:18)\n    at handleResolve (C:\\Users\\ASUS\\Desktop\\Modett\\Expense Tracker Application\\Expense Tracker\\node_modules\\.pnpm\\fastify@4.29.1\\node_modules\\fastify\\lib\\hooks.js:250:7)\n    at processTicksAndRejections (node:internal/process/task_queues:105:5)","statusCode":401},"url":"/api/v1/workspaces/6d2eac06-0636-4553-a36f-ab5feddcf55e/invitations","method":"POST","msg":"Missing or invalid authorization header"}
{"level":30,"time":1774821881806,"pid":9344,"hostname":"DESKTOP-MMVI6TQ","reqId":"req-6","res":{"statusCode":401},"responseTime":17.562300086021423,"msg":"request completed"}
{"level":30,"time":1774821881820,"pid":9344,"hostname":"DESKTOP-MMVI6TQ","reqId":"req-7","req":{"method":"GET","url":"/api/v1/workspaces/6d2eac06-0636-4553-a36f-ab5feddcf55e/members","hostname":"localhost:80","remoteAddress":"127.0.0.1"},"msg":"incoming request"}
{"level":30,"time":1774821882000,"pid":9344,"hostname":"DESKTOP-MMVI6TQ","reqId":"req-7","res":{"statusCode":200},"responseTime":179.8957999944687,"msg":"request completed"}
{"level":30,"time":1774821882004,"pid":9344,"hostname":"DESKTOP-MMVI6TQ","reqId":"req-8","req":{"method":"PATCH","url":"/api/v1/workspaces/6d2eac06-0636-4553-a36f-ab5feddcf55e/members/1cd4f4b6-cc98-40f3-934f-14cbaecacf5c/role","hostname":"localhost:80","remoteAddress":"127.0.0.1"},"msg":"incoming request"}
{"level":30,"time":1774821882031,"pid":9344,"hostname":"DESKTOP-MMVI6TQ","reqId":"req-8","res":{"statusCode":200},"responseTime":26.538900017738342,"msg":"request completed"}
[90mstdout[2m | modules/identity-workspace/tests/member.controller.test.ts[2m > [22m[2mIdentity-Workspace Module - Member Controller[2m > [22m[2mshould change member role successfully[22m[39m
[EventBus] No handlers for event type: audit.log_created

{"level":30,"time":1774821882036,"pid":9344,"hostname":"DESKTOP-MMVI6TQ","reqId":"req-9","req":{"method":"DELETE","url":"/api/v1/workspaces/6d2eac06-0636-4553-a36f-ab5feddcf55e/members/1cd4f4b6-cc98-40f3-934f-14cbaecacf5c","hostname":"localhost:80","remoteAddress":"127.0.0.1"},"msg":"incoming request"}
{"level":30,"time":1774821882050,"pid":9344,"hostname":"DESKTOP-MMVI6TQ","reqId":"req-9","res":{"statusCode":204},"responseTime":14.124899983406067,"msg":"request completed"}
{"level":30,"time":1774821882053,"pid":9344,"hostname":"DESKTOP-MMVI6TQ","reqId":"req-a","req":{"method":"GET","url":"/api/v1/workspaces/6d2eac06-0636-4553-a36f-ab5feddcf55e/members","hostname":"localhost:80","remoteAddress":"127.0.0.1"},"msg":"incoming request"}
{"level":30,"time":1774821882060,"pid":9344,"hostname":"DESKTOP-MMVI6TQ","reqId":"req-a","res":{"statusCode":200},"responseTime":7.083900094032288,"msg":"request completed"}
{"level":30,"time":1774821882080,"pid":9344,"hostname":"DESKTOP-MMVI6TQ","reqId":"req-1","res":{"statusCode":201},"responseTime":388.8726999759674,"msg":"request completed"}
{"level":30,"time":1774821882085,"pid":9344,"hostname":"DESKTOP-MMVI6TQ","msg":"Database connection closed"}
 [32mÔ£ô[39m modules/identity-workspace/tests/member.controller.test.ts [2m ([22m[2m4 tests[22m[2m)[22m[33m 2955[2mms[22m[39m
{"level":30,"time":1774821882082,"pid":9344,"hostname":"DESKTOP-MMVI6TQ","reqId":"req-2","req":{"method":"POST","url":"/api/v1/auth/login","hostname":"localhost:80","remoteAddress":"127.0.0.1"},"msg":"incoming request"}
[90mstdout[2m | modules/expense-ledger/tests/expense.service.test.ts[2m > [22m[2mExpense-Ledger Module - Expense Service[22m[39m
[Notification] UserCreated event for ledger_1774821880790@test.com - skipping in-app notification (no workspace context)
[AuditEventListener] Skipping system-level event without workspaceId: UserCreated

{"level":30,"time":1774821882336,"pid":9344,"hostname":"DESKTOP-MMVI6TQ","reqId":"req-2","res":{"statusCode":200},"responseTime":253.86699998378754,"msg":"request completed"}
{"level":30,"time":1774821882337,"pid":9344,"hostname":"DESKTOP-MMVI6TQ","reqId":"req-3","req":{"method":"POST","url":"/api/v1/workspaces","hostname":"localhost:80","remoteAddress":"127.0.0.1"},"msg":"incoming request"}
[90mstdout[2m | modules/expense-ledger/tests/expense.service.test.ts[2m > [22m[2mExpense-Ledger Module - Expense Service[22m[39m
[EventBus] No handlers for event type: audit.log_created

{"level":30,"time":1774821882388,"pid":9344,"hostname":"DESKTOP-MMVI6TQ","reqId":"req-3","res":{"statusCode":201},"responseTime":49.98780000209808,"msg":"request completed"}
[90mstdout[2m | modules/expense-ledger/tests/expense.service.test.ts[2m > [22m[2mExpense-Ledger Module - Expense Service[22m[39m
[EventBus] No handlers for event type: audit.log_created

{"level":30,"time":1774821882389,"pid":9344,"hostname":"DESKTOP-MMVI6TQ","reqId":"req-4","req":{"method":"POST","url":"/api/v1/workspaces/b3568ac8-cf23-4a24-947e-aaf794f673fc/tags","hostname":"localhost:80","remoteAddress":"127.0.0.1"},"msg":"incoming request"}
{"level":30,"time":1774821882415,"pid":9344,"hostname":"DESKTOP-MMVI6TQ","reqId":"req-4","res":{"statusCode":201},"responseTime":25.759400010108948,"msg":"request completed"}
{"level":30,"time":1774821882419,"pid":9344,"hostname":"DESKTOP-MMVI6TQ","reqId":"req-5","req":{"method":"POST","url":"/api/v1/workspaces/b3568ac8-cf23-4a24-947e-aaf794f673fc/expenses","hostname":"localhost:80","remoteAddress":"127.0.0.1"},"msg":"incoming request"}
{"level":30,"time":1774821882471,"pid":9344,"hostname":"DESKTOP-MMVI6TQ","reqId":"req-5","res":{"statusCode":201},"responseTime":51.78640007972717,"msg":"request completed"}
[90mstdout[2m | modules/expense-ledger/tests/expense.service.test.ts[2m > [22m[2mExpense-Ledger Module - Expense Service[2m > [22m[2mshould handle duplicate tags gracefully (Bug Fix Verification)[22m[39m
[EventBus] No handlers for event type: audit.log_created

{"level":30,"time":1774821882504,"pid":9344,"hostname":"DESKTOP-MMVI6TQ","msg":"Database connection closed"}
 [32mÔ£ô[39m modules/expense-ledger/tests/expense.service.test.ts [2m ([22m[2m2 tests[22m[2m)[22m[33m 2406[2mms[22m[39m

[2m Test Files [22m [1m[32m42 passed[39m[22m[90m (42)[39m
[2m      Tests [22m [1m[32m718 passed[39m[22m[90m (718)[39m
[2m   Start at [22m 03:33:54
[2m   Duration [22m 48.08s[2m (transform 13.39s, setup 12ms, collect 207.89s, tests 70.52s, environment 21ms, prepare 20.78s)[22m

